******************************************************************************
                  TI ARM Linker PC v16.9.0                     
******************************************************************************
>> Linked Thu Dec 01 19:14:00 2016

OUTPUT FILE NAME:   <tcpEcho_TMDXDOCKH52C1_M3_TI_F28M35H52C1_CortexM.out>
ENTRY POINT SYMBOL: "_c_int00"  address: 0020ea31


MEMORY CONFIGURATION

         name            origin    length      used     unused   attr    fill
----------------------  --------  ---------  --------  --------  ----  --------
  BOOTROM               00000000   00010000  00000000  00010000  R  X
  FLASH_BOOT            00200030   00000004  00000004  00000000  RW X
  FLASH                 00200034   0007ff9c  00013d8b  0006c211  RW X
  C03SRAM               20000000   00008000  00006390  00001c70  RW X
  S07SHRAM              20008000   00010000  00009756  000068aa  RW X
  CTOMMSGRAM            2007f000   00000800  00000000  00000800  R   
  MTOCMSGRAM            2007f800   00000800  00000000  00000800  RW  


SEGMENT ALLOCATION MAP

run origin  load origin   length   init length attrs members
----------  ----------- ---------- ----------- ----- -------
00200030    00200030    00000004   00000004    r-x
  00200030    00200030    00000004   00000004    r-x .ti_catalog_arm_cortexm3_concertoInit_begin
00200040    00200040    000139a3   000139a3    r-x
  00200040    00200040    0000003c   0000003c    r-- .resetVecs
  0020007c    0020007c    00011844   00011844    r-x .text
  002118c0    002118c0    00002123   00002123    r-- .const
00213a30    00213a30    000003a0   000003a0    r--
  00213a30    00213a30    00000390   00000390    r-- .cinit
  00213dc0    00213dc0    00000010   00000010    r-- .binit
20000000    20000000    000001b0   00000000    rw-
  20000000    20000000    000001b0   00000000    rw- .vecs
200001b0    002139e4    00000048   00000048    r-x
  200001b0    002139e4    00000048   00000048    r-x .ti_catalog_arm_cortexm3_concertoInit_flashfuncs
20000200    20000200    00006198   00000000    rw-
  20000200    20000200    00006198   00000000    rw- .bss.1
20008000    20008000    00000fb6   00000000    rw-
  20008000    20008000    00000800   00000000    rw- .stack
  20008800    20008800    000007b6   00000000    rw- .data
20009000    20009000    000048a8   00000000    rw-
  20009000    20009000    000048a8   00000000    rw- .bss.2
2000d900    2000d900    00003ef8   00000000    rw-
  2000d900    2000d900    00003ef8   00000000    rw- .bss.3


SECTION ALLOCATION MAP

 output                                  attributes/
section   page    origin      length       input sections
--------  ----  ----------  ----------   ----------------
.text      0    0020007c    00011844     
                  0020007c    00000c7c     stk.aem3 : tcpin.oem3 (.text:TcpInput)
                  00200cf8    0000096c     driverlib.lib : sysctl.obj (.text)
                  00201664    000008b4     stk.aem3 : tcpout.oem3 (.text:TcpOutput)
                  00201f18    00000448     driverlib.lib : gpio.obj (.text)
                  00202360    00000424     sysbios.aem3 : BIOS.obj (.text:ti_sysbios_family_arm_m3_Hwi_excDumpRegs__I)
                  00202784    00000408     stk.aem3 : ipout.oem3 (.text:IPTxPacket)
                  00202b8c    00000384              : ipin.oem3 (.text:IPRxPacket)
                  00202f10    0000034c     ti.targets.arm.rtsarm.aem3 : System.oem3 (.text:xdc_runtime_System_doPrint__I)
                  0020325c    00000324     rtsv7M3_T_le_eabi.lib : trgdrv.obj (.text)
                  00203580    00000310     driverlib.lib : ethernet.obj (.text)
                  00203890    00000284     stk.aem3 : sock.oem3 (.text:SockSet)
                  00203b14    00000278     driverlib.lib : interrupt.obj (.text)
                  00203d8c    0000024c     stk.aem3 : ipfrag.oem3 (.text:IPReasm)
                  00203fd8    0000023c              : icmpin.oem3 (.text:ICMPInput)
                  00204214    00000238              : udp.oem3 (.text:UdpInput)
                  0020444c    00000204     TMDXDOCKH52C1.obj (.text:TMDXDOCKH52C1_initEMAC)
                  00204650    000001f4     stk.aem3 : sock.oem3 (.text:SockRecv)
                  00204844    000001e8     tcpEcho.obj (.text:tcpHandler)
                  00204a2c    000001dc     sysbios.aem3 : BIOS.obj (.text:ti_sysbios_family_arm_m3_Hwi_excHandlerMax__I)
                  00204c08    000001b0     stk.aem3 : lliout.oem3 (.text:LLITxIpPacket)
                  00204db8    000001ac              : lliin.oem3 (.text:LLIRxPacket)
                  00204f64    0000019c     os.aem3 : mem.oem3 (.text:mmAlloc)
                  00205100    00000198     stk.aem3 : igmp.oem3 (.text:IGMPInput)
                  00205298    00000190              : sock.oem3 (.text:SockNew)
                  00205428    00000174     netctrl_min_ipv4.aem3 : netctrl.oem3 (.text:NC_NetStart)
                  0020559c    00000170     stk.aem3 : rtc.oem3 (.text:RTCReport)
                  0020570c    0000016a              : sb.oem3 (.text:SBRead)
                  00205876    00000002     Boot.aem3 : Boot.oem3 (.text:.bootCodeSection:ti_catalog_arm_cortexm3_concertoInit_Boot_defaultLimpAbortFunction)
                  00205878    00000168     sysbios.aem3 : BIOS.obj (.text:ti_sysbios_family_arm_m3_Hwi_excBusFault__I)
                  002059e0    00000160     stk.aem3 : sock.oem3 (.text:SockConnect)
                  00205b40    00000158     nettool_ipv4.aem3 : dhcpmain.oem3 (.text:DHCPOpen)
                  00205c98    00000158     sysbios.aem3 : BIOS.obj (.text:ti_sysbios_family_arm_m3_Hwi_excUsageFault__I)
                  00205df0    00000148                  : BIOS.obj (.text:ti_sysbios_knl_Task_Instance_finalize__E)
                  00205f38    00000144     stk.aem3 : bind.oem3 (.text:BindNew)
                  0020607c    00000140              : tcp.oem3 (.text:TcpTimeoutCheck)
                  002061bc    00000140     sysbios.aem3 : BIOS.obj (.text:ti_sysbios_family_arm_m3_Hwi_excMemFault__I)
                  002062fc    0000013c     nettool_ipv4.aem3 : config.oem3 (.text:CfgAddEntry)
                  00206438    0000013c     drivers_mware.aem3 : GPIOTiva.oem3 (.text:GPIO_setConfig)
                  00206574    0000013c     stk.aem3 : sockint.oem3 (.text:SockNotify)
                  002066b0    0000013c              : sock.oem3 (.text:SockSend)
                  002067ec    00000134              : icmp.oem3 (.text:ICMPGenPacket)
                  00206920    00000134     sysbios.aem3 : BIOS.obj (.text:ti_sysbios_knl_Semaphore_pend__E)
                  00206a54    00000124     stk.aem3 : sockpcb.oem3 (.text:SockPcbResolve)
                  00206b78    00000124              : udp.oem3 (.text:UdpOutput)
                  00206c9c    00000124     tcpEcho_pem3.oem3 (.text:ti_ndk_config_Global_stackThread)
                  00206dc0    00000118     drivers_mware.aem3 : EMACTiva.oem3 (.text:EMACTiva_NIMUInit)
                  00206ed8    00000118     stk.aem3 : tcpout.oem3 (.text:TcpGenPacket)
                  00206ff0    00000118     ti.targets.arm.rtsarm.aem3 : Error.oem3 (.text:xdc_runtime_Error_policyDefault__E)
                  00207108    00000114     stk.aem3 : nimu.oem3 (.text:NIMUIoctl)
                  0020721c    00000110              : node.oem3 (.text:NodeTreeFree)
                  0020732c    00000110              : raw.oem3 (.text:RawInput)
                  0020743c    0000010c              : rtable.oem3 (.text:RtFind)
                  00207548    0000010a              : route.oem3 (.text:RtCreate)
                  00207652    00000002     hal_userled_stub.aem3 : llled.oem3 (.text:LED_TOGGLE)
                  00207654    00000104     os.aem3 : task.oem3 (.text:llEnter)
                  00207758    00000102     nettool_ipv4.aem3 : dhcppkt.oem3 (.text:dhcpPacketProcess)
                  0020785a    00000002     stk.aem3 : nat.oem3 (.text:NatMsg)
                  0020785c    00000100              : igmp.oem3 (.text:IGMPSendReply)
                  0020795c    00000100     ti.targets.arm.rtsarm.aem3 : Core-mem.oem3 (.text:xdc_runtime_Core_createObject__I)
                  00207a5c    000000fc     netctrl_min_ipv4.aem3 : netctrl.oem3 (.text:NetScheduler)
                  00207b58    000000fa     stk.aem3 : pipe.oem3 (.text:PipeRecv)
                  00207c52    00000002     os.aem3 : task.oem3 (.text:_TaskInit)
                  00207c54    000000f8     ti.targets.arm.rtsarm.aem3 : Startup.oem3 (.text:xdc_runtime_Startup_startMods__I)
                  00207d4c    000000f8     tcpEcho_pem3.oem3 (.text:xdc_runtime_System_printfExtend__I)
                  00207e44    000000f4     Boot.aem3 : Boot.oem3 (.text:.bootCodeSection:ti_catalog_arm_cortexm3_concertoInit_Boot_configurePllDivs)
                  00207f38    000000f4     os.aem3 : task.oem3 (.text:TaskGetEnv)
                  0020802c    000000f4     sysbios.aem3 : BIOS.obj (.text:ti_sysbios_knl_Task_Instance_init__E)
                  00208120    000000f0     stk.aem3 : lliout.oem3 (.text:LLIGenArpPacket)
                  00208210    000000f0              : sock.oem3 (.text:SockClose)
                  00208300    000000e8     os.aem3 : task.oem3 (.text:TaskSetEnv)
                  002083e8    000000e0     stk.aem3 : tcptime.oem3 (.text:TcpTimeoutRexmt)
                  002084c8    000000e0     sysbios.aem3 : BIOS.obj (.text:ti_sysbios_knl_Task_postInit__I)
                  002085a8    000000dc     stk.aem3 : sb.oem3 (.text:SBWrite)
                  00208684    000000dc     nettool_ipv4.aem3 : dhcpsock.oem3 (.text:dhcpSocketOpen)
                  00208760    000000dc                       : dhcpsm.oem3 (.text:dhcpState)
                  0020883c    000000d8     stk.aem3 : node.oem3 (.text:NodeAdd)
                  00208914    000000d8              : tcpprot.oem3 (.text:TcpPrSetOption)
                  002089ec    000000d4              : sockpcb.oem3 (.text:SockPcbBind)
                  00208ac0    000000d1              : nimu.oem3 (.text:NIMUReceivePacket)
                  00208b91    00000001     --HOLE-- [fill = 0]
                  00208b92    00000002     os.aem3 : task.oem3 (.text:_TaskShutdown)
                  00208b94    000000d0     sysbios.aem3 : m3_Hwi_asm.obj (.text:ti_sysbios_family_arm_m3_Hwi_dispatch__I)
                  00208c64    000000cc     stk.aem3 : icmp.oem3 (.text:ICMPSendRtAdv)
                  00208d30    000000cc     nettool_ipv4.aem3 : dhcpbild.oem3 (.text:dhcpBuildHeader)
                  00208dfc    000000cc                       : dhcpsm.oem3 (.text:dhcpIPAdd)
                  00208ec8    000000cc                       : dhcppkt.oem3 (.text:dhcpVerifyMessage)
                  00208f94    000000cc     ti.targets.arm.rtsarm.aem3 : Core-smem.oem3 (.text:xdc_runtime_Core_constructObject__I)
                  00209060    000000c8     stk.aem3 : rawethsock.oem3 (.text:RawEthSockNew)
                  00209128    000000c8     netctrl_min_ipv4.aem3 : netsrv.oem3 (.text:SPIpNet)
                  002091f0    000000c8     sysbios.aem3 : BIOS.obj (.text:ti_sysbios_heaps_HeapMem_alloc__E)
                  002092b8    000000c8                  : BIOS.obj (.text:ti_sysbios_knl_Task_sleep__E)
                  00209380    000000c4     stk.aem3 : igmp.oem3 (.text:IGMPJoinHostGroup)
                  00209444    000000c0     nettool_ipv4.aem3 : dhcpsm.oem3 (.text:StateBound)
                  00209504    000000c0     tcpEcho.obj (.text:tcpWorker)
                  002095c4    000000bc     stk.aem3 : sockpcb.oem3 (.text:SockPcbFind)
                  00209680    000000bc              : vlan.oem3 (.text:VLANDeinit)
                  0020973c    000000b8              : icmpin.oem3 (.text:ICMPRevSrcRoute)
                  002097f4    000000b8              : lli.oem3 (.text:_LLITimeoutCheck)
                  002098ac    000000b4              : tcptime.oem3 (.text:TcpTimeoutKeep)
                  00209960    000000b4     sysbios.aem3 : BIOS.obj (.text:ti_sysbios_family_arm_m3_Hwi_excDebugMon__I)
                  00209a14    000000b4                  : BIOS.obj (.text:ti_sysbios_family_arm_m3_Hwi_excHardFault__I)
                  00209ac8    000000b4                  : BIOS.obj (.text:ti_sysbios_knl_Task_checkStacks__E)
                  00209b7c    000000b4                  : BIOS.obj (.text:ti_sysbios_knl_Task_exit__E)
                  00209c30    000000b0     stk.aem3 : rawethsock.oem3 (.text:RawEthSockSet)
                  00209ce0    000000b0              : rtable.oem3 (.text:RtTimeoutCheck)
                  00209d90    000000ac     driverlib.lib : watchdog.obj (.text)
                  00209e3c    000000a8     stk.aem3 : sockint.oem3 (.text:SockCreatePacket)
                  00209ee4    000000a4     sysbios.aem3 : BIOS.obj (.text:ti_sysbios_knl_Task_setPri__E)
                  00209f88    000000a0     stk.aem3 : ip.oem3 (.text:IPGetRoute)
                  0020a028    000000a0     auto_init.aem3 : auto_init.oem3 (.text)
                  0020a0c8    000000a0     ti.targets.arm.rtsarm.aem3 : Text.oem3 (.text:xdc_runtime_Text_putMod__E)
                  0020a168    0000009e     stk.aem3 : nimu.oem3 (.text:NIMUAddEthernetHeader)
                  0020a206    0000009e     nettool_ipv4.aem3 : dhcpbild.oem3 (.text:dhcpBuildRequest)
                  0020a2a4    0000009c     stk.aem3 : exec.oem3 (.text:ExecOpen)
                  0020a340    0000009c     rtsv7M3_T_le_eabi.lib : memcpy_t2.obj (.text)
                  0020a3dc    0000009a     ti.targets.arm.rtsarm.aem3 : Text.oem3 (.text:xdc_runtime_Text_putSite__E)
                  0020a476    00000002     hal_ser_stub.aem3 : llserstb.oem3 (.text:_llSerialServiceCheck)
                  0020a478    00000098     netctrl_min_ipv4.aem3 : netctrl.oem3 (.text:NC_SystemOpen)
                  0020a510    00000098                           : netsrv.oem3 (.text:ServiceScan)
                  0020a5a8    00000096     tcpEcho.obj (.text:main)
                  0020a63e    00000002     hal_ser_stub.aem3 : llserstb.oem3 (.text:_llSerialShutdown)
                  0020a640    00000094     nettool_ipv4.aem3 : config.oem3 (.text:CfgRemoveEntry)
                  0020a6d4    00000094     sysbios.aem3 : BIOS.obj (.text:ti_sysbios_family_arm_m3_Hwi_Instance_init__E)
                  0020a768    00000090     nettool_ipv4.aem3 : config.oem3 (.text:CfgExecute)
                  0020a7f8    00000090     stk.aem3 : igmp.oem3 (.text:IGMPMsg)
                  0020a888    00000090     os.aem3 : mem.oem3 (.text:mmBulkAlloc)
                  0020a918    00000090     sysbios.aem3 : BIOS.obj (.text:ti_sysbios_knl_Task_schedule__I)
                  0020a9a8    0000008c     stk.aem3 : ip.oem3 (.text:IPMsg)
                  0020aa34    0000008c     os.aem3 : mem.oem3 (.text:_mmInit)
                  0020aac0    0000008c             : mem.oem3 (.text:mmInitPage)
                  0020ab4c    0000008a     netctrl_min_ipv4.aem3 : netsrv.oem3 (.text:SPRoute)
                  0020abd6    00000002     hal_userled_stub.aem3 : llled.oem3 (.text:_llUserLedInit)
                  0020abd8    00000088     netctrl_min_ipv4.aem3 : netsrv.oem3 (.text:ServiceSpawn)
                  0020ac60    00000088     stk.aem3 : sockpcb.oem3 (.text:SockPcbCtlError)
                  0020ace8    00000088     sysbios.aem3 : BIOS.obj (.text:ti_sysbios_family_arm_m3_Hwi_postInit__I)
                  0020ad70    00000088                  : BIOS.obj (.text:ti_sysbios_knl_Task_startCore__E)
                  0020adf8    00000086     nettool_ipv4.aem3 : dhcpsm.oem3 (.text:StateRequesting)
                  0020ae7e    00000002     hal_userled_stub.aem3 : llled.oem3 (.text:_llUserLedShutdown)
                  0020ae80    00000084     nettool_ipv4.aem3 : config.oem3 (.text:CfgGetEntry)
                  0020af04    00000084     drivers_mware.aem3 : EMACTiva.oem3 (.text:EMACTiva_handleRx)
                  0020af88    00000084     stk.aem3 : tcpprot.oem3 (.text:TcpPrAttach)
                  0020b00c    00000084     os.aem3 : mem.oem3 (.text:mmBulkFree)
                  0020b090    00000084             : mem.oem3 (.text:mmFree)
                  0020b114    00000084     sysbios.aem3 : BIOS.obj (.text:ti_sysbios_family_arm_m3_Hwi_initNVIC__E)
                  0020b198    00000084                  : BIOS.obj (.text:ti_sysbios_knl_Task_Module_startup__E)
                  0020b21c    00000082     nettool_ipv4.aem3 : dhcpsm.oem3 (.text:StateRenewRebind)
                  0020b29e    00000002     hal_ser_stub.aem3 : llserstb.oem3 (.text:llSerialService)
                  0020b2a0    00000080     stk.aem3 : lli.oem3 (.text:LLINew)
                  0020b320    00000080     netctrl_min_ipv4.aem3 : netsrv.oem3 (.text:NS_BootTask)
                  0020b3a0    00000080     stk.aem3 : pbm.oem3 (.text:PBM_alloc)
                  0020b420    00000080              : raw.oem3 (.text:RawOutput)
                  0020b4a0    0000007f     tcpEcho_pem3.oem3 (.text:ti_ndk_config_Global_NetworkIPAddr)
                  0020b51f    00000001     --HOLE-- [fill = 0]
                  0020b520    0000007e     stk.aem3 : fileuser.oem3 (.text:fdClose)
                  0020b59e    00000002     rtsv7M3_T_le_eabi.lib : i_div0.obj (.text)
                  0020b5a0    0000007c     nettool_ipv4.aem3 : config.oem3 (.text:CfgGetNextEntry)
                  0020b61c    0000007c     stk.aem3 : igmp.oem3 (.text:IGMPDoMCast)
                  0020b698    0000007c              : igmp.oem3 (.text:IGMPJoin)
                  0020b714    0000007c              : socket.oem3 (.text:NDK_setsockopt)
                  0020b790    0000007c              : nimu.oem3 (.text:NIMURegister)
                  0020b80c    0000007c              : pbm.oem3 (.text:PBM_free)
                  0020b888    0000007c     TMDXDOCKH52C1.obj (.text:TMDXDOCKH52C1_initGeneral)
                  0020b904    0000007c     sysbios.aem3 : BIOS.obj (.text:ti_sysbios_heaps_HeapMem_free__E)
                  0020b980    0000007a     stk.aem3 : sock.oem3 (.text:SockAccept)
                  0020b9fa    0000007a     rtsv7M3_T_le_eabi.lib : memset_t2.obj (.text)
                  0020ba74    00000078     drivers_mware.aem3 : EMACTiva.oem3 (.text:EMACTiva_emacStart)
                  0020baec    00000078     stk.aem3 : socket.oem3 (.text:NDK_sendto)
                  0020bb64    00000078              : tcptime.oem3 (.text:TcpXmitTimer)
                  0020bbdc    00000078              : fileuser.oem3 (.text:fdOpenSession)
                  0020bc54    00000078     os.aem3 : task.oem3 (.text:llExit)
                  0020bccc    00000076     stk.aem3 : pipe.oem3 (.text:PipeSend)
                  0020bd42    00000002     tcpEcho_pem3.oem3 (.text:ti_ndk_config_Global_NetworkClose)
                  0020bd44    00000075     stk.aem3 : tcptime.oem3 (.text:TcpTimeoutSackRexmt)
                  0020bdb9    00000001     --HOLE-- [fill = 0]
                  0020bdba    00000002     tcpEcho_pem3.oem3 (.text:ti_sysbios_BIOS_nullFunc__I)
                  0020bdbc    00000074     stk.aem3 : igmp.oem3 (.text:IGMPLeaveHostGroup)
                  0020be30    00000074              : nimu.oem3 (.text:NIMUShutdown)
                  0020bea4    00000074              : raweth.oem3 (.text:RawEthRxPacket)
                  0020bf18    00000074              : sockpcb.oem3 (.text:SockPcbConnect)
                  0020bf8c    00000074     tcpEchoHooks.obj (.text:netOpenHook)
                  0020c000    00000072     os.aem3 : semaphore.oem3 (.text:SemCreateBinary)
                  0020c072    00000070     stk.aem3 : socket.oem3 (.text:NDK_accept)
                  0020c0e2    00000070              : socket.oem3 (.text:NDK_send)
                  0020c152    00000002     sysbios.aem3 : BIOS.obj (.text:ti_sysbios_gates_GateHwi_Instance_init__E)
                  0020c154    00000070     stk.aem3 : rtable.oem3 (.text:RtFlush)
                  0020c1c4    00000070     netctrl_min_ipv4.aem3 : netsrv.oem3 (.text:SPConfig)
                  0020c234    00000070     stk.aem3 : sock.oem3 (.text:SockShutdown)
                  0020c2a4    00000070     nettool_ipv4.aem3 : dhcptags.oem3 (.text:dhcpDecodeType)
                  0020c314    0000006e     stk.aem3 : socket.oem3 (.text:NDK_recv)
                  0020c382    00000002     sysbios.aem3 : BIOS.obj (.text:ti_sysbios_knl_Clock_logTick__E)
                  0020c384    0000006e     stk.aem3 : rtable.oem3 (.text:RtWalkNext)
                  0020c3f2    0000006e              : sockpcb.oem3 (.text:SockPcbFindRaw)
                  0020c460    0000006d              : node.oem3 (.text:NodeNew)
                  0020c4cd    00000001     --HOLE-- [fill = 0]
                  0020c4ce    00000002     sysbios.aem3 : BIOS.obj (.text:ti_sysbios_knl_Swi_Instance_finalize__E)
                  0020c4d0    0000006d     ti.targets.arm.rtsarm.aem3 : System.oem3 (.text:xdc_runtime_System_formatNum__I)
                  0020c53d    00000003     --HOLE-- [fill = 0]
                  0020c540    0000006c     os.aem3 : ossys.oem3 (.text:DbgPrintf)
                  0020c5ac    0000006c     stk.aem3 : node.oem3 (.text:NodeTreeNew)
                  0020c618    0000006c              : pbm.oem3 (.text:PBM_open)
                  0020c684    0000006c              : raweth.oem3 (.text:RawEthTxPacket)
                  0020c6f0    0000006c              : udp.oem3 (.text:UdpChecksum)
                  0020c75c    0000006c     tcpEcho_pem3.oem3 (.text:ti_ndk_config_ip_init)
                  0020c7c8    0000006c     sysbios.aem3 : BIOS.obj (.text:ti_sysbios_knl_Clock_workFunc__E)
                  0020c834    0000006c     ti.targets.arm.rtsarm.aem3 : Error.oem3 (.text:xdc_runtime_Error_print__E)
                  0020c8a0    0000006c                                : Memory.oem3 (.text:xdc_runtime_Memory_alloc__E)
                  0020c90c    0000006a     stk.aem3 : tcpprot.oem3 (.text:TcpPrInherit)
                  0020c976    00000002     --HOLE-- [fill = 0]
                  0020c978    00000068     drivers_mware.aem3 : EMACTiva.oem3 (.text:EMACTiva_emacStop)
                  0020c9e0    00000068                        : GPIOTiva.oem3 (.text:GPIO_init)
                  0020ca48    00000068     stk.aem3 : socket.oem3 (.text:NDK_socket)
                  0020cab0    00000068              : sock.oem3 (.text:SockListen)
                  0020cb18    00000068              : rtable.oem3 (.text:_RtNodeInsert)
                  0020cb80    00000068     rtsv7M3_T_le_eabi.lib : copy_decompress_lzss.obj (.text:decompress:lzss)
                  0020cbe8    00000068                           : trgmsg.obj (.text)
                  0020cc50    00000068     sysbios.aem3 : BIOS.obj (.text:ti_sysbios_knl_Semaphore_post__E)
                  0020ccb8    00000066     ti.targets.arm.rtsarm.aem3 : Core-mem.oem3 (.text:xdc_runtime_Core_deleteObject__I)
                  0020cd1e    00000002     --HOLE-- [fill = 0]
                  0020cd20    00000064     nettool_ipv4.aem3 : config.oem3 (.text:CfgFree)
                  0020cd84    00000064                       : config.oem3 (.text:CfgGetEntryCnt)
                  0020cde8    00000064     drivers_mware.aem3 : GPIOTiva.oem3 (.text:GPIO_hwiIntFxn)
                  0020ce4c    00000064     stk.aem3 : pbm.oem3 (.text:PBMQ_enq)
                  0020ceb0    00000064              : sockint.oem3 (.text:SockSpawnAbort)
                  0020cf14    00000064     tcpEcho_pem3.oem3 (.text:ti_sysbios_family_arm_m3_Hwi_create)
                  0020cf78    00000064     sysbios.aem3 : BIOS.obj (.text:ti_sysbios_family_arm_m3_Hwi_dispatchC__I)
                  0020cfdc    00000064                  : BIOS.obj (.text:ti_sysbios_knl_Swi_restoreHwi__E)
                  0020d040    00000064     stk.aem3 : lliin.oem3 (.text:updateRtTable)
                  0020d0a4    00000062              : ipin.oem3 (.text:IPRouteIP)
                  0020d106    00000002     --HOLE-- [fill = 0]
                  0020d108    00000062              : sb.oem3 (.text:SBNew)
                  0020d16a    00000060              : file.oem3 (.text:FdWaitEvent)
                  0020d1ca    00000002     --HOLE-- [fill = 0]
                  0020d1cc    00000060              : nimu.oem3 (.text:NIMUUnregister)
                  0020d22c    00000060              : node.oem3 (.text:NodeFind)
                  0020d28c    00000060              : rtc.oem3 (.text:RTCMsg)
                  0020d2ec    00000060              : tcp.oem3 (.text:TcpChecksum)
                  0020d34c    00000060     nettool_ipv4.aem3 : dhcptags.oem3 (.text:dhcpBuildOptions)
                  0020d3ac    00000060     hal_timer_bios.aem3 : lltimer.oem3 (.text:llTimerTick)
                  0020d40c    00000060     tcpEcho_pem3.oem3 (.text:ti_ndk_config_Global_serviceReport)
                  0020d46c    0000005e     stk.aem3 : route.oem3 (.text:RtRemove)
                  0020d4ca    0000005e     nettool_ipv4.aem3 : dhcpsm.oem3 (.text:StateSelecting)
                  0020d528    0000005e     stk.aem3 : vlan.oem3 (.text:VLANReceivePacket)
                  0020d586    00000002     --HOLE-- [fill = 0]
                  0020d588    0000005c     nettool_ipv4.aem3 : config.oem3 (.text:CfgSetExecuteOrder)
                  0020d5e4    0000005c     stk.aem3 : nimu.oem3 (.text:NIMUIoctlSpecialCmd)
                  0020d640    0000005c     netctrl_min_ipv4.aem3 : netsrv.oem3 (.text:SPService)
                  0020d69c    0000005c     tcpEcho_pem3.oem3 (.text:ti_sysbios_knl_Swi_create)
                  0020d6f8    0000005c     sysbios.aem3 : BIOS.obj (.text:ti_sysbios_knl_Swi_run__I)
                  0020d754    0000005c     tcpEcho_pem3.oem3 (.text:ti_sysbios_knl_Task_create)
                  0020d7b0    0000005b     ti.targets.arm.rtsarm.aem3 : Text.oem3 (.text:xdc_runtime_Text_putLab__E)
                  0020d80b    00000001     --HOLE-- [fill = 0]
                  0020d80c    0000005a     stk.aem3 : route.oem3 (.text:RtRedirect)
                  0020d866    0000005a     nettool_ipv4.aem3 : dhcpbild.oem3 (.text:dhcpBuildDecline)
                  0020d8c0    0000005a     os.aem3 : mem.oem3 (.text:mmCopy)
                  0020d91a    0000005a     tcpEcho_pem3.oem3 (.text:ti_ndk_config_tcp_init)
                  0020d974    00000058     stk.aem3 : bind.oem3 (.text:BindFree)
                  0020d9cc    00000058              : igmp.oem3 (.text:IGMPTimer)
                  0020da24    00000058     os.aem3 : semaphore.oem3 (.text:SemCreate)
                  0020da7c    00000058     stk.aem3 : tcpprot.oem3 (.text:TcpValidateMetrics)
                  0020dad4    00000058     sysbios.aem3 : BIOS.obj (.text:ti_sysbios_knl_Swi_schedule__I)
                  0020db2c    00000058                  : BIOS.obj (.text:ti_sysbios_knl_Task_unblockI__E)
                  0020db84    00000054     nettool_ipv4.aem3 : config.oem3 (.text:CfgEntryDeRef)
                  0020dbd8    00000054     stk.aem3 : igmp.oem3 (.text:IGMPLeave)
                  0020dc2c    00000054              : rawethsock_pcb.oem3 (.text:RawEthSockPcbAttach)
                  0020dc80    00000054              : sockpcb.oem3 (.text:SockCleanPcb)
                  0020dcd4    00000054              : tcptime.oem3 (.text:TcpTimeoutPersist)
                  0020dd28    00000054     rtsv7M3_T_le_eabi.lib : exit.obj (.text)
                  0020dd7c    00000054     sysbios.aem3 : BIOS.obj (.text:ti_sysbios_family_arm_m3_Timer_setPeriod__E)
                  0020ddd0    00000054                  : BIOS.obj (.text:ti_sysbios_family_arm_m3_Timer_start__E)
                  0020de24    00000054                  : BIOS.obj (.text:ti_sysbios_knl_Swi_Instance_init__E)
                  0020de78    00000054     ti.targets.arm.rtsarm.aem3 : Assert.oem3 (.text:xdc_runtime_Assert_raise__I)
                  0020decc    00000052     stk.aem3 : tcpprot.oem3 (.text:TcpPrDetach)
                  0020df1e    00000002     --HOLE-- [fill = 0]
                  0020df20    00000050     drivers_mware.aem3 : EMACTiva.oem3 (.text:EMACTiva_handlePendingTx)
                  0020df70    00000050                        : GPIOTiva.oem3 (.text:GPIO_setCallback)
                  0020dfc0    00000050                        : GPIOTiva.oem3 (.text:GPIO_write)
                  0020e010    00000050     stk.aem3 : socket.oem3 (.text:NDK_bind)
                  0020e060    00000050              : route.oem3 (.text:RtNew)
                  0020e0b0    00000050     sysbios.aem3 : BIOS.obj (.text:ti_sysbios_knl_Clock_Instance_init__E)
                  0020e100    00000050     ti.targets.arm.rtsarm.aem3 : Startup.oem3 (.text:xdc_runtime_Startup_exec__E)
                  0020e150    0000004e     stk.aem3 : node.oem3 (.text:NodeDeRef)
                  0020e19e    0000004e     nettool_ipv4.aem3 : config.oem3 (.text:_CfgEntryScan)
                  0020e1ec    0000004c                       : ipaddr.oem3 (.text:NtAddNetwork)
                  0020e238    0000004c     stk.aem3 : sockint.oem3 (.text:SockValidateRoute)
                  0020e284    0000004c     rtsv7M3_T_le_eabi.lib : cpy_tbl.obj (.text)
                  0020e2d0    0000004c     sysbios.aem3 : m3_TaskSupport_asm.obj (.text:ti_sysbios_family_arm_m3_TaskSupport_buildTaskStack)
                  0020e31c    0000004c                  : BIOS.obj (.text:ti_sysbios_knl_Swi_runLoop__I)
                  0020e368    0000004c                  : BIOS.obj (.text:ti_sysbios_knl_Task_deleteTerminatedTasksFunc__I)
                  0020e3b4    0000004c     ti.targets.arm.rtsarm.aem3 : Text.oem3 (.text:xdc_runtime_Text_visitRope2__I)
                  0020e400    0000004a     netctrl_min_ipv4.aem3 : netsrv.oem3 (.text:ServiceKill)
                  0020e44a    0000004a     stk.aem3 : sock.oem3 (.text:SockDisconnect)
                  0020e494    0000004a              : timer.oem3 (.text:TimerNew)
                  0020e4de    00000048     nettool_ipv4.aem3 : config.oem3 (.text:CfgNew)
                  0020e526    00000002     --HOLE-- [fill = 0]
                  0020e528    00000048     stk.aem3 : lli.oem3 (.text:LLIMsg)
                  0020e570    00000048              : node.oem3 (.text:NodeWalk)
                  0020e5b8    00000048              : rawethsock_pcb.oem3 (.text:RawEthSockPcbDetach)
                  0020e600    00000048              : sockpcb.oem3 (.text:SockPcbResolveChain)
                  0020e648    00000048              : tcpprot.oem3 (.text:TcpDrop)
                  0020e690    00000048              : lli.oem3 (.text:_LLIExpListInsert)
                  0020e6d8    00000048              : rtable.oem3 (.text:_RtExpListInsert)
                  0020e720    00000048              : file.oem3 (.text:fdint_lockfd)
                  0020e768    00000048     sysbios.aem3 : BIOS.obj (.text:ti_sysbios_family_arm_m3_Hwi_Module_startup__E)
                  0020e7b0    00000048                  : BIOS.obj (.text:ti_sysbios_family_arm_m3_Hwi_excReserved__I)
                  0020e7f8    00000048                  : m3_Hwi_asm_switch.obj (.text:ti_sysbios_family_arm_m3_Hwi_initStacks__E)
                  0020e840    00000048                  : BIOS.obj (.text:ti_sysbios_family_arm_m3_Timer_initDevice__I)
                  0020e888    00000048                  : BIOS.obj (.text:ti_sysbios_heaps_HeapMem_getStats__E)
                  0020e8d0    00000046     nettool_ipv4.aem3 : ipaddr.oem3 (.text:NtIfIdx2Ip)
                  0020e916    00000046     stk.aem3 : rawethsock.oem3 (.text:RawEthSockSend)
                  0020e95c    00000046              : tcpprot.oem3 (.text:TcpPrCtlError)
                  0020e9a2    00000046     os.aem3 : mem.oem3 (.text:mmZeroInit)
                  0020e9e8    00000046     ti.targets.arm.rtsarm.aem3 : Core-params.oem3 (.text:xdc_runtime_Core_assignParams__I)
                  0020ea2e    00000002     --HOLE-- [fill = 0]
                  0020ea30    00000044     boot.aem3 : boot.oem3 (.text)
                  0020ea74    00000044     stk.aem3 : icmp.oem3 (.text:ICMPChecksum)
                  0020eab8    00000044              : ipfrag.oem3 (.text:IPReasmFree)
                  0020eafc    00000044              : lli.oem3 (.text:LLIGetValidTime)
                  0020eb40    00000044              : rtable.oem3 (.text:RouteMsg)
                  0020eb84    00000044              : rtable.oem3 (.text:RtWalkEnd)
                  0020ebc8    00000044              : sockpcb.oem3 (.text:SockPcbDetach)
                  0020ec0c    00000044              : timer.oem3 (.text:TimerListInsert)
                  0020ec50    00000044     hal_timer_bios.aem3 : lltimer.oem3 (.text:llTimerGetTime)
                  0020ec94    00000044     sysbios.aem3 : BIOS.obj (.text:ti_sysbios_family_arm_m3_Hwi_disableInterrupt__E)
                  0020ecd8    00000044                  : BIOS.obj (.text:ti_sysbios_family_arm_m3_Hwi_enableInterrupt__E)
                  0020ed1c    00000044                  : BIOS.obj (.text:ti_sysbios_knl_Swi_post__E)
                  0020ed60    00000044                  : BIOS.obj (.text:ti_sysbios_knl_Task_allBlockedFunction__I)
                  0020eda4    00000044     ti.targets.arm.rtsarm.aem3 : Error.oem3 (.text:xdc_runtime_Error_setX__E)
                  0020ede8    00000044                                : SysMin.oem3 (.text:xdc_runtime_SysMin_flush__E)
                  0020ee2c    00000044                                : Text.oem3 (.text:xdc_runtime_Text_xprintf__I)
                  0020ee70    00000042     stk.aem3 : socket.oem3 (.text:NDK_listen)
                  0020eeb2    00000042              : tcpprot.oem3 (.text:TcpPrSendOOB)
                  0020eef4    00000042              : fileuser.oem3 (.text:fdCloseSession)
                  0020ef36    00000002     --HOLE-- [fill = 0]
                  0020ef38    00000040              : lliin.oem3 (.text:LLIValidateRoute)
                  0020ef78    00000040              : pbm.oem3 (.text:PBM_copy)
                  0020efb8    00000040              : sockpcb.oem3 (.text:SockPcbRtChange)
                  0020eff8    00000040              : tcpprot.oem3 (.text:TcpPrSend)
                  0020f038    00000040     rtsv7M3_T_le_eabi.lib : u_divt2.obj (.text)
                  0020f078    00000040     sysbios.aem3 : BIOS.obj (.text:ti_sysbios_family_arm_m3_Hwi_getStackInfo__E)
                  0020f0b8    00000040                  : BIOS.obj (.text:ti_sysbios_family_arm_m3_Timer_Module_startup__E)
                  0020f0f8    00000040                  : BIOS.obj (.text:ti_sysbios_heaps_HeapMem_Instance_init__E)
                  0020f138    0000003e     nettool_ipv4.aem3 : dhcpmain.oem3 (.text:DHCPClose)
                  0020f176    00000002     --HOLE-- [fill = 0]
                  0020f178    0000003e     stk.aem3 : nimu.oem3 (.text:NIMUAllocateName)
                  0020f1b6    0000003e     os.aem3 : task.oem3 (.text:TaskCreate)
                  0020f1f4    0000003e     stk.aem3 : tcpprot.oem3 (.text:TcpPrDisconnect)
                  0020f232    0000003e              : file.oem3 (.text:fdint_unlockfd)
                  0020f270    0000003c     nettool_ipv4.aem3 : config.oem3 (.text:CfgEntryGetData)
                  0020f2ac    0000003c     stk.aem3 : node.oem3 (.text:NodeUpdatePL)
                  0020f2e8    0000003c              : rtable.oem3 (.text:RtWalkBegin)
                  0020f324    0000003c              : tcpprot.oem3 (.text:TcpPrConnect)
                  0020f360    0000003c              : tcptime.oem3 (.text:TcpSetPersist)
                  0020f39c    0000003c              : rtc.oem3 (.text:_RTCSendRtAdv)
                  0020f3d8    0000003c              : rtable.oem3 (.text:_RtNodeRemove)
                  0020f414    0000003c     hal_timer_bios.aem3 : lltimer.oem3 (.text:_llTimerInit)
                  0020f450    0000003c     sysbios.aem3 : BIOS.obj (.text:ti_sysbios_family_arm_m3_Hwi_excSvCall__I)
                  0020f48c    0000003c                  : BIOS.obj (.text:ti_sysbios_heaps_HeapMem_init__I)
                  0020f4c8    0000003c                  : BIOS.obj (.text:ti_sysbios_knl_Swi_restore__E)
                  0020f504    00000038     stk.aem3 : ip.oem3 (.text:IPChecksum)
                  0020f53c    00000038              : ipfrag.oem3 (.text:IPReasmTimeout)
                  0020f574    00000038              : node.oem3 (.text:NodeGetRt)
                  0020f5ac    00000038              : tcpprot.oem3 (.text:TcpClose)
                  0020f5e4    00000038              : timer.oem3 (.text:TimerHSTick)
                  0020f61c    00000038     nettool_ipv4.aem3 : dhcpbild.oem3 (.text:dhcpBuildDiscover)
                  0020f654    00000038                       : dhcptags.oem3 (.text:dhcpOptionsClear)
                  0020f68c    00000038     stk.aem3 : file.oem3 (.text:fdint_waitevent)
                  0020f6c4    00000038     sysbios.aem3 : BIOS.obj (.text:ti_sysbios_family_arm_m3_Hwi_excNoIsr__I)
                  0020f6fc    00000038     tcpEcho_pem3.oem3 (.text:ti_sysbios_knl_Clock_create)
                  0020f734    00000038     sysbios.aem3 : BIOS.obj (.text:ti_sysbios_knl_Task_processVitalTaskFlag__I)
                  0020f76c    00000038     ti.targets.arm.rtsarm.aem3 : SysMin.oem3 (.text:xdc_runtime_SysMin_putch__E)
                  0020f7a4    00000038                                : System.oem3 (.text:xdc_runtime_System_atexit__E)
                  0020f7dc    00000036     driverlib.lib : cpu.obj (.text)
                  0020f812    00000002     --HOLE-- [fill = 0]
                  0020f814    00000034     nettool_ipv4.aem3 : config.oem3 (.text:CfgSetService)
                  0020f848    00000034     drivers_mware.aem3 : EMACTiva.oem3 (.text:EMACTiva_emacPoll)
                  0020f87c    00000034                        : EMACTiva.oem3 (.text:EMACTiva_hwiIntFxn)
                  0020f8b0    00000034                        : EMACTiva.oem3 (.text:EMACTiva_isLinkUp)
                  0020f8e4    00000034                        : EMAC.oem3 (.text:EMAC_init)
                  0020f918    00000034     stk.aem3 : exec.oem3 (.text:ExecClose)
                  0020f94c    00000034              : nimu.oem3 (.text:NIMUFindByName)
                  0020f980    00000034              : nimu.oem3 (.text:NIMUInit)
                  0020f9b4    00000034              : rawethsock.oem3 (.text:RawEthSockNotify)
                  0020f9e8    00000034              : sockprot.oem3 (.text:SockPrCtlError)
                  0020fa1c    00000034     os.aem3 : mem.oem3 (.text:mmUnInitPage)
                  0020fa50    00000034     sysbios.aem3 : BIOS.obj (.text:ti_sysbios_family_arm_m3_Hwi_Instance_finalize__E)
                  0020fa84    00000034                  : BIOS.obj (.text:ti_sysbios_family_arm_m3_Hwi_excNmi__I)
                  0020fab8    00000034                  : BIOS.obj (.text:ti_sysbios_family_arm_m3_Timer_periodicStub__I)
                  0020faec    00000034                  : BIOS.obj (.text:ti_sysbios_hal_Hwi_checkStack)
                  0020fb20    00000034     tcpEcho_pem3.oem3 (.text:ti_sysbios_knl_Semaphore_create)
                  0020fb54    00000034     ti.targets.arm.rtsarm.aem3 : Core-label.oem3 (.text:xdc_runtime_Core_assignLabel__I)
                  0020fb88    00000033                                : Text.oem3 (.text:xdc_runtime_Text_printVisFxn__I)
                  0020fbbb    00000001     --HOLE-- [fill = 0]
                  0020fbbc    00000032     nettool_ipv4.aem3 : config.oem3 (.text:CfgGetImmediate)
                  0020fbee    00000032     stk.aem3 : route.oem3 (.text:RtDeRef)
                  0020fc20    00000032              : route.oem3 (.text:RtSetFailure)
                  0020fc52    00000032              : sb.oem3 (.text:SBFlush)
                  0020fc84    00000032              : sb.oem3 (.text:SBSetMax)
                  0020fcb6    00000032              : sock.oem3 (.text:SockIntAbort)
                  0020fce8    00000032     nettool_ipv4.aem3 : config.oem3 (.text:_CfgAcquire)
                  0020fd1a    00000032                       : dhcpsm.oem3 (.text:dhcpIPRemove)
                  0020fd4c    00000032     sysbios.aem3 : BIOS.obj (.text:ti_sysbios_knl_Semaphore_pendTimeout__I)
                  0020fd7e    00000002     --HOLE-- [fill = 0]
                  0020fd80    00000030     netctrl_min_ipv4.aem3 : netsrv.oem3 (.text:NS_PreBoot)
                  0020fdb0    00000030     stk.aem3 : sock.oem3 (.text:SockBind)
                  0020fde0    00000030              : sock.oem3 (.text:SockGetName)
                  0020fe10    00000030     nettool_ipv4.aem3 : dhcpsock.oem3 (.text:dhcpPacketSend)
                  0020fe40    00000030     stk.aem3 : listlib.oem3 (.text:list_remove_node)
                  0020fe70    00000030     tcpEcho_pem3.oem3 (.text:ti_sysbios_BIOS_atExitFunc__I)
                  0020fea0    00000030     tcpEcho_pem3.oem3 (.text:ti_sysbios_gates_GateHwi_Object__create__S)
                  0020fed0    00000030     tcpEcho_pem3.oem3 (.text:ti_sysbios_gates_GateMutex_Object__create__S)
                  0020ff00    00000030     sysbios.aem3 : BIOS.obj (.text:ti_sysbios_gates_GateMutex_enter__E)
                  0020ff30    00000030     tcpEcho_pem3.oem3 (.text:ti_sysbios_heaps_HeapMem_Object__create__S)
                  0020ff60    00000030     tcpEcho_pem3.oem3 (.text:ti_sysbios_knl_Semaphore_construct)
                  0020ff90    00000030     ti.targets.arm.rtsarm.aem3 : SysMin.oem3 (.text:xdc_runtime_SysMin_abort__E)
                  0020ffc0    00000030                                : System.oem3 (.text:xdc_runtime_System_processAtExit__E)
                  0020fff0    0000002e     stk.aem3 : sb.oem3 (.text:SBFree)
                  0021001e    0000002e     sysbios.aem3 : BIOS.obj (.text:ti_sysbios_family_arm_m3_TaskSupport_start__E)
                  0021004c    0000002e                  : BIOS.obj (.text:ti_sysbios_hal_Hwi_initStack)
                  0021007a    0000002c     stk.aem3 : file.oem3 (.text:FdSignalEvent)
                  002100a6    00000002     --HOLE-- [fill = 0]
                  002100a8    0000002c              : igmp.oem3 (.text:IGMPTestGroup)
                  002100d4    0000002c     os.aem3 : task.oem3 (.text:NDK_hookCreate)
                  00210100    0000002c     stk.aem3 : nimu.oem3 (.text:NIMUAllocateIndex)
                  0021012c    0000002c              : nimu.oem3 (.text:NIMUPacketServiceCheck)
                  00210158    0000002c              : pipe.oem3 (.text:PipeClose)
                  00210184    0000002c              : sockpcb.oem3 (.text:SockPcbAttach)
                  002101b0    0000002c              : lli.oem3 (.text:_LLIExpListRemove)
                  002101dc    0000002c              : lli.oem3 (.text:_LLITimeoutFlush)
                  00210208    0000002c              : rtable.oem3 (.text:_RtExpListRemove)
                  00210234    0000002c     tcpEcho_pem3.oem3 (.text:ti_sysbios_knl_Clock_doTick__I)
                  00210260    0000002c     tcpEcho_pem3.oem3 (.text:ti_sysbios_knl_Queue_construct)
                  0021028c    0000002c     sysbios.aem3 : BIOS.obj (.text:ti_sysbios_knl_Task_restore__E)
                  002102b8    0000002c     ti.targets.arm.rtsarm.aem3 : Text.oem3 (.text:xdc_runtime_Text_cordText__E)
                  002102e4    0000002a     stk.aem3 : pbm.oem3 (.text:PBMQ_deq)
                  0021030e    0000002a     netctrl_min_ipv4.aem3 : netsrv.oem3 (.text:ServiceCallback)
                  00210338    0000002a     nettool_ipv4.aem3 : config.oem3 (.text:_CfgRelease)
                  00210362    0000002a     ti.targets.arm.rtsarm.aem3 : System.oem3 (.text:xdc_runtime_System_putchar__I)
                  0021038c    00000028     tcpEcho_pem3.oem3 (.text:.bootCodeSection:ti_catalog_arm_cortexm3_concertoInit_Boot_initSharedRAMs)
                  002103b4    00000028     stk.aem3 : bind.oem3 (.text:BindFindByNet)
                  002103dc    00000028              : lli.oem3 (.text:LLIFree)
                  00210404    00000028     netctrl_min_ipv4.aem3 : netctrl.oem3 (.text:NC_SystemClose)
                  0021042c    00000028     stk.aem3 : nimu.oem3 (.text:NIMUCreatePacket)
                  00210454    00000028              : nimu.oem3 (.text:NIMUPacketService)
                  0021047c    00000028              : tcpin.oem3 (.text:TcpEnterTimeWait)
                  002104a4    00000028              : timer.oem3 (.text:TimerListRemove)
                  002104cc    00000028              : vlan.oem3 (.text:VLANFindSourceInterface)
                  002104f4    00000028              : vlan.oem3 (.text:VLANInit)
                  0021051c    00000028     nettool_ipv4.aem3 : dhcpsock.oem3 (.text:dhcpPacketReceive)
                  00210544    00000028     drivers_mware.aem3 : EMACTiva.oem3 (.text:signalLinkChange)
                  0021056c    00000028     sysbios.aem3 : BIOS.obj (.text:ti_sysbios_knl_Clock_addI__E)
                  00210594    00000026     nettool_ipv4.aem3 : config.oem3 (.text:CfgEntryInfo)
                  002105ba    00000026     stk.aem3 : rawethsock.oem3 (.text:RawEthSockClose)
                  002105e0    00000026     tcpEcho_pem3.oem3 (.text:ti_ndk_config_udp_init)
                  00210606    00000026     ti.targets.arm.rtsarm.aem3 : System.oem3 (.text:xdc_runtime_System_avprintf__E)
                  0021062c    00000024     stk.aem3 : bind.oem3 (.text:BindFindByHost)
                  00210650    00000024              : bind.oem3 (.text:BindGetIFByDBCast)
                  00210674    00000024     drivers_mware.aem3 : EMACTiva.oem3 (.text:EMACTiva_emacServicePacket)
                  00210698    00000024     stk.aem3 : exec.oem3 (.text:ExecTimer)
                  002106bc    00000024              : nimu.oem3 (.text:NIMUFindByIndex)
                  002106e0    00000024              : rtc.oem3 (.text:RTCAddHook)
                  00210704    00000024              : rawethsock_pcb.oem3 (.text:RawEthSockPcbFind)
                  00210728    00000024              : route.oem3 (.text:RtFree)
                  0021074c    00000024              : route.oem3 (.text:RtSetTimeout)
                  00210770    00000024              : sockpcb.oem3 (.text:SockPcbCleanup)
                  00210794    00000024              : tcpprot.oem3 (.text:TcpPrListen)
                  002107b8    00000024              : tcptime.oem3 (.text:TcpTimeoutWait2)
                  002107dc    00000024     nettool_ipv4.aem3 : config.oem3 (.text:_CfgEntryProcess)
                  00210800    00000024     tcpEcho_pem3.oem3 (.text:ti_sysbios_BIOS_errorRaiseHook__I)
                  00210824    00000024     tcpEcho_pem3.oem3 (.text:ti_sysbios_BIOS_registerRTSLock__I)
                  00210848    00000024     tcpEcho_pem3.oem3 (.text:ti_sysbios_BIOS_removeRTSLock__I)
                  0021086c    00000024     tcpEcho_pem3.oem3 (.text:ti_sysbios_BIOS_startFunc__I)
                  00210890    00000024     sysbios.aem3 : BIOS.obj (.text:ti_sysbios_family_arm_m3_Timer_startup__E)
                  002108b4    00000024     tcpEcho_pem3.oem3 (.text:ti_sysbios_gates_GateMutex_Object__delete__S)
                  002108d8    00000024     sysbios.aem3 : BIOS.obj (.text:ti_sysbios_knl_Clock_Module_startup__E)
                  002108fc    00000024                  : BIOS.obj (.text:ti_sysbios_knl_Semaphore_Instance_init__E)
                  00210920    00000024     tcpEcho_pem3.oem3 (.text:ti_sysbios_knl_Semaphore_Object__delete__S)
                  00210944    00000024     sysbios.aem3 : BIOS.obj (.text:ti_sysbios_knl_Swi_Module_startup__E)
                  00210968    00000024                  : BIOS.obj (.text:ti_sysbios_knl_Task_restoreHwi__E)
                  0021098c    00000024     ti.targets.arm.rtsarm.aem3 : System.oem3 (.text:xdc_runtime_System_vprintf__E)
                  002109b0    00000022     nettool_ipv4.aem3 : config.oem3 (.text:CfgEntryRef)
                  002109d2    00000022     stk.aem3 : vlan.oem3 (.text:VLANFindNode)
                  002109f4    00000022     tcpEcho.obj (.text:setsockopt)
                  00210a16    00000022     tcpEcho_pem3.oem3 (.text:xdc_runtime_SysMin_output__I)
                  00210a38    00000020     drivers_mware.aem3 : EMACTiva.oem3 (.text:EMACTiva_init)
                  00210a58    00000020     netctrl_min_ipv4.aem3 : netctrl.oem3 (.text:NC_BootComplete)
                  00210a78    00000020     stk.aem3 : nimu.oem3 (.text:NIMUGetNumOfObject)
                  00210a98    00000020              : rtc.oem3 (.text:RTCRemoveHook)
                  00210ab8    00000020              : tcp.oem3 (.text:TcpTimeoutRemove)
                  00210ad8    00000020     tcpEcho_pem3.oem3 (.text:ti_sysbios_BIOS_rtsLock__I)
                  00210af8    00000020     tcpEcho_pem3.oem3 (.text:ti_sysbios_family_arm_m3_Hwi_Object__delete__S)
                  00210b18    00000020     sysbios.aem3 : m3_Hwi_asm.obj (.text:ti_sysbios_family_arm_m3_Hwi_excHandlerAsm__I)
                  00210b38    00000020                  : BIOS.obj (.text:ti_sysbios_family_arm_m3_Hwi_excHandler__I)
                  00210b58    00000020     tcpEcho_pem3.oem3 (.text:ti_sysbios_gates_GateHwi_Object__delete__S)
                  00210b78    00000020     tcpEcho_pem3.oem3 (.text:ti_sysbios_heaps_HeapMem_Object__delete__S)
                  00210b98    00000020     sysbios.aem3 : BIOS.obj (.text:ti_sysbios_knl_Idle_run__E)
                  00210bb8    00000020     tcpEcho_pem3.oem3 (.text:ti_sysbios_knl_Semaphore_Object__destruct__S)
                  00210bd8    00000020     tcpEcho_pem3.oem3 (.text:ti_sysbios_knl_Swi_Object__delete__S)
                  00210bf8    00000020     tcpEcho_pem3.oem3 (.text:ti_sysbios_knl_Task_Object__delete__S)
                  00210c18    00000020     ti.targets.arm.rtsarm.aem3 : Registry.oem3 (.text:xdc_runtime_Registry_findById__E)
                  00210c38    00000020                                : SysMin.oem3 (.text:xdc_runtime_SysMin_Module_startup__E)
                  00210c58    0000001e     stk.aem3 : listlib.oem3 (.text:list_remove)
                  00210c76    0000001e     tcpEcho.obj (.text:recv)
                  00210c94    0000001e     tcpEcho.obj (.text:send)
                  00210cb2    0000001e     sysbios.aem3 : m3_Hwi_asm_switch.obj (.text:ti_sysbios_family_xxx_Hwi_switchAndRunFunc)
                  00210cd0    0000001c     stk.aem3 : bind.oem3 (.text:BindFindByIF)
                  00210cec    0000001c     drivers_mware.aem3 : EMACTiva.oem3 (.text:EMACTiva_emacSend)
                  00210d08    0000001c     stk.aem3 : exec.oem3 (.text:ExecBroadcast)
                  00210d24    0000001c     os.aem3 : ossys.oem3 (.text:NDK_sprintf)
                  00210d40    0000001c     stk.aem3 : nimu.oem3 (.text:NIMUAddHeader)
                  00210d5c    0000001c              : sockprot.oem3 (.text:SockPrDetach)
                  00210d78    0000001c     os.aem3 : task.oem3 (.text:TaskDestroy)
                  00210d94    0000001c     tcpEcho_pem3.oem3 (.text:ti_ndk_config_global_taskCreateHook)
                  00210db0    0000001c     sysbios.aem3 : BIOS.obj (.text:ti_sysbios_gates_GateMutex_Instance_init__E)
                  00210dcc    0000001c     tcpEcho_pem3.oem3 (.text:ti_sysbios_knl_Queue_Object__destruct__S)
                  00210de8    0000001c     sysbios.aem3 : BIOS.obj (.text:ti_sysbios_knl_Queue_put__E)
                  00210e04    0000001c                  : BIOS.obj (.text:ti_sysbios_knl_Task_enter__I)
                  00210e20    0000001c     ti.targets.arm.rtsarm.aem3 : Error.oem3 (.text:xdc_runtime_Error_raiseX__E)
                  00210e3c    0000001c                                : Memory.oem3 (.text:xdc_runtime_Memory_valloc__E)
                  00210e58    0000001c                                : SysMin.oem3 (.text:xdc_runtime_SysMin_exit__E)
                  00210e74    0000001c                                : System.oem3 (.text:xdc_runtime_System_abort__E)
                  00210e90    0000001a     stk.aem3 : bind.oem3 (.text:BindGetIP)
                  00210eaa    0000001a              : sockint.oem3 (.text:SockSetOOBMark)
                  00210ec4    0000001a              : file.oem3 (.text:fdint_getfdt)
                  00210ede    0000001a     tcpEcho_pem3.oem3 (.text:ti_sysbios_family_arm_m3_Hwi_Handle__label__S)
                  00210ef8    0000001a     sysbios.aem3 : m3_Hwi_asm.obj (.text:ti_sysbios_family_arm_m3_Hwi_pendSV__I)
                  00210f12    0000001a     tcpEcho_pem3.oem3 (.text:ti_sysbios_gates_GateHwi_Handle__label__S)
                  00210f2c    0000001a     tcpEcho_pem3.oem3 (.text:ti_sysbios_gates_GateMutex_Handle__label__S)
                  00210f46    0000001a     tcpEcho_pem3.oem3 (.text:ti_sysbios_heaps_HeapMem_Handle__label__S)
                  00210f60    0000001a     tcpEcho_pem3.oem3 (.text:ti_sysbios_knl_Swi_Handle__label__S)
                  00210f7a    0000001a     tcpEcho_pem3.oem3 (.text:ti_sysbios_knl_Task_Handle__label__S)
                  00210f94    0000001a     sysbios.aem3 : BIOS.obj (.text:ti_sysbios_knl_Task_sleepTimeout__I)
                  00210fae    0000001a     tcpEcho_pem3.oem3 (.text:xdc_runtime_System_aprintf__E)
                  00210fc8    0000001a     tcpEcho_pem3.oem3 (.text:xdc_runtime_System_printf__E)
                  00210fe2    00000002     --HOLE-- [fill = 0]
                  00210fe4    00000018     stk.aem3 : ip.oem3 (.text:IPRtChange)
                  00210ffc    00000018              : rawethsock_pcb.oem3 (.text:RawEthSockPcbCleanup)
                  00211014    00000018     nettool_ipv4.aem3 : ipaddr.oem3 (.text:RouteHook)
                  0021102c    00000018     stk.aem3 : tcpin.oem3 (.text:SEQ_GEQ)
                  00211044    00000018              : tcpout.oem3 (.text:SEQ_GEQ)
                  0021105c    00000018              : tcpin.oem3 (.text:SEQ_GT)
                  00211074    00000018              : tcpout.oem3 (.text:SEQ_GT)
                  0021108c    00000018              : tcpin.oem3 (.text:SEQ_LEQ)
                  002110a4    00000018              : tcpout.oem3 (.text:SEQ_LEQ)
                  002110bc    00000018              : tcpin.oem3 (.text:SEQ_LT)
                  002110d4    00000018              : tcpout.oem3 (.text:SEQ_LT)
                  002110ec    00000018     TMDXDOCKH52C1.obj (.text:TMDXDOCKH52C1_initGPIO)
                  00211104    00000018     stk.aem3 : tcp.oem3 (.text:TcpTimeoutAdd)
                  0021111c    00000018     nettool_ipv4.aem3 : dhcpsock.oem3 (.text:dhcpSocketClose)
                  00211134    00000018     stk.aem3 : listlib.oem3 (.text:list_add)
                  0021114c    00000018     rtsv7M3_T_le_eabi.lib : args_main.obj (.text)
                  00211164    00000018                           : strcmp.obj (.text)
                  0021117c    00000018     tcpEcho_pem3.oem3 (.text:ti_sysbios_BIOS_rtsUnlock__I)
                  00211194    00000018     tcpEcho_pem3.oem3 (.text:ti_sysbios_family_arm_m3_Hwi_Module__startupDone__F)
                  002111ac    00000018     tcpEcho_pem3.oem3 (.text:ti_sysbios_family_arm_m3_Timer_Module__startupDone__F)
                  002111c4    00000018     sysbios.aem3 : BIOS.obj (.text:ti_sysbios_gates_GateMutex_leave__E)
                  002111dc    00000018     ti.targets.arm.rtsarm.aem3 : Error.oem3 (.text:xdc_runtime_Error_check__E)
                  002111f4    00000018                                : System.oem3 (.text:xdc_runtime_System_exit__E)
                  0021120c    00000018                                : Text.oem3 (.text:xdc_runtime_Text_ropeText__E)
                  00211224    00000016     stk.aem3 : file.oem3 (.text:fdint_freefdt)
                  0021123a    00000016     rtsv7M3_T_le_eabi.lib : strcpy.obj (.text)
                  00211250    00000016     tcpEcho_pem3.oem3 (.text:ti_sysbios_BIOS_exitFunc__I)
                  00211266    00000016     tcpEcho.obj (.text:ti_sysbios_knl_Task_Params_init)
                  0021127c    00000016     tcpEchoHooks.obj (.text:ti_sysbios_knl_Task_Params_init)
                  00211292    00000016     ti.targets.arm.rtsarm.aem3 : System.oem3 (.text:xdc_runtime_System_vsprintf__E)
                  002112a8    00000014     tcpEcho_pem3.oem3 (.text:.bootCodeSection:ti_catalog_arm_cortexm3_concertoInit_Boot_init)
                  002112bc    00000014     stk.aem3 : bind.oem3 (.text:BindIPHost2IF)
                  002112d0    00000014     netctrl_min_ipv4.aem3 : netctrl.oem3 (.text:NC_NetStop)
                  002112e4    00000014     os.aem3 : task.oem3 (.text:NDK_hookExit)
                  002112f8    00000014     stk.aem3 : nimu.oem3 (.text:NIMUSendPacket)
                  0021130c    00000014     nettool_ipv4.aem3 : ipaddr.oem3 (.text:NtRemoveNetwork)
                  00211320    00000014     stk.aem3 : rawethsock_pcb.oem3 (.text:RawEthSockPcbInit)
                  00211334    00000014              : timer.oem3 (.text:TimerFree)
                  00211348    00000014     tcpEcho.obj (.text:accept)
                  0021135c    00000014     tcpEcho.obj (.text:bind)
                  00211370    00000014     rtsv7M3_T_le_eabi.lib : _lock.obj (.text)
                  00211384    00000014                           : strlen.obj (.text)
                  00211398    00000014     tcpEcho.obj (.text:socket)
                  002113ac    00000014     tcpEcho_pem3.oem3 (.text:ti_ndk_config_global_taskExitHook)
                  002113c0    00000014     tcpEcho_pem3.oem3 (.text:ti_sysbios_family_arm_m3_Hwi_Object__get__S)
                  002113d4    00000014     sysbios.aem3 : BIOS.obj (.text:ti_sysbios_family_arm_m3_Hwi_switchFromBootStack__E)
                  002113e8    00000014     tcpEcho_pem3.oem3 (.text:ti_sysbios_heaps_HeapMem_Object__get__S)
                  002113fc    00000014     tcpEcho_pem3.oem3 (.text:ti_sysbios_knl_Swi_Object__get__S)
                  00211410    00000014     tcpEcho_pem3.oem3 (.text:ti_sysbios_knl_Task_Object__first__S)
                  00211424    00000014     tcpEcho_pem3.oem3 (.text:ti_sysbios_knl_Task_Object__next__S)
                  00211438    00000012     stk.aem3 : sockprot.oem3 (.text:SockPrAttach)
                  0021144a    00000012              : sockint.oem3 (.text:SockSetOOBData)
                  0021145c    00000012     sysbios.aem3 : BIOS.obj (.text:ti_sysbios_hal_Hwi_Module_startup__E)
                  0021146e    00000012                  : BIOS.obj (.text:ti_sysbios_knl_Semaphore_reset__E)
                  00211480    00000012     tcpEcho_pem3.oem3 (.text:xdc_runtime_Startup_exec__I)
                  00211492    00000010     stk.aem3 : bind.oem3 (.text:BindIF2IPHost)
                  002114a2    00000010              : bind.oem3 (.text:BindIFNet2IPHost)
                  002114b2    00000010              : exec.oem3 (.text:ExecHRef)
                  002114c2    00000002     --HOLE-- [fill = 0]
                  002114c4    00000010     netctrl_min_ipv4.aem3 : netctrl.oem3 (.text:NC_IPUpdate)
                  002114d4    00000010     stk.aem3 : nimu.oem3 (.text:NIMUGetRsvdSizeInfo)
                  002114e4    00000010     tcpEcho.obj (.text:listen)
                  002114f4    00000010     sysbios.aem3 : BIOS.obj (.text:ti_sysbios_BIOS_getCpuFreq__E)
                  00211504    00000010                  : BIOS.obj (.text:ti_sysbios_BIOS_setThreadType__E)
                  00211514    00000010                  : BIOS.obj (.text:ti_sysbios_BIOS_start__E)
                  00211524    00000010                  : m3_TaskSupport_asm.obj (.text:ti_sysbios_family_arm_m3_TaskSupport_glue)
                  00211534    00000010                  : m3_TaskSupport_asm.obj (.text:ti_sysbios_family_arm_m3_TaskSupport_swap__E)
                  00211544    00000010                  : BIOS.obj (.text:ti_sysbios_gates_GateMutex_Instance_finalize__E)
                  00211554    00000010                  : BIOS.obj (.text:ti_sysbios_knl_Semaphore_Instance_finalize__E)
                  00211564    00000010                  : BIOS.obj (.text:ti_sysbios_knl_Swi_disable__E)
                  00211574    00000010     tcpEcho_pem3.oem3 (.text:ti_sysbios_knl_Task_Object__get__S)
                  00211584    00000010     sysbios.aem3 : BIOS.obj (.text:ti_sysbios_knl_Task_disable__E)
                  00211594    00000010     ti.targets.arm.rtsarm.aem3 : Gate.oem3 (.text:xdc_runtime_Gate_leaveSystem__E)
                  002115a4    00000010                                : Memory.oem3 (.text:xdc_runtime_Memory_free__E)
                  002115b4    00000010                                : SysMin.oem3 (.text:xdc_runtime_SysMin_ready__E)
                  002115c4    00000010                                : System.oem3 (.text:xdc_runtime_System_vsnprintf__E)
                  002115d4    00000010     tcpEcho_pem3.oem3 (.text:xdc_runtime_Text_visitRope__I)
                  002115e4    0000000e     drivers_mware.aem3 : EMACTiva.oem3 (.text:EMACTiva_emacioctl)
                  002115f2    0000000e     stk.aem3 : exec.oem3 (.text:ExecLowResource)
                  00211600    0000000e     rtsv7M3_T_le_eabi.lib : copy_decompress_none.obj (.text:decompress:none)
                  0021160e    0000000e     sysbios.aem3 : BIOS.obj (.text:ti_sysbios_knl_Queue_empty__E)
                  0021161c    0000000c     tcpEcho_pem3.oem3 (.text:.bootCodeSection:ti_catalog_arm_cortexm3_concertoInit_Boot_initStartup)
                  00211628    0000000c     stk.aem3 : bind.oem3 (.text:BindGetFirst)
                  00211634    0000000c     nettool_ipv4.aem3 : config.oem3 (.text:CfgSetDefault)
                  00211640    0000000c     os.aem3 : task.oem3 (.text:NDK_hookInit)
                  0021164c    0000000c     stk.aem3 : nimu.oem3 (.text:NIMUSetRsvdSizeInfo)
                  00211658    0000000c     os.aem3 : task.oem3 (.text:NotifyLowResource)
                  00211664    0000000c     stk.aem3 : pbm.oem3 (.text:PBM_close)
                  00211670    0000000c     os.aem3 : semaphore.oem3 (.text:SemDelete)
                  0021167c    0000000c     hal_timer_bios.aem3 : lltimer.oem3 (.text:_llTimerShutdown)
                  00211688    0000000c     tcpEcho.obj (.text:close)
                  00211694    0000000c     rtsv7M3_T_le_eabi.lib : copy_zero_init.obj (.text:decompress:ZI)
                  002116a0    0000000c     hal_timer_bios.aem3 : lltimer.oem3 (.text:llTimerGetStartTime)
                  002116ac    0000000c     sysbios.aem3 : BIOS.obj (.text:ti_sysbios_BIOS_getThreadType__E)
                  002116b8    0000000c     tcpEcho_pem3.oem3 (.text:ti_sysbios_family_arm_m3_Hwi_Params__init__S)
                  002116c4    0000000c     sysbios.aem3 : BIOS.obj (.text:ti_sysbios_family_arm_m3_Hwi_disableFxn__E)
                  002116d0    0000000c                  : BIOS.obj (.text:ti_sysbios_family_arm_m3_TaskSupport_checkStack__E)
                  002116dc    0000000c                  : BIOS.obj (.text:ti_sysbios_family_arm_m3_TaskSupport_getStackAlignment__E)
                  002116e8    0000000c                  : BIOS.obj (.text:ti_sysbios_gates_GateHwi_enter__E)
                  002116f4    0000000c     tcpEcho_pem3.oem3 (.text:ti_sysbios_knl_Clock_Params__init__S)
                  00211700    0000000c     sysbios.aem3 : BIOS.obj (.text:ti_sysbios_knl_Clock_getTicks__E)
                  0021170c    0000000c     tcpEcho_pem3.oem3 (.text:ti_sysbios_knl_Queue_Object__get__S)
                  00211718    0000000c     tcpEcho_pem3.oem3 (.text:ti_sysbios_knl_Semaphore_Params__init__S)
                  00211724    0000000c     tcpEcho_pem3.oem3 (.text:ti_sysbios_knl_Task_Params__init__S)
                  00211730    0000000c     sysbios.aem3 : BIOS.obj (.text:ti_sysbios_knl_Task_getIdleTask__E)
                  0021173c    0000000c                  : BIOS.obj (.text:ti_sysbios_knl_Task_self__E)
                  00211748    0000000c     ti.targets.arm.rtsarm.aem3 : Error.oem3 (.text:xdc_runtime_Error_init__E)
                  00211754    0000000c                                : Gate.oem3 (.text:xdc_runtime_Gate_enterSystem__E)
                  00211760    0000000c                                : Memory.oem3 (.text:xdc_runtime_Memory_calloc__E)
                  0021176c    0000000c                                : Memory.oem3 (.text:xdc_runtime_Memory_getMaxDefaultTypeAlign__E)
                  00211778    0000000a     stk.aem3 : file.oem3 (.text:fdint_signalevent)
                  00211782    0000000a              : file.oem3 (.text:fdint_signaltimeout)
                  0021178c    0000000a     tcpEcho_pem3.oem3 (.text:xdc_runtime_IHeap_alloc)
                  00211796    0000000a     tcpEcho_pem3.oem3 (.text:xdc_runtime_IHeap_free)
                  002117a0    00000008     stk.aem3 : node.oem3 (.text:NodeFree)
                  002117a8    00000008     os.aem3 : task.oem3 (.text:TaskBlock)
                  002117b0    00000008     sysbios.aem3 : BIOS.obj (.text:ti_sysbios_family_arm_m3_Hwi_doSwiRestore__I)
                  002117b8    00000008                  : BIOS.obj (.text:ti_sysbios_family_arm_m3_Hwi_startup__E)
                  002117c0    00000008                  : BIOS.obj (.text:ti_sysbios_knl_Idle_loop__E)
                  002117c8    00000008                  : BIOS.obj (.text:ti_sysbios_knl_Task_getHookContext__E)
                  002117d0    00000008                  : BIOS.obj (.text:ti_sysbios_knl_Task_setHookContext__E)
                  002117d8    00000006     Boot.aem3 : Boot.oem3 (.text)
                  002117de    00000002     --HOLE-- [fill = 0]
                  002117e0    00000006     driverlib.lib : sysctl.obj (.text:SysCtlDelay)
                  002117e6    00000006     stk.aem3 : tcpprot.oem3 (.text:TcpPrRecv)
                  002117ec    00000006     ti.targets.arm.rtsarm.aem3 : xdc_noinit.oem3 (.text:__xdc__init)
                  002117f2    00000006     sysbios.aem3 : BIOS.obj (.text:ti_sysbios_family_arm_m3_Hwi_doTaskRestore__I)
                  002117f8    00000006                  : BIOS.obj (.text:ti_sysbios_family_arm_m3_Hwi_restoreFxn__E)
                  002117fe    00000006                  : BIOS.obj (.text:ti_sysbios_gates_GateHwi_leave__E)
                  00211804    00000006                  : BIOS.obj (.text:ti_sysbios_heaps_HeapMem_isBlocking__E)
                  0021180a    00000006                  : BIOS.obj (.text:ti_sysbios_knl_Queue_Instance_init__E)
                  00211810    00000006                  : BIOS.obj (.text:ti_sysbios_knl_Swi_startup__E)
                  00211816    00000006     ti.targets.arm.rtsarm.aem3 : System.oem3 (.text:xdc_runtime_System_Module_startup__E)
                  0021181c    00000004     tcpEcho_pem3.oem3 (.text:.bootCodeSection:ti_catalog_arm_cortexm3_concertoInit_Boot_limpAbort)
                  00211820    00000004     stk.aem3 : bind.oem3 (.text:BindGetIF)
                  00211824    00000004              : bind.oem3 (.text:BindGetNext)
                  00211828    00000004     os.aem3 : ossys.oem3 (.text:NDK_vsprintf)
                  0021182c    00000004     stk.aem3 : node.oem3 (.text:NodeSetRt)
                  00211830    00000004              : rawethsock_prot.oem3 (.text:RawEthSockPrAttach)
                  00211834    00000004              : rawethsock_prot.oem3 (.text:RawEthSockPrDetach)
                  00211838    00000004     os.aem3 : semaphore.oem3 (.text:SemPend)
                  0021183c    00000004             : semaphore.oem3 (.text:SemPost)
                  00211840    00000004             : semaphore.oem3 (.text:SemReset)
                  00211844    00000004             : task.oem3 (.text:TaskSelf)
                  00211848    00000004             : task.oem3 (.text:TaskSetPri)
                  0021184c    00000004     hal_ser_stub.aem3 : llserstb.oem3 (.text:_llSerialInit)
                  00211850    00000004     drivers_mware.aem3 : GPIOTiva.oem3 (.text:getGpioIntIndex)
                  00211854    00000004     stk.aem3 : listlib.oem3 (.text:list_get_head)
                  00211858    00000004              : listlib.oem3 (.text:list_get_next)
                  0021185c    00000004     tcpEcho_pem3.oem3 (.text:ti_ndk_config_Global_NetworkOpen)
                  00211860    00000004     tcpEcho_pem3.oem3 (.text:ti_sysbios_BIOS_RtsGateProxy_enter__E)
                  00211864    00000004     tcpEcho_pem3.oem3 (.text:ti_sysbios_BIOS_RtsGateProxy_leave__E)
                  00211868    00000004     tcpEcho_pem3.oem3 (.text:ti_sysbios_family_arm_m3_Hwi_delete)
                  0021186c    00000004     tcpEcho_pem3.oem3 (.text:ti_sysbios_family_arm_m3_TaskSupport_Module__startupDone__S)
                  00211870    00000004     sysbios.aem3 : BIOS.obj (.text:ti_sysbios_family_arm_m3_Timer_getMaxTicks__E)
                  00211874    00000004                  : BIOS.obj (.text:ti_sysbios_gates_GateHwi_query__E)
                  00211878    00000004                  : BIOS.obj (.text:ti_sysbios_gates_GateMutex_query__E)
                  0021187c    00000004     tcpEcho_pem3.oem3 (.text:ti_sysbios_heaps_HeapMem_Module_GateProxy_enter__E)
                  00211880    00000004     tcpEcho_pem3.oem3 (.text:ti_sysbios_heaps_HeapMem_Module_GateProxy_leave__E)
                  00211884    00000004     tcpEcho_pem3.oem3 (.text:ti_sysbios_knl_Clock_TimerProxy_getMaxTicks__E)
                  00211888    00000004     tcpEcho_pem3.oem3 (.text:ti_sysbios_knl_Queue_destruct)
                  0021188c    00000004     tcpEcho_pem3.oem3 (.text:ti_sysbios_knl_Semaphore_delete)
                  00211890    00000004     tcpEcho_pem3.oem3 (.text:ti_sysbios_knl_Semaphore_destruct)
                  00211894    00000004     tcpEcho_pem3.oem3 (.text:ti_sysbios_knl_Swi_delete)
                  00211898    00000004     tcpEcho_pem3.oem3 (.text:ti_sysbios_knl_Task_delete)
                  0021189c    00000004     sysbios.aem3 : BIOS.obj (.text:ti_sysbios_knl_Task_startup__E)
                  002118a0    00000004     ti.targets.arm.rtsarm.aem3 : Error.oem3 (.text:xdc_runtime_Error_getMsg__E)
                  002118a4    00000004                                : Error.oem3 (.text:xdc_runtime_Error_getSite__E)
                  002118a8    00000004     tcpEcho_pem3.oem3 (.text:xdc_runtime_System_Module_GateProxy_enter__E)
                  002118ac    00000004     tcpEcho_pem3.oem3 (.text:xdc_runtime_System_Module_GateProxy_leave__E)
                  002118b0    00000004     ti.targets.arm.rtsarm.aem3 : System.oem3 (.text:xdc_runtime_System_aprintf_va__F)
                  002118b4    00000004                                : System.oem3 (.text:xdc_runtime_System_printf_va__F)
                  002118b8    00000008     Boot.aem3 : Boot.oem3 (.tramp.ti_catalog_arm_cortexm3_concertoInit_Boot_initFlash.1)

.const     0    002118c0    00002123     
                  002118c0    0000182d     tcpEcho_pem3.oem3 (.const:xdc_runtime_Text_charTab__A)
                  002130ed    00000001     tcpEcho_pem3.oem3 (.const:.string:$P$T0$1)
                  002130ee    00000002     tcpEcho_pem3.oem3 (.const:ti_sysbios_family_arm_m3_Hwi_Module__id__C)
                  002130f0    000000cc     tcpEcho_pem3.oem3 (.const:.string)
                  002131bc    000000b8     tcpEcho_pem3.oem3 (.const:xdc_runtime_Text_nodeTab__A)
                  00213274    00000088     driverlib.lib : gpio.obj (.const:g_pulGPIOBaseAddrs)
                  002132fc    00000070                   : interrupt.obj (.const:g_pulRegs)
                  0021336c    00000064                   : sysctl.obj (.const)
                  002133d0    00000054     stk.aem3 : sockprot.oem3 (.const:Code2Err)
                  00213424    00000044     drivers_mware.aem3 : GPIOTiva.oem3 (.const:gpioBaseAddresses)
                  00213468    0000003e     stk.aem3 : rtc.oem3 (.const:.string)
                  002134a6    00000002     tcpEcho_pem3.oem3 (.const:ti_sysbios_family_arm_m3_Timer_Module__id__C)
                  002134a8    0000003c     tcpEcho_pem3.oem3 (.const:ti_sysbios_knl_Task_Object__PARAMS__C)
                  002134e4    00000030     tcpEcho_pem3.oem3 (.const:ti_sysbios_family_arm_m3_Hwi_Object__PARAMS__C)
                  00213514    00000028     tcpEcho_pem3.oem3 (.const:ti_sysbios_heaps_HeapMem_Module__FXNS__C)
                  0021353c    00000028     tcpEcho_pem3.oem3 (.const:ti_sysbios_knl_Swi_Object__PARAMS__C)
                  00213564    00000024     tcpEcho_pem3.oem3 (.const:ti_sysbios_gates_GateHwi_Module__FXNS__C)
                  00213588    00000024     tcpEcho_pem3.oem3 (.const:ti_sysbios_gates_GateMutex_Module__FXNS__C)
                  002135ac    00000024     tcpEcho_pem3.oem3 (.const:ti_sysbios_heaps_HeapMem_Object__PARAMS__C)
                  002135d0    00000024     tcpEcho_pem3.oem3 (.const:ti_sysbios_knl_Clock_Object__PARAMS__C)
                  002135f4    00000024     tcpEcho_pem3.oem3 (.const:ti_sysbios_knl_Semaphore_Object__PARAMS__C)
                  00213618    00000020     driverlib.lib : interrupt.obj (.const)
                  00213638    00000020     tcpEcho_pem3.oem3 (.const:ti_sysbios_family_arm_m3_Hwi_Object__DESC__C)
                  00213658    00000020     tcpEcho_pem3.oem3 (.const:ti_sysbios_gates_GateHwi_Object__DESC__C)
                  00213678    00000020     tcpEcho_pem3.oem3 (.const:ti_sysbios_gates_GateMutex_Object__DESC__C)
                  00213698    00000020     tcpEcho_pem3.oem3 (.const:ti_sysbios_heaps_HeapMem_Object__DESC__C)
                  002136b8    00000020     tcpEcho_pem3.oem3 (.const:ti_sysbios_knl_Clock_Object__DESC__C)
                  002136d8    00000020     tcpEcho_pem3.oem3 (.const:ti_sysbios_knl_Queue_Object__DESC__C)
                  002136f8    00000020     tcpEcho_pem3.oem3 (.const:ti_sysbios_knl_Semaphore_Object__DESC__C)
                  00213718    00000020     tcpEcho_pem3.oem3 (.const:ti_sysbios_knl_Swi_Object__DESC__C)
                  00213738    00000020     tcpEcho_pem3.oem3 (.const:ti_sysbios_knl_Task_Object__DESC__C)
                  00213758    00000020     tcpEcho_pem3.oem3 (.const:xdc_runtime_Startup_sfxnTab__A)
                  00213778    0000001e     drivers_mware.aem3 : GPIOTiva.oem3 (.const:.string)
                  00213796    00000002     tcpEcho_pem3.oem3 (.const:ti_sysbios_hal_Hwi_Module__id__C)
                  00213798    00000018     TMDXDOCKH52C1.obj (.const:EMAC_config)
                  002137b0    00000018     tcpEcho_pem3.oem3 (.const)
                  002137c8    00000018     tcpEcho_pem3.oem3 (.const:ti_sysbios_gates_GateHwi_Object__PARAMS__C)
                  002137e0    00000018     tcpEcho_pem3.oem3 (.const:ti_sysbios_gates_GateMutex_Object__PARAMS__C)
                  002137f8    00000018     tcpEcho_pem3.oem3 (.const:ti_sysbios_knl_Queue_Object__PARAMS__C)
                  00213810    00000018     tcpEcho_pem3.oem3 (.const:ti_sysbios_knl_Task_hooks__A)
                  00213828    00000014     TMDXDOCKH52C1.obj (.const:GPIOTiva_config)
                  0021383c    00000010     tcpEcho_pem3.oem3 (.const:xdc_runtime_Startup_firstFxns__A)
                  0021384c    00000010     tcpEcho_pem3.oem3 (.const:xdc_runtime_Startup_sfxnRts__A)
                  0021385c    0000000c     TMDXDOCKH52C1.obj (.const:emacHWAttrs)
                  00213868    00000008     drivers_mware.aem3 : EMACTiva.oem3 (.const)
                  00213870    00000008     tcpEcho_pem3.oem3 (.const:ti_sysbios_family_arm_m3_Hwi_excHookFuncs__A)
                  00213878    00000008     tcpEcho_pem3.oem3 (.const:ti_sysbios_knl_Idle_funcList__A)
                  00213880    00000008     tcpEcho_pem3.oem3 (.const:ti_sysbios_knl_Idle_funcList__C)
                  00213888    00000008     tcpEcho_pem3.oem3 (.const:ti_sysbios_knl_Task_hooks__C)
                  00213890    00000008     tcpEcho_pem3.oem3 (.const:xdc_runtime_Startup_firstFxns__C)
                  00213898    00000008     tcpEcho_pem3.oem3 (.const:xdc_runtime_Startup_lastFxns__C)
                  002138a0    00000004     tcpEcho_pem3.oem3 (.const:ti_sysbios_family_arm_m3_Hwi_E_NMI__C)
                  002138a4    00000004     tcpEcho_pem3.oem3 (.const:ti_sysbios_family_arm_m3_Hwi_E_alreadyDefined__C)
                  002138a8    00000004     tcpEcho_pem3.oem3 (.const:ti_sysbios_family_arm_m3_Hwi_E_busFault__C)
                  002138ac    00000004     tcpEcho_pem3.oem3 (.const:ti_sysbios_family_arm_m3_Hwi_E_debugMon__C)
                  002138b0    00000004     tcpEcho_pem3.oem3 (.const:ti_sysbios_family_arm_m3_Hwi_E_hardFault__C)
                  002138b4    00000004     tcpEcho_pem3.oem3 (.const:ti_sysbios_family_arm_m3_Hwi_E_memFault__C)
                  002138b8    00000004     tcpEcho_pem3.oem3 (.const:ti_sysbios_family_arm_m3_Hwi_E_noIsr__C)
                  002138bc    00000004     tcpEcho_pem3.oem3 (.const:ti_sysbios_family_arm_m3_Hwi_E_reserved__C)
                  002138c0    00000004     tcpEcho_pem3.oem3 (.const:ti_sysbios_family_arm_m3_Hwi_E_svCall__C)
                  002138c4    00000004     tcpEcho_pem3.oem3 (.const:ti_sysbios_family_arm_m3_Hwi_E_usageFault__C)
                  002138c8    00000004     tcpEcho_pem3.oem3 (.const:ti_sysbios_family_arm_m3_Hwi_NUM_INTERRUPTS__C)
                  002138cc    00000004     tcpEcho_pem3.oem3 (.const:ti_sysbios_family_arm_m3_Hwi_Object__count__C)
                  002138d0    00000004     tcpEcho_pem3.oem3 (.const:ti_sysbios_family_arm_m3_Hwi_ccr__C)
                  002138d4    00000004     tcpEcho_pem3.oem3 (.const:ti_sysbios_family_arm_m3_Hwi_excHandlerFunc__C)
                  002138d8    00000004     tcpEcho_pem3.oem3 (.const:ti_sysbios_family_arm_m3_Hwi_excHookFuncs__C)
                  002138dc    00000004     tcpEcho_pem3.oem3 (.const:ti_sysbios_family_arm_m3_Hwi_nullIsrFunc__C)
                  002138e0    00000004     tcpEcho_pem3.oem3 (.const:ti_sysbios_family_arm_m3_Hwi_priGroup__C)
                  002138e4    00000004     tcpEcho_pem3.oem3 (.const:ti_sysbios_family_arm_m3_TaskSupport_stackAlignment__C)
                  002138e8    00000004     tcpEcho_pem3.oem3 (.const:ti_sysbios_family_arm_m3_Timer_E_cannotSupport__C)
                  002138ec    00000004     tcpEcho_pem3.oem3 (.const:ti_sysbios_family_arm_m3_Timer_startupNeeded__C)
                  002138f0    00000004     tcpEcho_pem3.oem3 (.const:ti_sysbios_gates_GateMutex_Instance_State_sem__O)
                  002138f4    00000004     tcpEcho_pem3.oem3 (.const:ti_sysbios_hal_Hwi_E_stackOverflow__C)
                  002138f8    00000004     tcpEcho_pem3.oem3 (.const:ti_sysbios_heaps_HeapMem_E_memory__C)
                  002138fc    00000004     tcpEcho_pem3.oem3 (.const:ti_sysbios_heaps_HeapMem_Module__gateObj__C)
                  00213900    00000004     tcpEcho_pem3.oem3 (.const:ti_sysbios_heaps_HeapMem_Object__count__C)
                  00213904    00000004     tcpEcho_pem3.oem3 (.const:ti_sysbios_heaps_HeapMem_reqAlign__C)
                  00213908    00000004     tcpEcho_pem3.oem3 (.const:ti_sysbios_knl_Clock_Module_State_clockQ__O)
                  0021390c    00000004     tcpEcho_pem3.oem3 (.const:ti_sysbios_knl_Semaphore_Instance_State_pendQ__O)
                  00213910    00000004     tcpEcho_pem3.oem3 (.const:ti_sysbios_knl_Swi_Object__count__C)
                  00213914    00000004     tcpEcho_pem3.oem3 (.const:ti_sysbios_knl_Task_E_deleteNotAllowed__C)
                  00213918    00000004     tcpEcho_pem3.oem3 (.const:ti_sysbios_knl_Task_E_spOutOfBounds__C)
[...]
00211899  ti_sysbios_knl_Task_delete                                        
0021189d  ti_sysbios_knl_Task_startup__E                                    
002118a1  xdc_runtime_Error_getMsg__E                                       
002118a5  xdc_runtime_Error_getSite__E                                      
002118a9  xdc_runtime_System_Module_GateProxy_enter__E                      
002118ad  xdc_runtime_System_Module_GateProxy_leave__E                      
002118b1  xdc_runtime_System_aprintf_va__F                                  
002118b5  xdc_runtime_System_printf_va__F                                   
002118c0  xdc_runtime_Text_charTab__A                                       
002130ee  ti_sysbios_family_arm_m3_Hwi_Module__id__C                        
002131bc  xdc_runtime_Text_nodeTab__A                                       
002133d0  Code2Err                                                          
002134a6  ti_sysbios_family_arm_m3_Timer_Module__id__C                      
002134a8  ti_sysbios_knl_Task_Object__PARAMS__C                             
002134e4  ti_sysbios_family_arm_m3_Hwi_Object__PARAMS__C                    
00213514  ti_sysbios_heaps_HeapMem_Module__FXNS__C                          
0021353c  ti_sysbios_knl_Swi_Object__PARAMS__C                              
00213564  ti_sysbios_gates_GateHwi_Module__FXNS__C                          
00213588  ti_sysbios_gates_GateMutex_Module__FXNS__C                        
002135ac  ti_sysbios_heaps_HeapMem_Object__PARAMS__C                        
002135d0  ti_sysbios_knl_Clock_Object__PARAMS__C                            
002135f4  ti_sysbios_knl_Semaphore_Object__PARAMS__C                        
00213638  ti_sysbios_family_arm_m3_Hwi_Object__DESC__C                      
00213658  ti_sysbios_gates_GateHwi_Object__DESC__C                          
00213678  ti_sysbios_gates_GateMutex_Object__DESC__C                        
00213698  ti_sysbios_heaps_HeapMem_Object__DESC__C                          
002136b8  ti_sysbios_knl_Clock_Object__DESC__C                              
002136d8  ti_sysbios_knl_Queue_Object__DESC__C                              
002136f8  ti_sysbios_knl_Semaphore_Object__DESC__C                          
00213718  ti_sysbios_knl_Swi_Object__DESC__C                                
00213738  ti_sysbios_knl_Task_Object__DESC__C                               
00213758  xdc_runtime_Startup_sfxnTab__A                                    
00213796  ti_sysbios_hal_Hwi_Module__id__C                                  
00213798  EMAC_config                                                       
002137b0  ti_ndk_config_Global_rawPageSize                                  
002137b4  ti_ndk_config_Global_rawPageCount                                 
002137b8  ti_ndk_config_Global_smallest                                     
002137bc  ti_ndk_config_Global_largest                                      
002137c0  ti_ndk_config_Global_numFrameBuf                                  
002137c4  ti_ndk_config_Global_sizeFrameBuf                                 
002137c8  ti_sysbios_gates_GateHwi_Object__PARAMS__C                        
002137e0  ti_sysbios_gates_GateMutex_Object__PARAMS__C                      
002137f8  ti_sysbios_knl_Queue_Object__PARAMS__C                            
00213810  ti_sysbios_knl_Task_hooks__A                                      
00213828  GPIOTiva_config                                                   
0021383c  xdc_runtime_Startup_firstFxns__A                                  
0021384c  xdc_runtime_Startup_sfxnRts__A                                    
0021385c  emacHWAttrs                                                       
00213868  EMACTiva_fxnTable                                                 
00213870  ti_sysbios_family_arm_m3_Hwi_excHookFuncs__A                      
00213878  ti_sysbios_knl_Idle_funcList__A                                   
00213880  ti_sysbios_knl_Idle_funcList__C                                   
00213888  ti_sysbios_knl_Task_hooks__C                                      
00213890  xdc_runtime_Startup_firstFxns__C                                  
00213898  xdc_runtime_Startup_lastFxns__C                                   
002138a0  ti_sysbios_family_arm_m3_Hwi_E_NMI__C                             
002138a4  ti_sysbios_family_arm_m3_Hwi_E_alreadyDefined__C                  
002138a8  ti_sysbios_family_arm_m3_Hwi_E_busFault__C                        
002138ac  ti_sysbios_family_arm_m3_Hwi_E_debugMon__C                        
002138b0  ti_sysbios_family_arm_m3_Hwi_E_hardFault__C                       
002138b4  ti_sysbios_family_arm_m3_Hwi_E_memFault__C                        
002138b8  ti_sysbios_family_arm_m3_Hwi_E_noIsr__C                           
002138bc  ti_sysbios_family_arm_m3_Hwi_E_reserved__C                        
002138c0  ti_sysbios_family_arm_m3_Hwi_E_svCall__C                          
002138c4  ti_sysbios_family_arm_m3_Hwi_E_usageFault__C                      
002138c8  ti_sysbios_family_arm_m3_Hwi_NUM_INTERRUPTS__C                    
002138cc  ti_sysbios_family_arm_m3_Hwi_Object__count__C                     
002138d0  ti_sysbios_family_arm_m3_Hwi_ccr__C                               
002138d4  ti_sysbios_family_arm_m3_Hwi_excHandlerFunc__C                    
002138d8  ti_sysbios_family_arm_m3_Hwi_excHookFuncs__C                      
002138dc  ti_sysbios_family_arm_m3_Hwi_nullIsrFunc__C                       
002138e0  ti_sysbios_family_arm_m3_Hwi_priGroup__C                          
002138e4  ti_sysbios_family_arm_m3_TaskSupport_stackAlignment__C            
002138e8  ti_sysbios_family_arm_m3_Timer_E_cannotSupport__C                 
002138ec  ti_sysbios_family_arm_m3_Timer_startupNeeded__C                   
002138f0  ti_sysbios_gates_GateMutex_Instance_State_sem__O                  
002138f4  ti_sysbios_hal_Hwi_E_stackOverflow__C                             
002138f8  ti_sysbios_heaps_HeapMem_E_memory__C                              
002138fc  ti_sysbios_heaps_HeapMem_Module__gateObj__C                       
00213900  ti_sysbios_heaps_HeapMem_Object__count__C                         
00213904  ti_sysbios_heaps_HeapMem_reqAlign__C                              
00213908  ti_sysbios_knl_Clock_Module_State_clockQ__O                       
0021390c  ti_sysbios_knl_Semaphore_Instance_State_pendQ__O                  
00213910  ti_sysbios_knl_Swi_Object__count__C                               
00213914  ti_sysbios_knl_Task_E_deleteNotAllowed__C                         
00213918  ti_sysbios_knl_Task_E_spOutOfBounds__C                            
0021391c  ti_sysbios_knl_Task_E_stackOverflow__C                            
00213920  ti_sysbios_knl_Task_Module_State_inactiveQ__O                     
00213924  ti_sysbios_knl_Task_Module_State_terminatedQ__O                   
00213928  ti_sysbios_knl_Task_Object__count__C                              
0021392c  ti_sysbios_knl_Task_Object__heap__C                               
00213930  ti_sysbios_knl_Task_allBlockedFunc__C                             
00213934  ti_sysbios_knl_Task_defaultStackHeap__C                           
00213938  ti_sysbios_knl_Task_defaultStackSize__C                           
0021393c  ti_sysbios_knl_Task_numConstructedTasks__C                        
00213940  xdc_runtime_Assert_E_assertFailed__C                              
00213944  xdc_runtime_Core_A_initializedParams__C                           
00213948  xdc_runtime_Core_Module__diagsEnabled__C                          
0021394c  xdc_runtime_Core_Module__diagsIncluded__C                         
00213950  xdc_runtime_Core_Module__diagsMask__C                             
00213954  xdc_runtime_Error_E_memory__C                                     
00213958  xdc_runtime_Error_Module__diagsEnabled__C                         
0021395c  xdc_runtime_Error_Module__diagsIncluded__C                        
00213960  xdc_runtime_Error_Module__diagsMask__C                            
00213964  xdc_runtime_Error_Module__loggerFxn8__C                           
00213968  xdc_runtime_Error_Module__loggerObj__C                            
0021396c  xdc_runtime_Error_policyFxn__C                                    
00213970  xdc_runtime_Error_raiseHook__C                                    
00213974  xdc_runtime_IGateProvider_Interface__BASE__C                      
00213978  xdc_runtime_IHeap_Interface__BASE__C                              
0021397c  xdc_runtime_IModule_Interface__BASE__C                            
00213980  xdc_runtime_Log_L_error__C                                        
00213984  xdc_runtime_Memory_defaultHeapInstance__C                         
00213988  xdc_runtime_Startup_execImpl__C                                   
0021398c  xdc_runtime_Startup_maxPasses__C                                  
00213990  xdc_runtime_Startup_sfxnRts__C                                    
00213994  xdc_runtime_Startup_sfxnTab__C                                    
00213998  xdc_runtime_SysMin_bufSize__C                                     
0021399c  xdc_runtime_SysMin_outputFunc__C                                  
002139a0  xdc_runtime_System_Module__gateObj__C                             
002139a4  xdc_runtime_System_abortFxn__C                                    
002139a8  xdc_runtime_System_exitFxn__C                                     
002139ac  xdc_runtime_System_extendFxn__C                                   
002139b0  xdc_runtime_System_maxAtexitHandlers__C                           
002139b4  xdc_runtime_Text_charTab__C                                       
002139b8  xdc_runtime_Text_nameEmpty__C                                     
002139bc  xdc_runtime_Text_nameStatic__C                                    
002139c0  xdc_runtime_Text_nameUnknown__C                                   
002139c4  xdc_runtime_Text_nodeTab__C                                       
002139c8  xdc_runtime_Text_visitRopeFxn__C                                  
002139cc  ti_sysbios_heaps_HeapMem_Module__id__C                            
002139ce  ti_sysbios_knl_Task_Module__id__C                                 
002139d0  xdc_runtime_Core_Module__id__C                                    
002139d2  xdc_runtime_Error_Module__loggerDefined__C                        
002139d4  xdc_runtime_Error_maxDepth__C                                     
002139d6  xdc_runtime_Memory_Module__id__C                                  
002139d8  xdc_runtime_SysMin_flushAtExit__C                                 
002139da  xdc_runtime_Text_charCnt__C                                       
002139dc  xdc_runtime_Text_isLoaded__C                                      
002139de  xdc_runtime_Text_registryModsLastId__C                            
002139e0  xdc_runtime_Text_unnamedModsLastId__C                             
002139e2  xdc_runtime_Error_policy__C                                       
00213d6c  __TI_Handler_Table_Base                                           
00213d78  __TI_Handler_Table_Limit                                          
00213d98  __TI_CINIT_Base                                                   
00213dc0  __TI_CINIT_Limit                                                  
00213dc0  __TI_static_base__                                                
00213dc0  __TI_table_binit                                                  
00213dc0  __binit__                                                         
00213dc0  binit                                                             
20000000  ti_sysbios_family_arm_m3_Hwi_ramVectors                           
200001b1  ti_catalog_arm_cortexm3_concertoInit_Boot_initFlash               
20000200  ti_sysbios_heaps_HeapMem_Instance_State_0_buf__A                  
20005200  ti_sysbios_knl_Task_Instance_State_0_stack__A                     
20005800  ti_sysbios_knl_Task_Instance_State_1_stack__A                     
20005a00  ti_sysbios_family_arm_m3_Hwi_dispatchTable                        
20005bb0  __CIOBUF_                                                         
20005dd0  tcps                                                              
20005fc4  xdc_runtime_SysMin_Module_State_0_outbuf__A                       
20006044  ips                                                               
200060ac  nimu_mcb                                                          
20006110  _ICMPIn                                                           
2000615c  _ICMPOut                                                          
200061a8  emacObjects                                                       
200061e0  vlan_mcb                                                          
2000622c  udps                                                              
20006250  BlockCount                                                        
2000626c  BlockMax                                                          
20006288  PageCount                                                         
200062a4  PageMax                                                           
200062c0  stkEvent                                                          
200062fc  raweths                                                           
2000630c  raws                                                              
2000631c  PBMQ_free                                                         
20006328  tpseudo                                                           
20006334  upseudo                                                           
2000636c  _IGMPInDiscard                                                    
20006370  _IGMPInQuery                                                      
20006374  _IGMPInQueryGroup                                                 
20006378  _IGMPInResponse                                                   
2000637c  _IGMPOutResponse                                                  
2000638c  raweth_pcb                                                        
20006390  ti_sysbios_knl_Task_Instance_State_0_hookEnv__A                   
20006394  ti_sysbios_knl_Task_Instance_State_1_hookEnv__A                   
20008000  __stack                                                           
20008100  __STACK_TOP                                                       
20008800  __STACK_END                                                       
20008800  _ipcfg                                                            
200088b4  ti_sysbios_knl_Task_Object__table__V                              
2000894c  ti_sysbios_knl_Swi_Module_State_0_readyQ__A                       
200089cc  ti_sysbios_knl_Task_Module_State_0_readyQ__A                      
20008a9c  ti_sysbios_knl_Task_Module__state__V                              
20008b60  ti_sysbios_gates_GateMutex_Object__table__V                       
20008bcc  ti_sysbios_family_arm_m3_Hwi_Module__state__V                     
20008c30  ti_sysbios_family_arm_m3_Timer_Object__table__V                   
20008c60  ti_sysbios_knl_Swi_Object__table__V                               
20008c90  ti_sysbios_knl_Clock_Module__state__V                             
20008cbc  pstrMsgName                                                       
20008ce4  _oscfg                                                            
20008d08  PITCount                                                          
20008d0c  PITUsed                                                           
20008d10  PITHigh                                                           
20008d2c  ti_sysbios_BIOS_Module__state__V                                  
20008d6c  ti_ndk_config_Global_Id2Size                                      
20008d88  ti_sysbios_knl_Swi_Module__state__V                               
20008dec  ti_sysbios_family_arm_m3_Hwi_Object__table__V                     
20008e04  ti_sysbios_heaps_HeapMem_Object__table__V                         
20008e60  _IGMPForceVersion1                                                
20008e68  __TI_cleanup_ptr                                                  
20008e6c  __TI_dtors_ptr                                                    
20008e70  __TI_enable_exit_profile_output                                   
20008e74  gpioPinConfigs                                                    
20008e80  ti_sysbios_family_arm_m3_Timer_Module__state__V                   
20008e8c  xdc_runtime_SysMin_Module__state__V                               
20008ea4  _lock                                                             
20008ea8  _unlock                                                           
20008eac  NIMUDeviceTable                                                   
20008ec4  _ICMPInErrors                                                     
20008ec8  _ICMPOutErrors                                                    
20008ecc  _IPExecuting                                                      
20008ee4  tcp_iss                                                           
20008ee8  ptTimeFirst                                                       
20008ef4  ti_ndk_config_Global_HostName                                     
20008ef8  __xdc__init__addr                                                 
20008efc  ti_sysbios_family_arm_m3_Hwi_Module__root__V                      
20008f04  ti_sysbios_gates_GateHwi_Module__root__V                          
20008f0c  ti_sysbios_gates_GateMutex_Module__root__V                        
20008f14  ti_sysbios_heaps_HeapMem_Module__root__V                          
20008f1c  ti_sysbios_knl_Clock_Module__root__V                              
20008f24  ti_sysbios_knl_Queue_Module__root__V                              
20008f2c  ti_sysbios_knl_Semaphore_Module__root__V                          
20008f34  ti_sysbios_knl_Swi_Module__root__V                                
20008f3c  ti_sysbios_knl_Task_Module__root__V                               
20008f44  xdc_runtime_Registry_Module__state__V                             
20008f4c  xdc_runtime_Startup_Module__state__V                              
20008f54  xdc_runtime_System_Module_State_0_atexitHandlers__A               
20008f5c  xdc_runtime_System_Module__state__V                               
20008f64  macAddress                                                        
20008f76  ti_sysbios_family_arm_m3_Hwi_Module_State_0_excActive__A          
20008f7c  gpioCallbackFunctions                                             
20008f88  main_func_sp                                                      
20008f90  _IPReasmPtr                                                       
20008fa0  ti_sysbios_family_arm_m3_Hwi_Module_State_0_excContext__A         
20008fa4  ti_sysbios_family_arm_m3_Hwi_Module_State_0_excStack__A           
20008fa8  ti_sysbios_gates_GateHwi_Object__table__V                         
20008fac  ti_sysbios_knl_Task_Module_State_0_idleTask__A                    
20008fb0  xdc_runtime_Memory_Module__state__V                               
20008fb4  xdc_runtime_Error_Module__state__V                                
20009000  ti_ndk_config_Global_pit                                          
200090a8  ti_ndk_config_Global_pitBuffer                                    
2000d900  ti_ndk_config_Global_pBufMem                                      
20011500  ti_ndk_config_Global_pHdrMem                                      
e000e000  ti_sysbios_family_arm_m3_Hwi_nvic                                 
ffffffff  __TI_pprof_out_hndl                                               
ffffffff  __TI_prof_data_size                                               
ffffffff  __TI_prof_data_start                                              
ffffffff  __c_args__                                                        
UNDEFED   SHT$$INIT_ARRAY$$Base                                             
UNDEFED   SHT$$INIT_ARRAY$$Limit                                            

[1064 symbols]
