<?xml version="1.0"?>
<link_info>
   <banner>TMS320C2000 Linker PC v15.12.3.LTS</banner>
   <copyright>Copyright (c) 1996-2015 Texas Instruments Incorporated</copyright>
   <link_time>0x5853351e</link_time>
   <link_errors>0x5</link_errors>
   <output_file>blinky_dc_c28.out</output_file>
   <entry_point>
      <name>code_start</name>
      <address>0x0</address>
   </entry_point>
   <input_file_list>
      <input_file id="fl-2">
         <path>.\</path>
         <kind>object</kind>
         <file>ADC_Interrupt.obj</file>
         <name>ADC_Interrupt.obj</name>
      </input_file>
      <input_file id="fl-3">
         <path>.\</path>
         <kind>object</kind>
         <file>ALG_DataExchange.obj</file>
         <name>ALG_DataExchange.obj</name>
      </input_file>
      <input_file id="fl-4">
         <path>.\</path>
         <kind>object</kind>
         <file>ALG_DataProcessing.obj</file>
         <name>ALG_DataProcessing.obj</name>
      </input_file>
      <input_file id="fl-5">
         <path>.\</path>
         <kind>object</kind>
         <file>ALG_MainCycleCalc.obj</file>
         <name>ALG_MainCycleCalc.obj</name>
      </input_file>
      <input_file id="fl-6">
         <path>.\</path>
         <kind>object</kind>
         <file>ALG_ParamManager.obj</file>
         <name>ALG_ParamManager.obj</name>
      </input_file>
      <input_file id="fl-7">
         <path>.\</path>
         <kind>object</kind>
         <file>ALG_Protections.obj</file>
         <name>ALG_Protections.obj</name>
      </input_file>
      <input_file id="fl-8">
         <path>.\</path>
         <kind>object</kind>
         <file>ALG_Regulation.obj</file>
         <name>ALG_Regulation.obj</name>
      </input_file>
      <input_file id="fl-9">
         <path>.\</path>
         <kind>object</kind>
         <file>ALG_StateMachine.obj</file>
         <name>ALG_StateMachine.obj</name>
      </input_file>
      <input_file id="fl-a">
         <path>.\</path>
         <kind>object</kind>
         <file>ALG_StructuresInit.obj</file>
         <name>ALG_StructuresInit.obj</name>
      </input_file>
      <input_file id="fl-b">
         <path>.\</path>
         <kind>object</kind>
         <file>ALG_Synchronizer.obj</file>
         <name>ALG_Synchronizer.obj</name>
      </input_file>
      <input_file id="fl-c">
         <path>.\</path>
         <kind>object</kind>
         <file>ExternalControls.obj</file>
         <name>ExternalControls.obj</name>
      </input_file>
      <input_file id="fl-d">
         <path>.\</path>
         <kind>object</kind>
         <file>Filters.obj</file>
         <name>Filters.obj</name>
      </input_file>
      <input_file id="fl-e">
         <path>.\</path>
         <kind>object</kind>
         <file>GlobalDataInit.obj</file>
         <name>GlobalDataInit.obj</name>
      </input_file>
      <input_file id="fl-f">
         <path>.\</path>
         <kind>object</kind>
         <file>InitFunctions.obj</file>
         <name>InitFunctions.obj</name>
      </input_file>
      <input_file id="fl-10">
         <path>.\</path>
         <kind>object</kind>
         <file>MemFunctions.obj</file>
         <name>MemFunctions.obj</name>
      </input_file>
      <input_file id="fl-11">
         <path>.\</path>
         <kind>object</kind>
         <file>PCON_C28.obj</file>
         <name>PCON_C28.obj</name>
      </input_file>
      <input_file id="fl-12">
         <path>.\</path>
         <kind>object</kind>
         <file>SPIFlashFunctions.obj</file>
         <name>SPIFlashFunctions.obj</name>
      </input_file>
      <input_file id="fl-13">
         <path>.\</path>
         <kind>object</kind>
         <file>pid.obj</file>
         <name>pid.obj</name>
      </input_file>
      <input_file id="fl-14">
         <path>.\inc\</path>
         <kind>object</kind>
         <file>F28M35x_Adc.obj</file>
         <name>F28M35x_Adc.obj</name>
      </input_file>
      <input_file id="fl-15">
         <path>.\inc\</path>
         <kind>object</kind>
         <file>F28M35x_CodeStartBranch.obj</file>
         <name>F28M35x_CodeStartBranch.obj</name>
      </input_file>
      <input_file id="fl-16">
         <path>.\inc\</path>
         <kind>object</kind>
         <file>F28M35x_CpuTimers.obj</file>
         <name>F28M35x_CpuTimers.obj</name>
      </input_file>
      <input_file id="fl-17">
         <path>.\inc\</path>
         <kind>object</kind>
         <file>F28M35x_DefaultIsr.obj</file>
         <name>F28M35x_DefaultIsr.obj</name>
      </input_file>
      <input_file id="fl-18">
         <path>.\inc\</path>
         <kind>object</kind>
         <file>F28M35x_GlobalVariableDefs.obj</file>
         <name>F28M35x_GlobalVariableDefs.obj</name>
      </input_file>
      <input_file id="fl-19">
         <path>.\inc\</path>
         <kind>object</kind>
         <file>F28M35x_Gpio.obj</file>
         <name>F28M35x_Gpio.obj</name>
      </input_file>
      <input_file id="fl-1a">
         <path>.\inc\</path>
         <kind>object</kind>
         <file>F28M35x_Ipc.obj</file>
         <name>F28M35x_Ipc.obj</name>
      </input_file>
      <input_file id="fl-1b">
         <path>.\inc\</path>
         <kind>object</kind>
         <file>F28M35x_Ipc_Lite.obj</file>
         <name>F28M35x_Ipc_Lite.obj</name>
      </input_file>
      <input_file id="fl-1c">
         <path>.\inc\</path>
         <kind>object</kind>
         <file>F28M35x_Ipc_Util.obj</file>
         <name>F28M35x_Ipc_Util.obj</name>
      </input_file>
      <input_file id="fl-1d">
         <path>.\inc\</path>
         <kind>object</kind>
         <file>F28M35x_PieCtrl.obj</file>
         <name>F28M35x_PieCtrl.obj</name>
      </input_file>
      <input_file id="fl-1e">
         <path>.\inc\</path>
         <kind>object</kind>
         <file>F28M35x_PieVect.obj</file>
         <name>F28M35x_PieVect.obj</name>
      </input_file>
      <input_file id="fl-1f">
         <path>.\inc\</path>
         <kind>object</kind>
         <file>F28M35x_SysCtrl.obj</file>
         <name>F28M35x_SysCtrl.obj</name>
      </input_file>
      <input_file id="fl-20">
         <path>.\inc\</path>
         <kind>object</kind>
         <file>F28M35x_usDelay.obj</file>
         <name>F28M35x_usDelay.obj</name>
      </input_file>
      <input_file id="fl-2b">
         <path>C:\ti\ccsv6\tools\compiler\c2000_15.12.3.LTS\lib\</path>
         <kind>archive</kind>
         <file>rts2800_fpu32.lib</file>
         <name>boot.obj</name>
      </input_file>
      <input_file id="fl-2c">
         <path>C:\ti\ccsv6\tools\compiler\c2000_15.12.3.LTS\lib\</path>
         <kind>archive</kind>
         <file>rts2800_fpu32.lib</file>
         <name>cpy_tbl.obj</name>
      </input_file>
      <input_file id="fl-2d">
         <path>C:\ti\ccsv6\tools\compiler\c2000_15.12.3.LTS\lib\</path>
         <kind>archive</kind>
         <file>rts2800_fpu32.lib</file>
         <name>cpy_utils.obj</name>
      </input_file>
      <input_file id="fl-2e">
         <path>C:\ti\ccsv6\tools\compiler\c2000_15.12.3.LTS\lib\</path>
         <kind>archive</kind>
         <file>rts2800_fpu32.lib</file>
         <name>e_atan2f.obj</name>
      </input_file>
      <input_file id="fl-2f">
         <path>C:\ti\ccsv6\tools\compiler\c2000_15.12.3.LTS\lib\</path>
         <kind>archive</kind>
         <file>rts2800_fpu32.lib</file>
         <name>e_sqrtf.obj</name>
      </input_file>
      <input_file id="fl-30">
         <path>C:\ti\ccsv6\tools\compiler\c2000_15.12.3.LTS\lib\</path>
         <kind>archive</kind>
         <file>rts2800_fpu32.lib</file>
         <name>errno.obj</name>
      </input_file>
      <input_file id="fl-31">
         <path>C:\ti\ccsv6\tools\compiler\c2000_15.12.3.LTS\lib\</path>
         <kind>archive</kind>
         <file>rts2800_fpu32.lib</file>
         <name>exit.obj</name>
      </input_file>
      <input_file id="fl-32">
         <path>C:\ti\ccsv6\tools\compiler\c2000_15.12.3.LTS\lib\</path>
         <kind>archive</kind>
         <file>rts2800_fpu32.lib</file>
         <name>fs_div.obj</name>
      </input_file>
      <input_file id="fl-33">
         <path>C:\ti\ccsv6\tools\compiler\c2000_15.12.3.LTS\lib\</path>
         <kind>archive</kind>
         <file>rts2800_fpu32.lib</file>
         <name>i_div.obj</name>
      </input_file>
      <input_file id="fl-34">
         <path>C:\ti\ccsv6\tools\compiler\c2000_15.12.3.LTS\lib\</path>
         <kind>archive</kind>
         <file>rts2800_fpu32.lib</file>
         <name>l_div.obj</name>
      </input_file>
      <input_file id="fl-35">
         <path>C:\ti\ccsv6\tools\compiler\c2000_15.12.3.LTS\lib\</path>
         <kind>archive</kind>
         <file>rts2800_fpu32.lib</file>
         <name>new_.obj</name>
      </input_file>
      <input_file id="fl-36">
         <path>C:\ti\ccsv6\tools\compiler\c2000_15.12.3.LTS\lib\</path>
         <kind>archive</kind>
         <file>rts2800_fpu32.lib</file>
         <name>newhandler.obj</name>
      </input_file>
      <input_file id="fl-37">
         <path>C:\ti\ccsv6\tools\compiler\c2000_15.12.3.LTS\lib\</path>
         <kind>archive</kind>
         <file>rts2800_fpu32.lib</file>
         <name>pre_init.obj</name>
      </input_file>
      <input_file id="fl-38">
         <path>C:\ti\ccsv6\tools\compiler\c2000_15.12.3.LTS\lib\</path>
         <kind>archive</kind>
         <file>rts2800_fpu32.lib</file>
         <name>s_atanf.obj</name>
      </input_file>
      <input_file id="fl-39">
         <path>C:\ti\ccsv6\tools\compiler\c2000_15.12.3.LTS\lib\</path>
         <kind>archive</kind>
         <file>rts2800_fpu32.lib</file>
         <name>s_cosf.obj</name>
      </input_file>
      <input_file id="fl-3a">
         <path>C:\ti\ccsv6\tools\compiler\c2000_15.12.3.LTS\lib\</path>
         <kind>archive</kind>
         <file>rts2800_fpu32.lib</file>
         <name>s_sinf.obj</name>
      </input_file>
      <input_file id="fl-3b">
         <path>C:\ti\ccsv6\tools\compiler\c2000_15.12.3.LTS\lib\</path>
         <kind>archive</kind>
         <file>rts2800_fpu32.lib</file>
         <name>startup.obj</name>
      </input_file>
      <input_file id="fl-3c">
         <path>C:\ti\ccsv6\tools\compiler\c2000_15.12.3.LTS\lib\</path>
         <kind>archive</kind>
         <file>rts2800_fpu32.lib</file>
         <name>u_div.obj</name>
      </input_file>
      <input_file id="fl-3d">
         <path>C:\ti\ccsv6\tools\compiler\c2000_15.12.3.LTS\lib\</path>
         <kind>archive</kind>
         <file>rts2800_fpu32.lib</file>
         <name>vars.obj</name>
      </input_file>
      <input_file id="fl-3e">
         <path>C:\ti\ccsv6\tools\compiler\c2000_15.12.3.LTS\lib\</path>
         <kind>archive</kind>
         <file>rts2800_fpu32.lib</file>
         <name>_lock.obj</name>
      </input_file>
      <input_file id="fl-3f">
         <path>C:\ti\ccsv6\tools\compiler\c2000_15.12.3.LTS\lib\</path>
         <kind>archive</kind>
         <file>rts2800_fpu32.lib</file>
         <name>args_main.obj</name>
      </input_file>
      <input_file id="fl-40">
         <path>C:\ti\ccsv6\tools\compiler\c2000_15.12.3.LTS\lib\</path>
         <kind>archive</kind>
         <file>rts2800_fpu32.lib</file>
         <name>memory.obj</name>
      </input_file>
      <input_file id="fl-41">
         <path>C:\ti\ccsv6\tools\compiler\c2000_15.12.3.LTS\lib\</path>
         <kind>archive</kind>
         <file>rts2800_fpu32.lib</file>
         <name>memcpy.obj</name>
      </input_file>
   </input_file_list>
   <object_component_list>
      <object_component id="oc-113">
         <name>PieVectTableFile</name>
         <uninitialized>true</uninitialized>
         <run_address>0xd00</run_address>
         <size>0x100</size>
         <input_file_ref idref="fl-18"/>
      </object_component>
      <object_component id="oc-104">
         <name>DevEmuRegsFile</name>
         <uninitialized>true</uninitialized>
         <run_address>0x880</run_address>
         <size>0x42</size>
         <input_file_ref idref="fl-18"/>
      </object_component>
      <object_component id="oc-e9">
         <name>CsmRegsFile</name>
         <uninitialized>true</uninitialized>
         <run_address>0xae0</run_address>
         <size>0x16</size>
         <input_file_ref idref="fl-18"/>
      </object_component>
      <object_component id="oc-e3">
         <name>AdcResultFile</name>
         <uninitialized>true</uninitialized>
         <run_address>0xb00</run_address>
         <size>0x10</size>
         <input_file_ref idref="fl-18"/>
      </object_component>
      <object_component id="oc-e4">
         <name>Adc1ResultFile</name>
         <uninitialized>true</uninitialized>
         <run_address>0xb00</run_address>
         <size>0x10</size>
         <input_file_ref idref="fl-18"/>
      </object_component>
      <object_component id="oc-e6">
         <name>Adc2ResultFile</name>
         <uninitialized>true</uninitialized>
         <run_address>0xb40</run_address>
         <size>0x10</size>
         <input_file_ref idref="fl-18"/>
      </object_component>
      <object_component id="oc-e2">
         <name>CpuTimer0RegsFile</name>
         <uninitialized>true</uninitialized>
         <run_address>0xc00</run_address>
         <size>0x8</size>
         <input_file_ref idref="fl-18"/>
      </object_component>
      <object_component id="oc-e0">
         <name>CpuTimer1RegsFile</name>
         <uninitialized>true</uninitialized>
         <run_address>0xc08</run_address>
         <size>0x8</size>
         <input_file_ref idref="fl-18"/>
      </object_component>
      <object_component id="oc-e1">
         <name>CpuTimer2RegsFile</name>
         <uninitialized>true</uninitialized>
         <run_address>0xc10</run_address>
         <size>0x8</size>
         <input_file_ref idref="fl-18"/>
      </object_component>
      <object_component id="oc-ea">
         <name>PieCtrlRegsFile</name>
         <uninitialized>true</uninitialized>
         <run_address>0xce0</run_address>
         <size>0x1a</size>
         <input_file_ref idref="fl-18"/>
      </object_component>
      <object_component id="oc-114">
         <name>PieVectTableCopyFile</name>
         <uninitialized>true</uninitialized>
         <run_address>0xe00</run_address>
         <size>0x100</size>
         <input_file_ref idref="fl-18"/>
      </object_component>
      <object_component id="oc-112">
         <name>DmaRegsFile</name>
         <uninitialized>true</uninitialized>
         <run_address>0x1000</run_address>
         <size>0xe0</size>
         <input_file_ref idref="fl-18"/>
      </object_component>
      <object_component id="oc-108">
         <name>AnalogSysctrlRegsFile</name>
         <uninitialized>true</uninitialized>
         <run_address>0x1700</run_address>
         <size>0x78</size>
         <input_file_ref idref="fl-18"/>
      </object_component>
      <object_component id="oc-fd">
         <name>HWBistRegsFile</name>
         <uninitialized>true</uninitialized>
         <run_address>0x1780</run_address>
         <size>0x30</size>
         <input_file_ref idref="fl-18"/>
      </object_component>
      <object_component id="oc-115">
         <name>FlashCtrlRegsFile</name>
         <uninitialized>true</uninitialized>
         <run_address>0x4000</run_address>
         <size>0x182</size>
         <input_file_ref idref="fl-18"/>
      </object_component>
      <object_component id="oc-fb">
         <name>FlashEccRegsFile</name>
         <uninitialized>true</uninitialized>
         <run_address>0x4300</run_address>
         <size>0x24</size>
         <input_file_ref idref="fl-18"/>
      </object_component>
      <object_component id="oc-df">
         <name>M3PllRegsFile</name>
         <uninitialized>true</uninitialized>
         <run_address>0x4400</run_address>
         <size>0x8</size>
         <input_file_ref idref="fl-18"/>
      </object_component>
      <object_component id="oc-100">
         <name>RAMRegsFile</name>
         <uninitialized>true</uninitialized>
         <run_address>0x4900</run_address>
         <size>0x3e</size>
         <input_file_ref idref="fl-18"/>
      </object_component>
      <object_component id="oc-ff">
         <name>RAMErrRegsFile</name>
         <uninitialized>true</uninitialized>
         <run_address>0x4a00</run_address>
         <size>0x3e</size>
         <input_file_ref idref="fl-18"/>
      </object_component>
      <object_component id="oc-102">
         <name>CtoMIpcRegsFile</name>
         <uninitialized>true</uninitialized>
         <run_address>0x4e00</run_address>
         <size>0x40</size>
         <input_file_ref idref="fl-18"/>
      </object_component>
      <object_component id="oc-eb">
         <name>SysCtrlRegsFile</name>
         <uninitialized>true</uninitialized>
         <run_address>0x7010</run_address>
         <size>0x1d</size>
         <input_file_ref idref="fl-18"/>
      </object_component>
      <object_component id="oc-e7">
         <name>SpiaRegsFile</name>
         <uninitialized>true</uninitialized>
         <run_address>0x7040</run_address>
         <size>0x10</size>
         <input_file_ref idref="fl-18"/>
      </object_component>
      <object_component id="oc-e8">
         <name>SciaRegsFile</name>
         <uninitialized>true</uninitialized>
         <run_address>0x7050</run_address>
         <size>0x10</size>
         <input_file_ref idref="fl-18"/>
      </object_component>
      <object_component id="oc-d7">
         <name>NmiIntruptRegsFile</name>
         <uninitialized>true</uninitialized>
         <run_address>0x7060</run_address>
         <size>0x6</size>
         <input_file_ref idref="fl-18"/>
      </object_component>
      <object_component id="oc-e5">
         <name>XIntruptRegsFile</name>
         <uninitialized>true</uninitialized>
         <run_address>0x7070</run_address>
         <size>0x10</size>
         <input_file_ref idref="fl-18"/>
      </object_component>
      <object_component id="oc-107">
         <name>AdcRegsFile</name>
         <uninitialized>true</uninitialized>
         <run_address>0x7100</run_address>
         <size>0x50</size>
         <input_file_ref idref="fl-18"/>
      </object_component>
      <object_component id="oc-106">
         <name>Adc1RegsFile</name>
         <uninitialized>true</uninitialized>
         <run_address>0x7100</run_address>
         <size>0x50</size>
         <input_file_ref idref="fl-18"/>
      </object_component>
      <object_component id="oc-105">
         <name>Adc2RegsFile</name>
         <uninitialized>true</uninitialized>
         <run_address>0x7180</run_address>
         <size>0x50</size>
         <input_file_ref idref="fl-18"/>
      </object_component>
      <object_component id="oc-f9">
         <name>I2caRegsFile</name>
         <uninitialized>true</uninitialized>
         <run_address>0x7900</run_address>
         <size>0x22</size>
         <input_file_ref idref="fl-18"/>
      </object_component>
      <object_component id="oc-fc">
         <name>McbspaRegsFile</name>
         <uninitialized>true</uninitialized>
         <run_address>0x5000</run_address>
         <size>0x24</size>
         <input_file_ref idref="fl-18"/>
      </object_component>
      <object_component id="oc-111">
         <name>EPwm1RegsFile</name>
         <uninitialized>true</uninitialized>
         <run_address>0x5100</run_address>
         <size>0x80</size>
         <input_file_ref idref="fl-18"/>
      </object_component>
      <object_component id="oc-10b">
         <name>EPwm2RegsFile</name>
         <uninitialized>true</uninitialized>
         <run_address>0x5180</run_address>
         <size>0x80</size>
         <input_file_ref idref="fl-18"/>
      </object_component>
      <object_component id="oc-10c">
         <name>EPwm3RegsFile</name>
         <uninitialized>true</uninitialized>
         <run_address>0x5200</run_address>
         <size>0x80</size>
         <input_file_ref idref="fl-18"/>
      </object_component>
      <object_component id="oc-10e">
         <name>EPwm4RegsFile</name>
         <uninitialized>true</uninitialized>
         <run_address>0x5280</run_address>
         <size>0x80</size>
         <input_file_ref idref="fl-18"/>
      </object_component>
      <object_component id="oc-10d">
         <name>EPwm5RegsFile</name>
         <uninitialized>true</uninitialized>
         <run_address>0x5300</run_address>
         <size>0x80</size>
         <input_file_ref idref="fl-18"/>
      </object_component>
      <object_component id="oc-10f">
         <name>EPwm6RegsFile</name>
         <uninitialized>true</uninitialized>
         <run_address>0x5380</run_address>
         <size>0x80</size>
         <input_file_ref idref="fl-18"/>
      </object_component>
      <object_component id="oc-10a">
         <name>EPwm7RegsFile</name>
         <uninitialized>true</uninitialized>
         <run_address>0x5400</run_address>
         <size>0x80</size>
         <input_file_ref idref="fl-18"/>
      </object_component>
      <object_component id="oc-110">
         <name>EPwm8RegsFile</name>
         <uninitialized>true</uninitialized>
         <run_address>0x5480</run_address>
         <size>0x80</size>
         <input_file_ref idref="fl-18"/>
      </object_component>
      <object_component id="oc-109">
         <name>EPwm9RegsFile</name>
         <uninitialized>true</uninitialized>
         <run_address>0x5500</run_address>
         <size>0x80</size>
         <input_file_ref idref="fl-18"/>
      </object_component>
      <object_component id="oc-f5">
         <name>ECap1RegsFile</name>
         <uninitialized>true</uninitialized>
         <run_address>0x5a00</run_address>
         <size>0x20</size>
         <input_file_ref idref="fl-18"/>
      </object_component>
      <object_component id="oc-f6">
         <name>ECap2RegsFile</name>
         <uninitialized>true</uninitialized>
         <run_address>0x5a20</run_address>
         <size>0x20</size>
         <input_file_ref idref="fl-18"/>
      </object_component>
      <object_component id="oc-ef">
         <name>ECap3RegsFile</name>
         <uninitialized>true</uninitialized>
         <run_address>0x5a40</run_address>
         <size>0x20</size>
         <input_file_ref idref="fl-18"/>
      </object_component>
      <object_component id="oc-ed">
         <name>ECap4RegsFile</name>
         <uninitialized>true</uninitialized>
         <run_address>0x5a60</run_address>
         <size>0x20</size>
         <input_file_ref idref="fl-18"/>
      </object_component>
      <object_component id="oc-ec">
         <name>ECap5RegsFile</name>
         <uninitialized>true</uninitialized>
         <run_address>0x5a80</run_address>
         <size>0x20</size>
         <input_file_ref idref="fl-18"/>
      </object_component>
      <object_component id="oc-ee">
         <name>ECap6RegsFile</name>
         <uninitialized>true</uninitialized>
         <run_address>0x5aa0</run_address>
         <size>0x20</size>
         <input_file_ref idref="fl-18"/>
      </object_component>
      <object_component id="oc-fa">
         <name>EQep1RegsFile</name>
         <uninitialized>true</uninitialized>
         <run_address>0x5b00</run_address>
         <size>0x22</size>
         <input_file_ref idref="fl-18"/>
      </object_component>
      <object_component id="oc-f7">
         <name>EQep2RegsFile</name>
         <uninitialized>true</uninitialized>
         <run_address>0x5b40</run_address>
         <size>0x22</size>
         <input_file_ref idref="fl-18"/>
      </object_component>
      <object_component id="oc-f8">
         <name>EQep3RegsFile</name>
         <uninitialized>true</uninitialized>
         <run_address>0x5b80</run_address>
         <size>0x22</size>
         <input_file_ref idref="fl-18"/>
      </object_component>
      <object_component id="oc-101">
         <name>GpioCtrlRegsFile</name>
         <uninitialized>true</uninitialized>
         <run_address>0x5f80</run_address>
         <size>0x40</size>
         <input_file_ref idref="fl-18"/>
      </object_component>
      <object_component id="oc-103">
         <name>GpioG1CtrlRegsFile</name>
         <uninitialized>true</uninitialized>
         <run_address>0x5f80</run_address>
         <size>0x40</size>
         <input_file_ref idref="fl-18"/>
      </object_component>
      <object_component id="oc-f4">
         <name>GpioDataRegsFile</name>
         <uninitialized>true</uninitialized>
         <run_address>0x5fc0</run_address>
         <size>0x20</size>
         <input_file_ref idref="fl-18"/>
      </object_component>
      <object_component id="oc-f3">
         <name>GpioG1DataRegsFile</name>
         <uninitialized>true</uninitialized>
         <run_address>0x5fc0</run_address>
         <size>0x20</size>
         <input_file_ref idref="fl-18"/>
      </object_component>
      <object_component id="oc-f2">
         <name>GpioTripRegsFile</name>
         <uninitialized>true</uninitialized>
         <run_address>0x5fe0</run_address>
         <size>0x20</size>
         <input_file_ref idref="fl-18"/>
      </object_component>
      <object_component id="oc-f0">
         <name>GpioG1TripRegsFile</name>
         <uninitialized>true</uninitialized>
         <run_address>0x5fe0</run_address>
         <size>0x20</size>
         <input_file_ref idref="fl-18"/>
      </object_component>
      <object_component id="oc-d8">
         <name>Comp1RegsFile</name>
         <uninitialized>true</uninitialized>
         <run_address>0x6400</run_address>
         <size>0x7</size>
         <input_file_ref idref="fl-18"/>
      </object_component>
      <object_component id="oc-d9">
         <name>Comp2RegsFile</name>
         <uninitialized>true</uninitialized>
         <run_address>0x6420</run_address>
         <size>0x7</size>
         <input_file_ref idref="fl-18"/>
      </object_component>
      <object_component id="oc-da">
         <name>Comp3RegsFile</name>
         <uninitialized>true</uninitialized>
         <run_address>0x6440</run_address>
         <size>0x7</size>
         <input_file_ref idref="fl-18"/>
      </object_component>
      <object_component id="oc-dc">
         <name>Comp4RegsFile</name>
         <uninitialized>true</uninitialized>
         <run_address>0x6460</run_address>
         <size>0x7</size>
         <input_file_ref idref="fl-18"/>
      </object_component>
      <object_component id="oc-db">
         <name>Comp5RegsFile</name>
         <uninitialized>true</uninitialized>
         <run_address>0x6480</run_address>
         <size>0x7</size>
         <input_file_ref idref="fl-18"/>
      </object_component>
      <object_component id="oc-dd">
         <name>Comp6RegsFile</name>
         <uninitialized>true</uninitialized>
         <run_address>0x64a0</run_address>
         <size>0x7</size>
         <input_file_ref idref="fl-18"/>
      </object_component>
      <object_component id="oc-fe">
         <name>GpioG2CtrlRegsFile</name>
         <uninitialized>true</uninitialized>
         <run_address>0x6f80</run_address>
         <size>0x3c</size>
         <input_file_ref idref="fl-18"/>
      </object_component>
      <object_component id="oc-f1">
         <name>GpioG2DataRegsFile</name>
         <uninitialized>true</uninitialized>
         <run_address>0x6fc0</run_address>
         <size>0x20</size>
         <input_file_ref idref="fl-18"/>
      </object_component>
      <object_component id="oc-d5">
         <name>FlashExeOnlyFile</name>
         <uninitialized>true</uninitialized>
         <run_address>0x13fff2</run_address>
         <size>0x2</size>
         <input_file_ref idref="fl-18"/>
      </object_component>
      <object_component id="oc-d6">
         <name>EcslPwlFile</name>
         <uninitialized>true</uninitialized>
         <run_address>0x13fff4</run_address>
         <size>0x4</size>
         <input_file_ref idref="fl-18"/>
      </object_component>
      <object_component id="oc-de">
         <name>CsmPwlFile</name>
         <uninitialized>true</uninitialized>
         <run_address>0x13fff8</run_address>
         <size>0x8</size>
         <input_file_ref idref="fl-18"/>
      </object_component>
      <object_component id="oc-67">
         <name>codestart</name>
         <load_address>0x0</load_address>
         <run_address>0x0</run_address>
         <size>0x2</size>
         <input_file_ref idref="fl-15"/>
      </object_component>
      <object_component id="oc-140">
         <name>ramfuncs</name>
         <load_address>0x0</load_address>
         <run_address>0x0</run_address>
         <size>0x4</size>
         <input_file_ref idref="fl-20"/>
      </object_component>
      <object_component id="oc-1d0">
         <name>.text</name>
         <load_address>0x0</load_address>
         <run_address>0x0</run_address>
         <size>0x1074</size>
         <input_file_ref idref="fl-6"/>
      </object_component>
      <object_component id="oc-cf">
         <name>.text:retain</name>
         <load_address>0x50</load_address>
         <run_address>0x50</run_address>
         <size>0x35f</size>
         <input_file_ref idref="fl-17"/>
      </object_component>
      <object_component id="oc-1c2">
         <name>.text</name>
         <load_address>0x3af</load_address>
         <run_address>0x3af</run_address>
         <size>0x46</size>
         <input_file_ref idref="fl-2c"/>
      </object_component>
      <object_component id="oc-19f">
         <name>.text</name>
         <load_address>0x3f5</load_address>
         <run_address>0x3f5</run_address>
         <size>0xb</size>
         <input_file_ref idref="fl-3c"/>
      </object_component>
      <object_component id="oc-1d3">
         <name>.text</name>
         <load_address>0x1074</load_address>
         <run_address>0x1074</run_address>
         <size>0x850</size>
         <input_file_ref idref="fl-3"/>
      </object_component>
      <object_component id="oc-1d1">
         <name>.text</name>
         <load_address>0x18c4</load_address>
         <run_address>0x18c4</run_address>
         <size>0x552</size>
         <input_file_ref idref="fl-a"/>
      </object_component>
      <object_component id="oc-69">
         <name>.text:retain</name>
         <load_address>0x1e16</load_address>
         <run_address>0x1e16</run_address>
         <size>0x535</size>
         <input_file_ref idref="fl-2"/>
      </object_component>
      <object_component id="oc-1d5">
         <name>.text</name>
         <load_address>0x234b</load_address>
         <run_address>0x234b</run_address>
         <size>0x44f</size>
         <input_file_ref idref="fl-b"/>
      </object_component>
      <object_component id="oc-1dc">
         <name>.text</name>
         <load_address>0x279a</load_address>
         <run_address>0x279a</run_address>
         <size>0x40f</size>
         <input_file_ref idref="fl-14"/>
      </object_component>
      <object_component id="oc-1d4">
         <name>.text</name>
         <load_address>0x2ba9</load_address>
         <run_address>0x2ba9</run_address>
         <size>0x3e1</size>
         <input_file_ref idref="fl-5"/>
      </object_component>
      <object_component id="oc-1bf">
         <name>.text</name>
         <load_address>0x2f8a</load_address>
         <run_address>0x2f8a</run_address>
         <size>0x2e5</size>
         <input_file_ref idref="fl-7"/>
      </object_component>
      <object_component id="oc-1cd">
         <name>.text</name>
         <load_address>0x326f</load_address>
         <run_address>0x326f</run_address>
         <size>0x205</size>
         <input_file_ref idref="fl-f"/>
      </object_component>
      <object_component id="oc-1db">
         <name>.text</name>
         <load_address>0x3474</load_address>
         <run_address>0x3474</run_address>
         <size>0x1d2</size>
         <input_file_ref idref="fl-40"/>
      </object_component>
      <object_component id="oc-1cb">
         <name>.text</name>
         <load_address>0x3646</load_address>
         <run_address>0x3646</run_address>
         <size>0xec</size>
         <input_file_ref idref="fl-1f"/>
      </object_component>
      <object_component id="oc-1e2">
         <name>.text</name>
         <load_address>0x3732</load_address>
         <run_address>0x3732</run_address>
         <size>0xd8</size>
         <input_file_ref idref="fl-d"/>
      </object_component>
      <object_component id="oc-1e7">
         <name>.text</name>
         <load_address>0x380a</load_address>
         <run_address>0x380a</run_address>
         <size>0xd4</size>
         <input_file_ref idref="fl-2e"/>
      </object_component>
      <object_component id="oc-1c0">
         <name>.text</name>
         <load_address>0x38de</load_address>
         <run_address>0x38de</run_address>
         <size>0xce</size>
         <input_file_ref idref="fl-10"/>
      </object_component>
      <object_component id="oc-1ea">
         <name>.text</name>
         <load_address>0x39ac</load_address>
         <run_address>0x39ac</run_address>
         <size>0xc9</size>
         <input_file_ref idref="fl-38"/>
      </object_component>
      <object_component id="oc-1c6">
         <name>.text</name>
         <load_address>0x3a75</load_address>
         <run_address>0x3a75</run_address>
         <size>0xa8</size>
         <input_file_ref idref="fl-c"/>
      </object_component>
      <object_component id="oc-16c">
         <name>.text</name>
         <load_address>0x3b1d</load_address>
         <run_address>0x3b1d</run_address>
         <size>0x88</size>
         <input_file_ref idref="fl-32"/>
      </object_component>
      <object_component id="oc-1e5">
         <name>.text</name>
         <load_address>0x3ba5</load_address>
         <run_address>0x3ba5</run_address>
         <size>0x58</size>
         <input_file_ref idref="fl-3a"/>
      </object_component>
      <object_component id="oc-1cc">
         <name>.text</name>
         <load_address>0x3bfd</load_address>
         <run_address>0x3bfd</run_address>
         <size>0x3a</size>
         <input_file_ref idref="fl-19"/>
      </object_component>
      <object_component id="oc-1ce">
         <name>.text</name>
         <load_address>0x3c37</load_address>
         <run_address>0x3c37</run_address>
         <size>0x2d</size>
         <input_file_ref idref="fl-1d"/>
      </object_component>
      <object_component id="oc-176">
         <name>.text</name>
         <load_address>0x3c64</load_address>
         <run_address>0x3c64</run_address>
         <size>0x2a</size>
         <input_file_ref idref="fl-34"/>
      </object_component>
      <object_component id="oc-1c5">
         <name>.text</name>
         <load_address>0x3c8e</load_address>
         <run_address>0x3c8e</run_address>
         <size>0x29</size>
         <input_file_ref idref="fl-31"/>
      </object_component>
      <object_component id="oc-1da">
         <name>.text</name>
         <load_address>0x3cb7</load_address>
         <run_address>0x3cb7</run_address>
         <size>0x1</size>
         <input_file_ref idref="fl-36"/>
      </object_component>
      <object_component id="oc-1e0">
         <name>.text</name>
         <load_address>0x3cb8</load_address>
         <run_address>0x3cb8</run_address>
         <size>0x25</size>
         <input_file_ref idref="fl-2f"/>
      </object_component>
      <object_component id="oc-1cf">
         <name>.text</name>
         <load_address>0x3cdd</load_address>
         <run_address>0x3cdd</run_address>
         <size>0x20</size>
         <input_file_ref idref="fl-1e"/>
      </object_component>
      <object_component id="oc-1ca">
         <name>.text</name>
         <load_address>0x3cfd</load_address>
         <run_address>0x3cfd</run_address>
         <size>0x20</size>
         <input_file_ref idref="fl-35"/>
      </object_component>
      <object_component id="oc-1e9">
         <name>.text</name>
         <load_address>0x3d1d</load_address>
         <run_address>0x3d1d</run_address>
         <size>0x1e</size>
         <input_file_ref idref="fl-41"/>
      </object_component>
      <object_component id="oc-151">
         <name>.text</name>
         <load_address>0x3d3b</load_address>
         <run_address>0x3d3b</run_address>
         <size>0x1a</size>
         <input_file_ref idref="fl-2d"/>
      </object_component>
      <object_component id="oc-1c4">
         <name>.text</name>
         <load_address>0x3d55</load_address>
         <run_address>0x3d55</run_address>
         <size>0x19</size>
         <input_file_ref idref="fl-3f"/>
      </object_component>
      <object_component id="oc-1d8">
         <name>.text</name>
         <load_address>0x3d6e</load_address>
         <run_address>0x3d6e</run_address>
         <size>0x9</size>
         <input_file_ref idref="fl-3e"/>
      </object_component>
      <object_component id="oc-1c3">
         <name>.text</name>
         <load_address>0x3d77</load_address>
         <run_address>0x3d77</run_address>
         <size>0x1</size>
         <input_file_ref idref="fl-3b"/>
      </object_component>
      <object_component id="oc-1d7">
         <name>.text</name>
         <load_address>0x8000</load_address>
         <run_address>0x8000</run_address>
         <size>0x8e6</size>
         <input_file_ref idref="fl-8"/>
      </object_component>
      <object_component id="oc-1d6">
         <name>.text</name>
         <load_address>0x88e6</load_address>
         <run_address>0x88e6</run_address>
         <size>0x695</size>
         <input_file_ref idref="fl-9"/>
      </object_component>
      <object_component id="oc-1e6">
         <name>.text</name>
         <load_address>0x8f7b</load_address>
         <run_address>0x8f7b</run_address>
         <size>0x61</size>
         <input_file_ref idref="fl-39"/>
      </object_component>
      <object_component id="oc-171">
         <name>.text</name>
         <load_address>0x8fdc</load_address>
         <run_address>0x8fdc</run_address>
         <size>0x22</size>
         <input_file_ref idref="fl-33"/>
      </object_component>
      <object_component id="oc-1c1">
         <name>.text</name>
         <load_address>0x8ffe</load_address>
         <run_address>0x8ffe</run_address>
         <size>0x2</size>
         <input_file_ref idref="fl-37"/>
      </object_component>
      <object_component id="oc-1e1">
         <name>.text</name>
         <load_address>0x9000</load_address>
         <run_address>0x9000</run_address>
         <size>0x88e</size>
         <input_file_ref idref="fl-13"/>
      </object_component>
      <object_component id="oc-1d2">
         <name>.text</name>
         <load_address>0x988e</load_address>
         <run_address>0x988e</run_address>
         <size>0x5ba</size>
         <input_file_ref idref="fl-4"/>
      </object_component>
      <object_component id="oc-1c7">
         <name>.text</name>
         <load_address>0x9e48</load_address>
         <run_address>0x9e48</run_address>
         <size>0x162</size>
         <input_file_ref idref="fl-11"/>
      </object_component>
      <object_component id="oc-145">
         <name>.text</name>
         <load_address>0x9faa</load_address>
         <run_address>0x9faa</run_address>
         <size>0x56</size>
         <input_file_ref idref="fl-2b"/>
      </object_component>
      <object_component id="oc-a6">
         <name>.cinit</name>
         <load_address>0x0</load_address>
         <run_address>0x0</run_address>
         <size>0x65e</size>
         <input_file_ref idref="fl-e"/>
      </object_component>
      <object_component id="oc-162">
         <name>.cinit</name>
         <load_address>0x67b</load_address>
         <run_address>0x67b</run_address>
         <size>0x4</size>
         <input_file_ref idref="fl-30"/>
      </object_component>
      <object_component id="oc-166">
         <name>.cinit</name>
         <load_address>0x65e</load_address>
         <run_address>0x65e</run_address>
         <size>0xe</size>
         <input_file_ref idref="fl-31"/>
      </object_component>
      <object_component id="oc-1a5">
         <name>.cinit</name>
         <load_address>0x676</load_address>
         <run_address>0x676</run_address>
         <size>0x5</size>
         <input_file_ref idref="fl-3d"/>
      </object_component>
      <object_component id="oc-1d9">
         <name>.cinit:__unlock</name>
         <load_address>0x671</load_address>
         <run_address>0x671</run_address>
         <size>0x5</size>
         <input_file_ref idref="fl-3e"/>
      </object_component>
      <object_component id="oc-1c9">
         <name>.cinit:__lock</name>
         <load_address>0x66c</load_address>
         <run_address>0x66c</run_address>
         <size>0x5</size>
         <input_file_ref idref="fl-3e"/>
      </object_component>
      <object_component id="oc-1b3">
         <name>.cinit</name>
         <load_address>0x67f</load_address>
         <run_address>0x67f</run_address>
         <size>0x4</size>
         <input_file_ref idref="fl-40"/>
      </object_component>
      <object_component id="oc-1e4">
         <name>.switch:_M3_Write_Data__FUl</name>
         <load_address>0x0</load_address>
         <run_address>0x0</run_address>
         <size>0x64</size>
         <input_file_ref idref="fl-3"/>
      </object_component>
      <object_component id="oc-1e3">
         <name>.switch:_SignalProcessing__Fv</name>
         <load_address>0x64</load_address>
         <run_address>0x64</run_address>
         <size>0x28</size>
         <input_file_ref idref="fl-4"/>
      </object_component>
      <object_component id="oc-1df">
         <name>.switch:_WriteBlockStep__14SPIFlashReaderFv</name>
         <load_address>0x8c</load_address>
         <run_address>0x8c</run_address>
         <size>0x1e</size>
         <input_file_ref idref="fl-6"/>
      </object_component>
      <object_component id="oc-1de">
         <name>.switch:_WriteWordStep__14SPIFlashReaderFv</name>
         <load_address>0xaa</load_address>
         <run_address>0xaa</run_address>
         <size>0x1a</size>
         <input_file_ref idref="fl-6"/>
      </object_component>
      <object_component id="oc-147">
         <name>.reset</name>
         <load_address>0x3fffc0</load_address>
         <run_address>0x3fffc0</run_address>
         <size>0x2</size>
         <input_file_ref idref="fl-2b"/>
      </object_component>
      <object_component id="oc-146">
         <name>.stack</name>
         <uninitialized>true</uninitialized>
         <run_address>0xa02e</run_address>
         <size>0x0</size>
         <input_file_ref idref="fl-2b"/>
      </object_component>
      <object_component id="oc-254">
         <name>.stack</name>
         <uninitialized>true</uninitialized>
         <run_address>0xa02e</run_address>
         <size>0x0</size>
      </object_component>
      <object_component id="oc-a7">
         <name>.ebss</name>
         <uninitialized>true</uninitialized>
         <run_address>0x0</run_address>
         <size>0x1740</size>
         <input_file_ref idref="fl-e"/>
      </object_component>
      <object_component id="oc-c9">
         <name>.ebss</name>
         <uninitialized>true</uninitialized>
         <run_address>0xa000</run_address>
         <size>0x18</size>
         <input_file_ref idref="fl-16"/>
      </object_component>
      <object_component id="oc-1b5">
         <name>.ebss</name>
         <uninitialized>true</uninitialized>
         <run_address>0xa018</run_address>
         <size>0x8</size>
         <input_file_ref idref="fl-40"/>
      </object_component>
      <object_component id="oc-167">
         <name>.ebss</name>
         <uninitialized>true</uninitialized>
         <run_address>0xa020</run_address>
         <size>0x6</size>
         <input_file_ref idref="fl-31"/>
      </object_component>
      <object_component id="oc-1c8">
         <name>.ebss:__lock</name>
         <uninitialized>true</uninitialized>
         <run_address>0xa026</run_address>
         <size>0x2</size>
         <input_file_ref idref="fl-3e"/>
      </object_component>
      <object_component id="oc-1e8">
         <name>.ebss:__unlock</name>
         <uninitialized>true</uninitialized>
         <run_address>0xa028</run_address>
         <size>0x2</size>
         <input_file_ref idref="fl-3e"/>
      </object_component>
      <object_component id="oc-1a6">
         <name>.ebss</name>
         <uninitialized>true</uninitialized>
         <run_address>0xa02a</run_address>
         <size>0x2</size>
         <input_file_ref idref="fl-3d"/>
      </object_component>
      <object_component id="oc-163">
         <name>.ebss</name>
         <uninitialized>true</uninitialized>
         <run_address>0xa02c</run_address>
         <size>0x1</size>
         <input_file_ref idref="fl-30"/>
      </object_component>
      <object_component id="oc-1dd">
         <name>.econst:_PieVectTableInit</name>
         <load_address>0xa32e</load_address>
         <run_address>0xa32e</run_address>
         <size>0x100</size>
         <input_file_ref idref="fl-1e"/>
      </object_component>
      <object_component id="oc-157">
         <name>.econst</name>
         <load_address>0xa42e</load_address>
         <run_address>0xa42e</run_address>
         <size>0xc</size>
         <input_file_ref idref="fl-2e"/>
      </object_component>
      <object_component id="oc-1ed">
         <name>.econst:_aT</name>
         <load_address>0xa43a</load_address>
         <run_address>0xa43a</run_address>
         <size>0xa</size>
         <input_file_ref idref="fl-38"/>
      </object_component>
      <object_component id="oc-1eb">
         <name>.econst:_atanhi</name>
         <load_address>0xa444</load_address>
         <run_address>0xa444</run_address>
         <size>0x8</size>
         <input_file_ref idref="fl-38"/>
      </object_component>
      <object_component id="oc-1ec">
         <name>.econst:_atanlo</name>
         <load_address>0xa44c</load_address>
         <run_address>0xa44c</run_address>
         <size>0x8</size>
         <input_file_ref idref="fl-38"/>
      </object_component>
      <object_component id="oc-18b">
         <name>.econst</name>
         <load_address>0xa454</load_address>
         <run_address>0xa454</run_address>
         <size>0x4</size>
         <input_file_ref idref="fl-38"/>
      </object_component>
      <object_component id="oc-1b4">
         <name>.esysmem</name>
         <uninitialized>true</uninitialized>
         <run_address>0x400</run_address>
         <size>0x1</size>
         <input_file_ref idref="fl-40"/>
      </object_component>
      <object_component id="oc-255">
         <name>.esysmem</name>
         <uninitialized>true</uninitialized>
         <run_address>0x400</run_address>
         <size>0x0</size>
      </object_component>
      <object_component id="oc-121">
         <name>PUTBUFFER</name>
         <uninitialized>true</uninitialized>
         <run_address>0x3f800</run_address>
         <size>0x80</size>
         <input_file_ref idref="fl-1a"/>
      </object_component>
      <object_component id="oc-11e">
         <name>PUTWRITEIDX</name>
         <uninitialized>true</uninitialized>
         <run_address>0x3f880</run_address>
         <size>0x4</size>
         <input_file_ref idref="fl-1a"/>
      </object_component>
      <object_component id="oc-11f">
         <name>GETREADIDX</name>
         <uninitialized>true</uninitialized>
         <run_address>0x3f884</run_address>
         <size>0x4</size>
         <input_file_ref idref="fl-1a"/>
      </object_component>
      <object_component id="oc-122">
         <name>GETBUFFER</name>
         <uninitialized>true</uninitialized>
         <run_address>0x3fc00</run_address>
         <size>0x80</size>
         <input_file_ref idref="fl-1a"/>
      </object_component>
      <object_component id="oc-120">
         <name>GETWRITEIDX</name>
         <uninitialized>true</uninitialized>
         <run_address>0x3fc80</run_address>
         <size>0x4</size>
         <input_file_ref idref="fl-1a"/>
      </object_component>
      <object_component id="oc-11d">
         <name>PUTREADIDX</name>
         <uninitialized>true</uninitialized>
         <run_address>0x3fc84</run_address>
         <size>0x4</size>
         <input_file_ref idref="fl-1a"/>
      </object_component>
      <object_component id="oc-68">
         <name>.debug_info</name>
         <load_address>0x0</load_address>
         <run_address>0x0</run_address>
         <size>0x4924</size>
         <input_file_ref idref="fl-2"/>
      </object_component>
      <object_component id="oc-6e">
         <name>.debug_info</name>
         <load_address>0x4924</load_address>
         <run_address>0x4924</run_address>
         <size>0x4649</size>
         <input_file_ref idref="fl-3"/>
      </object_component>
      <object_component id="oc-73">
         <name>.debug_info</name>
         <load_address>0x8f6d</load_address>
         <run_address>0x8f6d</run_address>
         <size>0x110e</size>
         <input_file_ref idref="fl-4"/>
      </object_component>
      <object_component id="oc-78">
         <name>.debug_info</name>
         <load_address>0xa07b</load_address>
         <run_address>0xa07b</run_address>
         <size>0x1eae</size>
         <input_file_ref idref="fl-5"/>
      </object_component>
      <object_component id="oc-7d">
         <name>.debug_info</name>
         <load_address>0xbf29</load_address>
         <run_address>0xbf29</run_address>
         <size>0x7ef7</size>
         <input_file_ref idref="fl-6"/>
      </object_component>
      <object_component id="oc-82">
         <name>.debug_info</name>
         <load_address>0x13e20</load_address>
         <run_address>0x13e20</run_address>
         <size>0x1941</size>
         <input_file_ref idref="fl-7"/>
      </object_component>
      <object_component id="oc-87">
         <name>.debug_info</name>
         <load_address>0x15761</load_address>
         <run_address>0x15761</run_address>
         <size>0x4766</size>
         <input_file_ref idref="fl-8"/>
      </object_component>
      <object_component id="oc-8c">
         <name>.debug_info</name>
         <load_address>0x19ec7</load_address>
         <run_address>0x19ec7</run_address>
         <size>0x1289</size>
         <input_file_ref idref="fl-9"/>
      </object_component>
      <object_component id="oc-91">
         <name>.debug_info</name>
         <load_address>0x1b150</load_address>
         <run_address>0x1b150</run_address>
         <size>0x3f13</size>
         <input_file_ref idref="fl-a"/>
      </object_component>
      <object_component id="oc-96">
         <name>.debug_info</name>
         <load_address>0x1f063</load_address>
         <run_address>0x1f063</run_address>
         <size>0x14e2</size>
         <input_file_ref idref="fl-b"/>
      </object_component>
      <object_component id="oc-9b">
         <name>.debug_info</name>
         <load_address>0x20545</load_address>
         <run_address>0x20545</run_address>
         <size>0x1e9c</size>
         <input_file_ref idref="fl-c"/>
      </object_component>
      <object_component id="oc-a0">
         <name>.debug_info</name>
         <load_address>0x223e1</load_address>
         <run_address>0x223e1</run_address>
         <size>0xa02</size>
         <input_file_ref idref="fl-d"/>
      </object_component>
      <object_component id="oc-a5">
         <name>.debug_info</name>
         <load_address>0x22de3</load_address>
         <run_address>0x22de3</run_address>
         <size>0x8227</size>
         <input_file_ref idref="fl-e"/>
      </object_component>
      <object_component id="oc-a9">
         <name>.debug_info</name>
         <load_address>0x2b00a</load_address>
         <run_address>0x2b00a</run_address>
         <size>0x5b0f</size>
         <input_file_ref idref="fl-f"/>
      </object_component>
      <object_component id="oc-ae">
         <name>.debug_info</name>
         <load_address>0x30b19</load_address>
         <run_address>0x30b19</run_address>
         <size>0xcac</size>
         <input_file_ref idref="fl-10"/>
      </object_component>
      <object_component id="oc-b3">
         <name>.debug_info</name>
         <load_address>0x317c5</load_address>
         <run_address>0x317c5</run_address>
         <size>0x6da6</size>
         <input_file_ref idref="fl-11"/>
      </object_component>
      <object_component id="oc-b8">
         <name>.debug_info</name>
         <load_address>0x3856b</load_address>
         <run_address>0x3856b</run_address>
         <size>0x182</size>
         <input_file_ref idref="fl-12"/>
      </object_component>
      <object_component id="oc-ba">
         <name>.debug_info</name>
         <load_address>0x386ed</load_address>
         <run_address>0x386ed</run_address>
         <size>0x6d58</size>
         <input_file_ref idref="fl-13"/>
      </object_component>
      <object_component id="oc-bf">
         <name>.debug_info</name>
         <load_address>0x3f445</load_address>
         <run_address>0x3f445</run_address>
         <size>0x31d0</size>
         <input_file_ref idref="fl-14"/>
      </object_component>
      <object_component id="oc-c4">
         <name>.debug_info</name>
         <load_address>0x42615</load_address>
         <run_address>0x42615</run_address>
         <size>0xf4</size>
         <input_file_ref idref="fl-15"/>
      </object_component>
      <object_component id="oc-c8">
         <name>.debug_info</name>
         <load_address>0x42709</load_address>
         <run_address>0x42709</run_address>
         <size>0x841</size>
         <input_file_ref idref="fl-16"/>
      </object_component>
      <object_component id="oc-ce">
         <name>.debug_info</name>
         <load_address>0x42f4a</load_address>
         <run_address>0x42f4a</run_address>
         <size>0x24fb</size>
         <input_file_ref idref="fl-17"/>
      </object_component>
      <object_component id="oc-d4">
         <name>.debug_info</name>
         <load_address>0x45445</load_address>
         <run_address>0x45445</run_address>
         <size>0x19dc3</size>
         <input_file_ref idref="fl-18"/>
      </object_component>
      <object_component id="oc-117">
         <name>.debug_info</name>
         <load_address>0x5f208</load_address>
         <run_address>0x5f208</run_address>
         <size>0x23e6</size>
         <input_file_ref idref="fl-19"/>
      </object_component>
      <object_component id="oc-11c">
         <name>.debug_info</name>
         <load_address>0x615ee</load_address>
         <run_address>0x615ee</run_address>
         <size>0x3292</size>
         <input_file_ref idref="fl-1a"/>
      </object_component>
      <object_component id="oc-127">
         <name>.debug_info</name>
         <load_address>0x64880</load_address>
         <run_address>0x64880</run_address>
         <size>0x170a</size>
         <input_file_ref idref="fl-1b"/>
      </object_component>
      <object_component id="oc-12c">
         <name>.debug_info</name>
         <load_address>0x65f8a</load_address>
         <run_address>0x65f8a</run_address>
         <size>0x16ce</size>
         <input_file_ref idref="fl-1c"/>
      </object_component>
      <object_component id="oc-131">
         <name>.debug_info</name>
         <load_address>0x67658</load_address>
         <run_address>0x67658</run_address>
         <size>0xb5b</size>
         <input_file_ref idref="fl-1d"/>
      </object_component>
      <object_component id="oc-136">
         <name>.debug_info</name>
         <load_address>0x681b3</load_address>
         <run_address>0x681b3</run_address>
         <size>0x240b</size>
         <input_file_ref idref="fl-1e"/>
      </object_component>
      <object_component id="oc-13b">
         <name>.debug_info</name>
         <load_address>0x6a5be</load_address>
         <run_address>0x6a5be</run_address>
         <size>0x714e</size>
         <input_file_ref idref="fl-1f"/>
      </object_component>
      <object_component id="oc-141">
         <name>.debug_info</name>
         <load_address>0x7170c</load_address>
         <run_address>0x7170c</run_address>
         <size>0xef</size>
         <input_file_ref idref="fl-20"/>
      </object_component>
      <object_component id="oc-148">
         <name>.debug_info</name>
         <load_address>0x717fb</load_address>
         <run_address>0x717fb</run_address>
         <size>0x16c</size>
         <input_file_ref idref="fl-2b"/>
      </object_component>
      <object_component id="oc-14c">
         <name>.debug_info</name>
         <load_address>0x71967</load_address>
         <run_address>0x71967</run_address>
         <size>0x628</size>
         <input_file_ref idref="fl-2c"/>
      </object_component>
      <object_component id="oc-152">
         <name>.debug_info</name>
         <load_address>0x71f8f</load_address>
         <run_address>0x71f8f</run_address>
         <size>0x113</size>
         <input_file_ref idref="fl-2d"/>
      </object_component>
      <object_component id="oc-156">
         <name>.debug_info</name>
         <load_address>0x720a2</load_address>
         <run_address>0x720a2</run_address>
         <size>0x591</size>
         <input_file_ref idref="fl-2e"/>
      </object_component>
      <object_component id="oc-15c">
         <name>.debug_info</name>
         <load_address>0x72633</load_address>
         <run_address>0x72633</run_address>
         <size>0x43b</size>
         <input_file_ref idref="fl-2f"/>
      </object_component>
      <object_component id="oc-161">
         <name>.debug_info</name>
         <load_address>0x72a6e</load_address>
         <run_address>0x72a6e</run_address>
         <size>0x1bc</size>
         <input_file_ref idref="fl-30"/>
      </object_component>
      <object_component id="oc-165">
         <name>.debug_info</name>
         <load_address>0x72c2a</load_address>
         <run_address>0x72c2a</run_address>
         <size>0x5ac</size>
         <input_file_ref idref="fl-31"/>
      </object_component>
      <object_component id="oc-16d">
         <name>.debug_info</name>
         <load_address>0x731d6</load_address>
         <run_address>0x731d6</run_address>
         <size>0x10d</size>
         <input_file_ref idref="fl-32"/>
      </object_component>
      <object_component id="oc-172">
         <name>.debug_info</name>
         <load_address>0x732e3</load_address>
         <run_address>0x732e3</run_address>
         <size>0x13a</size>
         <input_file_ref idref="fl-33"/>
      </object_component>
      <object_component id="oc-177">
         <name>.debug_info</name>
         <load_address>0x7341d</load_address>
         <run_address>0x7341d</run_address>
         <size>0x19e</size>
         <input_file_ref idref="fl-34"/>
      </object_component>
      <object_component id="oc-17b">
         <name>.debug_info</name>
         <load_address>0x735bb</load_address>
         <run_address>0x735bb</run_address>
         <size>0x4de</size>
         <input_file_ref idref="fl-35"/>
      </object_component>
      <object_component id="oc-180">
         <name>.debug_info</name>
         <load_address>0x73a99</load_address>
         <run_address>0x73a99</run_address>
         <size>0x3f9</size>
         <input_file_ref idref="fl-36"/>
      </object_component>
      <object_component id="oc-185">
         <name>.debug_info</name>
         <load_address>0x73e92</load_address>
         <run_address>0x73e92</run_address>
         <size>0x3e3</size>
         <input_file_ref idref="fl-37"/>
      </object_component>
      <object_component id="oc-18a">
         <name>.debug_info</name>
         <load_address>0x74275</load_address>
         <run_address>0x74275</run_address>
         <size>0x569</size>
         <input_file_ref idref="fl-38"/>
      </object_component>
      <object_component id="oc-190">
         <name>.debug_info</name>
         <load_address>0x747de</load_address>
         <run_address>0x747de</run_address>
         <size>0x423</size>
         <input_file_ref idref="fl-39"/>
      </object_component>
      <object_component id="oc-195">
         <name>.debug_info</name>
         <load_address>0x74c01</load_address>
         <run_address>0x74c01</run_address>
         <size>0x435</size>
         <input_file_ref idref="fl-3a"/>
      </object_component>
      <object_component id="oc-19a">
         <name>.debug_info</name>
         <load_address>0x75036</load_address>
         <run_address>0x75036</run_address>
         <size>0x3e0</size>
         <input_file_ref idref="fl-3b"/>
      </object_component>
      <object_component id="oc-1a0">
         <name>.debug_info</name>
         <load_address>0x75416</load_address>
         <run_address>0x75416</run_address>
         <size>0x13a</size>
         <input_file_ref idref="fl-3c"/>
      </object_component>
      <object_component id="oc-1a4">
         <name>.debug_info</name>
         <load_address>0x75550</load_address>
         <run_address>0x75550</run_address>
         <size>0x1e6</size>
         <input_file_ref idref="fl-3d"/>
      </object_component>
      <object_component id="oc-1a8">
         <name>.debug_info</name>
         <load_address>0x75736</load_address>
         <run_address>0x75736</run_address>
         <size>0x502</size>
         <input_file_ref idref="fl-3e"/>
      </object_component>
      <object_component id="oc-1ad">
         <name>.debug_info</name>
         <load_address>0x75c38</load_address>
         <run_address>0x75c38</run_address>
         <size>0x4cf</size>
         <input_file_ref idref="fl-3f"/>
      </object_component>
      <object_component id="oc-1b2">
         <name>.debug_info</name>
         <load_address>0x76107</load_address>
         <run_address>0x76107</run_address>
         <size>0xb20</size>
         <input_file_ref idref="fl-40"/>
      </object_component>
      <object_component id="oc-1ba">
         <name>.debug_info</name>
         <load_address>0x76c27</load_address>
         <run_address>0x76c27</run_address>
         <size>0x470</size>
         <input_file_ref idref="fl-41"/>
      </object_component>
      <object_component id="oc-260">
         <name>.debug_info</name>
         <load_address>0x77097</load_address>
         <run_address>0x77097</run_address>
         <size>0xa2</size>
      </object_component>
      <object_component id="oc-6a">
         <name>.debug_frame</name>
         <load_address>0x0</load_address>
         <run_address>0x0</run_address>
         <size>0x103</size>
         <input_file_ref idref="fl-2"/>
      </object_component>
      <object_component id="oc-6f">
         <name>.debug_frame</name>
         <load_address>0x103</load_address>
         <run_address>0x103</run_address>
         <size>0x12d</size>
         <input_file_ref idref="fl-3"/>
      </object_component>
      <object_component id="oc-74">
         <name>.debug_frame</name>
         <load_address>0x230</load_address>
         <run_address>0x230</run_address>
         <size>0xcf</size>
         <input_file_ref idref="fl-4"/>
      </object_component>
      <object_component id="oc-79">
         <name>.debug_frame</name>
         <load_address>0x2ff</load_address>
         <run_address>0x2ff</run_address>
         <size>0xdb</size>
         <input_file_ref idref="fl-5"/>
      </object_component>
      <object_component id="oc-7e">
         <name>.debug_frame</name>
         <load_address>0x3da</load_address>
         <run_address>0x3da</run_address>
         <size>0x437</size>
         <input_file_ref idref="fl-6"/>
      </object_component>
      <object_component id="oc-83">
         <name>.debug_frame</name>
         <load_address>0x811</load_address>
         <run_address>0x811</run_address>
         <size>0xef</size>
         <input_file_ref idref="fl-7"/>
      </object_component>
      <object_component id="oc-88">
         <name>.debug_frame</name>
         <load_address>0x900</load_address>
         <run_address>0x900</run_address>
         <size>0x15c</size>
         <input_file_ref idref="fl-8"/>
      </object_component>
      <object_component id="oc-8d">
         <name>.debug_frame</name>
         <load_address>0xa5c</load_address>
         <run_address>0xa5c</run_address>
         <size>0xa9</size>
         <input_file_ref idref="fl-9"/>
      </object_component>
      <object_component id="oc-92">
         <name>.debug_frame</name>
         <load_address>0xb05</load_address>
         <run_address>0xb05</run_address>
         <size>0xa9</size>
         <input_file_ref idref="fl-a"/>
      </object_component>
      <object_component id="oc-97">
         <name>.debug_frame</name>
         <load_address>0xbae</load_address>
         <run_address>0xbae</run_address>
         <size>0xe2</size>
         <input_file_ref idref="fl-b"/>
      </object_component>
      <object_component id="oc-9c">
         <name>.debug_frame</name>
         <load_address>0xc90</load_address>
         <run_address>0xc90</run_address>
         <size>0x1af</size>
         <input_file_ref idref="fl-c"/>
      </object_component>
      <object_component id="oc-a1">
         <name>.debug_frame</name>
         <load_address>0xe3f</load_address>
         <run_address>0xe3f</run_address>
         <size>0xf9</size>
         <input_file_ref idref="fl-d"/>
      </object_component>
      <object_component id="oc-aa">
         <name>.debug_frame</name>
         <load_address>0xf38</load_address>
         <run_address>0xf38</run_address>
         <size>0x12d</size>
         <input_file_ref idref="fl-f"/>
      </object_component>
      <object_component id="oc-af">
         <name>.debug_frame</name>
         <load_address>0x1065</load_address>
         <run_address>0x1065</run_address>
         <size>0x1b5</size>
         <input_file_ref idref="fl-10"/>
      </object_component>
      <object_component id="oc-b4">
         <name>.debug_frame</name>
         <load_address>0x121a</load_address>
         <run_address>0x121a</run_address>
         <size>0xc1</size>
         <input_file_ref idref="fl-11"/>
      </object_component>
      <object_component id="oc-bb">
         <name>.debug_frame</name>
         <load_address>0x12db</load_address>
         <run_address>0x12db</run_address>
         <size>0x881</size>
         <input_file_ref idref="fl-13"/>
      </object_component>
      <object_component id="oc-c0">
         <name>.debug_frame</name>
         <load_address>0x1b5c</load_address>
         <run_address>0x1b5c</run_address>
         <size>0x1fd</size>
         <input_file_ref idref="fl-14"/>
      </object_component>
      <object_component id="oc-ca">
         <name>.debug_frame</name>
         <load_address>0x1d59</load_address>
         <run_address>0x1d59</run_address>
         <size>0x8c</size>
         <input_file_ref idref="fl-16"/>
      </object_component>
      <object_component id="oc-d0">
         <name>.debug_frame</name>
         <load_address>0x1de5</load_address>
         <run_address>0x1de5</run_address>
         <size>0xd06</size>
         <input_file_ref idref="fl-17"/>
      </object_component>
      <object_component id="oc-118">
         <name>.debug_frame</name>
         <load_address>0x2aeb</load_address>
         <run_address>0x2aeb</run_address>
         <size>0xa1</size>
         <input_file_ref idref="fl-19"/>
      </object_component>
      <object_component id="oc-123">
         <name>.debug_frame</name>
         <load_address>0x2b8c</load_address>
         <run_address>0x2b8c</run_address>
         <size>0x8c</size>
         <input_file_ref idref="fl-1a"/>
      </object_component>
      <object_component id="oc-128">
         <name>.debug_frame</name>
         <load_address>0x2c18</load_address>
         <run_address>0x2c18</run_address>
         <size>0x8c</size>
         <input_file_ref idref="fl-1b"/>
      </object_component>
      <object_component id="oc-12d">
         <name>.debug_frame</name>
         <load_address>0x2ca4</load_address>
         <run_address>0x2ca4</run_address>
         <size>0x8c</size>
         <input_file_ref idref="fl-1c"/>
      </object_component>
      <object_component id="oc-132">
         <name>.debug_frame</name>
         <load_address>0x2d30</load_address>
         <run_address>0x2d30</run_address>
         <size>0xb6</size>
         <input_file_ref idref="fl-1d"/>
      </object_component>
      <object_component id="oc-137">
         <name>.debug_frame</name>
         <load_address>0x2de6</load_address>
         <run_address>0x2de6</run_address>
         <size>0xa7</size>
         <input_file_ref idref="fl-1e"/>
      </object_component>
      <object_component id="oc-13c">
         <name>.debug_frame</name>
         <load_address>0x2e8d</load_address>
         <run_address>0x2e8d</run_address>
         <size>0x13b</size>
         <input_file_ref idref="fl-1f"/>
      </object_component>
      <object_component id="oc-14d">
         <name>.debug_frame</name>
         <load_address>0x2fc8</load_address>
         <run_address>0x2fc8</run_address>
         <size>0xba</size>
         <input_file_ref idref="fl-2c"/>
      </object_component>
      <object_component id="oc-158">
         <name>.debug_frame</name>
         <load_address>0x3082</load_address>
         <run_address>0x3082</run_address>
         <size>0xa8</size>
         <input_file_ref idref="fl-2e"/>
      </object_component>
      <object_component id="oc-15d">
         <name>.debug_frame</name>
         <load_address>0x312a</load_address>
         <run_address>0x312a</run_address>
         <size>0xa7</size>
         <input_file_ref idref="fl-2f"/>
      </object_component>
      <object_component id="oc-168">
         <name>.debug_frame</name>
         <load_address>0x31d1</load_address>
         <run_address>0x31d1</run_address>
         <size>0xbf</size>
         <input_file_ref idref="fl-31"/>
      </object_component>
      <object_component id="oc-17c">
         <name>.debug_frame</name>
         <load_address>0x3290</load_address>
         <run_address>0x3290</run_address>
         <size>0xbc</size>
         <input_file_ref idref="fl-35"/>
      </object_component>
      <object_component id="oc-181">
         <name>.debug_frame</name>
         <load_address>0x334c</load_address>
         <run_address>0x334c</run_address>
         <size>0xa1</size>
         <input_file_ref idref="fl-36"/>
      </object_component>
      <object_component id="oc-186">
         <name>.debug_frame</name>
         <load_address>0x33ed</load_address>
         <run_address>0x33ed</run_address>
         <size>0xa1</size>
         <input_file_ref idref="fl-37"/>
      </object_component>
      <object_component id="oc-18c">
         <name>.debug_frame</name>
         <load_address>0x348e</load_address>
         <run_address>0x348e</run_address>
         <size>0xb1</size>
         <input_file_ref idref="fl-38"/>
      </object_component>
      <object_component id="oc-191">
         <name>.debug_frame</name>
         <load_address>0x353f</load_address>
         <run_address>0x353f</run_address>
         <size>0xa8</size>
         <input_file_ref idref="fl-39"/>
      </object_component>
      <object_component id="oc-196">
         <name>.debug_frame</name>
         <load_address>0x35e7</load_address>
         <run_address>0x35e7</run_address>
         <size>0xa8</size>
         <input_file_ref idref="fl-3a"/>
      </object_component>
      <object_component id="oc-19b">
         <name>.debug_frame</name>
         <load_address>0x368f</load_address>
         <run_address>0x368f</run_address>
         <size>0xa1</size>
         <input_file_ref idref="fl-3b"/>
      </object_component>
      <object_component id="oc-1a9">
         <name>.debug_frame</name>
         <load_address>0x3730</load_address>
         <run_address>0x3730</run_address>
         <size>0xcb</size>
         <input_file_ref idref="fl-3e"/>
      </object_component>
      <object_component id="oc-1ae">
         <name>.debug_frame</name>
         <load_address>0x37fb</load_address>
         <run_address>0x37fb</run_address>
         <size>0xa1</size>
         <input_file_ref idref="fl-3f"/>
      </object_component>
      <object_component id="oc-1b6">
         <name>.debug_frame</name>
         <load_address>0x389c</load_address>
         <run_address>0x389c</run_address>
         <size>0x18e</size>
         <input_file_ref idref="fl-40"/>
      </object_component>
      <object_component id="oc-1bb">
         <name>.debug_frame</name>
         <load_address>0x3a2a</load_address>
         <run_address>0x3a2a</run_address>
         <size>0xa1</size>
         <input_file_ref idref="fl-41"/>
      </object_component>
      <object_component id="oc-6b">
         <name>.debug_line</name>
         <load_address>0x0</load_address>
         <run_address>0x0</run_address>
         <size>0x1f4</size>
         <input_file_ref idref="fl-2"/>
      </object_component>
      <object_component id="oc-70">
         <name>.debug_line</name>
         <load_address>0x1f4</load_address>
         <run_address>0x1f4</run_address>
         <size>0x6d1</size>
         <input_file_ref idref="fl-3"/>
      </object_component>
      <object_component id="oc-75">
         <name>.debug_line</name>
         <load_address>0x8c5</load_address>
         <run_address>0x8c5</run_address>
         <size>0x28f</size>
         <input_file_ref idref="fl-4"/>
      </object_component>
      <object_component id="oc-7a">
         <name>.debug_line</name>
         <load_address>0xb54</load_address>
         <run_address>0xb54</run_address>
         <size>0x147</size>
         <input_file_ref idref="fl-5"/>
      </object_component>
      <object_component id="oc-7f">
         <name>.debug_line</name>
         <load_address>0xc9b</load_address>
         <run_address>0xc9b</run_address>
         <size>0xf2e</size>
         <input_file_ref idref="fl-6"/>
      </object_component>
      <object_component id="oc-84">
         <name>.debug_line</name>
         <load_address>0x1bc9</load_address>
         <run_address>0x1bc9</run_address>
         <size>0x16b</size>
         <input_file_ref idref="fl-7"/>
      </object_component>
      <object_component id="oc-89">
         <name>.debug_line</name>
         <load_address>0x1d34</load_address>
         <run_address>0x1d34</run_address>
         <size>0x552</size>
         <input_file_ref idref="fl-8"/>
      </object_component>
      <object_component id="oc-8e">
         <name>.debug_line</name>
         <load_address>0x2286</load_address>
         <run_address>0x2286</run_address>
         <size>0x3d8</size>
         <input_file_ref idref="fl-9"/>
      </object_component>
      <object_component id="oc-93">
         <name>.debug_line</name>
         <load_address>0x265e</load_address>
         <run_address>0x265e</run_address>
         <size>0x90</size>
         <input_file_ref idref="fl-a"/>
      </object_component>
      <object_component id="oc-98">
         <name>.debug_line</name>
         <load_address>0x26ee</load_address>
         <run_address>0x26ee</run_address>
         <size>0x19b</size>
         <input_file_ref idref="fl-b"/>
      </object_component>
      <object_component id="oc-9d">
         <name>.debug_line</name>
         <load_address>0x2889</load_address>
         <run_address>0x2889</run_address>
         <size>0x175</size>
         <input_file_ref idref="fl-c"/>
      </object_component>
      <object_component id="oc-a2">
         <name>.debug_line</name>
         <load_address>0x29fe</load_address>
         <run_address>0x29fe</run_address>
         <size>0x9b</size>
         <input_file_ref idref="fl-d"/>
      </object_component>
      <object_component id="oc-ab">
         <name>.debug_line</name>
         <load_address>0x2a99</load_address>
         <run_address>0x2a99</run_address>
         <size>0x162</size>
         <input_file_ref idref="fl-f"/>
      </object_component>
      <object_component id="oc-b0">
         <name>.debug_line</name>
         <load_address>0x2bfb</load_address>
         <run_address>0x2bfb</run_address>
         <size>0x199</size>
         <input_file_ref idref="fl-10"/>
      </object_component>
      <object_component id="oc-b5">
         <name>.debug_line</name>
         <load_address>0x2d94</load_address>
         <run_address>0x2d94</run_address>
         <size>0x191</size>
         <input_file_ref idref="fl-11"/>
      </object_component>
      <object_component id="oc-bc">
         <name>.debug_line</name>
         <load_address>0x2f25</load_address>
         <run_address>0x2f25</run_address>
         <size>0x865</size>
         <input_file_ref idref="fl-13"/>
      </object_component>
      <object_component id="oc-c1">
         <name>.debug_line</name>
         <load_address>0x378a</load_address>
         <run_address>0x378a</run_address>
         <size>0x341</size>
         <input_file_ref idref="fl-14"/>
      </object_component>
      <object_component id="oc-c5">
         <name>.debug_line</name>
         <load_address>0x3acb</load_address>
         <run_address>0x3acb</run_address>
         <size>0x51</size>
         <input_file_ref idref="fl-15"/>
      </object_component>
      <object_component id="oc-cb">
         <name>.debug_line</name>
         <load_address>0x3b1c</load_address>
         <run_address>0x3b1c</run_address>
         <size>0x3b</size>
         <input_file_ref idref="fl-16"/>
      </object_component>
      <object_component id="oc-d1">
         <name>.debug_line</name>
         <load_address>0x3b57</load_address>
         <run_address>0x3b57</run_address>
         <size>0x7ec</size>
         <input_file_ref idref="fl-17"/>
      </object_component>
      <object_component id="oc-119">
         <name>.debug_line</name>
         <load_address>0x4343</load_address>
         <run_address>0x4343</run_address>
         <size>0x65</size>
         <input_file_ref idref="fl-19"/>
      </object_component>
      <object_component id="oc-124">
         <name>.debug_line</name>
         <load_address>0x43a8</load_address>
         <run_address>0x43a8</run_address>
         <size>0x35</size>
         <input_file_ref idref="fl-1a"/>
      </object_component>
      <object_component id="oc-129">
         <name>.debug_line</name>
         <load_address>0x43dd</load_address>
         <run_address>0x43dd</run_address>
         <size>0x3a</size>
         <input_file_ref idref="fl-1b"/>
      </object_component>
      <object_component id="oc-12e">
         <name>.debug_line</name>
         <load_address>0x4417</load_address>
         <run_address>0x4417</run_address>
         <size>0x3a</size>
         <input_file_ref idref="fl-1c"/>
      </object_component>
      <object_component id="oc-133">
         <name>.debug_line</name>
         <load_address>0x4451</load_address>
         <run_address>0x4451</run_address>
         <size>0x86</size>
         <input_file_ref idref="fl-1d"/>
      </object_component>
      <object_component id="oc-138">
         <name>.debug_line</name>
         <load_address>0x44d7</load_address>
         <run_address>0x44d7</run_address>
         <size>0x6b</size>
         <input_file_ref idref="fl-1e"/>
      </object_component>
      <object_component id="oc-13d">
         <name>.debug_line</name>
         <load_address>0x4542</load_address>
         <run_address>0x4542</run_address>
         <size>0x143</size>
         <input_file_ref idref="fl-1f"/>
      </object_component>
      <object_component id="oc-142">
         <name>.debug_line</name>
         <load_address>0x4685</load_address>
         <run_address>0x4685</run_address>
         <size>0x4b</size>
         <input_file_ref idref="fl-20"/>
      </object_component>
      <object_component id="oc-149">
         <name>.debug_line</name>
         <load_address>0x46d0</load_address>
         <run_address>0x46d0</run_address>
         <size>0x7e</size>
         <input_file_ref idref="fl-2b"/>
      </object_component>
      <object_component id="oc-14e">
         <name>.debug_line</name>
         <load_address>0x474e</load_address>
[...]
         <value>0xae0</value>
         <object_component_ref idref="oc-e9"/>
      </symbol>
      <symbol id="sm-8ed">
         <name>_AdcResult</name>
         <value>0xb00</value>
         <object_component_ref idref="oc-e3"/>
      </symbol>
      <symbol id="sm-8ee">
         <name>_EPwm4Regs</name>
         <value>0x5280</value>
         <object_component_ref idref="oc-10e"/>
      </symbol>
      <symbol id="sm-8ef">
         <name>_ECap5Regs</name>
         <value>0x5a80</value>
         <object_component_ref idref="oc-ec"/>
      </symbol>
      <symbol id="sm-8f0">
         <name>_CpuTimer1Regs</name>
         <value>0xc08</value>
         <object_component_ref idref="oc-e0"/>
      </symbol>
      <symbol id="sm-8f1">
         <name>_SysCtrlRegs</name>
         <value>0x7010</value>
         <object_component_ref idref="oc-eb"/>
      </symbol>
      <symbol id="sm-8f2">
         <name>_CtoMIpcRegs</name>
         <value>0x4e00</value>
         <object_component_ref idref="oc-102"/>
      </symbol>
      <symbol id="sm-8f3">
         <name>_EPwm5Regs</name>
         <value>0x5300</value>
         <object_component_ref idref="oc-10d"/>
      </symbol>
      <symbol id="sm-8f4">
         <name>_SpiaRegs</name>
         <value>0x7040</value>
         <object_component_ref idref="oc-e7"/>
      </symbol>
      <symbol id="sm-8f5">
         <name>_ECap6Regs</name>
         <value>0x5aa0</value>
         <object_component_ref idref="oc-ee"/>
      </symbol>
      <symbol id="sm-8f6">
         <name>_DmaRegs</name>
         <value>0x1000</value>
         <object_component_ref idref="oc-112"/>
      </symbol>
      <symbol id="sm-8f7">
         <name>_CpuTimer0Regs</name>
         <value>0xc00</value>
         <object_component_ref idref="oc-e2"/>
      </symbol>
      <symbol id="sm-8f8">
         <name>_DevEmuRegs</name>
         <value>0x880</value>
         <object_component_ref idref="oc-104"/>
      </symbol>
      <symbol id="sm-8f9">
         <name>_EPwm6Regs</name>
         <value>0x5380</value>
         <object_component_ref idref="oc-10f"/>
      </symbol>
      <symbol id="sm-8fa">
         <name>_Comp1Regs</name>
         <value>0x6400</value>
         <object_component_ref idref="oc-d8"/>
      </symbol>
      <symbol id="sm-8fb">
         <name>_SciaRegs</name>
         <value>0x7050</value>
         <object_component_ref idref="oc-e8"/>
      </symbol>
      <symbol id="sm-8fc">
         <name>_Adc1Regs</name>
         <value>0x7100</value>
         <object_component_ref idref="oc-106"/>
      </symbol>
      <symbol id="sm-8fd">
         <name>_FlashEccRegs</name>
         <value>0x4300</value>
         <object_component_ref idref="oc-fb"/>
      </symbol>
      <symbol id="sm-8fe">
         <name>_GpioTripRegs</name>
         <value>0x5fe0</value>
         <object_component_ref idref="oc-f2"/>
      </symbol>
      <symbol id="sm-8ff">
         <name>_GpioDataRegs</name>
         <value>0x5fc0</value>
         <object_component_ref idref="oc-f4"/>
      </symbol>
      <symbol id="sm-900">
         <name>_EcslPwl</name>
         <value>0x13fff4</value>
         <object_component_ref idref="oc-d6"/>
      </symbol>
      <symbol id="sm-901">
         <name>_CsmPwl</name>
         <value>0x13fff8</value>
         <object_component_ref idref="oc-de"/>
      </symbol>
      <symbol id="sm-902">
         <name>_AdcRegs</name>
         <value>0x7100</value>
         <object_component_ref idref="oc-107"/>
      </symbol>
      <symbol id="sm-903">
         <name>_EPwm7Regs</name>
         <value>0x5400</value>
         <object_component_ref idref="oc-10a"/>
      </symbol>
      <symbol id="sm-904">
         <name>_Comp2Regs</name>
         <value>0x6420</value>
         <object_component_ref idref="oc-d9"/>
      </symbol>
      <symbol id="sm-905">
         <name>_RAMRegs</name>
         <value>0x4900</value>
         <object_component_ref idref="oc-100"/>
      </symbol>
      <symbol id="sm-906">
         <name>_XIntruptRegs</name>
         <value>0x7070</value>
         <object_component_ref idref="oc-e5"/>
      </symbol>
      <symbol id="sm-907">
         <name>_CpuTimer2Regs</name>
         <value>0xc10</value>
         <object_component_ref idref="oc-e1"/>
      </symbol>
      <symbol id="sm-908">
         <name>_PieCtrlRegs</name>
         <value>0xce0</value>
         <object_component_ref idref="oc-ea"/>
      </symbol>
      <symbol id="sm-909">
         <name>_Comp3Regs</name>
         <value>0x6440</value>
         <object_component_ref idref="oc-da"/>
      </symbol>
      <symbol id="sm-90a">
         <name>_ECap1Regs</name>
         <value>0x5a00</value>
         <object_component_ref idref="oc-f5"/>
      </symbol>
      <symbol id="sm-90b">
         <name>_GpioG1TripRegs</name>
         <value>0x5fe0</value>
         <object_component_ref idref="oc-f0"/>
      </symbol>
      <symbol id="sm-90c">
         <name>_M3PllRegs</name>
         <value>0x4400</value>
         <object_component_ref idref="oc-df"/>
      </symbol>
      <symbol id="sm-90d">
         <name>_EQep1Regs</name>
         <value>0x5b00</value>
         <object_component_ref idref="oc-fa"/>
      </symbol>
      <symbol id="sm-90e">
         <name>_GpioG2DataRegs</name>
         <value>0x6fc0</value>
         <object_component_ref idref="oc-f1"/>
      </symbol>
      <symbol id="sm-90f">
         <name>_McbspaRegs</name>
         <value>0x5000</value>
         <object_component_ref idref="oc-fc"/>
      </symbol>
      <symbol id="sm-910">
         <name>_EPwm1Regs</name>
         <value>0x5100</value>
         <object_component_ref idref="oc-111"/>
      </symbol>
      <symbol id="sm-911">
         <name>_Adc2Regs</name>
         <value>0x7180</value>
         <object_component_ref idref="oc-105"/>
      </symbol>
      <symbol id="sm-912">
         <name>_ECap2Regs</name>
         <value>0x5a20</value>
         <object_component_ref idref="oc-f6"/>
      </symbol>
      <symbol id="sm-913">
         <name>_FlashExeOnly</name>
         <value>0x13fff2</value>
         <object_component_ref idref="oc-d5"/>
      </symbol>
      <symbol id="sm-914">
         <name>_EQep2Regs</name>
         <value>0x5b40</value>
         <object_component_ref idref="oc-f7"/>
      </symbol>
      <symbol id="sm-915">
         <name>_EPwm8Regs</name>
         <value>0x5480</value>
         <object_component_ref idref="oc-110"/>
      </symbol>
      <symbol id="sm-916">
         <name>_Adc2Result</name>
         <value>0xb40</value>
         <object_component_ref idref="oc-e6"/>
      </symbol>
      <symbol id="sm-917">
         <name>_EPwm2Regs</name>
         <value>0x5180</value>
         <object_component_ref idref="oc-10b"/>
      </symbol>
      <symbol id="sm-918">
         <name>_GpioG2CtrlRegs</name>
         <value>0x6f80</value>
         <object_component_ref idref="oc-fe"/>
      </symbol>
      <symbol id="sm-919">
         <name>_ECap3Regs</name>
         <value>0x5a40</value>
         <object_component_ref idref="oc-ef"/>
      </symbol>
      <symbol id="sm-91a">
         <name>_AnalogSysctrlRegs</name>
         <value>0x1700</value>
         <object_component_ref idref="oc-108"/>
      </symbol>
      <symbol id="sm-91b">
         <name>_PieVectTableCopy</name>
         <value>0xe00</value>
         <object_component_ref idref="oc-114"/>
      </symbol>
      <symbol id="sm-91c">
         <name>_EQep3Regs</name>
         <value>0x5b80</value>
         <object_component_ref idref="oc-f8"/>
      </symbol>
      <symbol id="sm-91d">
         <name>_EPwm9Regs</name>
         <value>0x5500</value>
         <object_component_ref idref="oc-109"/>
      </symbol>
      <symbol id="sm-91e">
         <name>_NmiIntruptRegs</name>
         <value>0x7060</value>
         <object_component_ref idref="oc-d7"/>
      </symbol>
      <symbol id="sm-91f">
         <name>_Comp4Regs</name>
         <value>0x6460</value>
         <object_component_ref idref="oc-dc"/>
      </symbol>
      <symbol id="sm-920">
         <name>_EPwm3Regs</name>
         <value>0x5200</value>
         <object_component_ref idref="oc-10c"/>
      </symbol>
      <symbol id="sm-921">
         <name>_I2caRegs</name>
         <value>0x7900</value>
         <object_component_ref idref="oc-f9"/>
      </symbol>
      <symbol id="sm-92e">
         <name>_InitGpio</name>
         <value>0x3bfd</value>
         <object_component_ref idref="oc-1cc"/>
      </symbol>
      <symbol id="sm-945">
         <name>_g_usGetReadIndexes</name>
         <value>0x3f884</value>
         <object_component_ref idref="oc-11f"/>
      </symbol>
      <symbol id="sm-946">
         <name>_g_usPutWriteIndexes</name>
         <value>0x3f880</value>
         <object_component_ref idref="oc-11e"/>
      </symbol>
      <symbol id="sm-947">
         <name>_g_asIPCCtoMBuffers</name>
         <value>0x3f800</value>
         <object_component_ref idref="oc-121"/>
      </symbol>
      <symbol id="sm-948">
         <name>_g_usGetWriteIndexes</name>
         <value>0x3fc80</value>
         <object_component_ref idref="oc-120"/>
      </symbol>
      <symbol id="sm-949">
         <name>_g_asIPCMtoCBuffers</name>
         <value>0x3fc00</value>
         <object_component_ref idref="oc-122"/>
      </symbol>
      <symbol id="sm-94a">
         <name>_g_usPutReadIndexes</name>
         <value>0x3fc84</value>
         <object_component_ref idref="oc-11d"/>
      </symbol>
      <symbol id="sm-96b">
         <name>_InitPieCtrl</name>
         <value>0x3c37</value>
         <object_component_ref idref="oc-1ce"/>
      </symbol>
      <symbol id="sm-96c">
         <name>_EnableInterrupts</name>
         <value>0x3c5b</value>
         <object_component_ref idref="oc-1ce"/>
      </symbol>
      <symbol id="sm-97d">
         <name>_PieVectTableInit</name>
         <value>0xa32e</value>
         <object_component_ref idref="oc-1dd"/>
      </symbol>
      <symbol id="sm-97e">
         <name>_InitPieVectTable</name>
         <value>0x3cdd</value>
         <object_component_ref idref="oc-1cf"/>
      </symbol>
      <symbol id="sm-99b">
         <name>_LockDevice</name>
         <value>0x36ff</value>
         <object_component_ref idref="oc-1cb"/>
      </symbol>
      <symbol id="sm-99c">
         <name>_ECSLSecurityStatus</name>
         <value>0x3726</value>
         <object_component_ref idref="oc-1cb"/>
      </symbol>
      <symbol id="sm-99d">
         <name>_InitPeripheralClocks</name>
         <value>0x3689</value>
         <object_component_ref idref="oc-1cb"/>
      </symbol>
      <symbol id="sm-99e">
         <name>_CsmUnlock</name>
         <value>0x36c7</value>
         <object_component_ref idref="oc-1cb"/>
      </symbol>
      <symbol id="sm-99f">
         <name>_EcslUnlock</name>
         <value>0x36e8</value>
         <object_component_ref idref="oc-1cb"/>
      </symbol>
      <symbol id="sm-9a0">
         <name>_CSMSecurityStatus</name>
         <value>0x371a</value>
         <object_component_ref idref="oc-1cb"/>
      </symbol>
      <symbol id="sm-9a1">
         <name>_GetEXEstatus</name>
         <value>0x3707</value>
         <object_component_ref idref="oc-1cb"/>
      </symbol>
      <symbol id="sm-9a2">
         <name>_InitSysCtrl</name>
         <value>0x3646</value>
         <object_component_ref idref="oc-1cb"/>
      </symbol>
      <symbol id="sm-9ae">
         <name>_DSP28x_usDelay</name>
         <value>0x0</value>
         <object_component_ref idref="oc-140"/>
      </symbol>
      <symbol id="sm-9cb">
         <name>_c_int00</name>
         <value>0x9faa</value>
         <object_component_ref idref="oc-145"/>
      </symbol>
      <symbol id="sm-9cc">
         <name>__stack</name>
         <value>0xa02e</value>
         <object_component_ref idref="oc-146"/>
      </symbol>
      <symbol id="sm-9e2">
         <name>_copy_in</name>
         <value>0x3af</value>
         <object_component_ref idref="oc-1c2"/>
      </symbol>
      <symbol id="sm-9f1">
         <name>_ppcopy</name>
         <value>0x3d3b</value>
         <object_component_ref idref="oc-151"/>
      </symbol>
      <symbol id="sm-9f2">
         <name>_dpcopy</name>
         <value>0x3d3b</value>
         <object_component_ref idref="oc-151"/>
      </symbol>
      <symbol id="sm-9f3">
         <name>_pdcopy</name>
         <value>0x3d3b</value>
         <object_component_ref idref="oc-151"/>
      </symbol>
      <symbol id="sm-9f4">
         <name>_ddcopy</name>
         <value>0x3d3b</value>
         <object_component_ref idref="oc-151"/>
      </symbol>
      <symbol id="sm-a24">
         <name>_atan2f</name>
         <value>0x380a</value>
         <object_component_ref idref="oc-1e7"/>
      </symbol>
      <symbol id="sm-a25">
         <name>_atan2</name>
         <value>0x380a</value>
         <object_component_ref idref="oc-1e7"/>
      </symbol>
      <symbol id="sm-a36">
         <name>_sqrtf</name>
         <value>0x3cb8</value>
         <object_component_ref idref="oc-1e0"/>
      </symbol>
      <symbol id="sm-a37">
         <name>_sqrt</name>
         <value>0x3cb8</value>
         <object_component_ref idref="oc-1e0"/>
      </symbol>
      <symbol id="sm-a42">
         <name>_errno</name>
         <value>0xa02c</value>
         <object_component_ref idref="oc-163"/>
      </symbol>
      <symbol id="sm-a57">
         <name>C$$EXIT</name>
         <value>0x3c8e</value>
         <object_component_ref idref="oc-1c5"/>
      </symbol>
      <symbol id="sm-a58">
         <name>_exit</name>
         <value>0x3c90</value>
         <object_component_ref idref="oc-1c5"/>
      </symbol>
      <symbol id="sm-a59">
         <name>___TI_cleanup_ptr</name>
         <value>0xa022</value>
         <object_component_ref idref="oc-167"/>
      </symbol>
      <symbol id="sm-a5a">
         <name>___TI_enable_exit_profile_output</name>
         <value>0xa020</value>
         <object_component_ref idref="oc-167"/>
      </symbol>
      <symbol id="sm-a5b">
         <name>_abort</name>
         <value>0x3c8e</value>
         <object_component_ref idref="oc-1c5"/>
      </symbol>
      <symbol id="sm-a5c">
         <name>___TI_dtors_ptr</name>
         <value>0xa024</value>
         <object_component_ref idref="oc-167"/>
      </symbol>
      <symbol id="sm-a6d">
         <name>FS$$DIV</name>
         <value>0x3b1d</value>
         <object_component_ref idref="oc-16c"/>
      </symbol>
      <symbol id="sm-a7b">
         <name>I$$MOD</name>
         <value>0x8fed</value>
         <object_component_ref idref="oc-171"/>
      </symbol>
      <symbol id="sm-a7c">
         <name>I$$DIV</name>
         <value>0x8fdc</value>
         <object_component_ref idref="oc-171"/>
      </symbol>
      <symbol id="sm-a88">
         <name>UL$$MOD</name>
         <value>0x3c88</value>
         <object_component_ref idref="oc-176"/>
      </symbol>
      <symbol id="sm-a89">
         <name>L$$MOD</name>
         <value>0x3c73</value>
         <object_component_ref idref="oc-176"/>
      </symbol>
      <symbol id="sm-a8a">
         <name>L$$DIV</name>
         <value>0x3c64</value>
         <object_component_ref idref="oc-176"/>
      </symbol>
      <symbol id="sm-a8b">
         <name>UL$$DIV</name>
         <value>0x3c81</value>
         <object_component_ref idref="oc-176"/>
      </symbol>
      <symbol id="sm-a9c">
         <name>___nw__FUl</name>
         <value>0x3cfd</value>
         <object_component_ref idref="oc-1ca"/>
      </symbol>
      <symbol id="sm-aa9">
         <name>___default_new_handler__Fv</name>
         <value>0x3cb7</value>
         <object_component_ref idref="oc-1da"/>
      </symbol>
      <symbol id="sm-ab6">
         <name>__system_pre_init</name>
         <value>0x8ffe</value>
         <object_component_ref idref="oc-1c1"/>
      </symbol>
      <symbol id="sm-adc">
         <name>_atan</name>
         <value>0x39ac</value>
         <object_component_ref idref="oc-1ea"/>
      </symbol>
      <symbol id="sm-add">
         <name>_atanf</name>
         <value>0x39ac</value>
         <object_component_ref idref="oc-1ea"/>
      </symbol>
      <symbol id="sm-aec">
         <name>_cos</name>
         <value>0x8f7b</value>
         <object_component_ref idref="oc-1e6"/>
      </symbol>
      <symbol id="sm-aed">
         <name>_cosf</name>
         <value>0x8f7b</value>
         <object_component_ref idref="oc-1e6"/>
      </symbol>
      <symbol id="sm-afb">
         <name>_sin</name>
         <value>0x3ba5</value>
         <object_component_ref idref="oc-1e5"/>
      </symbol>
      <symbol id="sm-afc">
         <name>_sinf</name>
         <value>0x3ba5</value>
         <object_component_ref idref="oc-1e5"/>
      </symbol>
      <symbol id="sm-b09">
         <name>__system_post_cinit</name>
         <value>0x3d77</value>
         <object_component_ref idref="oc-1c3"/>
      </symbol>
      <symbol id="sm-b15">
         <name>U$$MOD</name>
         <value>0x3fa</value>
         <object_component_ref idref="oc-19f"/>
      </symbol>
      <symbol id="sm-b16">
         <name>U$$DIV</name>
         <value>0x3f5</value>
         <object_component_ref idref="oc-19f"/>
      </symbol>
      <symbol id="sm-b21">
         <name>__new_handler</name>
         <value>0xa02a</value>
         <object_component_ref idref="oc-1a6"/>
      </symbol>
      <symbol id="sm-b36">
         <name>__unlock</name>
         <value>0xa028</value>
         <object_component_ref idref="oc-1e8"/>
      </symbol>
      <symbol id="sm-b37">
         <name>__lock</name>
         <value>0xa026</value>
         <object_component_ref idref="oc-1c8"/>
      </symbol>
      <symbol id="sm-b38">
         <name>__register_lock</name>
         <value>0x3d72</value>
         <object_component_ref idref="oc-1d8"/>
      </symbol>
      <symbol id="sm-b39">
         <name>__nop</name>
         <value>0x3d76</value>
         <object_component_ref idref="oc-1d8"/>
      </symbol>
      <symbol id="sm-b3a">
         <name>__register_unlock</name>
         <value>0x3d6e</value>
         <object_component_ref idref="oc-1d8"/>
      </symbol>
      <symbol id="sm-b4a">
         <name>__args_main</name>
         <value>0x3d55</value>
         <object_component_ref idref="oc-1c4"/>
      </symbol>
      <symbol id="sm-b92">
         <name>__sys_memory</name>
         <value>0x400</value>
         <object_component_ref idref="oc-1b4"/>
      </symbol>
      <symbol id="sm-b93">
         <name>_chkheap</name>
         <value>0x362d</value>
         <object_component_ref idref="oc-1db"/>
      </symbol>
      <symbol id="sm-b94">
         <name>_realloc</name>
         <value>0x353b</value>
         <object_component_ref idref="oc-1db"/>
      </symbol>
      <symbol id="sm-b95">
         <name>_free_memory</name>
         <value>0x360f</value>
         <object_component_ref idref="oc-1db"/>
      </symbol>
      <symbol id="sm-b96">
         <name>_max_free</name>
         <value>0x35ed</value>
         <object_component_ref idref="oc-1db"/>
      </symbol>
      <symbol id="sm-b97">
         <name>_free</name>
         <value>0x3474</value>
         <object_component_ref idref="oc-1db"/>
      </symbol>
      <symbol id="sm-b98">
         <name>_calloc</name>
         <value>0x362f</value>
         <object_component_ref idref="oc-1db"/>
      </symbol>
      <symbol id="sm-b99">
         <name>_malloc</name>
         <value>0x34dd</value>
         <object_component_ref idref="oc-1db"/>
      </symbol>
      <symbol id="sm-b9a">
         <name>_minit</name>
         <value>0x34b8</value>
         <object_component_ref idref="oc-1db"/>
      </symbol>
      <symbol id="sm-bac">
         <name>_memcpy</name>
         <value>0x3d1d</value>
         <object_component_ref idref="oc-1e9"/>
      </symbol>
   </symbol_table>
   <title>Link errors: red sections failed placement,available memory ranges in purple</title>
</link_info>
