******************************************************************************
                  TI ARM Linker PC v16.9.0                     
******************************************************************************
>> Linked Mon Jun 22 21:58:05 2026

OUTPUT FILE NAME:   <MITU_M3.out>
ENTRY POINT SYMBOL: "_c_int00"  address: 002144b1


MEMORY CONFIGURATION

         name            origin    length      used     unused   attr    fill
----------------------  --------  ---------  --------  --------  ----  --------
  BOOTROM               00000000   00010000  00000000  00010000  R  X
  FLASH_BOOT            00200030   00000004  00000004  00000000  RW X
  FLASH                 00200034   0007ff9c  0001a121  00065e7b  RW X
  C03SRAM               20000000   00008000  000067ec  00001814  RW X
  S07SHRAM              20008000   0000c000  000099ba  00002646  RW X
  CTOMMSGRAM            2007f000   00000800  00000000  00000800  R   
  MTOCMSGRAM            2007f800   00000800  00000000  00000800  RW  


SEGMENT ALLOCATION MAP

run origin  load origin   length   init length attrs members
----------  ----------- ---------- ----------- ----- -------
00200030    00200030    00000004   00000004    r-x
  00200030    00200030    00000004   00000004    r-x .ti_catalog_arm_cortexm3_concertoInit_begin
00200040    00200040    00019cb9   00019cb9    r-x
  00200040    00200040    0000003c   0000003c    r-- .resetVecs
  0020007c    0020007c    00017a14   00017a14    r-x .text
  00217a90    00217a90    00002269   00002269    r-- .const
00219d48    00219d48    00000420   00000420    r--
  00219d48    00219d48    00000410   00000410    r-- .cinit
  0021a158    0021a158    00000010   00000010    r-- .binit
20000000    20000000    000001b0   00000000    rw-
  20000000    20000000    000001b0   00000000    rw- .vecs
200001b0    00219cfc    00000048   00000048    r-x
  200001b0    00219cfc    00000048   00000048    r-x .ti_catalog_arm_cortexm3_concertoInit_flashfuncs
20000200    20000200    000065f4   00000000    rw-
  20000200    20000200    000065f4   00000000    rw- .bss.1
20008000    20008000    0000121c   00000000    rw-
  20008000    20008000    00000a1a   00000000    rw- .data
  20008a1c    20008a1c    00000800   00000000    rw- .stack
20009280    20009280    000048a8   00000000    rw-
  20009280    20009280    000048a8   00000000    rw- .bss.2
2000db80    2000db80    00003ef8   00000000    rw-
  2000db80    2000db80    00003ef8   00000000    rw- .bss.3


SECTION ALLOCATION MAP

 output                                  attributes/
section   page    origin      length       input sections
--------  ----  ----------  ----------   ----------------
.text      0    0020007c    00017a14     
                  0020007c    00001102     rtsv7M3_T_le_eabi.lib : _printfi.obj (.text)
                  0020117e    00000002     Boot.aem3 : Boot.oem3 (.text:.bootCodeSection:ti_catalog_arm_cortexm3_concertoInit_Boot_defaultLimpAbortFunction)
                  00201180    00000ca4     NETW_SocketComms.obj (.text:OscillogrammsWorker)
                  00201e24    00000c7c     stk.aem3 : tcpin.oem3 (.text:TcpInput)
                  00202aa0    0000096c     driverlib.lib : sysctl.obj (.text)
                  0020340c    000008b4     stk.aem3 : tcpout.oem3 (.text:TcpOutput)
                  00203cc0    00000578     driverlib.lib : ipc_lite.obj (.text)
                  00204238    00000448                   : gpio.obj (.text)
                  00204680    00000424     sysbios.aem3 : BIOS.obj (.text:ti_sysbios_family_arm_m3_Hwi_excDumpRegs__I)
                  00204aa4    00000408     stk.aem3 : ipout.oem3 (.text:IPTxPacket)
                  00204eac    00000384              : ipin.oem3 (.text:IPRxPacket)
                  00205230    00000354     MITU_M3.obj (.text:main)
                  00205584    0000034c     ti.targets.arm.rtsarm.aem3 : System.oem3 (.text:xdc_runtime_System_doPrint__I)
                  002058d0    00000324     rtsv7M3_T_le_eabi.lib : trgdrv.obj (.text)
                  00205bf4    00000310     driverlib.lib : ethernet.obj (.text)
                  00205f04    0000030c     rtsv7M3_T_le_eabi.lib : lowlev.obj (.text)
                  00206210    00000284     stk.aem3 : sock.oem3 (.text:SockSet)
                  00206494    00000278     driverlib.lib : interrupt.obj (.text)
                  0020670c    0000025e     stk.aem3 : fileuser.oem3 (.text:fdPoll)
                  0020696a    00000002     hal_userled_stub.aem3 : llled.oem3 (.text:LED_TOGGLE)
                  0020696c    00000250     TMDXDOCKH52C1.obj (.text:TMDXDOCKH52C1_initEMAC)
                  00206bbc    0000024c     stk.aem3 : ipfrag.oem3 (.text:IPReasm)
                  00206e08    0000023c              : icmpin.oem3 (.text:ICMPInput)
                  00207044    00000238              : udp.oem3 (.text:UdpInput)
                  0020727c    00000228     TMDXDOCKH52C1.obj (.text:PCON_EPI_INIT)
                  002074a4    00000220     NETW_SocketComms.obj (.text:OscillogrammsListener)
                  002076c4    000001f4     stk.aem3 : sock.oem3 (.text:SockRecv)
                  002078b8    000001f4     rtsv7M3_T_le_eabi.lib : ull_div_t2.obj (.text)
                  00207aac    000001dc     NETW_AHooks.obj (.text:netOpenHook)
                  00207c88    000001dc     sysbios.aem3 : BIOS.obj (.text:ti_sysbios_family_arm_m3_Hwi_excHandlerMax__I)
                  00207e64    000001d0     porttcp.obj (.text:xMBPortTCPPool)
                  00208034    000001c4     rtsv7M3_T_le_eabi.lib : fopen.obj (.text)
                  002081f8    000001b6                           : fd_add_t2.obj (.text)
                  002083ae    00000002     stk.aem3 : nat.oem3 (.text:NatMsg)
                  002083b0    000001b0              : lliout.oem3 (.text:LLITxIpPacket)
                  00208560    000001ac              : lliin.oem3 (.text:LLIRxPacket)
                  0020870c    000001ac     driverlib.lib : ipc_util.obj (.text)
                  002088b8    0000019c     os.aem3 : mem.oem3 (.text:mmAlloc)
                  00208a54    00000198     stk.aem3 : igmp.oem3 (.text:IGMPInput)
                  00208bec    00000190              : sock.oem3 (.text:SockNew)
                  00208d7c    00000186     driverlib.lib : epi.obj (.text)
                  00208f02    00000186     stk.aem3 : fileuser.oem3 (.text:fdSelect)
                  00209088    00000174     netctrl_min_ipv4.aem3 : netctrl.oem3 (.text:NC_NetStart)
                  002091fc    00000170     stk.aem3 : rtc.oem3 (.text:RTCReport)
                  0020936c    0000016a              : sb.oem3 (.text:SBRead)
                  002094d6    00000002     os.aem3 : task.oem3 (.text:_TaskInit)
                  002094d8    00000168     sysbios.aem3 : BIOS.obj (.text:ti_sysbios_family_arm_m3_Hwi_excBusFault__I)
                  00209640    00000160     stk.aem3 : sock.oem3 (.text:SockConnect)
                  002097a0    0000015c     mbfuncholding.obj (.text:eMBFuncReadWriteMultipleHoldingRegister)
                  002098fc    00000158     nettool_ipv4.aem3 : dhcpmain.oem3 (.text:DHCPOpen)
                  00209a54    00000158     sysbios.aem3 : BIOS.obj (.text:ti_sysbios_family_arm_m3_Hwi_excUsageFault__I)
                  00209bac    00000150     mb.obj (.text:eMBPoll)
                  00209cfc    00000148     sysbios.aem3 : BIOS.obj (.text:ti_sysbios_knl_Task_Instance_finalize__E)
                  00209e44    00000144     stk.aem3 : bind.oem3 (.text:BindNew)
                  00209f88    00000140              : tcp.oem3 (.text:TcpTimeoutCheck)
                  0020a0c8    00000140     sysbios.aem3 : BIOS.obj (.text:ti_sysbios_family_arm_m3_Hwi_excMemFault__I)
                  0020a208    0000013c     nettool_ipv4.aem3 : config.oem3 (.text:CfgAddEntry)
                  0020a344    0000013c     drivers_mware.aem3 : GPIOTiva.oem3 (.text:GPIO_setConfig)
                  0020a480    0000013c     stk.aem3 : sockint.oem3 (.text:SockNotify)
                  0020a5bc    0000013c              : sock.oem3 (.text:SockSend)
                  0020a6f8    00000136     rtsv7M3_T_le_eabi.lib : fd_div_t2.obj (.text)
                  0020a82e    00000002     os.aem3 : task.oem3 (.text:_TaskShutdown)
                  0020a830    00000134     stk.aem3 : icmp.oem3 (.text:ICMPGenPacket)
                  0020a964    00000134     rtsv7M3_T_le_eabi.lib : fputs.obj (.text)
                  0020aa98    00000134     sysbios.aem3 : BIOS.obj (.text:ti_sysbios_knl_Semaphore_pend__E)
                  0020abcc    00000124     stk.aem3 : sockpcb.oem3 (.text:SockPcbResolve)
                  0020acf0    00000124              : udp.oem3 (.text:UdpOutput)
                  0020ae14    00000124     MITU_M3_pem3.oem3 (.text:ti_ndk_config_Global_stackThread)
                  0020af38    00000118     drivers_mware.aem3 : EMACTiva.oem3 (.text:EMACTiva_NIMUInit)
                  0020b050    00000118     stk.aem3 : tcpout.oem3 (.text:TcpGenPacket)
                  0020b168    00000118     ti.targets.arm.rtsarm.aem3 : Error.oem3 (.text:xdc_runtime_Error_policyDefault__E)
                  0020b280    00000114     stk.aem3 : nimu.oem3 (.text:NIMUIoctl)
                  0020b394    00000114     porttcp.obj (.text:xMBTCPPortInit)
                  0020b4a8    00000110     stk.aem3 : node.oem3 (.text:NodeTreeFree)
                  0020b5b8    00000110              : raw.oem3 (.text:RawInput)
                  0020b6c8    00000110     mbfunccoils.obj (.text:eMBFuncReadCoils)
                  0020b7d8    0000010e     mbfuncdisc.obj (.text:eMBFuncReadDiscreteInputs)
                  0020b8e6    00000002     hal_ser_stub.aem3 : llserstb.oem3 (.text:_llSerialServiceCheck)
                  0020b8e8    0000010c     stk.aem3 : rtable.oem3 (.text:RtFind)
                  0020b9f4    0000010a              : route.oem3 (.text:RtCreate)
                  0020bafe    00000002     hal_ser_stub.aem3 : llserstb.oem3 (.text:_llSerialShutdown)
                  0020bb00    00000108     driverlib.lib : ram.obj (.text)
                  0020bc08    00000104     os.aem3 : task.oem3 (.text:llEnter)
                  0020bd0c    00000102     nettool_ipv4.aem3 : dhcppkt.oem3 (.text:dhcpPacketProcess)
                  0020be0e    00000102                       : inetaddr.oem3 (.text:inet_aton)
                  0020bf10    00000100     stk.aem3 : igmp.oem3 (.text:IGMPSendReply)
                  0020c010    00000100     ti.targets.arm.rtsarm.aem3 : Core-mem.oem3 (.text:xdc_runtime_Core_createObject__I)
                  0020c110    000000fc     netctrl_min_ipv4.aem3 : netctrl.oem3 (.text:NetScheduler)
                  0020c20c    000000fc     rtsv7M3_T_le_eabi.lib : fd_mul_t2.obj (.text)
                  0020c308    000000fa     stk.aem3 : pipe.oem3 (.text:PipeRecv)
                  0020c402    00000002     hal_userled_stub.aem3 : llled.oem3 (.text:_llUserLedInit)
                  0020c404    000000f8     ti.targets.arm.rtsarm.aem3 : Startup.oem3 (.text:xdc_runtime_Startup_startMods__I)
                  0020c4fc    000000f8     MITU_M3_pem3.oem3 (.text:xdc_runtime_System_printfExtend__I)
                  0020c5f4    000000f4     Boot.aem3 : Boot.oem3 (.text:.bootCodeSection:ti_catalog_arm_cortexm3_concertoInit_Boot_configurePllDivs)
                  0020c6e8    000000f4     os.aem3 : task.oem3 (.text:TaskGetEnv)
                  0020c7dc    000000f4     sysbios.aem3 : BIOS.obj (.text:ti_sysbios_knl_Task_Instance_init__E)
                  0020c8d0    000000f0     stk.aem3 : lliout.oem3 (.text:LLIGenArpPacket)
                  0020c9c0    000000f0              : sock.oem3 (.text:SockClose)
                  0020cab0    000000f0     mbfunccoils.obj (.text:eMBFuncWriteMultipleCoils)
                  0020cba0    000000f0     ModbusFunctions.obj (.text:eMBRegHoldingCB)
                  0020cc90    000000ec     ModbusFunctions.obj (.text:ModbusThread)
                  0020cd7c    000000e8     os.aem3 : task.oem3 (.text:TaskSetEnv)
                  0020ce64    000000e0     DataProcessing.obj (.text:DataProcessor)
                  0020cf44    000000e0     stk.aem3 : tcptime.oem3 (.text:TcpTimeoutRexmt)
                  0020d024    000000e0     mbfuncinput.obj (.text:eMBFuncReadInputRegister)
                  0020d104    000000e0     sysbios.aem3 : BIOS.obj (.text:ti_sysbios_knl_Task_postInit__I)
                  0020d1e4    000000dc     stk.aem3 : sb.oem3 (.text:SBWrite)
                  0020d2c0    000000dc     nettool_ipv4.aem3 : dhcpsock.oem3 (.text:dhcpSocketOpen)
                  0020d39c    000000dc                       : dhcpsm.oem3 (.text:dhcpState)
                  0020d478    000000dc     mbfuncholding.obj (.text:eMBFuncReadHoldingRegister)
                  0020d554    000000dc     rtsv7M3_T_le_eabi.lib : setvbuf.obj (.text)
                  0020d630    000000d8     stk.aem3 : node.oem3 (.text:NodeAdd)
                  0020d708    000000d8              : tcpprot.oem3 (.text:TcpPrSetOption)
                  0020d7e0    000000d4              : sockpcb.oem3 (.text:SockPcbBind)
                  0020d8b4    000000d1              : nimu.oem3 (.text:NIMUReceivePacket)
                  0020d985    00000001     --HOLE-- [fill = 0]
                  0020d986    00000002     hal_userled_stub.aem3 : llled.oem3 (.text:_llUserLedShutdown)
                  0020d988    000000d0     ModbusFunctions.obj (.text:pvPollingThread)
                  0020da58    000000d0     rtsv7M3_T_le_eabi.lib : s_scalbn.obj (.text)
                  0020db28    000000d0     sysbios.aem3 : m3_Hwi_asm.obj (.text:ti_sysbios_family_arm_m3_Hwi_dispatch__I)
                  0020dbf8    000000cc     stk.aem3 : icmp.oem3 (.text:ICMPSendRtAdv)
                  0020dcc4    000000cc     nettool_ipv4.aem3 : dhcpbild.oem3 (.text:dhcpBuildHeader)
                  0020dd90    000000cc                       : dhcpsm.oem3 (.text:dhcpIPAdd)
                  0020de5c    000000cc                       : dhcppkt.oem3 (.text:dhcpVerifyMessage)
                  0020df28    000000cc     ti.targets.arm.rtsarm.aem3 : Core-smem.oem3 (.text:xdc_runtime_Core_constructObject__I)
                  0020dff4    000000c8     stk.aem3 : rawethsock.oem3 (.text:RawEthSockNew)
                  0020e0bc    000000c8     netctrl_min_ipv4.aem3 : netsrv.oem3 (.text:SPIpNet)
                  0020e184    000000c8     rtsv7M3_T_le_eabi.lib : fflush.obj (.text)
                  0020e24c    000000c8     sysbios.aem3 : BIOS.obj (.text:ti_sysbios_heaps_HeapMem_alloc__E)
                  0020e314    000000c8                  : BIOS.obj (.text:ti_sysbios_knl_Task_sleep__E)
                  0020e3dc    000000c4     stk.aem3 : igmp.oem3 (.text:IGMPJoinHostGroup)
                  0020e4a0    000000c2     mbfuncholding.obj (.text:eMBFuncWriteMultipleHoldingRegister)
                  0020e562    00000002     mbtcp.obj (.text:eMBTCPStart)
                  0020e564    000000c0     nettool_ipv4.aem3 : dhcpsm.oem3 (.text:StateBound)
                  0020e624    000000bc     stk.aem3 : sockpcb.oem3 (.text:SockPcbFind)
                  0020e6e0    000000bc              : vlan.oem3 (.text:VLANDeinit)
                  0020e79c    000000b8              : icmpin.oem3 (.text:ICMPRevSrcRoute)
                  0020e854    000000b8              : lli.oem3 (.text:_LLITimeoutCheck)
                  0020e90c    000000b4              : tcptime.oem3 (.text:TcpTimeoutKeep)
                  0020e9c0    000000b4     sysbios.aem3 : BIOS.obj (.text:ti_sysbios_family_arm_m3_Hwi_excDebugMon__I)
                  0020ea74    000000b4                  : BIOS.obj (.text:ti_sysbios_family_arm_m3_Hwi_excHardFault__I)
                  0020eb28    000000b4                  : BIOS.obj (.text:ti_sysbios_knl_Task_checkStacks__E)
                  0020ebdc    000000b4                  : BIOS.obj (.text:ti_sysbios_knl_Task_exit__E)
                  0020ec90    000000b0     GlobalDataInit.obj (.text:Buffers_Init)
                  0020ed40    000000b0     stk.aem3 : rawethsock.oem3 (.text:RawEthSockSet)
                  0020edf0    000000b0              : rtable.oem3 (.text:RtTimeoutCheck)
                  0020eea0    000000b0     porttcp.obj (.text:xMBTCPPortSendResponse)
                  0020ef50    000000ac     driverlib.lib : watchdog.obj (.text)
                  0020effc    000000ac     rtsv7M3_T_le_eabi.lib : _io_perm.obj (.text)
                  0020f0a8    000000ac     MITU_M3_pem3.oem3 (.text:ti_ndk_config_ip_init)
                  0020f154    000000a8     stk.aem3 : sockint.oem3 (.text:SockCreatePacket)
                  0020f1fc    000000a8     mbfunccoils.obj (.text:eMBFuncWriteCoil)
                  0020f2a4    000000a4     sysbios.aem3 : BIOS.obj (.text:ti_sysbios_knl_Task_setPri__E)
                  0020f348    000000a0     stk.aem3 : ip.oem3 (.text:IPGetRoute)
                  0020f3e8    000000a0     auto_init.aem3 : auto_init.oem3 (.text)
                  0020f488    000000a0     porttcp.obj (.text:prvbMBPortAcceptClient)
                  0020f528    000000a0     ti.targets.arm.rtsarm.aem3 : Text.oem3 (.text:xdc_runtime_Text_putMod__E)
                  0020f5c8    0000009e     stk.aem3 : nimu.oem3 (.text:NIMUAddEthernetHeader)
                  0020f666    0000009e     nettool_ipv4.aem3 : dhcpbild.oem3 (.text:dhcpBuildRequest)
                  0020f704    0000009c     stk.aem3 : exec.oem3 (.text:ExecOpen)
                  0020f7a0    0000009c     mb.obj (.text:eMBTCPInit)
                  0020f83c    0000009c     rtsv7M3_T_le_eabi.lib : memcpy_t2.obj (.text)
                  0020f8d8    0000009a     ti.targets.arm.rtsarm.aem3 : Text.oem3 (.text:xdc_runtime_Text_putSite__E)
                  0020f972    00000002     hal_ser_stub.aem3 : llserstb.oem3 (.text:llSerialService)
                  0020f974    00000098     netctrl_min_ipv4.aem3 : netctrl.oem3 (.text:NC_SystemOpen)
                  0020fa0c    00000098                           : netsrv.oem3 (.text:ServiceScan)
                  0020faa4    00000098     ModbusFunctions.obj (.text:eMBRegInputCB)
                  0020fb3c    00000098     rtsv7M3_T_le_eabi.lib : fclose.obj (.text)
                  0020fbd4    00000098                           : fputc.obj (.text)
                  0020fc6c    00000094     nettool_ipv4.aem3 : config.oem3 (.text:CfgRemoveEntry)
                  0020fd00    00000094     sysbios.aem3 : BIOS.obj (.text:ti_sysbios_family_arm_m3_Hwi_Instance_init__E)
                  0020fd94    00000090     nettool_ipv4.aem3 : config.oem3 (.text:CfgExecute)
                  0020fe24    00000090     stk.aem3 : igmp.oem3 (.text:IGMPMsg)
                  0020feb4    00000090     os.aem3 : mem.oem3 (.text:mmBulkAlloc)
                  0020ff44    00000090     sysbios.aem3 : BIOS.obj (.text:ti_sysbios_knl_Task_schedule__I)
                  0020ffd4    0000008c     stk.aem3 : ip.oem3 (.text:IPMsg)
                  00210060    0000008c     os.aem3 : mem.oem3 (.text:_mmInit)
                  002100ec    0000008c             : mem.oem3 (.text:mmInitPage)
                  00210178    0000008a     netctrl_min_ipv4.aem3 : netsrv.oem3 (.text:SPRoute)
                  00210202    00000002     rtsv7M3_T_le_eabi.lib : i_div0.obj (.text)
                  00210204    00000088     netctrl_min_ipv4.aem3 : netsrv.oem3 (.text:ServiceSpawn)
                  0021028c    00000088     stk.aem3 : sockpcb.oem3 (.text:SockPcbCtlError)
                  00210314    00000088     sysbios.aem3 : BIOS.obj (.text:ti_sysbios_family_arm_m3_Hwi_postInit__I)
                  0021039c    00000088                  : BIOS.obj (.text:ti_sysbios_knl_Task_startCore__E)
                  00210424    00000086     stk.aem3 : sock.oem3 (.text:SockCheck)
                  002104aa    00000086     nettool_ipv4.aem3 : dhcpsm.oem3 (.text:StateRequesting)
                  00210530    00000086     rtsv7M3_T_le_eabi.lib : fd_cmp_t2.obj (.text:__aeabi_cdcmple)
                  002105b6    00000086                           : fd_cmp_t2.obj (.text:__aeabi_cdrcmple)
                  0021063c    00000084     nettool_ipv4.aem3 : config.oem3 (.text:CfgGetEntry)
                  002106c0    00000084     drivers_mware.aem3 : EMACTiva.oem3 (.text:EMACTiva_handleRx)
                  00210744    00000084     stk.aem3 : tcpprot.oem3 (.text:TcpPrAttach)
                  002107c8    00000084     os.aem3 : mem.oem3 (.text:mmBulkFree)
                  0021084c    00000084             : mem.oem3 (.text:mmFree)
                  002108d0    00000084     sysbios.aem3 : BIOS.obj (.text:ti_sysbios_family_arm_m3_Hwi_initNVIC__E)
                  00210954    00000084                  : BIOS.obj (.text:ti_sysbios_knl_Task_Module_startup__E)
                  002109d8    00000082     nettool_ipv4.aem3 : dhcpsm.oem3 (.text:StateRenewRebind)
                  00210a5a    00000002     MITU_M3_pem3.oem3 (.text:ti_ndk_config_Global_NetworkClose)
                  00210a5c    00000080     stk.aem3 : lli.oem3 (.text:LLINew)
                  00210adc    00000080     netctrl_min_ipv4.aem3 : netsrv.oem3 (.text:NS_BootTask)
                  00210b5c    00000080     stk.aem3 : pbm.oem3 (.text:PBM_alloc)
                  00210bdc    00000080              : raw.oem3 (.text:RawOutput)
                  00210c5c    0000007f     MITU_M3_pem3.oem3 (.text:ti_ndk_config_Global_NetworkIPAddr)
                  00210cdb    00000001     --HOLE-- [fill = 0]
                  00210cdc    0000007e     stk.aem3 : fileuser.oem3 (.text:fdClose)
                  00210d5a    00000002     MITU_M3_pem3.oem3 (.text:ti_sysbios_BIOS_nullFunc__I)
                  00210d5c    0000007c     nettool_ipv4.aem3 : config.oem3 (.text:CfgGetNextEntry)
                  00210dd8    0000007c     stk.aem3 : igmp.oem3 (.text:IGMPDoMCast)
                  00210e54    0000007c              : igmp.oem3 (.text:IGMPJoin)
                  00210ed0    0000007c              : socket.oem3 (.text:NDK_setsockopt)
                  00210f4c    0000007c              : nimu.oem3 (.text:NIMURegister)
                  00210fc8    0000007c              : pbm.oem3 (.text:PBM_free)
                  00211044    0000007c     TMDXDOCKH52C1.obj (.text:TMDXDOCKH52C1_initGeneral)
                  002110c0    0000007c     sysbios.aem3 : BIOS.obj (.text:ti_sysbios_heaps_HeapMem_free__E)
                  0021113c    0000007a     stk.aem3 : sock.oem3 (.text:SockAccept)
                  002111b6    0000007a     rtsv7M3_T_le_eabi.lib : memset_t2.obj (.text)
                  00211230    00000078     drivers_mware.aem3 : EMACTiva.oem3 (.text:EMACTiva_emacStart)
                  002112a8    00000078     stk.aem3 : socket.oem3 (.text:NDK_sendto)
                  00211320    00000078              : tcptime.oem3 (.text:TcpXmitTimer)
                  00211398    00000078              : fileuser.oem3 (.text:fdOpenSession)
                  00211410    00000078     os.aem3 : task.oem3 (.text:llExit)
                  00211488    00000076     stk.aem3 : pipe.oem3 (.text:PipeSend)
                  002114fe    00000002     sysbios.aem3 : BIOS.obj (.text:ti_sysbios_gates_GateHwi_Instance_init__E)
                  00211500    00000075     stk.aem3 : tcptime.oem3 (.text:TcpTimeoutSackRexmt)
                  00211575    00000001     --HOLE-- [fill = 0]
                  00211576    00000002     sysbios.aem3 : BIOS.obj (.text:ti_sysbios_knl_Clock_logTick__E)
                  00211578    00000074     stk.aem3 : igmp.oem3 (.text:IGMPLeaveHostGroup)
                  002115ec    00000074              : nimu.oem3 (.text:NIMUShutdown)
                  00211660    00000074              : raweth.oem3 (.text:RawEthRxPacket)
                  002116d4    00000074              : sockpcb.oem3 (.text:SockPcbConnect)
                  00211748    00000072     os.aem3 : semaphore.oem3 (.text:SemCreateBinary)
                  002117ba    00000070     stk.aem3 : socket.oem3 (.text:NDK_accept)
                  0021182a    00000070              : socket.oem3 (.text:NDK_send)
                  0021189a    00000002     sysbios.aem3 : BIOS.obj (.text:ti_sysbios_knl_Swi_Instance_finalize__E)
                  0021189c    00000070     stk.aem3 : rtable.oem3 (.text:RtFlush)
                  0021190c    00000070     netctrl_min_ipv4.aem3 : netsrv.oem3 (.text:SPConfig)
                  0021197c    00000070     stk.aem3 : sock.oem3 (.text:SockShutdown)
                  002119ec    00000070     nettool_ipv4.aem3 : dhcptags.oem3 (.text:dhcpDecodeType)
                  00211a5c    0000006e     stk.aem3 : socket.oem3 (.text:NDK_recv)
                  00211aca    00000002     --HOLE-- [fill = 0]
                  00211acc    0000006e              : rtable.oem3 (.text:RtWalkNext)
                  00211b3a    0000006e              : sockpcb.oem3 (.text:SockPcbFindRaw)
                  00211ba8    0000006d              : node.oem3 (.text:NodeNew)
                  00211c15    00000003     --HOLE-- [fill = 0]
                  00211c18    0000006d     ti.targets.arm.rtsarm.aem3 : System.oem3 (.text:xdc_runtime_System_formatNum__I)
                  00211c85    00000003     --HOLE-- [fill = 0]
                  00211c88    0000006c     os.aem3 : ossys.oem3 (.text:DbgPrintf)
                  00211cf4    0000006c     stk.aem3 : node.oem3 (.text:NodeTreeNew)
                  00211d60    0000006c              : pbm.oem3 (.text:PBM_open)
                  00211dcc    0000006c              : raweth.oem3 (.text:RawEthTxPacket)
                  00211e38    0000006c              : udp.oem3 (.text:UdpChecksum)
                  00211ea4    0000006c     rtsv7M3_T_le_eabi.lib : fprintf.obj (.text)
                  00211f10    0000006c     sysbios.aem3 : BIOS.obj (.text:ti_sysbios_knl_Clock_workFunc__E)
                  00211f7c    0000006c     ti.targets.arm.rtsarm.aem3 : Error.oem3 (.text:xdc_runtime_Error_print__E)
                  00211fe8    0000006c                                : Memory.oem3 (.text:xdc_runtime_Memory_alloc__E)
                  00212054    0000006a     stk.aem3 : tcpprot.oem3 (.text:TcpPrInherit)
                  002120be    0000006a     mbfuncholding.obj (.text:eMBFuncWriteHoldingRegister)
                  00212128    00000068     drivers_mware.aem3 : EMACTiva.oem3 (.text:EMACTiva_emacStop)
                  00212190    00000068                        : GPIOTiva.oem3 (.text:GPIO_init)
                  002121f8    00000068     stk.aem3 : socket.oem3 (.text:NDK_socket)
                  00212260    00000068              : sock.oem3 (.text:SockListen)
                  002122c8    00000068              : rtable.oem3 (.text:_RtNodeInsert)
                  00212330    00000068     rtsv7M3_T_le_eabi.lib : copy_decompress_lzss.obj (.text:decompress:lzss)
                  00212398    00000068     mbtcp.obj (.text:eMBTCPReceive)
                  00212400    00000068     rtsv7M3_T_le_eabi.lib : trgmsg.obj (.text)
                  00212468    00000068     sysbios.aem3 : BIOS.obj (.text:ti_sysbios_knl_Semaphore_post__E)
                  002124d0    00000066     ti.targets.arm.rtsarm.aem3 : Core-mem.oem3 (.text:xdc_runtime_Core_deleteObject__I)
                  00212536    00000002     --HOLE-- [fill = 0]
                  00212538    00000064     nettool_ipv4.aem3 : config.oem3 (.text:CfgFree)
                  0021259c    00000064                       : config.oem3 (.text:CfgGetEntryCnt)
                  00212600    00000064     drivers_mware.aem3 : GPIOTiva.oem3 (.text:GPIO_hwiIntFxn)
                  00212664    00000064     stk.aem3 : pbm.oem3 (.text:PBMQ_enq)
                  002126c8    00000064              : sockint.oem3 (.text:SockSpawnAbort)
                  0021272c    00000064     TMDXDOCKH52C1.obj (.text:TMDXDOCKH52C1_initGPIO)
                  00212790    00000064     rtsv7M3_T_le_eabi.lib : fseek.obj (.text)
                  002127f4    00000064     MITU_M3_pem3.oem3 (.text:ti_sysbios_family_arm_m3_Hwi_create)
                  00212858    00000064     sysbios.aem3 : BIOS.obj (.text:ti_sysbios_family_arm_m3_Hwi_dispatchC__I)
                  002128bc    00000064                  : BIOS.obj (.text:ti_sysbios_knl_Swi_restoreHwi__E)
                  00212920    00000064     stk.aem3 : lliin.oem3 (.text:updateRtTable)
                  00212984    00000062              : ipin.oem3 (.text:IPRouteIP)
                  002129e6    00000002     --HOLE-- [fill = 0]
                  002129e8    00000062              : sb.oem3 (.text:SBNew)
                  00212a4a    00000060              : file.oem3 (.text:FdWaitEvent)
                  00212aaa    00000002     --HOLE-- [fill = 0]
                  00212aac    00000060              : nimu.oem3 (.text:NIMUUnregister)
                  00212b0c    00000060              : node.oem3 (.text:NodeFind)
                  00212b6c    00000060              : rtc.oem3 (.text:RTCMsg)
                  00212bcc    00000060              : tcp.oem3 (.text:TcpChecksum)
                  00212c2c    00000060     nettool_ipv4.aem3 : dhcptags.oem3 (.text:dhcpBuildOptions)
                  00212c8c    00000060     hal_timer_bios.aem3 : lltimer.oem3 (.text:llTimerTick)
                  00212cec    0000005e     stk.aem3 : route.oem3 (.text:RtRemove)
                  00212d4a    0000005e     nettool_ipv4.aem3 : dhcpsm.oem3 (.text:StateSelecting)
                  00212da8    0000005e     stk.aem3 : vlan.oem3 (.text:VLANReceivePacket)
                  00212e06    0000005e     MITU_M3_pem3.oem3 (.text:ti_ndk_config_tcp_init)
                  00212e64    0000005c     nettool_ipv4.aem3 : config.oem3 (.text:CfgSetExecuteOrder)
                  00212ec0    0000005c     stk.aem3 : nimu.oem3 (.text:NIMUIoctlSpecialCmd)
                  00212f1c    0000005c     netctrl_min_ipv4.aem3 : netsrv.oem3 (.text:SPService)
                  00212f78    0000005c     rtsv7M3_T_le_eabi.lib : s_frexp.obj (.text)
                  00212fd4    0000005c     MITU_M3_pem3.oem3 (.text:ti_sysbios_knl_Swi_create)
                  00213030    0000005c     sysbios.aem3 : BIOS.obj (.text:ti_sysbios_knl_Swi_run__I)
                  0021308c    0000005c     MITU_M3_pem3.oem3 (.text:ti_sysbios_knl_Task_create)
                  002130e8    0000005b     ti.targets.arm.rtsarm.aem3 : Text.oem3 (.text:xdc_runtime_Text_putLab__E)
                  00213143    00000001     --HOLE-- [fill = 0]
                  00213144    0000005a     stk.aem3 : rawethsock.oem3 (.text:RawEthSockCheck)
                  0021319e    0000005a              : route.oem3 (.text:RtRedirect)
                  002131f8    0000005a     nettool_ipv4.aem3 : dhcpbild.oem3 (.text:dhcpBuildDecline)
                  00213252    0000005a     mbtcp.obj (.text:eMBTCPSend)
                  002132ac    0000005a     os.aem3 : mem.oem3 (.text:mmCopy)
                  00213306    00000002     --HOLE-- [fill = 0]
                  00213308    00000058     stk.aem3 : bind.oem3 (.text:BindFree)
                  00213360    00000058              : igmp.oem3 (.text:IGMPTimer)
                  002133b8    00000058     os.aem3 : semaphore.oem3 (.text:SemCreate)
                  00213410    00000058     stk.aem3 : tcpprot.oem3 (.text:TcpValidateMetrics)
                  00213468    00000058     sysbios.aem3 : BIOS.obj (.text:ti_sysbios_knl_Swi_schedule__I)
                  002134c0    00000058                  : BIOS.obj (.text:ti_sysbios_knl_Task_unblockI__E)
                  00213518    00000056     rtsv7M3_T_le_eabi.lib : ltoa.obj (.text)
                  0021356e    00000002     --HOLE-- [fill = 0]
                  00213570    00000054     nettool_ipv4.aem3 : config.oem3 (.text:CfgEntryDeRef)
                  002135c4    00000054     stk.aem3 : igmp.oem3 (.text:IGMPLeave)
                  00213618    00000054              : rawethsock_pcb.oem3 (.text:RawEthSockPcbAttach)
                  0021366c    00000054              : sockpcb.oem3 (.text:SockCleanPcb)
                  002136c0    00000054              : tcptime.oem3 (.text:TcpTimeoutPersist)
                  00213714    00000054     rtsv7M3_T_le_eabi.lib : exit.obj (.text)
                  00213768    00000054     sysbios.aem3 : BIOS.obj (.text:ti_sysbios_family_arm_m3_Timer_setPeriod__E)
                  002137bc    00000054                  : BIOS.obj (.text:ti_sysbios_family_arm_m3_Timer_start__E)
                  00213810    00000054                  : BIOS.obj (.text:ti_sysbios_knl_Swi_Instance_init__E)
                  00213864    00000054     ti.targets.arm.rtsarm.aem3 : Assert.oem3 (.text:xdc_runtime_Assert_raise__I)
                  002138b8    00000052     stk.aem3 : tcpprot.oem3 (.text:TcpPrDetach)
                  0021390a    00000002     --HOLE-- [fill = 0]
                  0021390c    00000050     drivers_mware.aem3 : EMACTiva.oem3 (.text:EMACTiva_handlePendingTx)
                  0021395c    00000050                        : GPIOTiva.oem3 (.text:GPIO_setCallback)
                  002139ac    00000050                        : GPIOTiva.oem3 (.text:GPIO_write)
                  002139fc    00000050     stk.aem3 : socket.oem3 (.text:NDK_bind)
                  00213a4c    00000050              : route.oem3 (.text:RtNew)
                  00213a9c    00000050     sysbios.aem3 : BIOS.obj (.text:ti_sysbios_knl_Clock_Instance_init__E)
                  00213aec    00000050     ti.targets.arm.rtsarm.aem3 : Startup.oem3 (.text:xdc_runtime_Startup_exec__E)
                  00213b3c    0000004e     stk.aem3 : node.oem3 (.text:NodeDeRef)
                  00213b8a    0000004e     nettool_ipv4.aem3 : config.oem3 (.text:_CfgEntryScan)
                  00213bd8    0000004c                       : ipaddr.oem3 (.text:NtAddNetwork)
                  00213c24    0000004c     stk.aem3 : sockint.oem3 (.text:SockValidateRoute)
                  00213c70    0000004c     rtsv7M3_T_le_eabi.lib : atoi.obj (.text)
                  00213cbc    0000004c                           : cpy_tbl.obj (.text)
                  00213d08    0000004c     sysbios.aem3 : m3_TaskSupport_asm.obj (.text:ti_sysbios_family_arm_m3_TaskSupport_buildTaskStack)
                  00213d54    0000004c                  : BIOS.obj (.text:ti_sysbios_knl_Swi_runLoop__I)
                  00213da0    0000004c                  : BIOS.obj (.text:ti_sysbios_knl_Task_deleteTerminatedTasksFunc__I)
                  00213dec    0000004c     ti.targets.arm.rtsarm.aem3 : Text.oem3 (.text:xdc_runtime_Text_visitRope2__I)
                  00213e38    0000004a     netctrl_min_ipv4.aem3 : netsrv.oem3 (.text:ServiceKill)
                  00213e82    0000004a     stk.aem3 : sock.oem3 (.text:SockDisconnect)
                  00213ecc    0000004a              : timer.oem3 (.text:TimerNew)
                  00213f16    00000048     nettool_ipv4.aem3 : config.oem3 (.text:CfgNew)
                  00213f5e    00000002     --HOLE-- [fill = 0]
                  00213f60    00000048     stk.aem3 : lli.oem3 (.text:LLIMsg)
                  00213fa8    00000048              : node.oem3 (.text:NodeWalk)
                  00213ff0    00000048              : rawethsock_pcb.oem3 (.text:RawEthSockPcbDetach)
                  00214038    00000048              : sockpcb.oem3 (.text:SockPcbResolveChain)
                  00214080    00000048              : tcpprot.oem3 (.text:TcpDrop)
                  002140c8    00000048              : lli.oem3 (.text:_LLIExpListInsert)
                  00214110    00000048              : rtable.oem3 (.text:_RtExpListInsert)
                  00214158    00000048              : file.oem3 (.text:fdint_lockfd)
                  002141a0    00000048     rtsv7M3_T_le_eabi.lib : fd_toi_t2.obj (.text)
                  002141e8    00000048     sysbios.aem3 : BIOS.obj (.text:ti_sysbios_family_arm_m3_Hwi_Module_startup__E)
                  00214230    00000048                  : BIOS.obj (.text:ti_sysbios_family_arm_m3_Hwi_excReserved__I)
                  00214278    00000048                  : m3_Hwi_asm_switch.obj (.text:ti_sysbios_family_arm_m3_Hwi_initStacks__E)
                  002142c0    00000048                  : BIOS.obj (.text:ti_sysbios_family_arm_m3_Timer_initDevice__I)
                  00214308    00000048                  : BIOS.obj (.text:ti_sysbios_heaps_HeapMem_getStats__E)
                  00214350    00000046     nettool_ipv4.aem3 : ipaddr.oem3 (.text:NtIfIdx2Ip)
                  00214396    00000046     stk.aem3 : rawethsock.oem3 (.text:RawEthSockSend)
                  002143dc    00000046              : tcpprot.oem3 (.text:TcpPrCtlError)
                  00214422    00000046     os.aem3 : mem.oem3 (.text:mmZeroInit)
                  00214468    00000046     ti.targets.arm.rtsarm.aem3 : Core-params.oem3 (.text:xdc_runtime_Core_assignParams__I)
                  002144ae    00000002     --HOLE-- [fill = 0]
                  002144b0    00000044     boot.aem3 : boot.oem3 (.text)
                  002144f4    00000044     stk.aem3 : icmp.oem3 (.text:ICMPChecksum)
                  00214538    00000044              : ipfrag.oem3 (.text:IPReasmFree)
                  0021457c    00000044              : lli.oem3 (.text:LLIGetValidTime)
                  002145c0    00000044              : rtable.oem3 (.text:RouteMsg)
                  00214604    00000044              : rtable.oem3 (.text:RtWalkEnd)
                  00214648    00000044              : sockpcb.oem3 (.text:SockPcbDetach)
                  0021468c    00000044              : timer.oem3 (.text:TimerListInsert)
                  002146d0    00000044     hal_timer_bios.aem3 : lltimer.oem3 (.text:llTimerGetTime)
                  00214714    00000044     mbutils.obj (.text:prveMBError2Exception)
                  00214758    00000044     sysbios.aem3 : BIOS.obj (.text:ti_sysbios_family_arm_m3_Hwi_disableInterrupt__E)
                  0021479c    00000044                  : BIOS.obj (.text:ti_sysbios_family_arm_m3_Hwi_enableInterrupt__E)
                  002147e0    00000044                  : BIOS.obj (.text:ti_sysbios_knl_Swi_post__E)
                  00214824    00000044                  : BIOS.obj (.text:ti_sysbios_knl_Task_allBlockedFunction__I)
                  00214868    00000044     ti.targets.arm.rtsarm.aem3 : Error.oem3 (.text:xdc_runtime_Error_setX__E)
                  002148ac    00000044                                : SysMin.oem3 (.text:xdc_runtime_SysMin_flush__E)
                  002148f0    00000044                                : Text.oem3 (.text:xdc_runtime_Text_xprintf__I)
                  00214934    00000042     stk.aem3 : socket.oem3 (.text:NDK_listen)
                  00214976    00000042              : tcpprot.oem3 (.text:TcpPrSendOOB)
                  002149b8    00000042              : fileuser.oem3 (.text:fdCloseSession)
                  002149fa    00000002     --HOLE-- [fill = 0]
                  002149fc    00000040              : lliin.oem3 (.text:LLIValidateRoute)
                  00214a3c    00000040              : pbm.oem3 (.text:PBM_copy)
                  00214a7c    00000040              : sockpcb.oem3 (.text:SockPcbRtChange)
                  00214abc    00000040              : tcpprot.oem3 (.text:TcpPrSend)
                  00214afc    00000040     mb.obj (.text:eMBDisable)
                  00214b3c    00000040     rtsv7M3_T_le_eabi.lib : u_divt2.obj (.text)
                  00214b7c    00000040     sysbios.aem3 : BIOS.obj (.text:ti_sysbios_family_arm_m3_Hwi_getStackInfo__E)
                  00214bbc    00000040                  : BIOS.obj (.text:ti_sysbios_family_arm_m3_Timer_Module_startup__E)
                  00214bfc    00000040                  : BIOS.obj (.text:ti_sysbios_heaps_HeapMem_Instance_init__E)
                  00214c3c    0000003e     nettool_ipv4.aem3 : dhcpmain.oem3 (.text:DHCPClose)
                  00214c7a    00000002     --HOLE-- [fill = 0]
                  00214c7c    0000003e     stk.aem3 : nimu.oem3 (.text:NIMUAllocateName)
                  00214cba    0000003e     os.aem3 : task.oem3 (.text:TaskCreate)
                  00214cf8    0000003e     stk.aem3 : tcpprot.oem3 (.text:TcpPrDisconnect)
                  00214d36    0000003e              : file.oem3 (.text:fdint_unlockfd)
                  00214d74    0000003c     nettool_ipv4.aem3 : config.oem3 (.text:CfgEntryGetData)
                  00214db0    0000003c     stk.aem3 : node.oem3 (.text:NodeUpdatePL)
                  00214dec    0000003c              : rtable.oem3 (.text:RtWalkBegin)
                  00214e28    0000003c              : tcpprot.oem3 (.text:TcpPrConnect)
                  00214e64    0000003c              : tcptime.oem3 (.text:TcpSetPersist)
                  00214ea0    0000003c     MemFunctions.obj (.text:WriteTo_MTOC_MSGRAM)
                  00214edc    0000003c     stk.aem3 : rtc.oem3 (.text:_RTCSendRtAdv)
                  00214f18    0000003c              : rtable.oem3 (.text:_RtNodeRemove)
                  00214f54    0000003c     hal_timer_bios.aem3 : lltimer.oem3 (.text:_llTimerInit)
                  00214f90    0000003c     sysbios.aem3 : BIOS.obj (.text:ti_sysbios_family_arm_m3_Hwi_excSvCall__I)
                  00214fcc    0000003c                  : BIOS.obj (.text:ti_sysbios_heaps_HeapMem_init__I)
                  00215008    0000003c                  : BIOS.obj (.text:ti_sysbios_knl_Swi_restore__E)
                  00215044    00000038     stk.aem3 : ip.oem3 (.text:IPChecksum)
                  0021507c    00000038              : ipfrag.oem3 (.text:IPReasmTimeout)
                  002150b4    00000038              : node.oem3 (.text:NodeGetRt)
                  002150ec    00000038     MemFunctions.obj (.text:ReadFrom_CTOM_MSGRAM)
                  00215124    00000038     MemFunctions.obj (.text:ReadFrom_CTOM_MSGRAM_Float)
                  0021515c    00000038     MemFunctions.obj (.text:ReadFrom_S6SHRAM)
                  00215194    00000038     stk.aem3 : tcpprot.oem3 (.text:TcpClose)
                  002151cc    00000038              : timer.oem3 (.text:TimerHSTick)
                  00215204    00000038     MemFunctions.obj (.text:WriteTo_FPGA)
                  0021523c    00000038     MemFunctions.obj (.text:WriteTo_MTOC_MSGRAM_Float)
                  00215274    00000038     MemFunctions.obj (.text:WriteTo_SRAM)
                  002152ac    00000038     nettool_ipv4.aem3 : dhcpbild.oem3 (.text:dhcpBuildDiscover)
                  002152e4    00000038                       : dhcptags.oem3 (.text:dhcpOptionsClear)
                  0021531c    00000038     stk.aem3 : file.oem3 (.text:fdint_waitevent)
                  00215354    00000038     sysbios.aem3 : BIOS.obj (.text:ti_sysbios_family_arm_m3_Hwi_excNoIsr__I)
                  0021538c    00000038     MITU_M3_pem3.oem3 (.text:ti_sysbios_knl_Clock_create)
                  002153c4    00000038     sysbios.aem3 : BIOS.obj (.text:ti_sysbios_knl_Task_processVitalTaskFlag__I)
                  002153fc    00000038     portevent.obj (.text:xMBPortEventGet)
                  00215434    00000038     ti.targets.arm.rtsarm.aem3 : SysMin.oem3 (.text:xdc_runtime_SysMin_putch__E)
                  0021546c    00000038                                : System.oem3 (.text:xdc_runtime_System_atexit__E)
                  002154a4    00000036     driverlib.lib : cpu.obj (.text)
                  002154da    00000036     rtsv7M3_T_le_eabi.lib : strncpy.obj (.text)
                  00215510    00000034     nettool_ipv4.aem3 : config.oem3 (.text:CfgSetService)
                  00215544    00000034     drivers_mware.aem3 : EMACTiva.oem3 (.text:EMACTiva_emacPoll)
                  00215578    00000034                        : EMACTiva.oem3 (.text:EMACTiva_hwiIntFxn)
                  002155ac    00000034                        : EMACTiva.oem3 (.text:EMACTiva_isLinkUp)
                  002155e0    00000034                        : EMAC.oem3 (.text:EMAC_init)
                  00215614    00000034     stk.aem3 : exec.oem3 (.text:ExecClose)
                  00215648    00000034              : nimu.oem3 (.text:NIMUFindByName)
                  0021567c    00000034              : nimu.oem3 (.text:NIMUInit)
                  002156b0    00000034              : rawethsock.oem3 (.text:RawEthSockNotify)
                  002156e4    00000034     MemFunctions.obj (.text:ReadFrom_FPGA)
                  00215718    00000034     stk.aem3 : sockprot.oem3 (.text:SockPrCtlError)
                  0021574c    00000034     mb.obj (.text:eMBEnable)
                  00215780    00000034     os.aem3 : mem.oem3 (.text:mmUnInitPage)
                  002157b4    00000034     sysbios.aem3 : BIOS.obj (.text:ti_sysbios_family_arm_m3_Hwi_Instance_finalize__E)
                  002157e8    00000034                  : BIOS.obj (.text:ti_sysbios_family_arm_m3_Hwi_excNmi__I)
                  0021581c    00000034                  : BIOS.obj (.text:ti_sysbios_family_arm_m3_Timer_periodicStub__I)
                  00215850    00000034                  : BIOS.obj (.text:ti_sysbios_hal_Hwi_checkStack)
                  00215884    00000034     MITU_M3_pem3.oem3 (.text:ti_sysbios_knl_Semaphore_create)
                  002158b8    00000034     porttcp.obj (.text:xMBTCPPortGetRequest)
                  002158ec    00000034     ti.targets.arm.rtsarm.aem3 : Core-label.oem3 (.text:xdc_runtime_Core_assignLabel__I)
                  00215920    00000033                                : Text.oem3 (.text:xdc_runtime_Text_printVisFxn__I)
                  00215953    00000001     --HOLE-- [fill = 0]
                  00215954    00000032     nettool_ipv4.aem3 : config.oem3 (.text:CfgGetImmediate)
                  00215986    00000032     stk.aem3 : pipe.oem3 (.text:PipeCheck)
                  002159b8    00000032              : route.oem3 (.text:RtDeRef)
                  002159ea    00000032              : route.oem3 (.text:RtSetFailure)
                  00215a1c    00000032              : sb.oem3 (.text:SBFlush)
                  00215a4e    00000032              : sb.oem3 (.text:SBSetMax)
                  00215a80    00000032              : sock.oem3 (.text:SockIntAbort)
                  00215ab2    00000032     nettool_ipv4.aem3 : config.oem3 (.text:_CfgAcquire)
                  00215ae4    00000032                       : dhcpsm.oem3 (.text:dhcpIPRemove)
                  00215b16    00000032     sysbios.aem3 : BIOS.obj (.text:ti_sysbios_knl_Semaphore_pendTimeout__I)
                  00215b48    00000030     netctrl_min_ipv4.aem3 : netsrv.oem3 (.text:NS_PreBoot)
                  00215b78    00000030     stk.aem3 : sock.oem3 (.text:SockBind)
                  00215ba8    00000030              : sock.oem3 (.text:SockGetName)
                  00215bd8    00000030     nettool_ipv4.aem3 : dhcpsock.oem3 (.text:dhcpPacketSend)
                  00215c08    00000030     stk.aem3 : listlib.oem3 (.text:list_remove_node)
                  00215c38    00000030     MITU_M3_pem3.oem3 (.text:ti_sysbios_BIOS_atExitFunc__I)
                  00215c68    00000030     MITU_M3_pem3.oem3 (.text:ti_sysbios_gates_GateHwi_Object__create__S)
                  00215c98    00000030     MITU_M3_pem3.oem3 (.text:ti_sysbios_gates_GateMutex_Object__create__S)
                  00215cc8    00000030     sysbios.aem3 : BIOS.obj (.text:ti_sysbios_gates_GateMutex_enter__E)
                  00215cf8    00000030     MITU_M3_pem3.oem3 (.text:ti_sysbios_heaps_HeapMem_Object__create__S)
                  00215d28    00000030     MITU_M3_pem3.oem3 (.text:ti_sysbios_knl_Semaphore_construct)
                  00215d58    00000030     ti.targets.arm.rtsarm.aem3 : SysMin.oem3 (.text:xdc_runtime_SysMin_abort__E)
                  00215d88    00000030                                : System.oem3 (.text:xdc_runtime_System_processAtExit__E)
                  00215db8    0000002e     stk.aem3 : sb.oem3 (.text:SBFree)
                  00215de6    0000002e     MITU_M3_pem3.oem3 (.text:malloc)
                  00215e14    0000002e     rtsv7M3_T_le_eabi.lib : i_tofd_t2.obj (.text)
                  00215e42    0000002e     sysbios.aem3 : BIOS.obj (.text:ti_sysbios_family_arm_m3_TaskSupport_start__E)
                  00215e70    0000002e                  : BIOS.obj (.text:ti_sysbios_hal_Hwi_initStack)
                  00215e9e    0000002c     stk.aem3 : file.oem3 (.text:FdSignalEvent)
                  00215eca    00000002     --HOLE-- [fill = 0]
                  00215ecc    0000002c              : igmp.oem3 (.text:IGMPTestGroup)
                  00215ef8    0000002c     os.aem3 : task.oem3 (.text:NDK_hookCreate)
                  00215f24    0000002c     stk.aem3 : nimu.oem3 (.text:NIMUAllocateIndex)
                  00215f50    0000002c              : nimu.oem3 (.text:NIMUPacketServiceCheck)
                  00215f7c    0000002c              : pipe.oem3 (.text:PipeClose)
                  00215fa8    0000002c              : sockpcb.oem3 (.text:SockPcbAttach)
                  00215fd4    0000002c              : lli.oem3 (.text:_LLIExpListRemove)
                  00216000    0000002c              : lli.oem3 (.text:_LLITimeoutFlush)
                  0021602c    0000002c              : rtable.oem3 (.text:_RtExpListRemove)
                  00216058    0000002c     mbfuncother.obj (.text:eMBFuncReportSlaveID)
                  00216084    0000002c     stk.aem3 : file.oem3 (.text:fdint_setevent)
                  002160b0    0000002c     porttcp.obj (.text:prvvMBPortReleaseClient)
                  002160dc    0000002c     rtsv7M3_T_le_eabi.lib : assert.obj (.text)
                  00216108    0000002c     MITU_M3_pem3.oem3 (.text:ti_sysbios_knl_Clock_doTick__I)
                  00216134    0000002c     MITU_M3_pem3.oem3 (.text:ti_sysbios_knl_Queue_construct)
                  00216160    0000002c     sysbios.aem3 : BIOS.obj (.text:ti_sysbios_knl_Task_restore__E)
                  0021618c    0000002c     porttcp.obj (.text:vMBTCPPortClose)
                  002161b8    0000002c     ti.targets.arm.rtsarm.aem3 : Text.oem3 (.text:xdc_runtime_Text_cordText__E)
                  002161e4    0000002a     stk.aem3 : pbm.oem3 (.text:PBMQ_deq)
                  0021620e    0000002a     netctrl_min_ipv4.aem3 : netsrv.oem3 (.text:ServiceCallback)
                  00216238    0000002a     nettool_ipv4.aem3 : config.oem3 (.text:_CfgRelease)
                  00216262    0000002a     ti.targets.arm.rtsarm.aem3 : System.oem3 (.text:xdc_runtime_System_putchar__I)
                  0021628c    00000028     MITU_M3_pem3.oem3 (.text:.bootCodeSection:ti_catalog_arm_cortexm3_concertoInit_Boot_initSharedRAMs)
                  002162b4    00000028     stk.aem3 : bind.oem3 (.text:BindFindByNet)
                  002162dc    00000028              : lli.oem3 (.text:LLIFree)
                  00216304    00000028     netctrl_min_ipv4.aem3 : netctrl.oem3 (.text:NC_SystemClose)
                  0021632c    00000028     stk.aem3 : nimu.oem3 (.text:NIMUCreatePacket)
                  00216354    00000028              : nimu.oem3 (.text:NIMUPacketService)
                  0021637c    00000028              : tcpin.oem3 (.text:TcpEnterTimeWait)
                  002163a4    00000028              : timer.oem3 (.text:TimerListRemove)
                  002163cc    00000028              : vlan.oem3 (.text:VLANFindSourceInterface)
                  002163f4    00000028              : vlan.oem3 (.text:VLANInit)
                  0021641c    00000028     nettool_ipv4.aem3 : dhcpsock.oem3 (.text:dhcpPacketReceive)
                  00216444    00000028     drivers_mware.aem3 : EMACTiva.oem3 (.text:signalLinkChange)
                  0021646c    00000028     sysbios.aem3 : BIOS.obj (.text:ti_sysbios_knl_Clock_addI__E)
                  00216494    00000026     nettool_ipv4.aem3 : config.oem3 (.text:CfgEntryInfo)
                  002164ba    00000026     porttcp.obj (.text:FD_SET)
                  002164e0    00000026     stk.aem3 : rawethsock.oem3 (.text:RawEthSockClose)
                  00216506    00000026     MITU_M3_pem3.oem3 (.text:ti_ndk_config_udp_init)
                  0021652c    00000026     ti.targets.arm.rtsarm.aem3 : System.oem3 (.text:xdc_runtime_System_avprintf__E)
                  00216552    00000002     --HOLE-- [fill = 0]
                  00216554    00000024     stk.aem3 : bind.oem3 (.text:BindFindByHost)
                  00216578    00000024              : bind.oem3 (.text:BindGetIFByDBCast)
                  0021659c    00000024     drivers_mware.aem3 : EMACTiva.oem3 (.text:EMACTiva_emacServicePacket)
                  002165c0    00000024     stk.aem3 : exec.oem3 (.text:ExecTimer)
                  002165e4    00000024              : nimu.oem3 (.text:NIMUFindByIndex)
                  00216608    00000024              : rtc.oem3 (.text:RTCAddHook)
                  0021662c    00000024              : rawethsock_pcb.oem3 (.text:RawEthSockPcbFind)
                  00216650    00000024              : route.oem3 (.text:RtFree)
                  00216674    00000024              : route.oem3 (.text:RtSetTimeout)
                  00216698    00000024              : sockpcb.oem3 (.text:SockPcbCleanup)
                  002166bc    00000024              : tcpprot.oem3 (.text:TcpPrListen)
                  002166e0    00000024              : tcptime.oem3 (.text:TcpTimeoutWait2)
                  00216704    00000024     nettool_ipv4.aem3 : config.oem3 (.text:_CfgEntryProcess)
                  00216728    00000024     MITU_M3_pem3.oem3 (.text:ti_sysbios_BIOS_errorRaiseHook__I)
                  0021674c    00000024     MITU_M3_pem3.oem3 (.text:ti_sysbios_BIOS_registerRTSLock__I)
                  00216770    00000024     MITU_M3_pem3.oem3 (.text:ti_sysbios_BIOS_removeRTSLock__I)
                  00216794    00000024     MITU_M3_pem3.oem3 (.text:ti_sysbios_BIOS_startFunc__I)
                  002167b8    00000024     sysbios.aem3 : BIOS.obj (.text:ti_sysbios_family_arm_m3_Timer_startup__E)
                  002167dc    00000024     MITU_M3_pem3.oem3 (.text:ti_sysbios_gates_GateMutex_Object__delete__S)
                  00216800    00000024     sysbios.aem3 : BIOS.obj (.text:ti_sysbios_knl_Clock_Module_startup__E)
                  00216824    00000024                  : BIOS.obj (.text:ti_sysbios_knl_Semaphore_Instance_init__E)
                  00216848    00000024     MITU_M3_pem3.oem3 (.text:ti_sysbios_knl_Semaphore_Object__delete__S)
                  0021686c    00000024     sysbios.aem3 : BIOS.obj (.text:ti_sysbios_knl_Swi_Module_startup__E)
                  00216890    00000024                  : BIOS.obj (.text:ti_sysbios_knl_Task_restoreHwi__E)
                  002168b4    00000024     portevent.obj (.text:xMBPortEventPost)
                  002168d8    00000024     ti.targets.arm.rtsarm.aem3 : System.oem3 (.text:xdc_runtime_System_vprintf__E)
                  002168fc    00000022     nettool_ipv4.aem3 : config.oem3 (.text:CfgEntryRef)
                  0021691e    00000022     stk.aem3 : vlan.oem3 (.text:VLANFindNode)
                  00216940    00000022     mbtcp.obj (.text:eMBTCPDoInit)
                  00216962    00000022     porttcp.obj (.text:select)
                  00216984    00000022     NETW_SocketComms.obj (.text:setsockopt)
                  002169a6    00000022     MITU_M3_pem3.oem3 (.text:xdc_runtime_SysMin_output__I)
                  002169c8    00000020     drivers_mware.aem3 : EMACTiva.oem3 (.text:EMACTiva_init)
                  002169e8    00000020     netctrl_min_ipv4.aem3 : netctrl.oem3 (.text:NC_BootComplete)
                  00216a08    00000020     stk.aem3 : nimu.oem3 (.text:NIMUGetNumOfObject)
                  00216a28    00000020              : rtc.oem3 (.text:RTCRemoveHook)
                  00216a48    00000020              : tcp.oem3 (.text:TcpTimeoutRemove)
                  00216a68    00000020              : fileuser.oem3 (.text:fdsetTestEntry)
                  00216a88    00000020     rtsv7M3_T_le_eabi.lib : memchr.obj (.text)
                  00216aa8    00000020     MITU_M3_pem3.oem3 (.text:ti_sysbios_BIOS_rtsLock__I)
                  00216ac8    00000020     MITU_M3_pem3.oem3 (.text:ti_sysbios_family_arm_m3_Hwi_Object__delete__S)
                  00216ae8    00000020     sysbios.aem3 : m3_Hwi_asm.obj (.text:ti_sysbios_family_arm_m3_Hwi_excHandlerAsm__I)
                  00216b08    00000020                  : BIOS.obj (.text:ti_sysbios_family_arm_m3_Hwi_excHandler__I)
                  00216b28    00000020     MITU_M3_pem3.oem3 (.text:ti_sysbios_gates_GateHwi_Object__delete__S)
                  00216b48    00000020     MITU_M3_pem3.oem3 (.text:ti_sysbios_heaps_HeapMem_Object__delete__S)
                  00216b68    00000020     sysbios.aem3 : BIOS.obj (.text:ti_sysbios_knl_Idle_run__E)
                  00216b88    00000020     MITU_M3_pem3.oem3 (.text:ti_sysbios_knl_Semaphore_Object__destruct__S)
                  00216ba8    00000020     MITU_M3_pem3.oem3 (.text:ti_sysbios_knl_Swi_Object__delete__S)
                  00216bc8    00000020     MITU_M3_pem3.oem3 (.text:ti_sysbios_knl_Task_Object__delete__S)
                  00216be8    00000020     ti.targets.arm.rtsarm.aem3 : Registry.oem3 (.text:xdc_runtime_Registry_findById__E)
                  00216c08    00000020                                : SysMin.oem3 (.text:xdc_runtime_SysMin_Module_startup__E)
                  00216c28    0000001e     stk.aem3 : fileuser.oem3 (.text:fdError)
                  00216c46    0000001e              : listlib.oem3 (.text:list_remove)
                  00216c64    0000001e     NETW_SocketComms.obj (.text:recv)
                  00216c82    0000001e     porttcp.obj (.text:recv)
                  00216ca0    0000001e     NETW_SocketComms.obj (.text:send)
                  00216cbe    0000001e     porttcp.obj (.text:send)
                  00216cdc    0000001e     sysbios.aem3 : m3_Hwi_asm_switch.obj (.text:ti_sysbios_family_xxx_Hwi_switchAndRunFunc)
                  00216cfa    00000002     --HOLE-- [fill = 0]
                  00216cfc    0000001c     stk.aem3 : bind.oem3 (.text:BindFindByIF)
                  00216d18    0000001c     drivers_mware.aem3 : EMACTiva.oem3 (.text:EMACTiva_emacSend)
                  00216d34    0000001c     stk.aem3 : exec.oem3 (.text:ExecBroadcast)
                  00216d50    0000001c     os.aem3 : ossys.oem3 (.text:NDK_sprintf)
                  00216d6c    0000001c     stk.aem3 : nimu.oem3 (.text:NIMUAddHeader)
                  00216d88    0000001c              : sockprot.oem3 (.text:SockPrDetach)
                  00216da4    0000001c     os.aem3 : task.oem3 (.text:TaskDestroy)
                  00216dc0    0000001c     MITU_M3_pem3.oem3 (.text:ti_ndk_config_global_taskCreateHook)
                  00216ddc    0000001c     sysbios.aem3 : BIOS.obj (.text:ti_sysbios_gates_GateMutex_Instance_init__E)
                  00216df8    0000001c     MITU_M3_pem3.oem3 (.text:ti_sysbios_knl_Queue_Object__destruct__S)
                  00216e14    0000001c     sysbios.aem3 : BIOS.obj (.text:ti_sysbios_knl_Queue_put__E)
                  00216e30    0000001c                  : BIOS.obj (.text:ti_sysbios_knl_Task_enter__I)
                  00216e4c    0000001c     ti.targets.arm.rtsarm.aem3 : Error.oem3 (.text:xdc_runtime_Error_raiseX__E)
                  00216e68    0000001c                                : Memory.oem3 (.text:xdc_runtime_Memory_valloc__E)
                  00216e84    0000001c                                : SysMin.oem3 (.text:xdc_runtime_SysMin_exit__E)
                  00216ea0    0000001c                                : System.oem3 (.text:xdc_runtime_System_abort__E)
                  00216ebc    0000001a     stk.aem3 : bind.oem3 (.text:BindGetIP)
                  00216ed6    0000001a              : sockint.oem3 (.text:SockSetOOBMark)
                  00216ef0    0000001a              : file.oem3 (.text:fdint_getfdt)
                  00216f0a    0000001a     rtsv7M3_T_le_eabi.lib : memccpy.obj (.text)
                  00216f24    0000001a     MITU_M3_pem3.oem3 (.text:ti_sysbios_family_arm_m3_Hwi_Handle__label__S)
                  00216f3e    0000001a     sysbios.aem3 : m3_Hwi_asm.obj (.text:ti_sysbios_family_arm_m3_Hwi_pendSV__I)
                  00216f58    0000001a     MITU_M3_pem3.oem3 (.text:ti_sysbios_gates_GateHwi_Handle__label__S)
                  00216f72    0000001a     MITU_M3_pem3.oem3 (.text:ti_sysbios_gates_GateMutex_Handle__label__S)
                  00216f8c    0000001a     MITU_M3_pem3.oem3 (.text:ti_sysbios_heaps_HeapMem_Handle__label__S)
                  00216fa6    0000001a     MITU_M3_pem3.oem3 (.text:ti_sysbios_knl_Swi_Handle__label__S)
                  00216fc0    0000001a     MITU_M3_pem3.oem3 (.text:ti_sysbios_knl_Task_Handle__label__S)
                  00216fda    0000001a     sysbios.aem3 : BIOS.obj (.text:ti_sysbios_knl_Task_sleepTimeout__I)
                  00216ff4    0000001a     MITU_M3_pem3.oem3 (.text:xdc_runtime_System_aprintf__E)
                  0021700e    0000001a     MITU_M3_pem3.oem3 (.text:xdc_runtime_System_printf__E)
                  00217028    00000018     stk.aem3 : ip.oem3 (.text:IPRtChange)
                  00217040    00000018              : rawethsock_pcb.oem3 (.text:RawEthSockPcbCleanup)
                  00217058    00000018     nettool_ipv4.aem3 : ipaddr.oem3 (.text:RouteHook)
                  00217070    00000018     stk.aem3 : tcpin.oem3 (.text:SEQ_GEQ)
                  00217088    00000018              : tcpout.oem3 (.text:SEQ_GEQ)
                  002170a0    00000018              : tcpin.oem3 (.text:SEQ_GT)
                  002170b8    00000018              : tcpout.oem3 (.text:SEQ_GT)
                  002170d0    00000018              : tcpin.oem3 (.text:SEQ_LEQ)
                  002170e8    00000018              : tcpout.oem3 (.text:SEQ_LEQ)
                  00217100    00000018              : tcpin.oem3 (.text:SEQ_LT)
                  00217118    00000018              : tcpout.oem3 (.text:SEQ_LT)
                  00217130    00000018              : tcp.oem3 (.text:TcpTimeoutAdd)
                  00217148    00000018     nettool_ipv4.aem3 : dhcpsock.oem3 (.text:dhcpSocketClose)
                  00217160    00000018     ModbusFunctions.obj (.text:eGetPollingThreadState)
                  00217178    00000018     ModbusFunctions.obj (.text:eMBRegCoilsCB)
                  00217190    00000018     ModbusFunctions.obj (.text:eSetPollingThreadState)
                  002171a8    00000018     stk.aem3 : file.oem3 (.text:fdint_clearevent)
                  002171c0    00000018     MITU_M3_pem3.oem3 (.text:free)
                  002171d8    00000018     stk.aem3 : listlib.oem3 (.text:list_add)
                  002171f0    00000018     rtsv7M3_T_le_eabi.lib : args_main.obj (.text)
                  00217208    00000018                           : strcmp.obj (.text)
                  00217220    00000018     MITU_M3_pem3.oem3 (.text:ti_sysbios_BIOS_rtsUnlock__I)
                  00217238    00000018     MITU_M3_pem3.oem3 (.text:ti_sysbios_family_arm_m3_Hwi_Module__startupDone__F)
                  00217250    00000018     MITU_M3_pem3.oem3 (.text:ti_sysbios_family_arm_m3_Timer_Module__startupDone__F)
                  00217268    00000018     sysbios.aem3 : BIOS.obj (.text:ti_sysbios_gates_GateMutex_leave__E)
                  00217280    00000018     porttcp.obj (.text:vMBTCPPortDisable)
                  00217298    00000018     ti.targets.arm.rtsarm.aem3 : Error.oem3 (.text:xdc_runtime_Error_check__E)
                  002172b0    00000018                                : System.oem3 (.text:xdc_runtime_System_exit__E)
                  002172c8    00000018                                : Text.oem3 (.text:xdc_runtime_Text_ropeText__E)
                  002172e0    00000016     stk.aem3 : file.oem3 (.text:fdint_freefdt)
                  002172f6    00000016     rtsv7M3_T_le_eabi.lib : strchr.obj (.text)
                  0021730c    00000016                           : strcpy.obj (.text)
                  00217322    00000016     MITU_M3_pem3.oem3 (.text:ti_sysbios_BIOS_exitFunc__I)
                  00217338    00000016     NETW_AHooks.obj (.text:ti_sysbios_knl_Semaphore_Params_init)
                  0021734e    00000016     MITU_M3.obj (.text:ti_sysbios_knl_Task_Params_init)
                  00217364    00000016     ModbusFunctions.obj (.text:ti_sysbios_knl_Task_Params_init)
                  0021737a    00000016     NETW_AHooks.obj (.text:ti_sysbios_knl_Task_Params_init)
                  00217390    00000016     NETW_SocketComms.obj (.text:ti_sysbios_knl_Task_Params_init)
                  002173a6    00000016     ti.targets.arm.rtsarm.aem3 : System.oem3 (.text:xdc_runtime_System_vsprintf__E)
                  002173bc    00000014     MITU_M3_pem3.oem3 (.text:.bootCodeSection:ti_catalog_arm_cortexm3_concertoInit_Boot_init)
                  002173d0    00000014     stk.aem3 : bind.oem3 (.text:BindIPHost2IF)
                  002173e4    00000014     netctrl_min_ipv4.aem3 : netctrl.oem3 (.text:NC_NetStop)
                  002173f8    00000014     os.aem3 : task.oem3 (.text:NDK_hookExit)
                  0021740c    00000014     stk.aem3 : nimu.oem3 (.text:NIMUSendPacket)
                  00217420    00000014     nettool_ipv4.aem3 : ipaddr.oem3 (.text:NtRemoveNetwork)
                  00217434    00000014     stk.aem3 : rawethsock_pcb.oem3 (.text:RawEthSockPcbInit)
                  00217448    00000014              : timer.oem3 (.text:TimerFree)
                  0021745c    00000014     NETW_SocketComms.obj (.text:accept)
                  00217470    00000014     porttcp.obj (.text:accept)
                  00217484    00000014     NETW_SocketComms.obj (.text:bind)
                  00217498    00000014     porttcp.obj (.text:bind)
                  002174ac    00000014     ModbusFunctions.obj (.text:eMBRegDiscreteCB)
                  002174c0    00000014     rtsv7M3_T_le_eabi.lib : _lock.obj (.text)
                  002174d4    00000014                           : strlen.obj (.text)
                  002174e8    00000014     NETW_SocketComms.obj (.text:socket)
                  002174fc    00000014     porttcp.obj (.text:socket)
                  00217510    00000014     MITU_M3_pem3.oem3 (.text:ti_ndk_config_global_taskExitHook)
                  00217524    00000014     MITU_M3_pem3.oem3 (.text:ti_sysbios_family_arm_m3_Hwi_Object__get__S)
                  00217538    00000014     sysbios.aem3 : BIOS.obj (.text:ti_sysbios_family_arm_m3_Hwi_switchFromBootStack__E)
                  0021754c    00000014     MITU_M3_pem3.oem3 (.text:ti_sysbios_heaps_HeapMem_Object__get__S)
                  00217560    00000014     MITU_M3_pem3.oem3 (.text:ti_sysbios_knl_Swi_Object__get__S)
                  00217574    00000014     MITU_M3_pem3.oem3 (.text:ti_sysbios_knl_Task_Object__first__S)
                  00217588    00000014     MITU_M3_pem3.oem3 (.text:ti_sysbios_knl_Task_Object__next__S)
                  0021759c    00000012     stk.aem3 : sockprot.oem3 (.text:SockPrAttach)
                  002175ae    00000012              : sockint.oem3 (.text:SockSetOOBData)
                  002175c0    00000012     nettool_ipv4.aem3 : inetaddr.oem3 (.text:inet_addr)
                  002175d2    00000012     sysbios.aem3 : BIOS.obj (.text:ti_sysbios_hal_Hwi_Module_startup__E)
                  002175e4    00000012                  : BIOS.obj (.text:ti_sysbios_knl_Semaphore_reset__E)
                  002175f6    00000012     MITU_M3_pem3.oem3 (.text:xdc_runtime_Startup_exec__I)
                  00217608    00000010     stk.aem3 : bind.oem3 (.text:BindIF2IPHost)
                  00217618    00000010              : bind.oem3 (.text:BindIFNet2IPHost)
                  00217628    00000010              : exec.oem3 (.text:ExecHRef)
                  00217638    00000010     porttcp.obj (.text:FD_ISSET)
                  00217648    00000010     porttcp.obj (.text:FD_ZERO)
                  00217658    00000010     netctrl_min_ipv4.aem3 : netctrl.oem3 (.text:NC_IPUpdate)
                  00217668    00000010     stk.aem3 : nimu.oem3 (.text:NIMUGetRsvdSizeInfo)
                  00217678    00000010     NETW_SocketComms.obj (.text:listen)
                  00217688    00000010     porttcp.obj (.text:listen)
                  00217698    00000010     sysbios.aem3 : BIOS.obj (.text:ti_sysbios_BIOS_getCpuFreq__E)
                  002176a8    00000010                  : BIOS.obj (.text:ti_sysbios_BIOS_setThreadType__E)
                  002176b8    00000010                  : BIOS.obj (.text:ti_sysbios_BIOS_start__E)
                  002176c8    00000010                  : m3_TaskSupport_asm.obj (.text:ti_sysbios_family_arm_m3_TaskSupport_glue)
                  002176d8    00000010                  : m3_TaskSupport_asm.obj (.text:ti_sysbios_family_arm_m3_TaskSupport_swap__E)
                  002176e8    00000010                  : BIOS.obj (.text:ti_sysbios_gates_GateMutex_Instance_finalize__E)
                  002176f8    00000010                  : BIOS.obj (.text:ti_sysbios_knl_Semaphore_Instance_finalize__E)
                  00217708    00000010                  : BIOS.obj (.text:ti_sysbios_knl_Swi_disable__E)
                  00217718    00000010     MITU_M3_pem3.oem3 (.text:ti_sysbios_knl_Task_Object__get__S)
                  00217728    00000010     sysbios.aem3 : BIOS.obj (.text:ti_sysbios_knl_Task_disable__E)
                  00217738    00000010     portevent.obj (.text:xMBPortEventInit)
                  00217748    00000010     ti.targets.arm.rtsarm.aem3 : Gate.oem3 (.text:xdc_runtime_Gate_leaveSystem__E)
                  00217758    00000010                                : Memory.oem3 (.text:xdc_runtime_Memory_free__E)
                  00217768    00000010                                : SysMin.oem3 (.text:xdc_runtime_SysMin_ready__E)
                  00217778    00000010                                : System.oem3 (.text:xdc_runtime_System_vsnprintf__E)
                  00217788    00000010     MITU_M3_pem3.oem3 (.text:xdc_runtime_Text_visitRope__I)
                  00217798    0000000e     drivers_mware.aem3 : EMACTiva.oem3 (.text:EMACTiva_emacioctl)
                  002177a6    0000000e     stk.aem3 : exec.oem3 (.text:ExecLowResource)
                  002177b4    0000000e     rtsv7M3_T_le_eabi.lib : copy_decompress_none.obj (.text:decompress:none)
                  002177c2    0000000e     sysbios.aem3 : BIOS.obj (.text:ti_sysbios_knl_Queue_empty__E)
                  002177d0    0000000c     MITU_M3_pem3.oem3 (.text:.bootCodeSection:ti_catalog_arm_cortexm3_concertoInit_Boot_initStartup)
                  002177dc    0000000c     stk.aem3 : bind.oem3 (.text:BindGetFirst)
                  002177e8    0000000c     nettool_ipv4.aem3 : config.oem3 (.text:CfgSetDefault)
                  002177f4    0000000c     os.aem3 : task.oem3 (.text:NDK_hookInit)
                  00217800    0000000c     stk.aem3 : nimu.oem3 (.text:NIMUSetRsvdSizeInfo)
                  0021780c    0000000c     os.aem3 : task.oem3 (.text:NotifyLowResource)
                  00217818    0000000c     stk.aem3 : pbm.oem3 (.text:PBM_close)
                  00217824    0000000c     os.aem3 : semaphore.oem3 (.text:SemDelete)
                  00217830    0000000c     hal_timer_bios.aem3 : lltimer.oem3 (.text:_llTimerShutdown)
                  0021783c    0000000c     NETW_SocketComms.obj (.text:close)
                  00217848    0000000c     porttcp.obj (.text:close)
                  00217854    0000000c     rtsv7M3_T_le_eabi.lib : copy_zero_init.obj (.text:decompress:ZI)
                  00217860    0000000c     hal_timer_bios.aem3 : lltimer.oem3 (.text:llTimerGetStartTime)
                  0021786c    0000000c     sysbios.aem3 : BIOS.obj (.text:ti_sysbios_BIOS_getThreadType__E)
                  00217878    0000000c     MITU_M3_pem3.oem3 (.text:ti_sysbios_family_arm_m3_Hwi_Params__init__S)
                  00217884    0000000c     sysbios.aem3 : BIOS.obj (.text:ti_sysbios_family_arm_m3_Hwi_disableFxn__E)
                  00217890    0000000c                  : BIOS.obj (.text:ti_sysbios_family_arm_m3_TaskSupport_checkStack__E)
                  0021789c    0000000c                  : BIOS.obj (.text:ti_sysbios_family_arm_m3_TaskSupport_getStackAlignment__E)
                  002178a8    0000000c                  : BIOS.obj (.text:ti_sysbios_gates_GateHwi_enter__E)
                  002178b4    0000000c     MITU_M3_pem3.oem3 (.text:ti_sysbios_knl_Clock_Params__init__S)
                  002178c0    0000000c     sysbios.aem3 : BIOS.obj (.text:ti_sysbios_knl_Clock_getTicks__E)
                  002178cc    0000000c     MITU_M3_pem3.oem3 (.text:ti_sysbios_knl_Queue_Object__get__S)
                  002178d8    0000000c     MITU_M3_pem3.oem3 (.text:ti_sysbios_knl_Semaphore_Params__init__S)
                  002178e4    0000000c     MITU_M3_pem3.oem3 (.text:ti_sysbios_knl_Task_Params__init__S)
                  002178f0    0000000c     sysbios.aem3 : BIOS.obj (.text:ti_sysbios_knl_Task_getIdleTask__E)
                  002178fc    0000000c                  : BIOS.obj (.text:ti_sysbios_knl_Task_self__E)
                  00217908    0000000c     ti.targets.arm.rtsarm.aem3 : Error.oem3 (.text:xdc_runtime_Error_init__E)
                  00217914    0000000c                                : Gate.oem3 (.text:xdc_runtime_Gate_enterSystem__E)
                  00217920    0000000c                                : Memory.oem3 (.text:xdc_runtime_Memory_calloc__E)
                  0021792c    0000000c                                : Memory.oem3 (.text:xdc_runtime_Memory_getMaxDefaultTypeAlign__E)
                  00217938    0000000a     stk.aem3 : file.oem3 (.text:fdint_signalevent)
                  00217942    0000000a              : file.oem3 (.text:fdint_signaltimeout)
                  0021794c    0000000a     MITU_M3_pem3.oem3 (.text:xdc_runtime_IHeap_alloc)
                  00217956    0000000a     MITU_M3_pem3.oem3 (.text:xdc_runtime_IHeap_free)
                  00217960    00000008     stk.aem3 : node.oem3 (.text:NodeFree)
                  00217968    00000008     os.aem3 : task.oem3 (.text:TaskBlock)
                  00217970    00000008     mbtcp.obj (.text:eMBTCPStop)
                  00217978    00000008     rtsv7M3_T_le_eabi.lib : s_copysign.obj (.text)
                  00217980    00000008     sysbios.aem3 : BIOS.obj (.text:ti_sysbios_family_arm_m3_Hwi_doSwiRestore__I)
                  00217988    00000008                  : BIOS.obj (.text:ti_sysbios_family_arm_m3_Hwi_startup__E)
                  00217990    00000008                  : BIOS.obj (.text:ti_sysbios_knl_Idle_loop__E)
                  00217998    00000008                  : BIOS.obj (.text:ti_sysbios_knl_Task_getHookContext__E)
                  002179a0    00000008                  : BIOS.obj (.text:ti_sysbios_knl_Task_setHookContext__E)
                  002179a8    00000006     Boot.aem3 : Boot.oem3 (.text)
                  002179ae    00000002     --HOLE-- [fill = 0]
                  002179b0    00000006     driverlib.lib : sysctl.obj (.text:SysCtlDelay)
                  002179b6    00000006     stk.aem3 : tcpprot.oem3 (.text:TcpPrRecv)
                  002179bc    00000006     ti.targets.arm.rtsarm.aem3 : xdc_noinit.oem3 (.text:__xdc__init)
                  002179c2    00000006     sysbios.aem3 : BIOS.obj (.text:ti_sysbios_family_arm_m3_Hwi_doTaskRestore__I)
                  002179c8    00000006                  : BIOS.obj (.text:ti_sysbios_family_arm_m3_Hwi_restoreFxn__E)
                  002179ce    00000006                  : BIOS.obj (.text:ti_sysbios_gates_GateHwi_leave__E)
                  002179d4    00000006                  : BIOS.obj (.text:ti_sysbios_heaps_HeapMem_isBlocking__E)
                  002179da    00000006                  : BIOS.obj (.text:ti_sysbios_knl_Queue_Instance_init__E)
                  002179e0    00000006                  : BIOS.obj (.text:ti_sysbios_knl_Swi_startup__E)
                  002179e6    00000006     ti.targets.arm.rtsarm.aem3 : System.oem3 (.text:xdc_runtime_System_Module_startup__E)
                  002179ec    00000004     MITU_M3_pem3.oem3 (.text:.bootCodeSection:ti_catalog_arm_cortexm3_concertoInit_Boot_limpAbort)
                  002179f0    00000004     stk.aem3 : bind.oem3 (.text:BindGetIF)
                  002179f4    00000004              : bind.oem3 (.text:BindGetNext)
                  002179f8    00000004     os.aem3 : ossys.oem3 (.text:NDK_vsprintf)
                  002179fc    00000004     stk.aem3 : node.oem3 (.text:NodeSetRt)
                  00217a00    00000004              : rawethsock_prot.oem3 (.text:RawEthSockPrAttach)
                  00217a04    00000004              : rawethsock_prot.oem3 (.text:RawEthSockPrDetach)
                  00217a08    00000004     os.aem3 : semaphore.oem3 (.text:SemPend)
                  00217a0c    00000004             : semaphore.oem3 (.text:SemPost)
                  00217a10    00000004             : semaphore.oem3 (.text:SemReset)
                  00217a14    00000004             : task.oem3 (.text:TaskSelf)
                  00217a18    00000004             : task.oem3 (.text:TaskSetPri)
                  00217a1c    00000004     hal_ser_stub.aem3 : llserstb.oem3 (.text:_llSerialInit)
                  00217a20    00000004     drivers_mware.aem3 : GPIOTiva.oem3 (.text:getGpioIntIndex)
                  00217a24    00000004     stk.aem3 : listlib.oem3 (.text:list_get_head)
                  00217a28    00000004              : listlib.oem3 (.text:list_get_next)
                  00217a2c    00000004     MITU_M3_pem3.oem3 (.text:ti_ndk_config_Global_NetworkOpen)
                  00217a30    00000004     MITU_M3_pem3.oem3 (.text:ti_sysbios_BIOS_RtsGateProxy_enter__E)
                  00217a34    00000004     MITU_M3_pem3.oem3 (.text:ti_sysbios_BIOS_RtsGateProxy_leave__E)
                  00217a38    00000004     MITU_M3_pem3.oem3 (.text:ti_sysbios_family_arm_m3_Hwi_delete)
                  00217a3c    00000004     MITU_M3_pem3.oem3 (.text:ti_sysbios_family_arm_m3_TaskSupport_Module__startupDone__S)
                  00217a40    00000004     sysbios.aem3 : BIOS.obj (.text:ti_sysbios_family_arm_m3_Timer_getMaxTicks__E)
                  00217a44    00000004                  : BIOS.obj (.text:ti_sysbios_gates_GateHwi_query__E)
                  00217a48    00000004                  : BIOS.obj (.text:ti_sysbios_gates_GateMutex_query__E)
                  00217a4c    00000004     MITU_M3_pem3.oem3 (.text:ti_sysbios_heaps_HeapMem_Module_GateProxy_enter__E)
                  00217a50    00000004     MITU_M3_pem3.oem3 (.text:ti_sysbios_heaps_HeapMem_Module_GateProxy_leave__E)
                  00217a54    00000004     MITU_M3_pem3.oem3 (.text:ti_sysbios_knl_Clock_TimerProxy_getMaxTicks__E)
                  00217a58    00000004     MITU_M3_pem3.oem3 (.text:ti_sysbios_knl_Queue_destruct)
[...]
00219b0c  ti_sysbios_knl_Queue_Object__PARAMS__C                            
00219b24  ti_sysbios_knl_Task_hooks__A                                      
00219b3c  GPIOTiva_config                                                   
00219b50  xdc_runtime_Startup_firstFxns__A                                  
00219b60  xdc_runtime_Startup_sfxnRts__A                                    
00219b70  emacHWAttrs                                                       
00219b7c  EMACTiva_fxnTable                                                 
00219b84  ti_sysbios_family_arm_m3_Hwi_excHookFuncs__A                      
00219b8c  ti_sysbios_knl_Idle_funcList__A                                   
00219b94  ti_sysbios_knl_Idle_funcList__C                                   
00219b9c  ti_sysbios_knl_Task_hooks__C                                      
00219ba4  xdc_runtime_Startup_firstFxns__C                                  
00219bac  xdc_runtime_Startup_lastFxns__C                                   
00219bb4  ti_sysbios_family_arm_m3_Hwi_E_NMI__C                             
00219bb8  ti_sysbios_family_arm_m3_Hwi_E_alreadyDefined__C                  
00219bbc  ti_sysbios_family_arm_m3_Hwi_E_busFault__C                        
00219bc0  ti_sysbios_family_arm_m3_Hwi_E_debugMon__C                        
00219bc4  ti_sysbios_family_arm_m3_Hwi_E_hardFault__C                       
00219bc8  ti_sysbios_family_arm_m3_Hwi_E_memFault__C                        
00219bcc  ti_sysbios_family_arm_m3_Hwi_E_noIsr__C                           
00219bd0  ti_sysbios_family_arm_m3_Hwi_E_reserved__C                        
00219bd4  ti_sysbios_family_arm_m3_Hwi_E_svCall__C                          
00219bd8  ti_sysbios_family_arm_m3_Hwi_E_usageFault__C                      
00219bdc  ti_sysbios_family_arm_m3_Hwi_NUM_INTERRUPTS__C                    
00219be0  ti_sysbios_family_arm_m3_Hwi_Object__count__C                     
00219be4  ti_sysbios_family_arm_m3_Hwi_ccr__C                               
00219be8  ti_sysbios_family_arm_m3_Hwi_excHandlerFunc__C                    
00219bec  ti_sysbios_family_arm_m3_Hwi_excHookFuncs__C                      
00219bf0  ti_sysbios_family_arm_m3_Hwi_nullIsrFunc__C                       
00219bf4  ti_sysbios_family_arm_m3_Hwi_priGroup__C                          
00219bf8  ti_sysbios_family_arm_m3_TaskSupport_stackAlignment__C            
00219bfc  ti_sysbios_family_arm_m3_Timer_E_cannotSupport__C                 
00219c00  ti_sysbios_family_arm_m3_Timer_startupNeeded__C                   
00219c04  ti_sysbios_gates_GateMutex_Instance_State_sem__O                  
00219c08  ti_sysbios_hal_Hwi_E_stackOverflow__C                             
00219c0c  ti_sysbios_heaps_HeapMem_E_memory__C                              
00219c10  ti_sysbios_heaps_HeapMem_Module__gateObj__C                       
00219c14  ti_sysbios_heaps_HeapMem_Object__count__C                         
00219c18  ti_sysbios_heaps_HeapMem_reqAlign__C                              
00219c1c  ti_sysbios_knl_Clock_Module_State_clockQ__O                       
00219c20  ti_sysbios_knl_Semaphore_Instance_State_pendQ__O                  
00219c24  ti_sysbios_knl_Swi_Object__count__C                               
00219c28  ti_sysbios_knl_Task_E_deleteNotAllowed__C                         
00219c2c  ti_sysbios_knl_Task_E_spOutOfBounds__C                            
00219c30  ti_sysbios_knl_Task_E_stackOverflow__C                            
00219c34  ti_sysbios_knl_Task_Module_State_inactiveQ__O                     
00219c38  ti_sysbios_knl_Task_Module_State_terminatedQ__O                   
00219c3c  ti_sysbios_knl_Task_Object__count__C                              
00219c40  ti_sysbios_knl_Task_Object__heap__C                               
00219c44  ti_sysbios_knl_Task_allBlockedFunc__C                             
00219c48  ti_sysbios_knl_Task_defaultStackHeap__C                           
00219c4c  ti_sysbios_knl_Task_defaultStackSize__C                           
00219c50  ti_sysbios_knl_Task_numConstructedTasks__C                        
00219c54  xdc_runtime_Assert_E_assertFailed__C                              
00219c58  xdc_runtime_Core_A_initializedParams__C                           
00219c5c  xdc_runtime_Core_Module__diagsEnabled__C                          
00219c60  xdc_runtime_Core_Module__diagsIncluded__C                         
00219c64  xdc_runtime_Core_Module__diagsMask__C                             
00219c68  xdc_runtime_Error_E_memory__C                                     
00219c6c  xdc_runtime_Error_Module__diagsEnabled__C                         
00219c70  xdc_runtime_Error_Module__diagsIncluded__C                        
00219c74  xdc_runtime_Error_Module__diagsMask__C                            
00219c78  xdc_runtime_Error_Module__loggerFxn8__C                           
00219c7c  xdc_runtime_Error_Module__loggerObj__C                            
00219c80  xdc_runtime_Error_policyFxn__C                                    
00219c84  xdc_runtime_Error_raiseHook__C                                    
00219c88  xdc_runtime_IGateProvider_Interface__BASE__C                      
00219c8c  xdc_runtime_IHeap_Interface__BASE__C                              
00219c90  xdc_runtime_IModule_Interface__BASE__C                            
00219c94  xdc_runtime_Log_L_error__C                                        
00219c98  xdc_runtime_Memory_defaultHeapInstance__C                         
00219c9c  xdc_runtime_Startup_execImpl__C                                   
00219ca0  xdc_runtime_Startup_maxPasses__C                                  
00219ca4  xdc_runtime_Startup_sfxnRts__C                                    
00219ca8  xdc_runtime_Startup_sfxnTab__C                                    
00219cac  xdc_runtime_SysMin_bufSize__C                                     
00219cb0  xdc_runtime_SysMin_outputFunc__C                                  
00219cb4  xdc_runtime_System_Module__gateObj__C                             
00219cb8  xdc_runtime_System_abortFxn__C                                    
00219cbc  xdc_runtime_System_exitFxn__C                                     
00219cc0  xdc_runtime_System_extendFxn__C                                   
00219cc4  xdc_runtime_System_maxAtexitHandlers__C                           
00219cc8  xdc_runtime_Text_charTab__C                                       
00219ccc  xdc_runtime_Text_nameEmpty__C                                     
00219cd0  xdc_runtime_Text_nameStatic__C                                    
00219cd4  xdc_runtime_Text_nameUnknown__C                                   
00219cd8  xdc_runtime_Text_nodeTab__C                                       
00219cdc  xdc_runtime_Text_visitRopeFxn__C                                  
00219ce0  ti_sysbios_hal_Hwi_Module__id__C                                  
00219ce2  ti_sysbios_heaps_HeapMem_Module__id__C                            
00219ce4  ti_sysbios_knl_Task_Module__id__C                                 
00219ce6  xdc_runtime_Core_Module__id__C                                    
00219ce8  xdc_runtime_Error_Module__loggerDefined__C                        
00219cea  xdc_runtime_Error_maxDepth__C                                     
00219cec  xdc_runtime_Memory_Module__id__C                                  
00219cee  xdc_runtime_SysMin_flushAtExit__C                                 
00219cf0  xdc_runtime_Text_charCnt__C                                       
00219cf2  xdc_runtime_Text_isLoaded__C                                      
00219cf4  xdc_runtime_Text_registryModsLastId__C                            
00219cf6  xdc_runtime_Text_unnamedModsLastId__C                             
00219cf8  xdc_runtime_Error_policy__C                                       
0021a100  __TI_Handler_Table_Base                                           
0021a10c  __TI_Handler_Table_Limit                                          
0021a130  __TI_CINIT_Base                                                   
0021a158  __TI_CINIT_Limit                                                  
0021a158  __TI_static_base__                                                
0021a158  __TI_table_binit                                                  
0021a158  __binit__                                                         
0021a158  binit                                                             
20000000  ti_sysbios_family_arm_m3_Hwi_ramVectors                           
200001b1  ti_catalog_arm_cortexm3_concertoInit_Boot_initFlash               
20000200  ti_sysbios_heaps_HeapMem_Instance_State_0_buf__A                  
20005200  ti_sysbios_knl_Task_Instance_State_0_stack__A                     
20005800  ti_sysbios_knl_Task_Instance_State_1_stack__A                     
20005a00  usRegHoldingBuf                                                   
20005c00  ti_sysbios_family_arm_m3_Hwi_dispatchTable                        
20005db0  __CIOBUF_                                                         
200060d8  tcps                                                              
20006244  __TI_tmpnams                                                      
2000636c  xdc_runtime_SysMin_Module_State_0_outbuf__A                       
200063ec  ips                                                               
20006454  nimu_mcb                                                          
200064b8  _ICMPIn                                                           
20006504  _ICMPOut                                                          
20006594  emacObjects                                                       
200065cc  vlan_mcb                                                          
20006618  udps                                                              
20006680  BlockCount                                                        
2000669c  BlockMax                                                          
200066b8  PageCount                                                         
200066d4  PageMax                                                           
200066f0  stkEvent                                                          
2000672c  raweths                                                           
2000673c  raws                                                              
2000674c  PBMQ_free                                                         
20006758  tpseudo                                                           
20006764  upseudo                                                           
20006778  usRegInputBuf                                                     
20006784  CTOM_Data                                                         
20006788  ExtControl_Data                                                   
2000679c  MTOC_Data                                                         
200067b4  _IGMPInDiscard                                                    
200067b8  _IGMPInQuery                                                      
200067bc  _IGMPInQueryGroup                                                 
200067c0  _IGMPInResponse                                                   
200067c4  _IGMPOutResponse                                                  
200067c8  g_connSlots                                                       
200067cc  g_regLock                                                         
200067dc  raweth_pcb                                                        
200067e0  ti_sysbios_knl_Task_Instance_State_0_hookEnv__A                   
200067e4  ti_sysbios_knl_Task_Instance_State_1_hookEnv__A                   
200067e8  xListenSocket                                                     
200067f0  IO_Count                                                          
200067f2  IO_Success_Count                                                  
20008000  _ftable                                                           
200081c0  _ipcfg                                                            
20008274  ti_sysbios_knl_Task_Object__table__V                              
2000830c  ti_sysbios_knl_Swi_Module_State_0_readyQ__A                       
2000838c  ti_sysbios_knl_Task_Module_State_0_readyQ__A                      
200084dc  ti_sysbios_knl_Task_Module__state__V                              
200085a0  ti_sysbios_gates_GateMutex_Object__table__V                       
200085d8  IPAddr_cfg                                                        
200085dc  SubnetMask_cfg                                                    
200085e0  DomainName_cfg                                                    
200085e4  ModbusControlledInput                                             
200085e6  FirstThreadRun                                                    
200085e8  SecondThreadRun                                                   
200085ec  osciBufSize                                                       
200085f0  osciBufCnt                                                        
200085f4  lastSent                                                          
200085f8  lastWritten                                                       
200085fc  bOverload                                                         
20008600  PWMAmpData                                                        
20008604  MTOC_IO_Count                                                     
20008606  CTOM_IO_Count                                                     
20008608  usRegInputStart                                                   
2000860a  usRegHoldingStart                                                 
20008640  ti_sysbios_family_arm_m3_Hwi_Module__state__V                     
200086a4  ti_sysbios_family_arm_m3_Timer_Object__table__V                   
200086d4  ti_sysbios_knl_Swi_Object__table__V                               
20008704  ti_sysbios_knl_Clock_Module__state__V                             
20008730  pstrMsgName                                                       
20008758  _oscfg                                                            
2000877c  PITCount                                                          
20008780  PITUsed                                                           
20008784  PITHigh                                                           
200087a0  ti_sysbios_BIOS_Module__state__V                                  
200087e0  ti_ndk_config_Global_Id2Size                                      
200087fc  ti_sysbios_knl_Swi_Module__state__V                               
20008818  ti_ndk_config_Global_HostName                                     
2000881c  LocalIPAddr                                                       
20008820  LocalIPMask                                                       
20008824  GatewayIP                                                         
20008828  DomainName                                                        
2000882c  __xdc__init__addr                                                 
20008860  ti_sysbios_family_arm_m3_Hwi_Object__table__V                     
20008878  ti_sysbios_heaps_HeapMem_Object__table__V                         
200088a4  gpioPinConfigs                                                    
200088b4  __TI_ft_end                                                       
200088b8  __aeabi_stdin                                                     
200088bc  __aeabi_stdout                                                    
200088c0  __aeabi_stderr                                                    
200088cc  _IGMPForceVersion1                                                
200088d4  __TI_cleanup_ptr                                                  
200088d8  __TI_dtors_ptr                                                    
200088dc  __TI_enable_exit_profile_output                                   
200088e0  ti_sysbios_family_arm_m3_Timer_Module__state__V                   
200088ec  xdc_runtime_SysMin_Module__state__V                               
20008904  _lock                                                             
20008908  _unlock                                                           
2000890c  NIMUDeviceTable                                                   
20008924  _ICMPInErrors                                                     
20008928  _ICMPOutErrors                                                    
2000892c  _IPExecuting                                                      
20008944  tcp_iss                                                           
20008948  ptTimeFirst                                                       
20008954  ti_sysbios_family_arm_m3_Hwi_Module__root__V                      
2000895c  ti_sysbios_gates_GateHwi_Module__root__V                          
20008964  ti_sysbios_gates_GateMutex_Module__root__V                        
2000896c  ti_sysbios_heaps_HeapMem_Module__root__V                          
20008974  ti_sysbios_knl_Clock_Module__root__V                              
2000897c  ti_sysbios_knl_Queue_Module__root__V                              
20008984  ti_sysbios_knl_Semaphore_Module__root__V                          
2000898c  ti_sysbios_knl_Swi_Module__root__V                                
20008994  ti_sysbios_knl_Task_Module__root__V                               
2000899c  xdc_runtime_Registry_Module__state__V                             
200089a4  xdc_runtime_Startup_Module__state__V                              
200089ac  xdc_runtime_System_Module_State_0_atexitHandlers__A               
200089b4  xdc_runtime_System_Module__state__V                               
200089bc  macAddress                                                        
200089ce  ti_sysbios_family_arm_m3_Hwi_Module_State_0_excActive__A          
200089d4  gpioCallbackFunctions                                             
200089e0  xClientSocket                                                     
200089e4  errno                                                             
200089ec  main_func_sp                                                      
200089f4  _IPReasmPtr                                                       
20008a04  ti_sysbios_family_arm_m3_Hwi_Module_State_0_excContext__A         
20008a08  ti_sysbios_family_arm_m3_Hwi_Module_State_0_excStack__A           
20008a0c  ti_sysbios_gates_GateHwi_Object__table__V                         
20008a10  ti_sysbios_knl_Task_Module_State_0_idleTask__A                    
20008a14  xdc_runtime_Memory_Module__state__V                               
20008a18  xdc_runtime_Error_Module__state__V                                
20008a1c  __stack                                                           
20008b1c  __STACK_TOP                                                       
2000921c  __STACK_END                                                       
20009280  ti_ndk_config_Global_pit                                          
20009328  ti_ndk_config_Global_pitBuffer                                    
2000db80  ti_ndk_config_Global_pBufMem                                      
20011780  ti_ndk_config_Global_pHdrMem                                      
e000e000  ti_sysbios_family_arm_m3_Hwi_nvic                                 
ffffffff  __TI_pprof_out_hndl                                               
ffffffff  __TI_prof_data_size                                               
ffffffff  __TI_prof_data_start                                              
ffffffff  __c_args__                                                        
UNDEFED   SHT$$INIT_ARRAY$$Base                                             
UNDEFED   SHT$$INIT_ARRAY$$Limit                                            

[1272 symbols]
