******************************************************************************
                  TI ARM Linker PC v16.9.7                     
******************************************************************************
>> Linked Wed Mar 25 18:05:32 2026

OUTPUT FILE NAME:   <MITU_M3.out>
ENTRY POINT SYMBOL: "_c_int00"  address: 002141f5


MEMORY CONFIGURATION

         name            origin    length      used     unused   attr    fill
----------------------  --------  ---------  --------  --------  ----  --------
  BOOTROM               00000000   00010000  00000000  00010000  R  X
  FLASH_BOOT            00200030   00000004  00000004  00000000  RW X
  FLASH                 00200034   0007ff9c  00019f75  00066027  RW X
  C03SRAM               20000000   00008000  000067ec  00001814  RW X
  S07SHRAM              20008000   0000c000  000099b6  0000264a  RW X
  CTOMMSGRAM            2007f000   00000800  00000000  00000800  R   
  MTOCMSGRAM            2007f800   00000800  00000000  00000800  RW  


SEGMENT ALLOCATION MAP

run origin  load origin   length   init length attrs members
----------  ----------- ---------- ----------- ----- -------
00200030    00200030    00000004   00000004    r-x
  00200030    00200030    00000004   00000004    r-x .ti_catalog_arm_cortexm3_concertoInit_begin
00200040    00200040    00019b05   00019b05    r-x
  00200040    00200040    0000003c   0000003c    r-- .resetVecs
  0020007c    0020007c    00017860   00017860    r-x .text
  002178dc    002178dc    00002269   00002269    r-- .const
00219b90    00219b90    00000428   00000428    r--
  00219b90    00219b90    00000418   00000418    r-- .cinit
  00219fa8    00219fa8    00000010   00000010    r-- .binit
20000000    20000000    000001b0   00000000    rw-
  20000000    20000000    000001b0   00000000    rw- .vecs
200001b0    00219b48    00000048   00000048    r-x
  200001b0    00219b48    00000048   00000048    r-x .ti_catalog_arm_cortexm3_concertoInit_flashfuncs
20000200    20000200    000065f4   00000000    rw-
  20000200    20000200    000065f4   00000000    rw- .bss.1
20008000    20008000    00001218   00000000    rw-
  20008000    20008000    00000a16   00000000    rw- .data
  20008a18    20008a18    00000800   00000000    rw- .stack
20009280    20009280    000048a8   00000000    rw-
  20009280    20009280    000048a8   00000000    rw- .bss.2
2000db80    2000db80    00003ef8   00000000    rw-
  2000db80    2000db80    00003ef8   00000000    rw- .bss.3


SECTION ALLOCATION MAP

 output                                  attributes/
section   page    origin      length       input sections
--------  ----  ----------  ----------   ----------------
.text      0    0020007c    00017860     
                  0020007c    00001106     rtsv7M3_T_le_eabi.lib : _printfi.obj (.text)
                  00201182    00000002     Boot.aem3 : Boot.oem3 (.text:.bootCodeSection:ti_catalog_arm_cortexm3_concertoInit_Boot_defaultLimpAbortFunction)
                  00201184    00000ca8     NETW_SocketComms.obj (.text:OscillogrammsWorker)
                  00201e2c    00000c7c     stk.aem3 : tcpin.oem3 (.text:TcpInput)
                  00202aa8    0000096c     driverlib.lib : sysctl.obj (.text)
                  00203414    000008b4     stk.aem3 : tcpout.oem3 (.text:TcpOutput)
                  00203cc8    00000578     driverlib.lib : ipc_lite.obj (.text)
                  00204240    00000448                   : gpio.obj (.text)
                  00204688    00000424     sysbios.aem3 : BIOS.obj (.text:ti_sysbios_family_arm_m3_Hwi_excDumpRegs__I)
                  00204aac    00000408     stk.aem3 : ipout.oem3 (.text:IPTxPacket)
                  00204eb4    00000384              : ipin.oem3 (.text:IPRxPacket)
                  00205238    00000354     MITU_M3.obj (.text:main)
                  0020558c    0000034c     ti.targets.arm.rtsarm.aem3 : System.oem3 (.text:xdc_runtime_System_doPrint__I)
                  002058d8    00000310     driverlib.lib : ethernet.obj (.text)
                  00205be8    00000284     stk.aem3 : sock.oem3 (.text:SockSet)
                  00205e6c    00000278     driverlib.lib : interrupt.obj (.text)
                  002060e4    0000025e     stk.aem3 : fileuser.oem3 (.text:fdPoll)
                  00206342    00000002     hal_userled_stub.aem3 : llled.oem3 (.text:LED_TOGGLE)
                  00206344    00000250     TMDXDOCKH52C1.obj (.text:TMDXDOCKH52C1_initEMAC)
                  00206594    0000024c     stk.aem3 : ipfrag.oem3 (.text:IPReasm)
                  002067e0    0000023c              : icmpin.oem3 (.text:ICMPInput)
                  00206a1c    00000238              : udp.oem3 (.text:UdpInput)
                  00206c54    00000228     TMDXDOCKH52C1.obj (.text:PCON_EPI_INIT)
                  00206e7c    00000220     NETW_SocketComms.obj (.text:OscillogrammsListener)
                  0020709c    000001f4     stk.aem3 : sock.oem3 (.text:SockRecv)
                  00207290    000001f4     rtsv7M3_T_le_eabi.lib : ull_div_t2.obj (.text)
                  00207484    000001dc     NETW_AHooks.obj (.text:netOpenHook)
                  00207660    000001dc     sysbios.aem3 : BIOS.obj (.text:ti_sysbios_family_arm_m3_Hwi_excHandlerMax__I)
                  0020783c    000001d0     porttcp.obj (.text:xMBPortTCPPool)
                  00207a0c    000001c4     rtsv7M3_T_le_eabi.lib : fopen.obj (.text)
                  00207bd0    000001b6                           : fd_add_t2.obj (.text)
                  00207d86    00000002     stk.aem3 : nat.oem3 (.text:NatMsg)
                  00207d88    000001b0              : lliout.oem3 (.text:LLITxIpPacket)
                  00207f38    000001ac              : lliin.oem3 (.text:LLIRxPacket)
                  002080e4    000001ac     driverlib.lib : ipc_util.obj (.text)
                  00208290    0000019c     os.aem3 : mem.oem3 (.text:mmAlloc)
                  0020842c    00000198     stk.aem3 : igmp.oem3 (.text:IGMPInput)
                  002085c4    00000190              : sock.oem3 (.text:SockNew)
                  00208754    00000186     driverlib.lib : epi.obj (.text)
                  002088da    00000186     stk.aem3 : fileuser.oem3 (.text:fdSelect)
                  00208a60    00000174     netctrl_min_ipv4.aem3 : netctrl.oem3 (.text:NC_NetStart)
                  00208bd4    00000170     stk.aem3 : rtc.oem3 (.text:RTCReport)
                  00208d44    0000016a              : sb.oem3 (.text:SBRead)
                  00208eae    00000002     os.aem3 : task.oem3 (.text:_TaskInit)
                  00208eb0    00000168     sysbios.aem3 : BIOS.obj (.text:ti_sysbios_family_arm_m3_Hwi_excBusFault__I)
                  00209018    00000160     stk.aem3 : sock.oem3 (.text:SockConnect)
                  00209178    0000015c     mbfuncholding.obj (.text:eMBFuncReadWriteMultipleHoldingRegister)
                  002092d4    00000158     nettool_ipv4.aem3 : dhcpmain.oem3 (.text:DHCPOpen)
                  0020942c    00000158     sysbios.aem3 : BIOS.obj (.text:ti_sysbios_family_arm_m3_Hwi_excUsageFault__I)
                  00209584    00000150     mb.obj (.text:eMBPoll)
                  002096d4    00000148     sysbios.aem3 : BIOS.obj (.text:ti_sysbios_knl_Task_Instance_finalize__E)
                  0020981c    00000144     stk.aem3 : bind.oem3 (.text:BindNew)
                  00209960    00000140              : tcp.oem3 (.text:TcpTimeoutCheck)
                  00209aa0    00000140     sysbios.aem3 : BIOS.obj (.text:ti_sysbios_family_arm_m3_Hwi_excMemFault__I)
                  00209be0    0000013c     nettool_ipv4.aem3 : config.oem3 (.text:CfgAddEntry)
                  00209d1c    0000013c     drivers_mware.aem3 : GPIOTiva.oem3 (.text:GPIO_setConfig)
                  00209e58    0000013c     stk.aem3 : sockint.oem3 (.text:SockNotify)
                  00209f94    0000013c              : sock.oem3 (.text:SockSend)
                  0020a0d0    00000136     rtsv7M3_T_le_eabi.lib : fd_div_t2.obj (.text)
                  0020a206    00000002     os.aem3 : task.oem3 (.text:_TaskShutdown)
                  0020a208    00000134     stk.aem3 : icmp.oem3 (.text:ICMPGenPacket)
                  0020a33c    00000134     rtsv7M3_T_le_eabi.lib : fputs.obj (.text)
                  0020a470    00000134     sysbios.aem3 : BIOS.obj (.text:ti_sysbios_knl_Semaphore_pend__E)
                  0020a5a4    00000124     stk.aem3 : sockpcb.oem3 (.text:SockPcbResolve)
                  0020a6c8    00000124              : udp.oem3 (.text:UdpOutput)
                  0020a7ec    00000124     MITU_M3_pem3.oem3 (.text:ti_ndk_config_Global_stackThread)
                  0020a910    00000118     drivers_mware.aem3 : EMACTiva.oem3 (.text:EMACTiva_NIMUInit)
                  0020aa28    00000118     stk.aem3 : tcpout.oem3 (.text:TcpGenPacket)
                  0020ab40    00000118     ti.targets.arm.rtsarm.aem3 : Error.oem3 (.text:xdc_runtime_Error_policyDefault__E)
                  0020ac58    00000114     stk.aem3 : nimu.oem3 (.text:NIMUIoctl)
                  0020ad6c    00000114     porttcp.obj (.text:xMBTCPPortInit)
                  0020ae80    00000110     stk.aem3 : node.oem3 (.text:NodeTreeFree)
                  0020af90    00000110              : raw.oem3 (.text:RawInput)
                  0020b0a0    00000110     mbfunccoils.obj (.text:eMBFuncReadCoils)
                  0020b1b0    0000010e     mbfuncdisc.obj (.text:eMBFuncReadDiscreteInputs)
                  0020b2be    00000002     hal_ser_stub.aem3 : llserstb.oem3 (.text:_llSerialServiceCheck)
                  0020b2c0    0000010c     stk.aem3 : rtable.oem3 (.text:RtFind)
                  0020b3cc    0000010a              : route.oem3 (.text:RtCreate)
                  0020b4d6    00000002     hal_ser_stub.aem3 : llserstb.oem3 (.text:_llSerialShutdown)
                  0020b4d8    00000108     driverlib.lib : ram.obj (.text)
                  0020b5e0    00000104     os.aem3 : task.oem3 (.text:llEnter)
                  0020b6e4    00000102     nettool_ipv4.aem3 : dhcppkt.oem3 (.text:dhcpPacketProcess)
                  0020b7e6    00000102                       : inetaddr.oem3 (.text:inet_aton)
                  0020b8e8    00000100     stk.aem3 : igmp.oem3 (.text:IGMPSendReply)
                  0020b9e8    00000100     ti.targets.arm.rtsarm.aem3 : Core-mem.oem3 (.text:xdc_runtime_Core_createObject__I)
                  0020bae8    000000fc     netctrl_min_ipv4.aem3 : netctrl.oem3 (.text:NetScheduler)
                  0020bbe4    000000fc     rtsv7M3_T_le_eabi.lib : fd_mul_t2.obj (.text)
                  0020bce0    000000fa     stk.aem3 : pipe.oem3 (.text:PipeRecv)
                  0020bdda    00000002     hal_userled_stub.aem3 : llled.oem3 (.text:_llUserLedInit)
                  0020bddc    000000f8     ti.targets.arm.rtsarm.aem3 : Startup.oem3 (.text:xdc_runtime_Startup_startMods__I)
                  0020bed4    000000f8     MITU_M3_pem3.oem3 (.text:xdc_runtime_System_printfExtend__I)
                  0020bfcc    000000f4     Boot.aem3 : Boot.oem3 (.text:.bootCodeSection:ti_catalog_arm_cortexm3_concertoInit_Boot_configurePllDivs)
                  0020c0c0    000000f4     os.aem3 : task.oem3 (.text:TaskGetEnv)
                  0020c1b4    000000f0     stk.aem3 : lliout.oem3 (.text:LLIGenArpPacket)
                  0020c2a4    000000f0              : sock.oem3 (.text:SockClose)
                  0020c394    000000f0     mbfunccoils.obj (.text:eMBFuncWriteMultipleCoils)
                  0020c484    000000f0     ModbusFunctions.obj (.text:eMBRegHoldingCB)
                  0020c574    000000f0     sysbios.aem3 : BIOS.obj (.text:ti_sysbios_knl_Task_Instance_init__E)
                  0020c664    000000ec     ModbusFunctions.obj (.text:ModbusThread)
                  0020c750    000000e8     os.aem3 : task.oem3 (.text:TaskSetEnv)
                  0020c838    000000e4     sysbios.aem3 : BIOS.obj (.text:ti_sysbios_knl_Task_postInit__I)
                  0020c91c    000000e0     DataProcessing.obj (.text:DataProcessor)
                  0020c9fc    000000e0     stk.aem3 : tcptime.oem3 (.text:TcpTimeoutRexmt)
                  0020cadc    000000e0     mbfuncinput.obj (.text:eMBFuncReadInputRegister)
                  0020cbbc    000000dc     stk.aem3 : sb.oem3 (.text:SBWrite)
                  0020cc98    000000dc     nettool_ipv4.aem3 : dhcpsock.oem3 (.text:dhcpSocketOpen)
                  0020cd74    000000dc                       : dhcpsm.oem3 (.text:dhcpState)
                  0020ce50    000000dc     mbfuncholding.obj (.text:eMBFuncReadHoldingRegister)
                  0020cf2c    000000dc     rtsv7M3_T_le_eabi.lib : setvbuf.obj (.text)
                  0020d008    000000d8     stk.aem3 : node.oem3 (.text:NodeAdd)
                  0020d0e0    000000d8              : tcpprot.oem3 (.text:TcpPrSetOption)
                  0020d1b8    000000d4              : sockpcb.oem3 (.text:SockPcbBind)
                  0020d28c    000000d1              : nimu.oem3 (.text:NIMUReceivePacket)
                  0020d35d    00000001     --HOLE-- [fill = 0]
                  0020d35e    00000002     hal_userled_stub.aem3 : llled.oem3 (.text:_llUserLedShutdown)
                  0020d360    000000d0     ModbusFunctions.obj (.text:pvPollingThread)
                  0020d430    000000d0     rtsv7M3_T_le_eabi.lib : s_scalbn.obj (.text)
                  0020d500    000000d0     sysbios.aem3 : m3_Hwi_asm.obj (.text:ti_sysbios_family_arm_m3_Hwi_dispatch__I)
                  0020d5d0    000000cc     stk.aem3 : icmp.oem3 (.text:ICMPSendRtAdv)
                  0020d69c    000000cc     nettool_ipv4.aem3 : dhcpbild.oem3 (.text:dhcpBuildHeader)
                  0020d768    000000cc                       : dhcpsm.oem3 (.text:dhcpIPAdd)
                  0020d834    000000cc                       : dhcppkt.oem3 (.text:dhcpVerifyMessage)
                  0020d900    000000cc     sysbios.aem3 : BIOS.obj (.text:ti_sysbios_heaps_HeapMem_alloc__E)
                  0020d9cc    000000cc     ti.targets.arm.rtsarm.aem3 : Core-smem.oem3 (.text:xdc_runtime_Core_constructObject__I)
                  0020da98    000000c8     stk.aem3 : rawethsock.oem3 (.text:RawEthSockNew)
                  0020db60    000000c8     netctrl_min_ipv4.aem3 : netsrv.oem3 (.text:SPIpNet)
                  0020dc28    000000c8     rtsv7M3_T_le_eabi.lib : fflush.obj (.text)
                  0020dcf0    000000c8     sysbios.aem3 : BIOS.obj (.text:ti_sysbios_knl_Task_sleep__E)
                  0020ddb8    000000c4     stk.aem3 : igmp.oem3 (.text:IGMPJoinHostGroup)
                  0020de7c    000000c2     mbfuncholding.obj (.text:eMBFuncWriteMultipleHoldingRegister)
                  0020df3e    00000002     mbtcp.obj (.text:eMBTCPStart)
                  0020df40    000000c0     nettool_ipv4.aem3 : dhcpsm.oem3 (.text:StateBound)
                  0020e000    000000bc     stk.aem3 : sockpcb.oem3 (.text:SockPcbFind)
                  0020e0bc    000000bc              : vlan.oem3 (.text:VLANDeinit)
                  0020e178    000000bc     rtsv7M3_T_le_eabi.lib : open.obj (.text)
                  0020e234    000000b8     stk.aem3 : icmpin.oem3 (.text:ICMPRevSrcRoute)
                  0020e2ec    000000b8              : lli.oem3 (.text:_LLITimeoutCheck)
                  0020e3a4    000000b8     sysbios.aem3 : BIOS.obj (.text:ti_sysbios_knl_Task_exit__E)
                  0020e45c    000000b4     stk.aem3 : tcptime.oem3 (.text:TcpTimeoutKeep)
                  0020e510    000000b4     sysbios.aem3 : BIOS.obj (.text:ti_sysbios_family_arm_m3_Hwi_excDebugMon__I)
                  0020e5c4    000000b4                  : BIOS.obj (.text:ti_sysbios_family_arm_m3_Hwi_excHardFault__I)
                  0020e678    000000b4                  : BIOS.obj (.text:ti_sysbios_knl_Task_checkStacks__E)
                  0020e72c    000000b0     GlobalDataInit.obj (.text:Buffers_Init)
                  0020e7dc    000000b0     stk.aem3 : rawethsock.oem3 (.text:RawEthSockSet)
                  0020e88c    000000b0              : rtable.oem3 (.text:RtTimeoutCheck)
                  0020e93c    000000b0     porttcp.obj (.text:xMBTCPPortSendResponse)
                  0020e9ec    000000ac     driverlib.lib : watchdog.obj (.text)
                  0020ea98    000000ac     rtsv7M3_T_le_eabi.lib : _io_perm.obj (.text)
                  0020eb44    000000ac     MITU_M3_pem3.oem3 (.text:ti_ndk_config_ip_init)
                  0020ebf0    000000a8     stk.aem3 : sockint.oem3 (.text:SockCreatePacket)
                  0020ec98    000000a8     mbfunccoils.obj (.text:eMBFuncWriteCoil)
                  0020ed40    000000a4     sysbios.aem3 : BIOS.obj (.text:ti_sysbios_knl_Task_setPri__E)
                  0020ede4    000000a0     stk.aem3 : ip.oem3 (.text:IPGetRoute)
                  0020ee84    000000a0     auto_init.aem3 : auto_init.oem3 (.text)
                  0020ef24    000000a0     porttcp.obj (.text:prvbMBPortAcceptClient)
                  0020efc4    000000a0     ti.targets.arm.rtsarm.aem3 : Text.oem3 (.text:xdc_runtime_Text_putMod__E)
                  0020f064    0000009e     stk.aem3 : nimu.oem3 (.text:NIMUAddEthernetHeader)
                  0020f102    0000009e     nettool_ipv4.aem3 : dhcpbild.oem3 (.text:dhcpBuildRequest)
                  0020f1a0    0000009c     stk.aem3 : exec.oem3 (.text:ExecOpen)
                  0020f23c    0000009c     mb.obj (.text:eMBTCPInit)
                  0020f2d8    0000009c     rtsv7M3_T_le_eabi.lib : memcpy_t2.obj (.text)
                  0020f374    0000009a     ti.targets.arm.rtsarm.aem3 : Text.oem3 (.text:xdc_runtime_Text_putSite__E)
                  0020f40e    00000002     hal_ser_stub.aem3 : llserstb.oem3 (.text:llSerialService)
                  0020f410    00000098     netctrl_min_ipv4.aem3 : netctrl.oem3 (.text:NC_SystemOpen)
                  0020f4a8    00000098                           : netsrv.oem3 (.text:ServiceScan)
                  0020f540    00000098     ModbusFunctions.obj (.text:eMBRegInputCB)
                  0020f5d8    00000098     rtsv7M3_T_le_eabi.lib : fclose.obj (.text)
                  0020f670    00000098                           : fputc.obj (.text)
                  0020f708    00000094     nettool_ipv4.aem3 : config.oem3 (.text:CfgRemoveEntry)
                  0020f79c    00000094     sysbios.aem3 : BIOS.obj (.text:ti_sysbios_family_arm_m3_Hwi_Instance_init__E)
                  0020f830    00000090     nettool_ipv4.aem3 : config.oem3 (.text:CfgExecute)
                  0020f8c0    00000090     stk.aem3 : igmp.oem3 (.text:IGMPMsg)
                  0020f950    00000090     os.aem3 : mem.oem3 (.text:mmBulkAlloc)
                  0020f9e0    00000090     sysbios.aem3 : BIOS.obj (.text:ti_sysbios_knl_Task_schedule__I)
                  0020fa70    0000008c     stk.aem3 : ip.oem3 (.text:IPMsg)
                  0020fafc    0000008c     os.aem3 : mem.oem3 (.text:_mmInit)
                  0020fb88    0000008c             : mem.oem3 (.text:mmInitPage)
                  0020fc14    0000008a     netctrl_min_ipv4.aem3 : netsrv.oem3 (.text:SPRoute)
                  0020fc9e    00000002     rtsv7M3_T_le_eabi.lib : i_div0.obj (.text)
                  0020fca0    00000088     netctrl_min_ipv4.aem3 : netsrv.oem3 (.text:ServiceSpawn)
                  0020fd28    00000088     stk.aem3 : sockpcb.oem3 (.text:SockPcbCtlError)
                  0020fdb0    00000088     sysbios.aem3 : BIOS.obj (.text:ti_sysbios_family_arm_m3_Hwi_postInit__I)
                  0020fe38    00000088                  : BIOS.obj (.text:ti_sysbios_knl_Task_startCore__E)
                  0020fec0    00000086     stk.aem3 : sock.oem3 (.text:SockCheck)
                  0020ff46    00000086     nettool_ipv4.aem3 : dhcpsm.oem3 (.text:StateRequesting)
                  0020ffcc    00000086     rtsv7M3_T_le_eabi.lib : fd_cmp_t2.obj (.text:__aeabi_cdcmple)
                  00210052    00000086                           : fd_cmp_t2.obj (.text:__aeabi_cdrcmple)
                  002100d8    00000084     nettool_ipv4.aem3 : config.oem3 (.text:CfgGetEntry)
                  0021015c    00000084     drivers_mware.aem3 : EMACTiva.oem3 (.text:EMACTiva_handleRx)
                  002101e0    00000084     stk.aem3 : tcpprot.oem3 (.text:TcpPrAttach)
                  00210264    00000084     os.aem3 : mem.oem3 (.text:mmBulkFree)
                  002102e8    00000084             : mem.oem3 (.text:mmFree)
                  0021036c    00000084     sysbios.aem3 : BIOS.obj (.text:ti_sysbios_family_arm_m3_Hwi_initNVIC__E)
                  002103f0    00000084                  : BIOS.obj (.text:ti_sysbios_knl_Task_Module_startup__E)
                  00210474    00000082     nettool_ipv4.aem3 : dhcpsm.oem3 (.text:StateRenewRebind)
                  002104f6    00000002     MITU_M3_pem3.oem3 (.text:ti_ndk_config_Global_NetworkClose)
                  002104f8    00000080     stk.aem3 : lli.oem3 (.text:LLINew)
                  00210578    00000080     netctrl_min_ipv4.aem3 : netsrv.oem3 (.text:NS_BootTask)
                  002105f8    00000080     stk.aem3 : pbm.oem3 (.text:PBM_alloc)
                  00210678    00000080              : raw.oem3 (.text:RawOutput)
                  002106f8    0000007f     MITU_M3_pem3.oem3 (.text:ti_ndk_config_Global_NetworkIPAddr)
                  00210777    00000001     --HOLE-- [fill = 0]
                  00210778    0000007e     stk.aem3 : fileuser.oem3 (.text:fdClose)
                  002107f6    00000002     MITU_M3_pem3.oem3 (.text:ti_sysbios_BIOS_nullFunc__I)
                  002107f8    0000007c     nettool_ipv4.aem3 : config.oem3 (.text:CfgGetNextEntry)
                  00210874    0000007c     stk.aem3 : igmp.oem3 (.text:IGMPDoMCast)
                  002108f0    0000007c              : igmp.oem3 (.text:IGMPJoin)
                  0021096c    0000007c              : socket.oem3 (.text:NDK_setsockopt)
                  002109e8    0000007c              : nimu.oem3 (.text:NIMURegister)
                  00210a64    0000007c              : pbm.oem3 (.text:PBM_free)
                  00210ae0    0000007c     TMDXDOCKH52C1.obj (.text:TMDXDOCKH52C1_initGeneral)
                  00210b5c    0000007c     sysbios.aem3 : BIOS.obj (.text:ti_sysbios_heaps_HeapMem_free__E)
                  00210bd8    0000007a     stk.aem3 : sock.oem3 (.text:SockAccept)
                  00210c52    0000007a     rtsv7M3_T_le_eabi.lib : memset_t2.obj (.text)
                  00210ccc    00000078     drivers_mware.aem3 : EMACTiva.oem3 (.text:EMACTiva_emacStart)
                  00210d44    00000078     stk.aem3 : socket.oem3 (.text:NDK_sendto)
                  00210dbc    00000078              : tcptime.oem3 (.text:TcpXmitTimer)
                  00210e34    00000078              : fileuser.oem3 (.text:fdOpenSession)
                  00210eac    00000078     os.aem3 : task.oem3 (.text:llExit)
                  00210f24    00000076     stk.aem3 : pipe.oem3 (.text:PipeSend)
                  00210f9a    00000002     sysbios.aem3 : BIOS.obj (.text:ti_sysbios_gates_GateHwi_Instance_init__E)
                  00210f9c    00000075     stk.aem3 : tcptime.oem3 (.text:TcpTimeoutSackRexmt)
                  00211011    00000001     --HOLE-- [fill = 0]
                  00211012    00000002     sysbios.aem3 : BIOS.obj (.text:ti_sysbios_knl_Clock_logTick__E)
                  00211014    00000074     stk.aem3 : igmp.oem3 (.text:IGMPLeaveHostGroup)
                  00211088    00000074              : nimu.oem3 (.text:NIMUShutdown)
                  002110fc    00000074              : raweth.oem3 (.text:RawEthRxPacket)
                  00211170    00000074              : sockpcb.oem3 (.text:SockPcbConnect)
                  002111e4    00000072     os.aem3 : semaphore.oem3 (.text:SemCreateBinary)
                  00211256    00000070     stk.aem3 : socket.oem3 (.text:NDK_accept)
                  002112c6    00000070              : socket.oem3 (.text:NDK_send)
                  00211336    00000002     sysbios.aem3 : BIOS.obj (.text:ti_sysbios_knl_Swi_Instance_finalize__E)
                  00211338    00000070     stk.aem3 : rtable.oem3 (.text:RtFlush)
                  002113a8    00000070     netctrl_min_ipv4.aem3 : netsrv.oem3 (.text:SPConfig)
                  00211418    00000070     stk.aem3 : sock.oem3 (.text:SockShutdown)
                  00211488    00000070     nettool_ipv4.aem3 : dhcptags.oem3 (.text:dhcpDecodeType)
                  002114f8    00000070     rtsv7M3_T_le_eabi.lib : getdevice.obj (.text)
                  00211568    0000006e     stk.aem3 : socket.oem3 (.text:NDK_recv)
                  002115d6    00000002     --HOLE-- [fill = 0]
                  002115d8    0000006e              : rtable.oem3 (.text:RtWalkNext)
                  00211646    0000006e              : sockpcb.oem3 (.text:SockPcbFindRaw)
                  002116b4    0000006d              : node.oem3 (.text:NodeNew)
                  00211721    00000003     --HOLE-- [fill = 0]
                  00211724    0000006d     ti.targets.arm.rtsarm.aem3 : System.oem3 (.text:xdc_runtime_System_formatNum__I)
                  00211791    00000003     --HOLE-- [fill = 0]
                  00211794    0000006c     os.aem3 : ossys.oem3 (.text:DbgPrintf)
                  00211800    0000006c     stk.aem3 : node.oem3 (.text:NodeTreeNew)
                  0021186c    0000006c              : pbm.oem3 (.text:PBM_open)
                  002118d8    0000006c              : raweth.oem3 (.text:RawEthTxPacket)
                  00211944    0000006c              : udp.oem3 (.text:UdpChecksum)
                  002119b0    0000006c     rtsv7M3_T_le_eabi.lib : fprintf.obj (.text)
                  00211a1c    0000006c     sysbios.aem3 : BIOS.obj (.text:ti_sysbios_knl_Clock_workFunc__E)
                  00211a88    0000006c     ti.targets.arm.rtsarm.aem3 : Error.oem3 (.text:xdc_runtime_Error_print__E)
                  00211af4    0000006c                                : Memory.oem3 (.text:xdc_runtime_Memory_alloc__E)
                  00211b60    0000006a     stk.aem3 : tcpprot.oem3 (.text:TcpPrInherit)
                  00211bca    0000006a     mbfuncholding.obj (.text:eMBFuncWriteHoldingRegister)
                  00211c34    00000068     drivers_mware.aem3 : EMACTiva.oem3 (.text:EMACTiva_emacStop)
                  00211c9c    00000068                        : GPIOTiva.oem3 (.text:GPIO_init)
                  00211d04    00000068     stk.aem3 : socket.oem3 (.text:NDK_socket)
                  00211d6c    00000068              : sock.oem3 (.text:SockListen)
                  00211dd4    00000068              : rtable.oem3 (.text:_RtNodeInsert)
                  00211e3c    00000068     rtsv7M3_T_le_eabi.lib : copy_decompress_lzss.obj (.text:decompress:lzss)
                  00211ea4    00000068     mbtcp.obj (.text:eMBTCPReceive)
                  00211f0c    00000068     rtsv7M3_T_le_eabi.lib : hostlseek.obj (.text)
                  00211f74    00000068                           : hostrename.obj (.text)
                  00211fdc    00000068                           : trgmsg.obj (.text)
                  00212044    00000068     sysbios.aem3 : BIOS.obj (.text:ti_sysbios_knl_Semaphore_post__E)
                  002120ac    00000066     ti.targets.arm.rtsarm.aem3 : Core-mem.oem3 (.text:xdc_runtime_Core_deleteObject__I)
                  00212112    00000002     --HOLE-- [fill = 0]
                  00212114    00000064     nettool_ipv4.aem3 : config.oem3 (.text:CfgFree)
                  00212178    00000064                       : config.oem3 (.text:CfgGetEntryCnt)
                  002121dc    00000064     drivers_mware.aem3 : GPIOTiva.oem3 (.text:GPIO_hwiIntFxn)
                  00212240    00000064     stk.aem3 : pbm.oem3 (.text:PBMQ_enq)
                  002122a4    00000064              : sockint.oem3 (.text:SockSpawnAbort)
                  00212308    00000064     TMDXDOCKH52C1.obj (.text:TMDXDOCKH52C1_initGPIO)
                  0021236c    00000064     rtsv7M3_T_le_eabi.lib : fseek.obj (.text)
                  002123d0    00000064     MITU_M3_pem3.oem3 (.text:ti_sysbios_family_arm_m3_Hwi_create)
                  00212434    00000064     sysbios.aem3 : BIOS.obj (.text:ti_sysbios_family_arm_m3_Hwi_dispatchC__I)
                  00212498    00000064                  : BIOS.obj (.text:ti_sysbios_knl_Swi_restoreHwi__E)
                  002124fc    00000064     stk.aem3 : lliin.oem3 (.text:updateRtTable)
                  00212560    00000062              : ipin.oem3 (.text:IPRouteIP)
                  002125c2    00000002     --HOLE-- [fill = 0]
                  002125c4    00000062              : sb.oem3 (.text:SBNew)
                  00212626    00000060              : file.oem3 (.text:FdWaitEvent)
                  00212686    00000002     --HOLE-- [fill = 0]
                  00212688    00000060              : nimu.oem3 (.text:NIMUUnregister)
                  002126e8    00000060              : node.oem3 (.text:NodeFind)
                  00212748    00000060              : rtc.oem3 (.text:RTCMsg)
                  002127a8    00000060              : tcp.oem3 (.text:TcpChecksum)
                  00212808    00000060     nettool_ipv4.aem3 : dhcptags.oem3 (.text:dhcpBuildOptions)
                  00212868    00000060     hal_timer_bios.aem3 : lltimer.oem3 (.text:llTimerTick)
                  002128c8    00000060     rtsv7M3_T_le_eabi.lib : hostopen.obj (.text)
                  00212928    0000005e     stk.aem3 : route.oem3 (.text:RtRemove)
                  00212986    0000005e     nettool_ipv4.aem3 : dhcpsm.oem3 (.text:StateSelecting)
                  002129e4    0000005e     stk.aem3 : vlan.oem3 (.text:VLANReceivePacket)
                  00212a42    0000005e     MITU_M3_pem3.oem3 (.text:ti_ndk_config_tcp_init)
                  00212aa0    0000005c     nettool_ipv4.aem3 : config.oem3 (.text:CfgSetExecuteOrder)
                  00212afc    0000005c     stk.aem3 : nimu.oem3 (.text:NIMUIoctlSpecialCmd)
                  00212b58    0000005c     netctrl_min_ipv4.aem3 : netsrv.oem3 (.text:SPService)
                  00212bb4    0000005c     rtsv7M3_T_le_eabi.lib : close.obj (.text)
                  00212c10    0000005c                           : s_frexp.obj (.text)
                  00212c6c    0000005c     MITU_M3_pem3.oem3 (.text:ti_sysbios_knl_Swi_create)
                  00212cc8    0000005c     sysbios.aem3 : BIOS.obj (.text:ti_sysbios_knl_Swi_run__I)
                  00212d24    0000005c     MITU_M3_pem3.oem3 (.text:ti_sysbios_knl_Task_create)
                  00212d80    0000005b     ti.targets.arm.rtsarm.aem3 : Text.oem3 (.text:xdc_runtime_Text_putLab__E)
                  00212ddb    00000001     --HOLE-- [fill = 0]
                  00212ddc    0000005a     stk.aem3 : rawethsock.oem3 (.text:RawEthSockCheck)
                  00212e36    0000005a              : route.oem3 (.text:RtRedirect)
                  00212e90    0000005a     nettool_ipv4.aem3 : dhcpbild.oem3 (.text:dhcpBuildDecline)
                  00212eea    0000005a     mbtcp.obj (.text:eMBTCPSend)
                  00212f44    0000005a     os.aem3 : mem.oem3 (.text:mmCopy)
                  00212f9e    00000002     --HOLE-- [fill = 0]
                  00212fa0    00000058     stk.aem3 : bind.oem3 (.text:BindFree)
                  00212ff8    00000058              : igmp.oem3 (.text:IGMPTimer)
                  00213050    00000058     os.aem3 : semaphore.oem3 (.text:SemCreate)
                  002130a8    00000058     stk.aem3 : tcpprot.oem3 (.text:TcpValidateMetrics)
                  00213100    00000058     rtsv7M3_T_le_eabi.lib : hostread.obj (.text)
                  00213158    00000058                           : hostwrite.obj (.text)
                  002131b0    00000058     sysbios.aem3 : BIOS.obj (.text:ti_sysbios_knl_Swi_schedule__I)
                  00213208    00000058                  : BIOS.obj (.text:ti_sysbios_knl_Task_unblockI__E)
                  00213260    00000054     nettool_ipv4.aem3 : config.oem3 (.text:CfgEntryDeRef)
                  002132b4    00000054     stk.aem3 : igmp.oem3 (.text:IGMPLeave)
                  00213308    00000054              : rawethsock_pcb.oem3 (.text:RawEthSockPcbAttach)
                  0021335c    00000054              : sockpcb.oem3 (.text:SockCleanPcb)
                  002133b0    00000054              : tcptime.oem3 (.text:TcpTimeoutPersist)
                  00213404    00000054     rtsv7M3_T_le_eabi.lib : exit.obj (.text)
                  00213458    00000054                           : ltoa.obj (.text)
                  002134ac    00000054     sysbios.aem3 : BIOS.obj (.text:ti_sysbios_family_arm_m3_Timer_setPeriod__E)
                  00213500    00000054                  : BIOS.obj (.text:ti_sysbios_family_arm_m3_Timer_start__E)
                  00213554    00000054                  : BIOS.obj (.text:ti_sysbios_knl_Swi_Instance_init__E)
                  002135a8    00000054     ti.targets.arm.rtsarm.aem3 : Assert.oem3 (.text:xdc_runtime_Assert_raise__I)
                  002135fc    00000052     stk.aem3 : tcpprot.oem3 (.text:TcpPrDetach)
                  0021364e    00000002     --HOLE-- [fill = 0]
                  00213650    00000050     drivers_mware.aem3 : EMACTiva.oem3 (.text:EMACTiva_handlePendingTx)
                  002136a0    00000050                        : GPIOTiva.oem3 (.text:GPIO_setCallback)
                  002136f0    00000050                        : GPIOTiva.oem3 (.text:GPIO_write)
                  00213740    00000050     stk.aem3 : socket.oem3 (.text:NDK_bind)
                  00213790    00000050              : route.oem3 (.text:RtNew)
                  002137e0    00000050     sysbios.aem3 : BIOS.obj (.text:ti_sysbios_knl_Clock_Instance_init__E)
                  00213830    00000050     ti.targets.arm.rtsarm.aem3 : Startup.oem3 (.text:xdc_runtime_Startup_exec__E)
                  00213880    0000004e     stk.aem3 : node.oem3 (.text:NodeDeRef)
                  002138ce    0000004e     nettool_ipv4.aem3 : config.oem3 (.text:_CfgEntryScan)
                  0021391c    0000004c                       : ipaddr.oem3 (.text:NtAddNetwork)
                  00213968    0000004c     stk.aem3 : sockint.oem3 (.text:SockValidateRoute)
                  002139b4    0000004c     rtsv7M3_T_le_eabi.lib : atoi.obj (.text)
                  00213a00    0000004c                           : cpy_tbl.obj (.text)
                  00213a4c    0000004c     sysbios.aem3 : m3_TaskSupport_asm.obj (.text:ti_sysbios_family_arm_m3_TaskSupport_buildTaskStack)
                  00213a98    0000004c                  : BIOS.obj (.text:ti_sysbios_knl_Swi_runLoop__I)
                  00213ae4    0000004c                  : BIOS.obj (.text:ti_sysbios_knl_Task_deleteTerminatedTasksFunc__I)
                  00213b30    0000004c     ti.targets.arm.rtsarm.aem3 : Text.oem3 (.text:xdc_runtime_Text_visitRope2__I)
                  00213b7c    0000004a     netctrl_min_ipv4.aem3 : netsrv.oem3 (.text:ServiceKill)
                  00213bc6    0000004a     stk.aem3 : sock.oem3 (.text:SockDisconnect)
                  00213c10    0000004a              : timer.oem3 (.text:TimerNew)
                  00213c5a    00000048     nettool_ipv4.aem3 : config.oem3 (.text:CfgNew)
                  00213ca2    00000002     --HOLE-- [fill = 0]
                  00213ca4    00000048     stk.aem3 : lli.oem3 (.text:LLIMsg)
                  00213cec    00000048              : node.oem3 (.text:NodeWalk)
                  00213d34    00000048              : rawethsock_pcb.oem3 (.text:RawEthSockPcbDetach)
                  00213d7c    00000048              : sockpcb.oem3 (.text:SockPcbResolveChain)
                  00213dc4    00000048              : tcpprot.oem3 (.text:TcpDrop)
                  00213e0c    00000048              : lli.oem3 (.text:_LLIExpListInsert)
                  00213e54    00000048              : rtable.oem3 (.text:_RtExpListInsert)
                  00213e9c    00000048              : file.oem3 (.text:fdint_lockfd)
                  00213ee4    00000048     rtsv7M3_T_le_eabi.lib : fd_toi_t2.obj (.text)
                  00213f2c    00000048     sysbios.aem3 : BIOS.obj (.text:ti_sysbios_family_arm_m3_Hwi_Module_startup__E)
                  00213f74    00000048                  : BIOS.obj (.text:ti_sysbios_family_arm_m3_Hwi_excReserved__I)
                  00213fbc    00000048                  : m3_Hwi_asm_switch.obj (.text:ti_sysbios_family_arm_m3_Hwi_initStacks__E)
                  00214004    00000048                  : BIOS.obj (.text:ti_sysbios_family_arm_m3_Timer_initDevice__I)
                  0021404c    00000048                  : BIOS.obj (.text:ti_sysbios_heaps_HeapMem_getStats__E)
                  00214094    00000046     nettool_ipv4.aem3 : ipaddr.oem3 (.text:NtIfIdx2Ip)
                  002140da    00000046     stk.aem3 : rawethsock.oem3 (.text:RawEthSockSend)
                  00214120    00000046              : tcpprot.oem3 (.text:TcpPrCtlError)
                  00214166    00000046     os.aem3 : mem.oem3 (.text:mmZeroInit)
                  002141ac    00000046     ti.targets.arm.rtsarm.aem3 : Core-params.oem3 (.text:xdc_runtime_Core_assignParams__I)
                  002141f2    00000002     --HOLE-- [fill = 0]
                  002141f4    00000044     boot.aem3 : boot.oem3 (.text)
                  00214238    00000044     stk.aem3 : icmp.oem3 (.text:ICMPChecksum)
                  0021427c    00000044              : ipfrag.oem3 (.text:IPReasmFree)
                  002142c0    00000044              : lli.oem3 (.text:LLIGetValidTime)
                  00214304    00000044              : rtable.oem3 (.text:RouteMsg)
                  00214348    00000044              : rtable.oem3 (.text:RtWalkEnd)
                  0021438c    00000044              : sockpcb.oem3 (.text:SockPcbDetach)
                  002143d0    00000044              : timer.oem3 (.text:TimerListInsert)
                  00214414    00000044     hal_timer_bios.aem3 : lltimer.oem3 (.text:llTimerGetTime)
                  00214458    00000044     mbutils.obj (.text:prveMBError2Exception)
                  0021449c    00000044     rtsv7M3_T_le_eabi.lib : hostclose.obj (.text)
                  002144e0    00000044                           : hostunlink.obj (.text)
                  00214524    00000044     sysbios.aem3 : BIOS.obj (.text:ti_sysbios_family_arm_m3_Hwi_disableInterrupt__E)
                  00214568    00000044                  : BIOS.obj (.text:ti_sysbios_family_arm_m3_Hwi_enableInterrupt__E)
                  002145ac    00000044                  : BIOS.obj (.text:ti_sysbios_knl_Swi_post__E)
                  002145f0    00000044                  : BIOS.obj (.text:ti_sysbios_knl_Task_allBlockedFunction__I)
                  00214634    00000044     ti.targets.arm.rtsarm.aem3 : Error.oem3 (.text:xdc_runtime_Error_setX__E)
                  00214678    00000044                                : SysMin.oem3 (.text:xdc_runtime_SysMin_flush__E)
                  002146bc    00000044                                : Text.oem3 (.text:xdc_runtime_Text_xprintf__I)
                  00214700    00000042     stk.aem3 : socket.oem3 (.text:NDK_listen)
                  00214742    00000042              : tcpprot.oem3 (.text:TcpPrSendOOB)
                  00214784    00000042              : fileuser.oem3 (.text:fdCloseSession)
                  002147c6    00000002     --HOLE-- [fill = 0]
                  002147c8    00000040              : lliin.oem3 (.text:LLIValidateRoute)
                  00214808    00000040              : pbm.oem3 (.text:PBM_copy)
                  00214848    00000040              : sockpcb.oem3 (.text:SockPcbRtChange)
                  00214888    00000040              : tcpprot.oem3 (.text:TcpPrSend)
                  002148c8    00000040     mb.obj (.text:eMBDisable)
                  00214908    00000040     rtsv7M3_T_le_eabi.lib : u_divt2.obj (.text)
                  00214948    00000040     sysbios.aem3 : BIOS.obj (.text:ti_sysbios_family_arm_m3_Hwi_getStackInfo__E)
                  00214988    00000040                  : BIOS.obj (.text:ti_sysbios_family_arm_m3_Timer_Module_startup__E)
                  002149c8    00000040                  : BIOS.obj (.text:ti_sysbios_heaps_HeapMem_Instance_init__E)
                  00214a08    0000003e     nettool_ipv4.aem3 : dhcpmain.oem3 (.text:DHCPClose)
                  00214a46    00000002     --HOLE-- [fill = 0]
                  00214a48    0000003e     stk.aem3 : nimu.oem3 (.text:NIMUAllocateName)
                  00214a86    0000003e     os.aem3 : task.oem3 (.text:TaskCreate)
                  00214ac4    0000003e     stk.aem3 : tcpprot.oem3 (.text:TcpPrDisconnect)
                  00214b02    0000003e              : file.oem3 (.text:fdint_unlockfd)
                  00214b40    0000003c     nettool_ipv4.aem3 : config.oem3 (.text:CfgEntryGetData)
                  00214b7c    0000003c     stk.aem3 : node.oem3 (.text:NodeUpdatePL)
                  00214bb8    0000003c              : rtable.oem3 (.text:RtWalkBegin)
                  00214bf4    0000003c              : tcpprot.oem3 (.text:TcpPrConnect)
                  00214c30    0000003c              : tcptime.oem3 (.text:TcpSetPersist)
                  00214c6c    0000003c     MemFunctions.obj (.text:WriteTo_MTOC_MSGRAM)
                  00214ca8    0000003c     stk.aem3 : rtc.oem3 (.text:_RTCSendRtAdv)
                  00214ce4    0000003c              : rtable.oem3 (.text:_RtNodeRemove)
                  00214d20    0000003c     hal_timer_bios.aem3 : lltimer.oem3 (.text:_llTimerInit)
                  00214d5c    0000003c     sysbios.aem3 : BIOS.obj (.text:ti_sysbios_family_arm_m3_Hwi_excSvCall__I)
                  00214d98    0000003c                  : BIOS.obj (.text:ti_sysbios_heaps_HeapMem_init__I)
                  00214dd4    0000003c                  : BIOS.obj (.text:ti_sysbios_knl_Swi_restore__E)
                  00214e10    00000038     stk.aem3 : ip.oem3 (.text:IPChecksum)
                  00214e48    00000038              : ipfrag.oem3 (.text:IPReasmTimeout)
                  00214e80    00000038              : node.oem3 (.text:NodeGetRt)
                  00214eb8    00000038     MemFunctions.obj (.text:ReadFrom_CTOM_MSGRAM)
                  00214ef0    00000038     MemFunctions.obj (.text:ReadFrom_CTOM_MSGRAM_Float)
                  00214f28    00000038     MemFunctions.obj (.text:ReadFrom_S6SHRAM)
                  00214f60    00000038     stk.aem3 : tcpprot.oem3 (.text:TcpClose)
                  00214f98    00000038              : timer.oem3 (.text:TimerHSTick)
                  00214fd0    00000038     MemFunctions.obj (.text:WriteTo_FPGA)
                  00215008    00000038     MemFunctions.obj (.text:WriteTo_MTOC_MSGRAM_Float)
                  00215040    00000038     MemFunctions.obj (.text:WriteTo_SRAM)
                  00215078    00000038     nettool_ipv4.aem3 : dhcpbild.oem3 (.text:dhcpBuildDiscover)
                  002150b0    00000038                       : dhcptags.oem3 (.text:dhcpOptionsClear)
                  002150e8    00000038     stk.aem3 : file.oem3 (.text:fdint_waitevent)
                  00215120    00000038     sysbios.aem3 : BIOS.obj (.text:ti_sysbios_family_arm_m3_Hwi_excNoIsr__I)
                  00215158    00000038     MITU_M3_pem3.oem3 (.text:ti_sysbios_knl_Clock_create)
                  00215190    00000038     sysbios.aem3 : BIOS.obj (.text:ti_sysbios_knl_Task_processVitalTaskFlag__I)
                  002151c8    00000038     portevent.obj (.text:xMBPortEventGet)
                  00215200    00000038     ti.targets.arm.rtsarm.aem3 : SysMin.oem3 (.text:xdc_runtime_SysMin_putch__E)
                  00215238    00000038                                : System.oem3 (.text:xdc_runtime_System_atexit__E)
                  00215270    00000036     driverlib.lib : cpu.obj (.text)
                  002152a6    00000036     rtsv7M3_T_le_eabi.lib : strncpy.obj (.text)
                  002152dc    00000034     nettool_ipv4.aem3 : config.oem3 (.text:CfgSetService)
                  00215310    00000034     drivers_mware.aem3 : EMACTiva.oem3 (.text:EMACTiva_emacPoll)
                  00215344    00000034                        : EMACTiva.oem3 (.text:EMACTiva_hwiIntFxn)
                  00215378    00000034                        : EMACTiva.oem3 (.text:EMACTiva_isLinkUp)
                  002153ac    00000034                        : EMAC.oem3 (.text:EMAC_init)
                  002153e0    00000034     stk.aem3 : exec.oem3 (.text:ExecClose)
                  00215414    00000034              : nimu.oem3 (.text:NIMUFindByName)
                  00215448    00000034              : nimu.oem3 (.text:NIMUInit)
                  0021547c    00000034              : rawethsock.oem3 (.text:RawEthSockNotify)
                  002154b0    00000034     MemFunctions.obj (.text:ReadFrom_FPGA)
                  002154e4    00000034     stk.aem3 : sockprot.oem3 (.text:SockPrCtlError)
                  00215518    00000034     mb.obj (.text:eMBEnable)
                  0021554c    00000034     os.aem3 : mem.oem3 (.text:mmUnInitPage)
                  00215580    00000034     sysbios.aem3 : BIOS.obj (.text:ti_sysbios_family_arm_m3_Hwi_Instance_finalize__E)
                  002155b4    00000034                  : BIOS.obj (.text:ti_sysbios_family_arm_m3_Hwi_excNmi__I)
                  002155e8    00000034                  : BIOS.obj (.text:ti_sysbios_family_arm_m3_Timer_periodicStub__I)
                  0021561c    00000034                  : BIOS.obj (.text:ti_sysbios_hal_Hwi_checkStack)
                  00215650    00000034     MITU_M3_pem3.oem3 (.text:ti_sysbios_knl_Semaphore_create)
                  00215684    00000034     porttcp.obj (.text:xMBTCPPortGetRequest)
                  002156b8    00000034     ti.targets.arm.rtsarm.aem3 : Core-label.oem3 (.text:xdc_runtime_Core_assignLabel__I)
                  002156ec    00000033                                : Text.oem3 (.text:xdc_runtime_Text_printVisFxn__I)
                  0021571f    00000001     --HOLE-- [fill = 0]
                  00215720    00000032     nettool_ipv4.aem3 : config.oem3 (.text:CfgGetImmediate)
                  00215752    00000032     stk.aem3 : pipe.oem3 (.text:PipeCheck)
                  00215784    00000032              : route.oem3 (.text:RtDeRef)
                  002157b6    00000032              : route.oem3 (.text:RtSetFailure)
                  002157e8    00000032              : sb.oem3 (.text:SBFlush)
                  0021581a    00000032              : sb.oem3 (.text:SBSetMax)
                  0021584c    00000032              : sock.oem3 (.text:SockIntAbort)
                  0021587e    00000032     nettool_ipv4.aem3 : config.oem3 (.text:_CfgAcquire)
                  002158b0    00000032                       : dhcpsm.oem3 (.text:dhcpIPRemove)
                  002158e2    00000032     sysbios.aem3 : BIOS.obj (.text:ti_sysbios_knl_Semaphore_pendTimeout__I)
                  00215914    00000030     netctrl_min_ipv4.aem3 : netsrv.oem3 (.text:NS_PreBoot)
                  00215944    00000030     stk.aem3 : sock.oem3 (.text:SockBind)
                  00215974    00000030              : sock.oem3 (.text:SockGetName)
                  002159a4    00000030     nettool_ipv4.aem3 : dhcpsock.oem3 (.text:dhcpPacketSend)
                  002159d4    00000030     stk.aem3 : listlib.oem3 (.text:list_remove_node)
                  00215a04    00000030     MITU_M3_pem3.oem3 (.text:ti_sysbios_BIOS_atExitFunc__I)
                  00215a34    00000030     MITU_M3_pem3.oem3 (.text:ti_sysbios_gates_GateHwi_Object__create__S)
                  00215a64    00000030     MITU_M3_pem3.oem3 (.text:ti_sysbios_gates_GateMutex_Object__create__S)
                  00215a94    00000030     sysbios.aem3 : BIOS.obj (.text:ti_sysbios_gates_GateMutex_enter__E)
                  00215ac4    00000030     MITU_M3_pem3.oem3 (.text:ti_sysbios_heaps_HeapMem_Object__create__S)
                  00215af4    00000030     MITU_M3_pem3.oem3 (.text:ti_sysbios_knl_Semaphore_construct)
                  00215b24    00000030     ti.targets.arm.rtsarm.aem3 : SysMin.oem3 (.text:xdc_runtime_SysMin_abort__E)
                  00215b54    00000030                                : System.oem3 (.text:xdc_runtime_System_processAtExit__E)
                  00215b84    0000002e     stk.aem3 : sb.oem3 (.text:SBFree)
                  00215bb2    0000002e     MITU_M3_pem3.oem3 (.text:malloc)
                  00215be0    0000002e     rtsv7M3_T_le_eabi.lib : i_tofd_t2.obj (.text)
                  00215c0e    0000002e     sysbios.aem3 : BIOS.obj (.text:ti_sysbios_family_arm_m3_TaskSupport_start__E)
                  00215c3c    0000002e                  : BIOS.obj (.text:ti_sysbios_hal_Hwi_initStack)
                  00215c6a    0000002c     stk.aem3 : file.oem3 (.text:FdSignalEvent)
                  00215c96    00000002     --HOLE-- [fill = 0]
                  00215c98    0000002c              : igmp.oem3 (.text:IGMPTestGroup)
                  00215cc4    0000002c     os.aem3 : task.oem3 (.text:NDK_hookCreate)
                  00215cf0    0000002c     stk.aem3 : nimu.oem3 (.text:NIMUAllocateIndex)
                  00215d1c    0000002c              : nimu.oem3 (.text:NIMUPacketServiceCheck)
                  00215d48    0000002c              : pipe.oem3 (.text:PipeClose)
                  00215d74    0000002c              : sockpcb.oem3 (.text:SockPcbAttach)
                  00215da0    0000002c              : lli.oem3 (.text:_LLIExpListRemove)
                  00215dcc    0000002c              : lli.oem3 (.text:_LLITimeoutFlush)
                  00215df8    0000002c              : rtable.oem3 (.text:_RtExpListRemove)
                  00215e24    0000002c     mbfuncother.obj (.text:eMBFuncReportSlaveID)
                  00215e50    0000002c     stk.aem3 : file.oem3 (.text:fdint_setevent)
                  00215e7c    0000002c     porttcp.obj (.text:prvvMBPortReleaseClient)
                  00215ea8    0000002c     rtsv7M3_T_le_eabi.lib : assert.obj (.text)
                  00215ed4    0000002c                           : unlink.obj (.text)
                  00215f00    0000002c     MITU_M3_pem3.oem3 (.text:ti_sysbios_knl_Clock_doTick__I)
                  00215f2c    0000002c     MITU_M3_pem3.oem3 (.text:ti_sysbios_knl_Queue_construct)
                  00215f58    0000002c     sysbios.aem3 : BIOS.obj (.text:ti_sysbios_knl_Task_restore__E)
                  00215f84    0000002c     porttcp.obj (.text:vMBTCPPortClose)
                  00215fb0    0000002c     ti.targets.arm.rtsarm.aem3 : Text.oem3 (.text:xdc_runtime_Text_cordText__E)
                  00215fdc    0000002a     stk.aem3 : pbm.oem3 (.text:PBMQ_deq)
                  00216006    0000002a     netctrl_min_ipv4.aem3 : netsrv.oem3 (.text:ServiceCallback)
                  00216030    0000002a     nettool_ipv4.aem3 : config.oem3 (.text:_CfgRelease)
                  0021605a    0000002a     ti.targets.arm.rtsarm.aem3 : System.oem3 (.text:xdc_runtime_System_putchar__I)
                  00216084    00000028     MITU_M3_pem3.oem3 (.text:.bootCodeSection:ti_catalog_arm_cortexm3_concertoInit_Boot_initSharedRAMs)
                  002160ac    00000028     stk.aem3 : bind.oem3 (.text:BindFindByNet)
                  002160d4    00000028              : lli.oem3 (.text:LLIFree)
                  002160fc    00000028     netctrl_min_ipv4.aem3 : netctrl.oem3 (.text:NC_SystemClose)
                  00216124    00000028     stk.aem3 : nimu.oem3 (.text:NIMUCreatePacket)
                  0021614c    00000028              : nimu.oem3 (.text:NIMUPacketService)
                  00216174    00000028              : tcpin.oem3 (.text:TcpEnterTimeWait)
                  0021619c    00000028              : timer.oem3 (.text:TimerListRemove)
                  002161c4    00000028              : vlan.oem3 (.text:VLANFindSourceInterface)
                  002161ec    00000028              : vlan.oem3 (.text:VLANInit)
                  00216214    00000028     nettool_ipv4.aem3 : dhcpsock.oem3 (.text:dhcpPacketReceive)
                  0021623c    00000028     rtsv7M3_T_le_eabi.lib : lseek.obj (.text)
                  00216264    00000028                           : write.obj (.text)
                  0021628c    00000028     drivers_mware.aem3 : EMACTiva.oem3 (.text:signalLinkChange)
                  002162b4    00000028     sysbios.aem3 : BIOS.obj (.text:ti_sysbios_knl_Clock_addI__E)
                  002162dc    00000026     nettool_ipv4.aem3 : config.oem3 (.text:CfgEntryInfo)
                  00216302    00000026     porttcp.obj (.text:FD_SET)
                  00216328    00000026     stk.aem3 : rawethsock.oem3 (.text:RawEthSockClose)
                  0021634e    00000026     MITU_M3_pem3.oem3 (.text:ti_ndk_config_udp_init)
                  00216374    00000026     ti.targets.arm.rtsarm.aem3 : System.oem3 (.text:xdc_runtime_System_avprintf__E)
                  0021639a    00000002     --HOLE-- [fill = 0]
                  0021639c    00000024     stk.aem3 : bind.oem3 (.text:BindFindByHost)
                  002163c0    00000024              : bind.oem3 (.text:BindGetIFByDBCast)
                  002163e4    00000024     drivers_mware.aem3 : EMACTiva.oem3 (.text:EMACTiva_emacServicePacket)
                  00216408    00000024     stk.aem3 : exec.oem3 (.text:ExecTimer)
                  0021642c    00000024              : nimu.oem3 (.text:NIMUFindByIndex)
                  00216450    00000024              : rtc.oem3 (.text:RTCAddHook)
                  00216474    00000024              : rawethsock_pcb.oem3 (.text:RawEthSockPcbFind)
                  00216498    00000024              : route.oem3 (.text:RtFree)
                  002164bc    00000024              : route.oem3 (.text:RtSetTimeout)
                  002164e0    00000024              : sockpcb.oem3 (.text:SockPcbCleanup)
                  00216504    00000024              : tcpprot.oem3 (.text:TcpPrListen)
                  00216528    00000024              : tcptime.oem3 (.text:TcpTimeoutWait2)
                  0021654c    00000024     nettool_ipv4.aem3 : config.oem3 (.text:_CfgEntryProcess)
                  00216570    00000024     MITU_M3_pem3.oem3 (.text:ti_sysbios_BIOS_errorRaiseHook__I)
                  00216594    00000024     MITU_M3_pem3.oem3 (.text:ti_sysbios_BIOS_registerRTSLock__I)
                  002165b8    00000024     MITU_M3_pem3.oem3 (.text:ti_sysbios_BIOS_removeRTSLock__I)
                  002165dc    00000024     MITU_M3_pem3.oem3 (.text:ti_sysbios_BIOS_startFunc__I)
                  00216600    00000024     sysbios.aem3 : BIOS.obj (.text:ti_sysbios_family_arm_m3_Timer_startup__E)
                  00216624    00000024     MITU_M3_pem3.oem3 (.text:ti_sysbios_gates_GateMutex_Object__delete__S)
                  00216648    00000024     sysbios.aem3 : BIOS.obj (.text:ti_sysbios_knl_Clock_Module_startup__E)
                  0021666c    00000024                  : BIOS.obj (.text:ti_sysbios_knl_Semaphore_Instance_init__E)
                  00216690    00000024     MITU_M3_pem3.oem3 (.text:ti_sysbios_knl_Semaphore_Object__delete__S)
                  002166b4    00000024     sysbios.aem3 : BIOS.obj (.text:ti_sysbios_knl_Swi_Module_startup__E)
                  002166d8    00000024                  : BIOS.obj (.text:ti_sysbios_knl_Task_restoreHwi__E)
                  002166fc    00000024     portevent.obj (.text:xMBPortEventPost)
                  00216720    00000024     ti.targets.arm.rtsarm.aem3 : System.oem3 (.text:xdc_runtime_System_vprintf__E)
                  00216744    00000022     nettool_ipv4.aem3 : config.oem3 (.text:CfgEntryRef)
                  00216766    00000022     stk.aem3 : vlan.oem3 (.text:VLANFindNode)
                  00216788    00000022     mbtcp.obj (.text:eMBTCPDoInit)
                  002167aa    00000022     porttcp.obj (.text:select)
                  002167cc    00000022     NETW_SocketComms.obj (.text:setsockopt)
                  002167ee    00000022     MITU_M3_pem3.oem3 (.text:xdc_runtime_SysMin_output__I)
                  00216810    00000020     drivers_mware.aem3 : EMACTiva.oem3 (.text:EMACTiva_init)
                  00216830    00000020     netctrl_min_ipv4.aem3 : netctrl.oem3 (.text:NC_BootComplete)
                  00216850    00000020     stk.aem3 : nimu.oem3 (.text:NIMUGetNumOfObject)
                  00216870    00000020              : rtc.oem3 (.text:RTCRemoveHook)
                  00216890    00000020              : tcp.oem3 (.text:TcpTimeoutRemove)
                  002168b0    00000020              : fileuser.oem3 (.text:fdsetTestEntry)
                  002168d0    00000020     rtsv7M3_T_le_eabi.lib : memchr.obj (.text)
                  002168f0    00000020     MITU_M3_pem3.oem3 (.text:ti_sysbios_BIOS_rtsLock__I)
                  00216910    00000020     MITU_M3_pem3.oem3 (.text:ti_sysbios_family_arm_m3_Hwi_Object__delete__S)
                  00216930    00000020     sysbios.aem3 : m3_Hwi_asm.obj (.text:ti_sysbios_family_arm_m3_Hwi_excHandlerAsm__I)
                  00216950    00000020                  : BIOS.obj (.text:ti_sysbios_family_arm_m3_Hwi_excHandler__I)
                  00216970    00000020     MITU_M3_pem3.oem3 (.text:ti_sysbios_gates_GateHwi_Object__delete__S)
                  00216990    00000020     MITU_M3_pem3.oem3 (.text:ti_sysbios_heaps_HeapMem_Object__delete__S)
                  002169b0    00000020     sysbios.aem3 : BIOS.obj (.text:ti_sysbios_knl_Idle_run__E)
                  002169d0    00000020     MITU_M3_pem3.oem3 (.text:ti_sysbios_knl_Semaphore_Object__destruct__S)
                  002169f0    00000020     MITU_M3_pem3.oem3 (.text:ti_sysbios_knl_Swi_Object__delete__S)
                  00216a10    00000020     MITU_M3_pem3.oem3 (.text:ti_sysbios_knl_Task_Object__delete__S)
                  00216a30    00000020     ti.targets.arm.rtsarm.aem3 : Registry.oem3 (.text:xdc_runtime_Registry_findById__E)
                  00216a50    00000020                                : SysMin.oem3 (.text:xdc_runtime_SysMin_Module_startup__E)
                  00216a70    0000001e     stk.aem3 : fileuser.oem3 (.text:fdError)
                  00216a8e    0000001e              : listlib.oem3 (.text:list_remove)
                  00216aac    0000001e     NETW_SocketComms.obj (.text:recv)
                  00216aca    0000001e     porttcp.obj (.text:recv)
                  00216ae8    0000001e     NETW_SocketComms.obj (.text:send)
                  00216b06    0000001e     porttcp.obj (.text:send)
                  00216b24    0000001e     sysbios.aem3 : m3_Hwi_asm_switch.obj (.text:ti_sysbios_family_xxx_Hwi_switchAndRunFunc)
                  00216b42    00000002     --HOLE-- [fill = 0]
                  00216b44    0000001c     stk.aem3 : bind.oem3 (.text:BindFindByIF)
                  00216b60    0000001c     drivers_mware.aem3 : EMACTiva.oem3 (.text:EMACTiva_emacSend)
                  00216b7c    0000001c     stk.aem3 : exec.oem3 (.text:ExecBroadcast)
                  00216b98    0000001c     os.aem3 : ossys.oem3 (.text:NDK_sprintf)
                  00216bb4    0000001c     stk.aem3 : nimu.oem3 (.text:NIMUAddHeader)
                  00216bd0    0000001c              : sockprot.oem3 (.text:SockPrDetach)
                  00216bec    0000001c     os.aem3 : task.oem3 (.text:TaskDestroy)
                  00216c08    0000001c     MITU_M3_pem3.oem3 (.text:ti_ndk_config_global_taskCreateHook)
                  00216c24    0000001c     sysbios.aem3 : BIOS.obj (.text:ti_sysbios_gates_GateMutex_Instance_init__E)
                  00216c40    0000001c     MITU_M3_pem3.oem3 (.text:ti_sysbios_knl_Queue_Object__destruct__S)
                  00216c5c    0000001c     sysbios.aem3 : BIOS.obj (.text:ti_sysbios_knl_Queue_put__E)
                  00216c78    0000001c                  : BIOS.obj (.text:ti_sysbios_knl_Task_enter__I)
                  00216c94    0000001c     ti.targets.arm.rtsarm.aem3 : Error.oem3 (.text:xdc_runtime_Error_raiseX__E)
                  00216cb0    0000001c                                : Memory.oem3 (.text:xdc_runtime_Memory_valloc__E)
                  00216ccc    0000001c                                : SysMin.oem3 (.text:xdc_runtime_SysMin_exit__E)
                  00216ce8    0000001c                                : System.oem3 (.text:xdc_runtime_System_abort__E)
                  00216d04    0000001a     stk.aem3 : bind.oem3 (.text:BindGetIP)
                  00216d1e    0000001a              : sockint.oem3 (.text:SockSetOOBMark)
                  00216d38    0000001a              : file.oem3 (.text:fdint_getfdt)
                  00216d52    0000001a     MITU_M3_pem3.oem3 (.text:free)
                  00216d6c    0000001a     rtsv7M3_T_le_eabi.lib : memccpy.obj (.text)
                  00216d86    0000001a     MITU_M3_pem3.oem3 (.text:ti_sysbios_family_arm_m3_Hwi_Handle__label__S)
                  00216da0    0000001a     sysbios.aem3 : m3_Hwi_asm.obj (.text:ti_sysbios_family_arm_m3_Hwi_pendSV__I)
                  00216dba    0000001a     MITU_M3_pem3.oem3 (.text:ti_sysbios_gates_GateHwi_Handle__label__S)
                  00216dd4    0000001a     MITU_M3_pem3.oem3 (.text:ti_sysbios_gates_GateMutex_Handle__label__S)
                  00216dee    0000001a     MITU_M3_pem3.oem3 (.text:ti_sysbios_heaps_HeapMem_Handle__label__S)
                  00216e08    0000001a     MITU_M3_pem3.oem3 (.text:ti_sysbios_knl_Swi_Handle__label__S)
                  00216e22    0000001a     MITU_M3_pem3.oem3 (.text:ti_sysbios_knl_Task_Handle__label__S)
                  00216e3c    0000001a     sysbios.aem3 : BIOS.obj (.text:ti_sysbios_knl_Task_sleepTimeout__I)
                  00216e56    0000001a     MITU_M3_pem3.oem3 (.text:xdc_runtime_System_aprintf__E)
                  00216e70    0000001a     MITU_M3_pem3.oem3 (.text:xdc_runtime_System_printf__E)
                  00216e8a    00000002     --HOLE-- [fill = 0]
                  00216e8c    00000018     stk.aem3 : ip.oem3 (.text:IPRtChange)
                  00216ea4    00000018              : rawethsock_pcb.oem3 (.text:RawEthSockPcbCleanup)
                  00216ebc    00000018     nettool_ipv4.aem3 : ipaddr.oem3 (.text:RouteHook)
                  00216ed4    00000018     stk.aem3 : tcpin.oem3 (.text:SEQ_GEQ)
                  00216eec    00000018              : tcpout.oem3 (.text:SEQ_GEQ)
                  00216f04    00000018              : tcpin.oem3 (.text:SEQ_GT)
                  00216f1c    00000018              : tcpout.oem3 (.text:SEQ_GT)
                  00216f34    00000018              : tcpin.oem3 (.text:SEQ_LEQ)
                  00216f4c    00000018              : tcpout.oem3 (.text:SEQ_LEQ)
                  00216f64    00000018              : tcpin.oem3 (.text:SEQ_LT)
                  00216f7c    00000018              : tcpout.oem3 (.text:SEQ_LT)
                  00216f94    00000018              : tcp.oem3 (.text:TcpTimeoutAdd)
                  00216fac    00000018     nettool_ipv4.aem3 : dhcpsock.oem3 (.text:dhcpSocketClose)
                  00216fc4    00000018     ModbusFunctions.obj (.text:eGetPollingThreadState)
                  00216fdc    00000018     ModbusFunctions.obj (.text:eMBRegCoilsCB)
                  00216ff4    00000018     ModbusFunctions.obj (.text:eSetPollingThreadState)
                  0021700c    00000018     stk.aem3 : file.oem3 (.text:fdint_clearevent)
                  00217024    00000018              : listlib.oem3 (.text:list_add)
                  0021703c    00000018     rtsv7M3_T_le_eabi.lib : args_main.obj (.text)
                  00217054    00000018                           : strcmp.obj (.text)
                  0021706c    00000018     MITU_M3_pem3.oem3 (.text:ti_sysbios_BIOS_rtsUnlock__I)
                  00217084    00000018     MITU_M3_pem3.oem3 (.text:ti_sysbios_family_arm_m3_Hwi_Module__startupDone__F)
                  0021709c    00000018     MITU_M3_pem3.oem3 (.text:ti_sysbios_family_arm_m3_Timer_Module__startupDone__F)
                  002170b4    00000018     sysbios.aem3 : BIOS.obj (.text:ti_sysbios_gates_GateMutex_leave__E)
                  002170cc    00000018     porttcp.obj (.text:vMBTCPPortDisable)
                  002170e4    00000018     ti.targets.arm.rtsarm.aem3 : Error.oem3 (.text:xdc_runtime_Error_check__E)
                  002170fc    00000018                                : System.oem3 (.text:xdc_runtime_System_exit__E)
                  00217114    00000018                                : Text.oem3 (.text:xdc_runtime_Text_ropeText__E)
                  0021712c    00000016     stk.aem3 : file.oem3 (.text:fdint_freefdt)
                  00217142    00000016     rtsv7M3_T_le_eabi.lib : strchr.obj (.text)
                  00217158    00000016                           : strcpy.obj (.text)
                  0021716e    00000016     MITU_M3_pem3.oem3 (.text:ti_sysbios_BIOS_exitFunc__I)
                  00217184    00000016     NETW_AHooks.obj (.text:ti_sysbios_knl_Semaphore_Params_init)
                  0021719a    00000016     MITU_M3.obj (.text:ti_sysbios_knl_Task_Params_init)
                  002171b0    00000016     ModbusFunctions.obj (.text:ti_sysbios_knl_Task_Params_init)
                  002171c6    00000016     NETW_AHooks.obj (.text:ti_sysbios_knl_Task_Params_init)
                  002171dc    00000016     NETW_SocketComms.obj (.text:ti_sysbios_knl_Task_Params_init)
                  002171f2    00000016     ti.targets.arm.rtsarm.aem3 : System.oem3 (.text:xdc_runtime_System_vsprintf__E)
                  00217208    00000014     MITU_M3_pem3.oem3 (.text:.bootCodeSection:ti_catalog_arm_cortexm3_concertoInit_Boot_init)
                  0021721c    00000014     stk.aem3 : bind.oem3 (.text:BindIPHost2IF)
                  00217230    00000014     netctrl_min_ipv4.aem3 : netctrl.oem3 (.text:NC_NetStop)
                  00217244    00000014     os.aem3 : task.oem3 (.text:NDK_hookExit)
                  00217258    00000014     stk.aem3 : nimu.oem3 (.text:NIMUSendPacket)
                  0021726c    00000014     nettool_ipv4.aem3 : ipaddr.oem3 (.text:NtRemoveNetwork)
                  00217280    00000014     stk.aem3 : rawethsock_pcb.oem3 (.text:RawEthSockPcbInit)
                  00217294    00000014              : timer.oem3 (.text:TimerFree)
                  002172a8    00000014     NETW_SocketComms.obj (.text:accept)
                  002172bc    00000014     porttcp.obj (.text:accept)
                  002172d0    00000014     NETW_SocketComms.obj (.text:bind)
                  002172e4    00000014     porttcp.obj (.text:bind)
                  002172f8    00000014     ModbusFunctions.obj (.text:eMBRegDiscreteCB)
                  0021730c    00000014     rtsv7M3_T_le_eabi.lib : _lock.obj (.text)
                  00217320    00000014                           : strlen.obj (.text)
                  00217334    00000014     NETW_SocketComms.obj (.text:socket)
                  00217348    00000014     porttcp.obj (.text:socket)
                  0021735c    00000014     MITU_M3_pem3.oem3 (.text:ti_ndk_config_global_taskExitHook)
                  00217370    00000014     MITU_M3_pem3.oem3 (.text:ti_sysbios_family_arm_m3_Hwi_Object__get__S)
                  00217384    00000014     sysbios.aem3 : BIOS.obj (.text:ti_sysbios_family_arm_m3_Hwi_switchFromBootStack__E)
                  00217398    00000014     MITU_M3_pem3.oem3 (.text:ti_sysbios_heaps_HeapMem_Object__get__S)
                  002173ac    00000014     MITU_M3_pem3.oem3 (.text:ti_sysbios_knl_Swi_Object__get__S)
                  002173c0    00000014     MITU_M3_pem3.oem3 (.text:ti_sysbios_knl_Task_Object__first__S)
                  002173d4    00000014     MITU_M3_pem3.oem3 (.text:ti_sysbios_knl_Task_Object__next__S)
                  002173e8    00000012     stk.aem3 : sockprot.oem3 (.text:SockPrAttach)
                  002173fa    00000012              : sockint.oem3 (.text:SockSetOOBData)
                  0021740c    00000012     nettool_ipv4.aem3 : inetaddr.oem3 (.text:inet_addr)
                  0021741e    00000012     sysbios.aem3 : BIOS.obj (.text:ti_sysbios_hal_Hwi_Module_startup__E)
                  00217430    00000012                  : BIOS.obj (.text:ti_sysbios_knl_Semaphore_reset__E)
                  00217442    00000012     MITU_M3_pem3.oem3 (.text:xdc_runtime_Startup_exec__I)
                  00217454    00000010     stk.aem3 : bind.oem3 (.text:BindIF2IPHost)
                  00217464    00000010              : bind.oem3 (.text:BindIFNet2IPHost)
                  00217474    00000010              : exec.oem3 (.text:ExecHRef)
                  00217484    00000010     porttcp.obj (.text:FD_ISSET)
                  00217494    00000010     porttcp.obj (.text:FD_ZERO)
                  002174a4    00000010     netctrl_min_ipv4.aem3 : netctrl.oem3 (.text:NC_IPUpdate)
                  002174b4    00000010     stk.aem3 : nimu.oem3 (.text:NIMUGetRsvdSizeInfo)
                  002174c4    00000010     NETW_SocketComms.obj (.text:listen)
                  002174d4    00000010     porttcp.obj (.text:listen)
                  002174e4    00000010     sysbios.aem3 : BIOS.obj (.text:ti_sysbios_BIOS_getCpuFreq__E)
                  002174f4    00000010                  : BIOS.obj (.text:ti_sysbios_BIOS_setThreadType__E)
                  00217504    00000010                  : BIOS.obj (.text:ti_sysbios_BIOS_start__E)
                  00217514    00000010                  : m3_TaskSupport_asm.obj (.text:ti_sysbios_family_arm_m3_TaskSupport_glue)
                  00217524    00000010                  : m3_TaskSupport_asm.obj (.text:ti_sysbios_family_arm_m3_TaskSupport_swap__E)
                  00217534    00000010                  : BIOS.obj (.text:ti_sysbios_gates_GateMutex_Instance_finalize__E)
                  00217544    00000010                  : BIOS.obj (.text:ti_sysbios_knl_Semaphore_Instance_finalize__E)
                  00217554    00000010                  : BIOS.obj (.text:ti_sysbios_knl_Swi_disable__E)
                  00217564    00000010     MITU_M3_pem3.oem3 (.text:ti_sysbios_knl_Task_Object__get__S)
                  00217574    00000010     sysbios.aem3 : BIOS.obj (.text:ti_sysbios_knl_Task_disable__E)
                  00217584    00000010     portevent.obj (.text:xMBPortEventInit)
                  00217594    00000010     ti.targets.arm.rtsarm.aem3 : Gate.oem3 (.text:xdc_runtime_Gate_leaveSystem__E)
                  002175a4    00000010                                : Memory.oem3 (.text:xdc_runtime_Memory_free__E)
                  002175b4    00000010                                : SysMin.oem3 (.text:xdc_runtime_SysMin_ready__E)
                  002175c4    00000010                                : System.oem3 (.text:xdc_runtime_System_vsnprintf__E)
                  002175d4    00000010     MITU_M3_pem3.oem3 (.text:xdc_runtime_Text_visitRope__I)
                  002175e4    0000000e     drivers_mware.aem3 : EMACTiva.oem3 (.text:EMACTiva_emacioctl)
                  002175f2    0000000e     stk.aem3 : exec.oem3 (.text:ExecLowResource)
                  00217600    0000000e     rtsv7M3_T_le_eabi.lib : copy_decompress_none.obj (.text:decompress:none)
                  0021760e    0000000e     sysbios.aem3 : BIOS.obj (.text:ti_sysbios_knl_Queue_empty__E)
                  0021761c    0000000c     MITU_M3_pem3.oem3 (.text:.bootCodeSection:ti_catalog_arm_cortexm3_concertoInit_Boot_initStartup)
                  00217628    0000000c     stk.aem3 : bind.oem3 (.text:BindGetFirst)
                  00217634    0000000c     nettool_ipv4.aem3 : config.oem3 (.text:CfgSetDefault)
                  00217640    0000000c     os.aem3 : task.oem3 (.text:NDK_hookInit)
                  0021764c    0000000c     stk.aem3 : nimu.oem3 (.text:NIMUSetRsvdSizeInfo)
                  00217658    0000000c     os.aem3 : task.oem3 (.text:NotifyLowResource)
                  00217664    0000000c     stk.aem3 : pbm.oem3 (.text:PBM_close)
                  00217670    0000000c     os.aem3 : semaphore.oem3 (.text:SemDelete)
                  0021767c    0000000c     hal_timer_bios.aem3 : lltimer.oem3 (.text:_llTimerShutdown)
                  00217688    0000000c     NETW_SocketComms.obj (.text:close)
                  00217694    0000000c     porttcp.obj (.text:close)
                  002176a0    0000000c     rtsv7M3_T_le_eabi.lib : copy_zero_init.obj (.text:decompress:ZI)
                  002176ac    0000000c     hal_timer_bios.aem3 : lltimer.oem3 (.text:llTimerGetStartTime)
                  002176b8    0000000c     sysbios.aem3 : BIOS.obj (.text:ti_sysbios_BIOS_getThreadType__E)
                  002176c4    0000000c     MITU_M3_pem3.oem3 (.text:ti_sysbios_family_arm_m3_Hwi_Params__init__S)
                  002176d0    0000000c     sysbios.aem3 : BIOS.obj (.text:ti_sysbios_family_arm_m3_Hwi_disableFxn__E)
                  002176dc    0000000c                  : BIOS.obj (.text:ti_sysbios_family_arm_m3_TaskSupport_checkStack__E)
                  002176e8    0000000c                  : BIOS.obj (.text:ti_sysbios_family_arm_m3_TaskSupport_getStackAlignment__E)
                  002176f4    0000000c                  : BIOS.obj (.text:ti_sysbios_gates_GateHwi_enter__E)
                  00217700    0000000c     MITU_M3_pem3.oem3 (.text:ti_sysbios_knl_Clock_Params__init__S)
                  0021770c    0000000c     sysbios.aem3 : BIOS.obj (.text:ti_sysbios_knl_Clock_getTicks__E)
                  00217718    0000000c     MITU_M3_pem3.oem3 (.text:ti_sysbios_knl_Queue_Object__get__S)
                  00217724    0000000c     MITU_M3_pem3.oem3 (.text:ti_sysbios_knl_Semaphore_Params__init__S)
                  00217730    0000000c     MITU_M3_pem3.oem3 (.text:ti_sysbios_knl_Task_Params__init__S)
                  0021773c    0000000c     sysbios.aem3 : BIOS.obj (.text:ti_sysbios_knl_Task_getIdleTask__E)
                  00217748    0000000c                  : BIOS.obj (.text:ti_sysbios_knl_Task_self__E)
                  00217754    0000000c     ti.targets.arm.rtsarm.aem3 : Error.oem3 (.text:xdc_runtime_Error_init__E)
                  00217760    0000000c                                : Gate.oem3 (.text:xdc_runtime_Gate_enterSystem__E)
                  0021776c    0000000c                                : Memory.oem3 (.text:xdc_runtime_Memory_calloc__E)
                  00217778    0000000c                                : Memory.oem3 (.text:xdc_runtime_Memory_getMaxDefaultTypeAlign__E)
                  00217784    0000000a     stk.aem3 : file.oem3 (.text:fdint_signalevent)
                  0021778e    0000000a              : file.oem3 (.text:fdint_signaltimeout)
                  00217798    0000000a     MITU_M3_pem3.oem3 (.text:xdc_runtime_IHeap_alloc)
                  002177a2    0000000a     MITU_M3_pem3.oem3 (.text:xdc_runtime_IHeap_free)
                  002177ac    00000008     stk.aem3 : node.oem3 (.text:NodeFree)
                  002177b4    00000008     os.aem3 : task.oem3 (.text:TaskBlock)
                  002177bc    00000008     mbtcp.obj (.text:eMBTCPStop)
                  002177c4    00000008     rtsv7M3_T_le_eabi.lib : s_copysign.obj (.text)
                  002177cc    00000008     sysbios.aem3 : BIOS.obj (.text:ti_sysbios_family_arm_m3_Hwi_doSwiRestore__I)
                  002177d4    00000008                  : BIOS.obj (.text:ti_sysbios_family_arm_m3_Hwi_startup__E)
                  002177dc    00000008                  : BIOS.obj (.text:ti_sysbios_knl_Idle_loop__E)
                  002177e4    00000008                  : BIOS.obj (.text:ti_sysbios_knl_Task_getHookContext__E)
                  002177ec    00000008                  : BIOS.obj (.text:ti_sysbios_knl_Task_setHookContext__E)
                  002177f4    00000006     Boot.aem3 : Boot.oem3 (.text)
                  002177fa    00000002     --HOLE-- [fill = 0]
                  002177fc    00000006     driverlib.lib : sysctl.obj (.text:SysCtlDelay)
                  00217802    00000006     stk.aem3 : tcpprot.oem3 (.text:TcpPrRecv)
                  00217808    00000006     ti.targets.arm.rtsarm.aem3 : xdc_noinit.oem3 (.text:__xdc__init)
                  0021780e    00000006     sysbios.aem3 : BIOS.obj (.text:ti_sysbios_family_arm_m3_Hwi_doTaskRestore__I)
                  00217814    00000006                  : BIOS.obj (.text:ti_sysbios_family_arm_m3_Hwi_restoreFxn__E)
                  0021781a    00000006                  : BIOS.obj (.text:ti_sysbios_gates_GateHwi_leave__E)
                  00217820    00000006                  : BIOS.obj (.text:ti_sysbios_heaps_HeapMem_isBlocking__E)
                  00217826    00000006                  : BIOS.obj (.text:ti_sysbios_knl_Queue_Instance_init__E)
                  0021782c    00000006                  : BIOS.obj (.text:ti_sysbios_knl_Swi_startup__E)
                  00217832    00000006     ti.targets.arm.rtsarm.aem3 : System.oem3 (.text:xdc_runtime_System_Module_startup__E)
                  00217838    00000004     MITU_M3_pem3.oem3 (.text:.bootCodeSection:ti_catalog_arm_cortexm3_concertoInit_Boot_limpAbort)
                  0021783c    00000004     stk.aem3 : bind.oem3 (.text:BindGetIF)
                  00217840    00000004              : bind.oem3 (.text:BindGetNext)
                  00217844    00000004     os.aem3 : ossys.oem3 (.text:NDK_vsprintf)
                  00217848    00000004     stk.aem3 : node.oem3 (.text:NodeSetRt)
                  0021784c    00000004              : rawethsock_prot.oem3 (.text:RawEthSockPrAttach)
                  00217850    00000004              : rawethsock_prot.oem3 (.text:RawEthSockPrDetach)
                  00217854    00000004     os.aem3 : semaphore.oem3 (.text:SemPend)
                  00217858    00000004             : semaphore.oem3 (.text:SemPost)
                  0021785c    00000004             : semaphore.oem3 (.text:SemReset)
                  00217860    00000004             : task.oem3 (.text:TaskSelf)
                  00217864    00000004             : task.oem3 (.text:TaskSetPri)
                  00217868    00000004     hal_ser_stub.aem3 : llserstb.oem3 (.text:_llSerialInit)
                  0021786c    00000004     drivers_mware.aem3 : GPIOTiva.oem3 (.text:getGpioIntIndex)
                  00217870    00000004     stk.aem3 : listlib.oem3 (.text:list_get_head)
                  00217874    00000004              : listlib.oem3 (.text:list_get_next)
                  00217878    00000004     MITU_M3_pem3.oem3 (.text:ti_ndk_config_Global_NetworkOpen)
                  0021787c    00000004     MITU_M3_pem3.oem3 (.text:ti_sysbios_BIOS_RtsGateProxy_enter__E)
                  00217880    00000004     MITU_M3_pem3.oem3 (.text:ti_sysbios_BIOS_RtsGateProxy_leave__E)
                  00217884    00000004     MITU_M3_pem3.oem3 (.text:ti_sysbios_family_arm_m3_Hwi_delete)
                  00217888    00000004     MITU_M3_pem3.oem3 (.text:ti_sysbios_family_arm_m3_TaskSupport_Module__startupDone__S)
                  0021788c    00000004     sysbios.aem3 : BIOS.obj (.text:ti_sysbios_family_arm_m3_Timer_getMaxTicks__E)
                  00217890    00000004                  : BIOS.obj (.text:ti_sysbios_gates_GateHwi_query__E)
                  00217894    00000004                  : BIOS.obj (.text:ti_sysbios_gates_GateMutex_query__E)
                  00217898    00000004     MITU_M3_pem3.oem3 (.text:ti_sysbios_heaps_HeapMem_Module_GateProxy_enter__E)
                  0021789c    00000004     MITU_M3_pem3.oem3 (.text:ti_sysbios_heaps_HeapMem_Module_GateProxy_leave__E)
                  002178a0    00000004     MITU_M3_pem3.oem3 (.text:ti_sysbios_knl_Clock_TimerProxy_getMaxTicks__E)
[...]
00219958  ti_sysbios_knl_Queue_Object__PARAMS__C                            
00219970  ti_sysbios_knl_Task_hooks__A                                      
00219988  GPIOTiva_config                                                   
0021999c  xdc_runtime_Startup_firstFxns__A                                  
002199ac  xdc_runtime_Startup_sfxnRts__A                                    
002199bc  emacHWAttrs                                                       
002199c8  EMACTiva_fxnTable                                                 
002199d0  ti_sysbios_family_arm_m3_Hwi_excHookFuncs__A                      
002199d8  ti_sysbios_knl_Idle_funcList__A                                   
002199e0  ti_sysbios_knl_Idle_funcList__C                                   
002199e8  ti_sysbios_knl_Task_hooks__C                                      
002199f0  xdc_runtime_Startup_firstFxns__C                                  
002199f8  xdc_runtime_Startup_lastFxns__C                                   
00219a00  ti_sysbios_family_arm_m3_Hwi_E_NMI__C                             
00219a04  ti_sysbios_family_arm_m3_Hwi_E_alreadyDefined__C                  
00219a08  ti_sysbios_family_arm_m3_Hwi_E_busFault__C                        
00219a0c  ti_sysbios_family_arm_m3_Hwi_E_debugMon__C                        
00219a10  ti_sysbios_family_arm_m3_Hwi_E_hardFault__C                       
00219a14  ti_sysbios_family_arm_m3_Hwi_E_memFault__C                        
00219a18  ti_sysbios_family_arm_m3_Hwi_E_noIsr__C                           
00219a1c  ti_sysbios_family_arm_m3_Hwi_E_reserved__C                        
00219a20  ti_sysbios_family_arm_m3_Hwi_E_svCall__C                          
00219a24  ti_sysbios_family_arm_m3_Hwi_E_usageFault__C                      
00219a28  ti_sysbios_family_arm_m3_Hwi_NUM_INTERRUPTS__C                    
00219a2c  ti_sysbios_family_arm_m3_Hwi_Object__count__C                     
00219a30  ti_sysbios_family_arm_m3_Hwi_ccr__C                               
00219a34  ti_sysbios_family_arm_m3_Hwi_excHandlerFunc__C                    
00219a38  ti_sysbios_family_arm_m3_Hwi_excHookFuncs__C                      
00219a3c  ti_sysbios_family_arm_m3_Hwi_nullIsrFunc__C                       
00219a40  ti_sysbios_family_arm_m3_Hwi_priGroup__C                          
00219a44  ti_sysbios_family_arm_m3_TaskSupport_stackAlignment__C            
00219a48  ti_sysbios_family_arm_m3_Timer_E_cannotSupport__C                 
00219a4c  ti_sysbios_family_arm_m3_Timer_startupNeeded__C                   
00219a50  ti_sysbios_gates_GateMutex_Instance_State_sem__O                  
00219a54  ti_sysbios_hal_Hwi_E_stackOverflow__C                             
00219a58  ti_sysbios_heaps_HeapMem_E_memory__C                              
00219a5c  ti_sysbios_heaps_HeapMem_Module__gateObj__C                       
00219a60  ti_sysbios_heaps_HeapMem_Object__count__C                         
00219a64  ti_sysbios_heaps_HeapMem_reqAlign__C                              
00219a68  ti_sysbios_knl_Clock_Module_State_clockQ__O                       
00219a6c  ti_sysbios_knl_Semaphore_Instance_State_pendQ__O                  
00219a70  ti_sysbios_knl_Swi_Object__count__C                               
00219a74  ti_sysbios_knl_Task_E_deleteNotAllowed__C                         
00219a78  ti_sysbios_knl_Task_E_spOutOfBounds__C                            
00219a7c  ti_sysbios_knl_Task_E_stackOverflow__C                            
00219a80  ti_sysbios_knl_Task_Module_State_inactiveQ__O                     
00219a84  ti_sysbios_knl_Task_Module_State_terminatedQ__O                   
00219a88  ti_sysbios_knl_Task_Object__count__C                              
00219a8c  ti_sysbios_knl_Task_Object__heap__C                               
00219a90  ti_sysbios_knl_Task_allBlockedFunc__C                             
00219a94  ti_sysbios_knl_Task_defaultStackHeap__C                           
00219a98  ti_sysbios_knl_Task_defaultStackSize__C                           
00219a9c  ti_sysbios_knl_Task_numConstructedTasks__C                        
00219aa0  xdc_runtime_Assert_E_assertFailed__C                              
00219aa4  xdc_runtime_Core_A_initializedParams__C                           
00219aa8  xdc_runtime_Core_Module__diagsEnabled__C                          
00219aac  xdc_runtime_Core_Module__diagsIncluded__C                         
00219ab0  xdc_runtime_Core_Module__diagsMask__C                             
00219ab4  xdc_runtime_Error_E_memory__C                                     
00219ab8  xdc_runtime_Error_Module__diagsEnabled__C                         
00219abc  xdc_runtime_Error_Module__diagsIncluded__C                        
00219ac0  xdc_runtime_Error_Module__diagsMask__C                            
00219ac4  xdc_runtime_Error_Module__loggerFxn8__C                           
00219ac8  xdc_runtime_Error_Module__loggerObj__C                            
00219acc  xdc_runtime_Error_policyFxn__C                                    
00219ad0  xdc_runtime_Error_raiseHook__C                                    
00219ad4  xdc_runtime_IGateProvider_Interface__BASE__C                      
00219ad8  xdc_runtime_IHeap_Interface__BASE__C                              
00219adc  xdc_runtime_IModule_Interface__BASE__C                            
00219ae0  xdc_runtime_Log_L_error__C                                        
00219ae4  xdc_runtime_Memory_defaultHeapInstance__C                         
00219ae8  xdc_runtime_Startup_execImpl__C                                   
00219aec  xdc_runtime_Startup_maxPasses__C                                  
00219af0  xdc_runtime_Startup_sfxnRts__C                                    
00219af4  xdc_runtime_Startup_sfxnTab__C                                    
00219af8  xdc_runtime_SysMin_bufSize__C                                     
00219afc  xdc_runtime_SysMin_outputFunc__C                                  
00219b00  xdc_runtime_System_Module__gateObj__C                             
00219b04  xdc_runtime_System_abortFxn__C                                    
00219b08  xdc_runtime_System_exitFxn__C                                     
00219b0c  xdc_runtime_System_extendFxn__C                                   
00219b10  xdc_runtime_System_maxAtexitHandlers__C                           
00219b14  xdc_runtime_Text_charTab__C                                       
00219b18  xdc_runtime_Text_nameEmpty__C                                     
00219b1c  xdc_runtime_Text_nameStatic__C                                    
00219b20  xdc_runtime_Text_nameUnknown__C                                   
00219b24  xdc_runtime_Text_nodeTab__C                                       
00219b28  xdc_runtime_Text_visitRopeFxn__C                                  
00219b2c  ti_sysbios_hal_Hwi_Module__id__C                                  
00219b2e  ti_sysbios_heaps_HeapMem_Module__id__C                            
00219b30  ti_sysbios_knl_Task_Module__id__C                                 
00219b32  xdc_runtime_Core_Module__id__C                                    
00219b34  xdc_runtime_Error_Module__loggerDefined__C                        
00219b36  xdc_runtime_Error_maxDepth__C                                     
00219b38  xdc_runtime_Memory_Module__id__C                                  
00219b3a  xdc_runtime_SysMin_flushAtExit__C                                 
00219b3c  xdc_runtime_Text_charCnt__C                                       
00219b3e  xdc_runtime_Text_isLoaded__C                                      
00219b40  xdc_runtime_Text_registryModsLastId__C                            
00219b42  xdc_runtime_Text_unnamedModsLastId__C                             
00219b44  xdc_runtime_Error_policy__C                                       
00219f50  __TI_Handler_Table_Base                                           
00219f5c  __TI_Handler_Table_Limit                                          
00219f80  __TI_CINIT_Base                                                   
00219fa8  __TI_CINIT_Limit                                                  
00219fa8  __TI_static_base__                                                
00219fa8  __TI_table_binit                                                  
00219fa8  __binit__                                                         
00219fa8  binit                                                             
20000000  ti_sysbios_family_arm_m3_Hwi_ramVectors                           
200001b1  ti_catalog_arm_cortexm3_concertoInit_Boot_initFlash               
20000200  ti_sysbios_heaps_HeapMem_Instance_State_0_buf__A                  
20005200  ti_sysbios_knl_Task_Instance_State_0_stack__A                     
20005800  ti_sysbios_knl_Task_Instance_State_1_stack__A                     
20005a00  usRegHoldingBuf                                                   
20005c00  ti_sysbios_family_arm_m3_Hwi_dispatchTable                        
20005db0  __CIOBUF_                                                         
200060d8  tcps                                                              
20006244  __TI_tmpnams                                                      
2000636c  xdc_runtime_SysMin_Module_State_0_outbuf__A                       
200063ec  ips                                                               
20006454  nimu_mcb                                                          
200064b8  _ICMPIn                                                           
20006504  _ICMPOut                                                          
20006594  emacObjects                                                       
200065cc  vlan_mcb                                                          
20006618  udps                                                              
20006680  BlockCount                                                        
2000669c  BlockMax                                                          
200066b8  PageCount                                                         
200066d4  PageMax                                                           
200066f0  stkEvent                                                          
2000672c  raweths                                                           
2000673c  raws                                                              
2000674c  PBMQ_free                                                         
20006758  tpseudo                                                           
20006764  upseudo                                                           
20006770  parmbuf                                                           
20006778  usRegInputBuf                                                     
20006784  CTOM_Data                                                         
20006788  ExtControl_Data                                                   
2000679c  MTOC_Data                                                         
200067b4  _IGMPInDiscard                                                    
200067b8  _IGMPInQuery                                                      
200067bc  _IGMPInQueryGroup                                                 
200067c0  _IGMPInResponse                                                   
200067c4  _IGMPOutResponse                                                  
200067c8  g_connSlots                                                       
200067cc  g_regLock                                                         
200067dc  raweth_pcb                                                        
200067e0  ti_sysbios_knl_Task_Instance_State_0_hookEnv__A                   
200067e4  ti_sysbios_knl_Task_Instance_State_1_hookEnv__A                   
200067e8  xListenSocket                                                     
200067f0  IO_Count                                                          
200067f2  IO_Success_Count                                                  
20008000  _ftable                                                           
200080f0  _ipcfg                                                            
200081a4  ti_sysbios_knl_Task_Object__table__V                              
2000823c  ti_sysbios_knl_Swi_Module_State_0_readyQ__A                       
200082bc  ti_sysbios_knl_Task_Module_State_0_readyQ__A                      
200083bc  _device                                                           
20008434  _stream                                                           
200084d4  ti_sysbios_knl_Task_Module__state__V                              
20008598  ti_sysbios_gates_GateMutex_Object__table__V                       
200085d0  IPAddr_cfg                                                        
200085d4  SubnetMask_cfg                                                    
200085d8  DomainName_cfg                                                    
200085dc  ModbusControlledInput                                             
200085de  FirstThreadRun                                                    
200085e0  SecondThreadRun                                                   
200085e4  osciBufSize                                                       
200085e8  osciBufCnt                                                        
200085ec  lastSent                                                          
200085f0  lastWritten                                                       
200085f4  bOverload                                                         
200085f8  PWMAmpData                                                        
200085fc  MTOC_IO_Count                                                     
200085fe  CTOM_IO_Count                                                     
20008600  usRegInputStart                                                   
20008602  usRegHoldingStart                                                 
20008638  ti_sysbios_family_arm_m3_Hwi_Module__state__V                     
2000869c  ti_sysbios_family_arm_m3_Timer_Object__table__V                   
200086cc  ti_sysbios_knl_Swi_Object__table__V                               
200086fc  ti_sysbios_knl_Clock_Module__state__V                             
20008728  pstrMsgName                                                       
20008750  _oscfg                                                            
20008774  PITCount                                                          
20008778  PITUsed                                                           
2000877c  PITHigh                                                           
20008798  ti_sysbios_BIOS_Module__state__V                                  
200087d8  ti_ndk_config_Global_Id2Size                                      
200087f4  ti_sysbios_knl_Swi_Module__state__V                               
20008810  ti_ndk_config_Global_HostName                                     
20008814  LocalIPAddr                                                       
20008818  LocalIPMask                                                       
2000881c  GatewayIP                                                         
20008820  DomainName                                                        
20008824  __xdc__init__addr                                                 
20008858  ti_sysbios_family_arm_m3_Hwi_Object__table__V                     
20008870  ti_sysbios_heaps_HeapMem_Object__table__V                         
2000889c  gpioPinConfigs                                                    
200088ac  __TI_ft_end                                                       
200088b0  __aeabi_stdin                                                     
200088b4  __aeabi_stdout                                                    
200088b8  __aeabi_stderr                                                    
200088c4  _IGMPForceVersion1                                                
200088cc  __TI_cleanup_ptr                                                  
200088d0  __TI_dtors_ptr                                                    
200088d4  __TI_enable_exit_profile_output                                   
200088d8  ti_sysbios_family_arm_m3_Timer_Module__state__V                   
200088e4  xdc_runtime_SysMin_Module__state__V                               
200088fc  _lock                                                             
20008900  _unlock                                                           
20008904  NIMUDeviceTable                                                   
2000891c  _ICMPInErrors                                                     
20008920  _ICMPOutErrors                                                    
20008924  _IPExecuting                                                      
2000893c  tcp_iss                                                           
20008940  ptTimeFirst                                                       
2000894c  ti_sysbios_family_arm_m3_Hwi_Module__root__V                      
20008954  ti_sysbios_gates_GateHwi_Module__root__V                          
2000895c  ti_sysbios_gates_GateMutex_Module__root__V                        
20008964  ti_sysbios_heaps_HeapMem_Module__root__V                          
2000896c  ti_sysbios_knl_Clock_Module__root__V                              
20008974  ti_sysbios_knl_Queue_Module__root__V                              
2000897c  ti_sysbios_knl_Semaphore_Module__root__V                          
20008984  ti_sysbios_knl_Swi_Module__root__V                                
2000898c  ti_sysbios_knl_Task_Module__root__V                               
20008994  xdc_runtime_Registry_Module__state__V                             
2000899c  xdc_runtime_Startup_Module__state__V                              
200089a4  xdc_runtime_System_Module_State_0_atexitHandlers__A               
200089ac  xdc_runtime_System_Module__state__V                               
200089b4  macAddress                                                        
200089c6  ti_sysbios_family_arm_m3_Hwi_Module_State_0_excActive__A          
200089cc  gpioCallbackFunctions                                             
200089d8  xClientSocket                                                     
200089dc  errno                                                             
200089e8  main_func_sp                                                      
200089f0  _IPReasmPtr                                                       
20008a00  ti_sysbios_family_arm_m3_Hwi_Module_State_0_excContext__A         
20008a04  ti_sysbios_family_arm_m3_Hwi_Module_State_0_excStack__A           
20008a08  ti_sysbios_gates_GateHwi_Object__table__V                         
20008a0c  ti_sysbios_knl_Task_Module_State_0_idleTask__A                    
20008a10  xdc_runtime_Memory_Module__state__V                               
20008a14  xdc_runtime_Error_Module__state__V                                
20008a18  __stack                                                           
20008b18  __STACK_TOP                                                       
20009218  __STACK_END                                                       
20009280  ti_ndk_config_Global_pit                                          
20009328  ti_ndk_config_Global_pitBuffer                                    
2000db80  ti_ndk_config_Global_pBufMem                                      
20011780  ti_ndk_config_Global_pHdrMem                                      
e000e000  ti_sysbios_family_arm_m3_Hwi_nvic                                 
ffffffff  __TI_pprof_out_hndl                                               
ffffffff  __TI_prof_data_size                                               
ffffffff  __TI_prof_data_start                                              
ffffffff  __c_args__                                                        
UNDEFED   SHT$$INIT_ARRAY$$Base                                             
UNDEFED   SHT$$INIT_ARRAY$$Limit                                            

[1275 symbols]
