<?xml version="1.0"?>
<link_info>
   <banner>TMS320C2000 Linker PC v15.12.3.LTS</banner>
   <copyright>Copyright (c) 1996-2015 Texas Instruments Incorporated</copyright>
   <link_time>0x6a05ee08</link_time>
   <link_errors>0x0</link_errors>
   <output_file>PCON_C28.out</output_file>
   <entry_point>
      <name>code_start</name>
      <address>0x13fff0</address>
   </entry_point>
   <input_file_list>
      <input_file id="fl-2">
         <path>.\</path>
         <kind>object</kind>
         <file>ADC_Interrupt.obj</file>
         <name>ADC_Interrupt.obj</name>
      </input_file>
      <input_file id="fl-3">
         <path>.\</path>
         <kind>object</kind>
         <file>ALG_DataExchange.obj</file>
         <name>ALG_DataExchange.obj</name>
      </input_file>
      <input_file id="fl-4">
         <path>.\</path>
         <kind>object</kind>
         <file>ALG_DataProcessing.obj</file>
         <name>ALG_DataProcessing.obj</name>
      </input_file>
      <input_file id="fl-5">
         <path>.\</path>
         <kind>object</kind>
         <file>ALG_MainCycleCalc.obj</file>
         <name>ALG_MainCycleCalc.obj</name>
      </input_file>
      <input_file id="fl-6">
         <path>.\</path>
         <kind>object</kind>
         <file>ALG_ParamManager.obj</file>
         <name>ALG_ParamManager.obj</name>
      </input_file>
      <input_file id="fl-7">
         <path>.\</path>
         <kind>object</kind>
         <file>ALG_Protections.obj</file>
         <name>ALG_Protections.obj</name>
      </input_file>
      <input_file id="fl-8">
         <path>.\</path>
         <kind>object</kind>
         <file>ALG_Regulation.obj</file>
         <name>ALG_Regulation.obj</name>
      </input_file>
      <input_file id="fl-9">
         <path>.\</path>
         <kind>object</kind>
         <file>ALG_StateMachine.obj</file>
         <name>ALG_StateMachine.obj</name>
      </input_file>
      <input_file id="fl-a">
         <path>.\</path>
         <kind>object</kind>
         <file>ALG_StructuresInit.obj</file>
         <name>ALG_StructuresInit.obj</name>
      </input_file>
      <input_file id="fl-b">
         <path>.\</path>
         <kind>object</kind>
         <file>ALG_Synchronizer.obj</file>
         <name>ALG_Synchronizer.obj</name>
      </input_file>
      <input_file id="fl-c">
         <path>.\</path>
         <kind>object</kind>
         <file>ExternalControls.obj</file>
         <name>ExternalControls.obj</name>
      </input_file>
      <input_file id="fl-d">
         <path>.\</path>
         <kind>object</kind>
         <file>Filters.obj</file>
         <name>Filters.obj</name>
      </input_file>
      <input_file id="fl-e">
         <path>.\</path>
         <kind>object</kind>
         <file>GlobalDataInit.obj</file>
         <name>GlobalDataInit.obj</name>
      </input_file>
      <input_file id="fl-f">
         <path>.\</path>
         <kind>object</kind>
         <file>InitFunctions.obj</file>
         <name>InitFunctions.obj</name>
      </input_file>
      <input_file id="fl-10">
         <path>.\</path>
         <kind>object</kind>
         <file>MemFunctions.obj</file>
         <name>MemFunctions.obj</name>
      </input_file>
      <input_file id="fl-11">
         <path>.\</path>
         <kind>object</kind>
         <file>PCON_C28.obj</file>
         <name>PCON_C28.obj</name>
      </input_file>
      <input_file id="fl-12">
         <path>.\</path>
         <kind>object</kind>
         <file>SPIFlashFunctions.obj</file>
         <name>SPIFlashFunctions.obj</name>
      </input_file>
      <input_file id="fl-13">
         <path>.\</path>
         <kind>object</kind>
         <file>TimedProt.obj</file>
         <name>TimedProt.obj</name>
      </input_file>
      <input_file id="fl-14">
         <path>.\</path>
         <kind>object</kind>
         <file>pid.obj</file>
         <name>pid.obj</name>
      </input_file>
      <input_file id="fl-15">
         <path>.\inc\</path>
         <kind>object</kind>
         <file>F28M35x_Adc.obj</file>
         <name>F28M35x_Adc.obj</name>
      </input_file>
      <input_file id="fl-16">
         <path>.\inc\</path>
         <kind>object</kind>
         <file>F28M35x_CodeStartBranch.obj</file>
         <name>F28M35x_CodeStartBranch.obj</name>
      </input_file>
      <input_file id="fl-17">
         <path>.\inc\</path>
         <kind>object</kind>
         <file>F28M35x_CpuTimers.obj</file>
         <name>F28M35x_CpuTimers.obj</name>
      </input_file>
      <input_file id="fl-18">
         <path>.\inc\</path>
         <kind>object</kind>
         <file>F28M35x_DMA.obj</file>
         <name>F28M35x_DMA.obj</name>
      </input_file>
      <input_file id="fl-19">
         <path>.\inc\</path>
         <kind>object</kind>
         <file>F28M35x_DefaultIsr.obj</file>
         <name>F28M35x_DefaultIsr.obj</name>
      </input_file>
      <input_file id="fl-1a">
         <path>.\inc\</path>
         <kind>object</kind>
         <file>F28M35x_GlobalVariableDefs.obj</file>
         <name>F28M35x_GlobalVariableDefs.obj</name>
      </input_file>
      <input_file id="fl-1b">
         <path>.\inc\</path>
         <kind>object</kind>
         <file>F28M35x_Gpio.obj</file>
         <name>F28M35x_Gpio.obj</name>
      </input_file>
      <input_file id="fl-1c">
         <path>.\inc\</path>
         <kind>object</kind>
         <file>F28M35x_Ipc.obj</file>
         <name>F28M35x_Ipc.obj</name>
      </input_file>
      <input_file id="fl-1d">
         <path>.\inc\</path>
         <kind>object</kind>
         <file>F28M35x_Ipc_Lite.obj</file>
         <name>F28M35x_Ipc_Lite.obj</name>
      </input_file>
      <input_file id="fl-1e">
         <path>.\inc\</path>
         <kind>object</kind>
         <file>F28M35x_Ipc_Util.obj</file>
         <name>F28M35x_Ipc_Util.obj</name>
      </input_file>
      <input_file id="fl-1f">
         <path>.\inc\</path>
         <kind>object</kind>
         <file>F28M35x_PieCtrl.obj</file>
         <name>F28M35x_PieCtrl.obj</name>
      </input_file>
      <input_file id="fl-20">
         <path>.\inc\</path>
         <kind>object</kind>
         <file>F28M35x_PieVect.obj</file>
         <name>F28M35x_PieVect.obj</name>
      </input_file>
      <input_file id="fl-21">
         <path>.\inc\</path>
         <kind>object</kind>
         <file>F28M35x_SysCtrl.obj</file>
         <name>F28M35x_SysCtrl.obj</name>
      </input_file>
      <input_file id="fl-22">
         <path>.\inc\</path>
         <kind>object</kind>
         <file>F28M35x_usDelay.obj</file>
         <name>F28M35x_usDelay.obj</name>
      </input_file>
      <input_file id="fl-28">
         <path>C:\ti\ccsv6\tools\compiler\c2000_15.12.3.LTS\lib\</path>
         <kind>archive</kind>
         <file>rts2800_fpu32.lib</file>
         <name>boot.obj</name>
      </input_file>
      <input_file id="fl-29">
         <path>C:\ti\ccsv6\tools\compiler\c2000_15.12.3.LTS\lib\</path>
         <kind>archive</kind>
         <file>rts2800_fpu32.lib</file>
         <name>cpy_tbl.obj</name>
      </input_file>
      <input_file id="fl-2a">
         <path>C:\ti\ccsv6\tools\compiler\c2000_15.12.3.LTS\lib\</path>
         <kind>archive</kind>
         <file>rts2800_fpu32.lib</file>
         <name>cpy_utils.obj</name>
      </input_file>
      <input_file id="fl-2b">
         <path>C:\ti\ccsv6\tools\compiler\c2000_15.12.3.LTS\lib\</path>
         <kind>archive</kind>
         <file>rts2800_fpu32.lib</file>
         <name>e_sqrtf.obj</name>
      </input_file>
      <input_file id="fl-2c">
         <path>C:\ti\ccsv6\tools\compiler\c2000_15.12.3.LTS\lib\</path>
         <kind>archive</kind>
         <file>rts2800_fpu32.lib</file>
         <name>errno.obj</name>
      </input_file>
      <input_file id="fl-2d">
         <path>C:\ti\ccsv6\tools\compiler\c2000_15.12.3.LTS\lib\</path>
         <kind>archive</kind>
         <file>rts2800_fpu32.lib</file>
         <name>exit.obj</name>
      </input_file>
      <input_file id="fl-2e">
         <path>C:\ti\ccsv6\tools\compiler\c2000_15.12.3.LTS\lib\</path>
         <kind>archive</kind>
         <file>rts2800_fpu32.lib</file>
         <name>fs_div.obj</name>
      </input_file>
      <input_file id="fl-2f">
         <path>C:\ti\ccsv6\tools\compiler\c2000_15.12.3.LTS\lib\</path>
         <kind>archive</kind>
         <file>rts2800_fpu32.lib</file>
         <name>l_div.obj</name>
      </input_file>
      <input_file id="fl-30">
         <path>C:\ti\ccsv6\tools\compiler\c2000_15.12.3.LTS\lib\</path>
         <kind>archive</kind>
         <file>rts2800_fpu32.lib</file>
         <name>memcpy.obj</name>
      </input_file>
      <input_file id="fl-31">
         <path>C:\ti\ccsv6\tools\compiler\c2000_15.12.3.LTS\lib\</path>
         <kind>archive</kind>
         <file>rts2800_fpu32.lib</file>
         <name>new_.obj</name>
      </input_file>
      <input_file id="fl-32">
         <path>C:\ti\ccsv6\tools\compiler\c2000_15.12.3.LTS\lib\</path>
         <kind>archive</kind>
         <file>rts2800_fpu32.lib</file>
         <name>newhandler.obj</name>
      </input_file>
      <input_file id="fl-33">
         <path>C:\ti\ccsv6\tools\compiler\c2000_15.12.3.LTS\lib\</path>
         <kind>archive</kind>
         <file>rts2800_fpu32.lib</file>
         <name>pre_init.obj</name>
      </input_file>
      <input_file id="fl-34">
         <path>C:\ti\ccsv6\tools\compiler\c2000_15.12.3.LTS\lib\</path>
         <kind>archive</kind>
         <file>rts2800_fpu32.lib</file>
         <name>startup.obj</name>
      </input_file>
      <input_file id="fl-35">
         <path>C:\ti\ccsv6\tools\compiler\c2000_15.12.3.LTS\lib\</path>
         <kind>archive</kind>
         <file>rts2800_fpu32.lib</file>
         <name>vars.obj</name>
      </input_file>
      <input_file id="fl-36">
         <path>C:\ti\ccsv6\tools\compiler\c2000_15.12.3.LTS\lib\</path>
         <kind>archive</kind>
         <file>rts2800_fpu32.lib</file>
         <name>_lock.obj</name>
      </input_file>
      <input_file id="fl-37">
         <path>C:\ti\ccsv6\tools\compiler\c2000_15.12.3.LTS\lib\</path>
         <kind>archive</kind>
         <file>rts2800_fpu32.lib</file>
         <name>args_main.obj</name>
      </input_file>
      <input_file id="fl-38">
         <path>C:\ti\ccsv6\tools\compiler\c2000_15.12.3.LTS\lib\</path>
         <kind>archive</kind>
         <file>rts2800_fpu32.lib</file>
         <name>memory.obj</name>
      </input_file>
   </input_file_list>
   <object_component_list>
      <object_component id="oc-12e">
         <name>PieVectTableFile</name>
         <uninitialized>true</uninitialized>
         <run_address>0xd00</run_address>
         <size>0x100</size>
         <input_file_ref idref="fl-1a"/>
      </object_component>
      <object_component id="oc-11f">
         <name>DevEmuRegsFile</name>
         <uninitialized>true</uninitialized>
         <run_address>0x880</run_address>
         <size>0x42</size>
         <input_file_ref idref="fl-1a"/>
      </object_component>
      <object_component id="oc-104">
         <name>CsmRegsFile</name>
         <uninitialized>true</uninitialized>
         <run_address>0xae0</run_address>
         <size>0x16</size>
         <input_file_ref idref="fl-1a"/>
      </object_component>
      <object_component id="oc-fe">
         <name>AdcResultFile</name>
         <uninitialized>true</uninitialized>
         <run_address>0xb00</run_address>
         <size>0x10</size>
         <input_file_ref idref="fl-1a"/>
      </object_component>
      <object_component id="oc-ff">
         <name>Adc1ResultFile</name>
         <uninitialized>true</uninitialized>
         <run_address>0xb00</run_address>
         <size>0x10</size>
         <input_file_ref idref="fl-1a"/>
      </object_component>
      <object_component id="oc-101">
         <name>Adc2ResultFile</name>
         <uninitialized>true</uninitialized>
         <run_address>0xb40</run_address>
         <size>0x10</size>
         <input_file_ref idref="fl-1a"/>
      </object_component>
      <object_component id="oc-fd">
         <name>CpuTimer0RegsFile</name>
         <uninitialized>true</uninitialized>
         <run_address>0xc00</run_address>
         <size>0x8</size>
         <input_file_ref idref="fl-1a"/>
      </object_component>
      <object_component id="oc-fb">
         <name>CpuTimer1RegsFile</name>
         <uninitialized>true</uninitialized>
         <run_address>0xc08</run_address>
         <size>0x8</size>
         <input_file_ref idref="fl-1a"/>
      </object_component>
      <object_component id="oc-fc">
         <name>CpuTimer2RegsFile</name>
         <uninitialized>true</uninitialized>
         <run_address>0xc10</run_address>
         <size>0x8</size>
         <input_file_ref idref="fl-1a"/>
      </object_component>
      <object_component id="oc-105">
         <name>PieCtrlRegsFile</name>
         <uninitialized>true</uninitialized>
         <run_address>0xce0</run_address>
         <size>0x1a</size>
         <input_file_ref idref="fl-1a"/>
      </object_component>
      <object_component id="oc-12f">
         <name>PieVectTableCopyFile</name>
         <uninitialized>true</uninitialized>
         <run_address>0xe00</run_address>
         <size>0x100</size>
         <input_file_ref idref="fl-1a"/>
      </object_component>
      <object_component id="oc-12d">
         <name>DmaRegsFile</name>
         <uninitialized>true</uninitialized>
         <run_address>0x1000</run_address>
         <size>0xe0</size>
         <input_file_ref idref="fl-1a"/>
      </object_component>
      <object_component id="oc-123">
         <name>AnalogSysctrlRegsFile</name>
         <uninitialized>true</uninitialized>
         <run_address>0x1700</run_address>
         <size>0x78</size>
         <input_file_ref idref="fl-1a"/>
      </object_component>
      <object_component id="oc-118">
         <name>HWBistRegsFile</name>
         <uninitialized>true</uninitialized>
         <run_address>0x1780</run_address>
         <size>0x30</size>
         <input_file_ref idref="fl-1a"/>
      </object_component>
      <object_component id="oc-130">
         <name>FlashCtrlRegsFile</name>
         <uninitialized>true</uninitialized>
         <run_address>0x4000</run_address>
         <size>0x182</size>
         <input_file_ref idref="fl-1a"/>
      </object_component>
      <object_component id="oc-116">
         <name>FlashEccRegsFile</name>
         <uninitialized>true</uninitialized>
         <run_address>0x4300</run_address>
         <size>0x24</size>
         <input_file_ref idref="fl-1a"/>
      </object_component>
      <object_component id="oc-fa">
         <name>M3PllRegsFile</name>
         <uninitialized>true</uninitialized>
         <run_address>0x4400</run_address>
         <size>0x8</size>
         <input_file_ref idref="fl-1a"/>
      </object_component>
      <object_component id="oc-11b">
         <name>RAMRegsFile</name>
         <uninitialized>true</uninitialized>
         <run_address>0x4900</run_address>
         <size>0x3e</size>
         <input_file_ref idref="fl-1a"/>
      </object_component>
      <object_component id="oc-11a">
         <name>RAMErrRegsFile</name>
         <uninitialized>true</uninitialized>
         <run_address>0x4a00</run_address>
         <size>0x3e</size>
         <input_file_ref idref="fl-1a"/>
      </object_component>
      <object_component id="oc-11d">
         <name>CtoMIpcRegsFile</name>
         <uninitialized>true</uninitialized>
         <run_address>0x4e00</run_address>
         <size>0x40</size>
         <input_file_ref idref="fl-1a"/>
      </object_component>
      <object_component id="oc-106">
         <name>SysCtrlRegsFile</name>
         <uninitialized>true</uninitialized>
         <run_address>0x7010</run_address>
         <size>0x1d</size>
         <input_file_ref idref="fl-1a"/>
      </object_component>
      <object_component id="oc-102">
         <name>SpiaRegsFile</name>
         <uninitialized>true</uninitialized>
         <run_address>0x7040</run_address>
         <size>0x10</size>
         <input_file_ref idref="fl-1a"/>
      </object_component>
      <object_component id="oc-103">
         <name>SciaRegsFile</name>
         <uninitialized>true</uninitialized>
         <run_address>0x7050</run_address>
         <size>0x10</size>
         <input_file_ref idref="fl-1a"/>
      </object_component>
      <object_component id="oc-f2">
         <name>NmiIntruptRegsFile</name>
         <uninitialized>true</uninitialized>
         <run_address>0x7060</run_address>
         <size>0x6</size>
         <input_file_ref idref="fl-1a"/>
      </object_component>
      <object_component id="oc-100">
         <name>XIntruptRegsFile</name>
         <uninitialized>true</uninitialized>
         <run_address>0x7070</run_address>
         <size>0x10</size>
         <input_file_ref idref="fl-1a"/>
      </object_component>
      <object_component id="oc-122">
         <name>AdcRegsFile</name>
         <uninitialized>true</uninitialized>
         <run_address>0x7100</run_address>
         <size>0x50</size>
         <input_file_ref idref="fl-1a"/>
      </object_component>
      <object_component id="oc-121">
         <name>Adc1RegsFile</name>
         <uninitialized>true</uninitialized>
         <run_address>0x7100</run_address>
         <size>0x50</size>
         <input_file_ref idref="fl-1a"/>
      </object_component>
      <object_component id="oc-120">
         <name>Adc2RegsFile</name>
         <uninitialized>true</uninitialized>
         <run_address>0x7180</run_address>
         <size>0x50</size>
         <input_file_ref idref="fl-1a"/>
      </object_component>
      <object_component id="oc-114">
         <name>I2caRegsFile</name>
         <uninitialized>true</uninitialized>
         <run_address>0x7900</run_address>
         <size>0x22</size>
         <input_file_ref idref="fl-1a"/>
      </object_component>
      <object_component id="oc-117">
         <name>McbspaRegsFile</name>
         <uninitialized>true</uninitialized>
         <run_address>0x5000</run_address>
         <size>0x24</size>
         <input_file_ref idref="fl-1a"/>
      </object_component>
      <object_component id="oc-12c">
         <name>EPwm1RegsFile</name>
         <uninitialized>true</uninitialized>
         <run_address>0x5100</run_address>
         <size>0x80</size>
         <input_file_ref idref="fl-1a"/>
      </object_component>
      <object_component id="oc-126">
         <name>EPwm2RegsFile</name>
         <uninitialized>true</uninitialized>
         <run_address>0x5180</run_address>
         <size>0x80</size>
         <input_file_ref idref="fl-1a"/>
      </object_component>
      <object_component id="oc-127">
         <name>EPwm3RegsFile</name>
         <uninitialized>true</uninitialized>
         <run_address>0x5200</run_address>
         <size>0x80</size>
         <input_file_ref idref="fl-1a"/>
      </object_component>
      <object_component id="oc-129">
         <name>EPwm4RegsFile</name>
         <uninitialized>true</uninitialized>
         <run_address>0x5280</run_address>
         <size>0x80</size>
         <input_file_ref idref="fl-1a"/>
      </object_component>
      <object_component id="oc-128">
         <name>EPwm5RegsFile</name>
         <uninitialized>true</uninitialized>
         <run_address>0x5300</run_address>
         <size>0x80</size>
         <input_file_ref idref="fl-1a"/>
      </object_component>
      <object_component id="oc-12a">
         <name>EPwm6RegsFile</name>
         <uninitialized>true</uninitialized>
         <run_address>0x5380</run_address>
         <size>0x80</size>
         <input_file_ref idref="fl-1a"/>
      </object_component>
      <object_component id="oc-125">
         <name>EPwm7RegsFile</name>
         <uninitialized>true</uninitialized>
         <run_address>0x5400</run_address>
         <size>0x80</size>
         <input_file_ref idref="fl-1a"/>
      </object_component>
      <object_component id="oc-12b">
         <name>EPwm8RegsFile</name>
         <uninitialized>true</uninitialized>
         <run_address>0x5480</run_address>
         <size>0x80</size>
         <input_file_ref idref="fl-1a"/>
      </object_component>
      <object_component id="oc-124">
         <name>EPwm9RegsFile</name>
         <uninitialized>true</uninitialized>
         <run_address>0x5500</run_address>
         <size>0x80</size>
         <input_file_ref idref="fl-1a"/>
      </object_component>
      <object_component id="oc-110">
         <name>ECap1RegsFile</name>
         <uninitialized>true</uninitialized>
         <run_address>0x5a00</run_address>
         <size>0x20</size>
         <input_file_ref idref="fl-1a"/>
      </object_component>
      <object_component id="oc-111">
         <name>ECap2RegsFile</name>
         <uninitialized>true</uninitialized>
         <run_address>0x5a20</run_address>
         <size>0x20</size>
         <input_file_ref idref="fl-1a"/>
      </object_component>
      <object_component id="oc-10a">
         <name>ECap3RegsFile</name>
         <uninitialized>true</uninitialized>
         <run_address>0x5a40</run_address>
         <size>0x20</size>
         <input_file_ref idref="fl-1a"/>
      </object_component>
      <object_component id="oc-108">
         <name>ECap4RegsFile</name>
         <uninitialized>true</uninitialized>
         <run_address>0x5a60</run_address>
         <size>0x20</size>
         <input_file_ref idref="fl-1a"/>
      </object_component>
      <object_component id="oc-107">
         <name>ECap5RegsFile</name>
         <uninitialized>true</uninitialized>
         <run_address>0x5a80</run_address>
         <size>0x20</size>
         <input_file_ref idref="fl-1a"/>
      </object_component>
      <object_component id="oc-109">
         <name>ECap6RegsFile</name>
         <uninitialized>true</uninitialized>
         <run_address>0x5aa0</run_address>
         <size>0x20</size>
         <input_file_ref idref="fl-1a"/>
      </object_component>
      <object_component id="oc-115">
         <name>EQep1RegsFile</name>
         <uninitialized>true</uninitialized>
         <run_address>0x5b00</run_address>
         <size>0x22</size>
         <input_file_ref idref="fl-1a"/>
      </object_component>
      <object_component id="oc-112">
         <name>EQep2RegsFile</name>
         <uninitialized>true</uninitialized>
         <run_address>0x5b40</run_address>
         <size>0x22</size>
         <input_file_ref idref="fl-1a"/>
      </object_component>
      <object_component id="oc-113">
         <name>EQep3RegsFile</name>
         <uninitialized>true</uninitialized>
         <run_address>0x5b80</run_address>
         <size>0x22</size>
         <input_file_ref idref="fl-1a"/>
      </object_component>
      <object_component id="oc-11c">
         <name>GpioCtrlRegsFile</name>
         <uninitialized>true</uninitialized>
         <run_address>0x5f80</run_address>
         <size>0x40</size>
         <input_file_ref idref="fl-1a"/>
      </object_component>
      <object_component id="oc-11e">
         <name>GpioG1CtrlRegsFile</name>
         <uninitialized>true</uninitialized>
         <run_address>0x5f80</run_address>
         <size>0x40</size>
         <input_file_ref idref="fl-1a"/>
      </object_component>
      <object_component id="oc-10f">
         <name>GpioDataRegsFile</name>
         <uninitialized>true</uninitialized>
         <run_address>0x5fc0</run_address>
         <size>0x20</size>
         <input_file_ref idref="fl-1a"/>
      </object_component>
      <object_component id="oc-10e">
         <name>GpioG1DataRegsFile</name>
         <uninitialized>true</uninitialized>
         <run_address>0x5fc0</run_address>
         <size>0x20</size>
         <input_file_ref idref="fl-1a"/>
      </object_component>
      <object_component id="oc-10d">
         <name>GpioTripRegsFile</name>
         <uninitialized>true</uninitialized>
         <run_address>0x5fe0</run_address>
         <size>0x20</size>
         <input_file_ref idref="fl-1a"/>
      </object_component>
      <object_component id="oc-10b">
         <name>GpioG1TripRegsFile</name>
         <uninitialized>true</uninitialized>
         <run_address>0x5fe0</run_address>
         <size>0x20</size>
         <input_file_ref idref="fl-1a"/>
      </object_component>
      <object_component id="oc-f3">
         <name>Comp1RegsFile</name>
         <uninitialized>true</uninitialized>
         <run_address>0x6400</run_address>
         <size>0x7</size>
         <input_file_ref idref="fl-1a"/>
      </object_component>
      <object_component id="oc-f4">
         <name>Comp2RegsFile</name>
         <uninitialized>true</uninitialized>
         <run_address>0x6420</run_address>
         <size>0x7</size>
         <input_file_ref idref="fl-1a"/>
      </object_component>
      <object_component id="oc-f5">
         <name>Comp3RegsFile</name>
         <uninitialized>true</uninitialized>
         <run_address>0x6440</run_address>
         <size>0x7</size>
         <input_file_ref idref="fl-1a"/>
      </object_component>
      <object_component id="oc-f7">
         <name>Comp4RegsFile</name>
         <uninitialized>true</uninitialized>
         <run_address>0x6460</run_address>
         <size>0x7</size>
         <input_file_ref idref="fl-1a"/>
      </object_component>
      <object_component id="oc-f6">
         <name>Comp5RegsFile</name>
         <uninitialized>true</uninitialized>
         <run_address>0x6480</run_address>
         <size>0x7</size>
         <input_file_ref idref="fl-1a"/>
      </object_component>
      <object_component id="oc-f8">
         <name>Comp6RegsFile</name>
         <uninitialized>true</uninitialized>
         <run_address>0x64a0</run_address>
         <size>0x7</size>
         <input_file_ref idref="fl-1a"/>
      </object_component>
      <object_component id="oc-119">
         <name>GpioG2CtrlRegsFile</name>
         <uninitialized>true</uninitialized>
         <run_address>0x6f80</run_address>
         <size>0x3c</size>
         <input_file_ref idref="fl-1a"/>
      </object_component>
      <object_component id="oc-10c">
         <name>GpioG2DataRegsFile</name>
         <uninitialized>true</uninitialized>
         <run_address>0x6fc0</run_address>
         <size>0x20</size>
         <input_file_ref idref="fl-1a"/>
      </object_component>
      <object_component id="oc-f0">
         <name>FlashExeOnlyFile</name>
         <uninitialized>true</uninitialized>
         <run_address>0x13fff2</run_address>
         <size>0x2</size>
         <input_file_ref idref="fl-1a"/>
      </object_component>
      <object_component id="oc-f1">
         <name>EcslPwlFile</name>
         <uninitialized>true</uninitialized>
         <run_address>0x13fff4</run_address>
         <size>0x4</size>
         <input_file_ref idref="fl-1a"/>
      </object_component>
      <object_component id="oc-f9">
         <name>CsmPwlFile</name>
         <uninitialized>true</uninitialized>
         <run_address>0x13fff8</run_address>
         <size>0x8</size>
         <input_file_ref idref="fl-1a"/>
      </object_component>
      <object_component id="oc-b3">
         <name>.cinit</name>
         <load_address>0x13e1ac</load_address>
         <run_address>0x13e1ac</run_address>
         <size>0x9a5</size>
         <input_file_ref idref="fl-e"/>
      </object_component>
      <object_component id="oc-17b">
         <name>.cinit</name>
         <load_address>0x13eb51</load_address>
         <run_address>0x13eb51</run_address>
         <size>0xe</size>
         <input_file_ref idref="fl-2d"/>
      </object_component>
      <object_component id="oc-1c3">
         <name>.cinit:__lock</name>
         <load_address>0x13eb5f</load_address>
         <run_address>0x13eb5f</run_address>
         <size>0x5</size>
         <input_file_ref idref="fl-36"/>
      </object_component>
      <object_component id="oc-1d7">
         <name>.cinit:__unlock</name>
         <load_address>0x13eb64</load_address>
         <run_address>0x13eb64</run_address>
         <size>0x5</size>
         <input_file_ref idref="fl-36"/>
      </object_component>
      <object_component id="oc-1a5">
         <name>.cinit</name>
         <load_address>0x13eb69</load_address>
         <run_address>0x13eb69</run_address>
         <size>0x5</size>
         <input_file_ref idref="fl-35"/>
      </object_component>
      <object_component id="oc-177">
         <name>.cinit</name>
         <load_address>0x13eb6e</load_address>
         <run_address>0x13eb6e</run_address>
         <size>0x4</size>
         <input_file_ref idref="fl-2c"/>
      </object_component>
      <object_component id="oc-1b3">
         <name>.cinit</name>
         <load_address>0x13eb72</load_address>
         <run_address>0x13eb72</run_address>
         <size>0x4</size>
         <input_file_ref idref="fl-38"/>
      </object_component>
      <object_component id="oc-b5">
         <name>.pinit</name>
         <load_address>0x13eb78</load_address>
         <run_address>0x13eb78</run_address>
         <size>0x2</size>
         <input_file_ref idref="fl-e"/>
      </object_component>
      <object_component id="oc-1d1">
         <name>.text</name>
         <load_address>0x130000</load_address>
         <run_address>0x130000</run_address>
         <size>0xb27</size>
         <input_file_ref idref="fl-3"/>
      </object_component>
      <object_component id="oc-1ce">
         <name>.text</name>
         <load_address>0x130b27</load_address>
         <run_address>0x130b27</run_address>
         <size>0x9df</size>
         <input_file_ref idref="fl-a"/>
      </object_component>
      <object_component id="oc-1d4">
         <name>.text</name>
         <load_address>0x131506</load_address>
         <run_address>0x131506</run_address>
         <size>0x99f</size>
         <input_file_ref idref="fl-9"/>
      </object_component>
      <object_component id="oc-1d5">
         <name>.text</name>
         <load_address>0x131ea5</load_address>
         <run_address>0x131ea5</run_address>
         <size>0x790</size>
         <input_file_ref idref="fl-8"/>
      </object_component>
      <object_component id="oc-1cd">
         <name>.text</name>
         <load_address>0x132635</load_address>
         <run_address>0x132635</run_address>
         <size>0x75b</size>
         <input_file_ref idref="fl-6"/>
      </object_component>
      <object_component id="oc-1df">
         <name>.text</name>
         <load_address>0x132d90</load_address>
         <run_address>0x132d90</run_address>
         <size>0x553</size>
         <input_file_ref idref="fl-14"/>
      </object_component>
      <object_component id="oc-1d2">
         <name>.text</name>
         <load_address>0x1332e3</load_address>
         <run_address>0x1332e3</run_address>
         <size>0x3ba</size>
         <input_file_ref idref="fl-5"/>
      </object_component>
      <object_component id="oc-ea">
         <name>.text:retain</name>
         <load_address>0x13369d</load_address>
         <run_address>0x13369d</run_address>
         <size>0x35f</size>
         <input_file_ref idref="fl-19"/>
      </object_component>
      <object_component id="oc-1da">
         <name>.text</name>
         <load_address>0x1339fc</load_address>
         <run_address>0x1339fc</run_address>
         <size>0x351</size>
         <input_file_ref idref="fl-15"/>
      </object_component>
      <object_component id="oc-1cf">
         <name>.text</name>
         <load_address>0x133d4d</load_address>
         <run_address>0x133d4d</run_address>
         <size>0x30b</size>
         <input_file_ref idref="fl-18"/>
      </object_component>
      <object_component id="oc-1d3">
         <name>.text</name>
         <load_address>0x134058</load_address>
         <run_address>0x134058</run_address>
         <size>0x299</size>
         <input_file_ref idref="fl-b"/>
      </object_component>
      <object_component id="oc-1cc">
         <name>.text</name>
         <load_address>0x1342f1</load_address>
         <run_address>0x1342f1</run_address>
         <size>0x266</size>
         <input_file_ref idref="fl-7"/>
      </object_component>
      <object_component id="oc-1d0">
         <name>.text</name>
         <load_address>0x134557</load_address>
         <run_address>0x134557</run_address>
         <size>0x22c</size>
         <input_file_ref idref="fl-4"/>
      </object_component>
      <object_component id="oc-1c7">
         <name>.text</name>
         <load_address>0x134783</load_address>
         <run_address>0x134783</run_address>
         <size>0x1fe</size>
         <input_file_ref idref="fl-f"/>
      </object_component>
      <object_component id="oc-1d9">
         <name>.text</name>
         <load_address>0x134981</load_address>
         <run_address>0x134981</run_address>
         <size>0x1d2</size>
         <input_file_ref idref="fl-38"/>
      </object_component>
      <object_component id="oc-1c1">
         <name>.text</name>
         <load_address>0x134b53</load_address>
         <run_address>0x134b53</run_address>
         <size>0x183</size>
         <input_file_ref idref="fl-11"/>
      </object_component>
      <object_component id="oc-1c5">
         <name>.text</name>
         <load_address>0x134cd6</load_address>
         <run_address>0x134cd6</run_address>
         <size>0xea</size>
         <input_file_ref idref="fl-21"/>
      </object_component>
      <object_component id="oc-76">
         <name>.text:retain</name>
         <load_address>0x134dc0</load_address>
         <run_address>0x134dc0</run_address>
         <size>0xde</size>
         <input_file_ref idref="fl-2"/>
      </object_component>
      <object_component id="oc-1dd">
         <name>.text</name>
         <load_address>0x134e9e</load_address>
         <run_address>0x134e9e</run_address>
         <size>0xb1</size>
         <input_file_ref idref="fl-10"/>
      </object_component>
      <object_component id="oc-1c0">
         <name>.text</name>
         <load_address>0x134f4f</load_address>
         <run_address>0x134f4f</run_address>
         <size>0xb1</size>
         <input_file_ref idref="fl-13"/>
      </object_component>
      <object_component id="oc-1e0">
         <name>.text</name>
         <load_address>0x135000</load_address>
         <run_address>0x135000</run_address>
         <size>0x94</size>
         <input_file_ref idref="fl-d"/>
      </object_component>
      <object_component id="oc-181">
         <name>.text</name>
         <load_address>0x135094</load_address>
         <run_address>0x135094</run_address>
         <size>0x88</size>
         <input_file_ref idref="fl-2e"/>
      </object_component>
      <object_component id="oc-160">
         <name>.text</name>
         <load_address>0x13511c</load_address>
         <run_address>0x13511c</run_address>
         <size>0x56</size>
         <input_file_ref idref="fl-28"/>
      </object_component>
      <object_component id="oc-1bc">
         <name>.text</name>
         <load_address>0x135172</load_address>
         <run_address>0x135172</run_address>
         <size>0x46</size>
         <input_file_ref idref="fl-29"/>
      </object_component>
      <object_component id="oc-1ba">
         <name>.text</name>
         <load_address>0x1351b8</load_address>
         <run_address>0x1351b8</run_address>
         <size>0x45</size>
         <input_file_ref idref="fl-e"/>
      </object_component>
      <object_component id="oc-1c6">
         <name>.text</name>
         <load_address>0x1351fd</load_address>
         <run_address>0x1351fd</run_address>
         <size>0x44</size>
         <input_file_ref idref="fl-1b"/>
      </object_component>
      <object_component id="oc-1dc">
         <name>.text</name>
         <load_address>0x135241</load_address>
         <run_address>0x135241</run_address>
         <size>0x2f</size>
         <input_file_ref idref="fl-c"/>
      </object_component>
      <object_component id="oc-1ca">
         <name>.text</name>
         <load_address>0x135270</load_address>
         <run_address>0x135270</run_address>
         <size>0x2d</size>
         <input_file_ref idref="fl-1f"/>
      </object_component>
      <object_component id="oc-186">
         <name>.text</name>
         <load_address>0x13529d</load_address>
         <run_address>0x13529d</run_address>
         <size>0x2a</size>
         <input_file_ref idref="fl-2f"/>
      </object_component>
      <object_component id="oc-1bf">
         <name>.text</name>
         <load_address>0x1352c7</load_address>
         <run_address>0x1352c7</run_address>
         <size>0x29</size>
         <input_file_ref idref="fl-2d"/>
      </object_component>
      <object_component id="oc-1de">
         <name>.text</name>
         <load_address>0x1352f0</load_address>
         <run_address>0x1352f0</run_address>
         <size>0x25</size>
         <input_file_ref idref="fl-2b"/>
      </object_component>
      <object_component id="oc-1c4">
         <name>.text</name>
         <load_address>0x135315</load_address>
         <run_address>0x135315</run_address>
         <size>0x20</size>
         <input_file_ref idref="fl-31"/>
      </object_component>
      <object_component id="oc-1c8">
         <name>.text</name>
         <load_address>0x135335</load_address>
         <run_address>0x135335</run_address>
         <size>0x1e</size>
         <input_file_ref idref="fl-30"/>
      </object_component>
      <object_component id="oc-16c">
         <name>.text</name>
         <load_address>0x135353</load_address>
         <run_address>0x135353</run_address>
         <size>0x1a</size>
         <input_file_ref idref="fl-2a"/>
      </object_component>
      <object_component id="oc-1be">
         <name>.text</name>
         <load_address>0x13536d</load_address>
         <run_address>0x13536d</run_address>
         <size>0x19</size>
         <input_file_ref idref="fl-37"/>
      </object_component>
      <object_component id="oc-1cb">
         <name>.text</name>
         <load_address>0x135386</load_address>
         <run_address>0x135386</run_address>
         <size>0x12</size>
         <input_file_ref idref="fl-20"/>
      </object_component>
      <object_component id="oc-1d6">
         <name>.text</name>
         <load_address>0x135398</load_address>
         <run_address>0x135398</run_address>
         <size>0x9</size>
         <input_file_ref idref="fl-36"/>
      </object_component>
      <object_component id="oc-1bb">
         <name>.text</name>
         <load_address>0x1353a1</load_address>
         <run_address>0x1353a1</run_address>
         <size>0x2</size>
         <input_file_ref idref="fl-33"/>
      </object_component>
      <object_component id="oc-1d8">
         <name>.text</name>
         <load_address>0x1353a3</load_address>
         <run_address>0x1353a3</run_address>
         <size>0x1</size>
         <input_file_ref idref="fl-32"/>
      </object_component>
      <object_component id="oc-1bd">
         <name>.text</name>
         <load_address>0x1353a4</load_address>
         <run_address>0x1353a4</run_address>
         <size>0x1</size>
         <input_file_ref idref="fl-34"/>
      </object_component>
      <object_component id="oc-73">
         <name>codestart</name>
         <load_address>0x13fff0</load_address>
         <run_address>0x13fff0</run_address>
         <size>0x2</size>
         <input_file_ref idref="fl-16"/>
      </object_component>
      <object_component id="oc-1c9">
         <name>ramfuncs</name>
         <load_address>0x138000</load_address>
         <run_address>0x8000</run_address>
         <size>0x73</size>
         <input_file_ref idref="fl-21"/>
      </object_component>
      <object_component id="oc-15b">
         <name>ramfuncs</name>
         <load_address>0x138073</load_address>
         <run_address>0x8073</run_address>
         <size>0x4</size>
         <input_file_ref idref="fl-22"/>
      </object_component>
      <object_component id="oc-13c">
         <name>PUTBUFFER</name>
         <uninitialized>true</uninitialized>
         <run_address>0x3f800</run_address>
         <size>0x80</size>
         <input_file_ref idref="fl-1c"/>
      </object_component>
      <object_component id="oc-139">
         <name>PUTWRITEIDX</name>
         <uninitialized>true</uninitialized>
         <run_address>0x3f880</run_address>
         <size>0x4</size>
         <input_file_ref idref="fl-1c"/>
      </object_component>
      <object_component id="oc-13a">
         <name>GETREADIDX</name>
         <uninitialized>true</uninitialized>
         <run_address>0x3f884</run_address>
         <size>0x4</size>
         <input_file_ref idref="fl-1c"/>
      </object_component>
      <object_component id="oc-13d">
         <name>GETBUFFER</name>
         <uninitialized>true</uninitialized>
         <run_address>0x3fc00</run_address>
         <size>0x80</size>
         <input_file_ref idref="fl-1c"/>
      </object_component>
      <object_component id="oc-13b">
         <name>GETWRITEIDX</name>
         <uninitialized>true</uninitialized>
         <run_address>0x3fc80</run_address>
         <size>0x4</size>
         <input_file_ref idref="fl-1c"/>
      </object_component>
      <object_component id="oc-138">
         <name>PUTREADIDX</name>
         <uninitialized>true</uninitialized>
         <run_address>0x3fc84</run_address>
         <size>0x4</size>
         <input_file_ref idref="fl-1c"/>
      </object_component>
      <object_component id="oc-161">
         <name>.stack</name>
         <uninitialized>true</uninitialized>
         <run_address>0x50</run_address>
         <size>0x0</size>
         <input_file_ref idref="fl-28"/>
      </object_component>
      <object_component id="oc-258">
         <name>.stack</name>
         <uninitialized>true</uninitialized>
         <run_address>0x50</run_address>
         <size>0x0</size>
      </object_component>
      <object_component id="oc-75">
         <name>.ebss</name>
         <uninitialized>true</uninitialized>
         <run_address>0xb2fa</run_address>
         <size>0x3</size>
         <input_file_ref idref="fl-2"/>
      </object_component>
      <object_component id="oc-b4">
         <name>.ebss</name>
         <uninitialized>true</uninitialized>
         <run_address>0xa000</run_address>
         <size>0x12ec</size>
         <input_file_ref idref="fl-e"/>
      </object_component>
      <object_component id="oc-df">
         <name>.ebss</name>
         <uninitialized>true</uninitialized>
         <run_address>0xb300</run_address>
         <size>0x18</size>
         <input_file_ref idref="fl-17"/>
      </object_component>
      <object_component id="oc-178">
         <name>.ebss</name>
         <uninitialized>true</uninitialized>
         <run_address>0xb2fd</run_address>
         <size>0x1</size>
         <input_file_ref idref="fl-2c"/>
      </object_component>
      <object_component id="oc-17c">
         <name>.ebss</name>
         <uninitialized>true</uninitialized>
         <run_address>0xb2f4</run_address>
         <size>0x6</size>
         <input_file_ref idref="fl-2d"/>
      </object_component>
      <object_component id="oc-1a6">
         <name>.ebss</name>
         <uninitialized>true</uninitialized>
         <run_address>0xb31a</run_address>
         <size>0x2</size>
         <input_file_ref idref="fl-35"/>
      </object_component>
      <object_component id="oc-1e2">
         <name>.ebss:__unlock</name>
         <uninitialized>true</uninitialized>
         <run_address>0xb318</run_address>
         <size>0x2</size>
         <input_file_ref idref="fl-36"/>
      </object_component>
      <object_component id="oc-1c2">
         <name>.ebss:__lock</name>
         <uninitialized>true</uninitialized>
         <run_address>0xb2fe</run_address>
         <size>0x2</size>
         <input_file_ref idref="fl-36"/>
      </object_component>
      <object_component id="oc-1b5">
         <name>.ebss</name>
         <uninitialized>true</uninitialized>
         <run_address>0xb2ec</run_address>
         <size>0x8</size>
         <input_file_ref idref="fl-38"/>
      </object_component>
      <object_component id="oc-1b4">
         <name>.esysmem</name>
         <uninitialized>true</uninitialized>
         <run_address>0xb31c</run_address>
         <size>0x1</size>
         <input_file_ref idref="fl-38"/>
      </object_component>
      <object_component id="oc-259">
         <name>.esysmem</name>
         <uninitialized>true</uninitialized>
         <run_address>0xb31c</run_address>
         <size>0x0</size>
      </object_component>
      <object_component id="oc-1db">
         <name>.econst:_PieVectTableInit</name>
         <load_address>0x13e000</load_address>
         <run_address>0x13e000</run_address>
         <size>0x100</size>
         <input_file_ref idref="fl-20"/>
      </object_component>
      <object_component id="oc-1e1">
         <name>.switch:_M3_Write_Data__FUl</name>
         <load_address>0x13e100</load_address>
         <run_address>0x13e100</run_address>
         <size>0xac</size>
         <input_file_ref idref="fl-3"/>
      </object_component>
      <object_component id="oc-162">
         <name>.reset</name>
         <load_address>0x3fffc0</load_address>
         <run_address>0x3fffc0</run_address>
         <size>0x2</size>
         <input_file_ref idref="fl-28"/>
      </object_component>
      <object_component id="oc-74">
         <name>.debug_info</name>
         <load_address>0x0</load_address>
         <run_address>0x0</run_address>
         <size>0x429e</size>
         <input_file_ref idref="fl-2"/>
      </object_component>
      <object_component id="oc-7b">
         <name>.debug_info</name>
         <load_address>0x429e</load_address>
         <run_address>0x429e</run_address>
         <size>0x4897</size>
         <input_file_ref idref="fl-3"/>
      </object_component>
      <object_component id="oc-80">
         <name>.debug_info</name>
         <load_address>0x8b35</load_address>
         <run_address>0x8b35</run_address>
         <size>0xf58</size>
         <input_file_ref idref="fl-4"/>
      </object_component>
      <object_component id="oc-85">
         <name>.debug_info</name>
         <load_address>0x9a8d</load_address>
         <run_address>0x9a8d</run_address>
         <size>0x1bee</size>
         <input_file_ref idref="fl-5"/>
      </object_component>
      <object_component id="oc-8a">
         <name>.debug_info</name>
         <load_address>0xb67b</load_address>
         <run_address>0xb67b</run_address>
         <size>0x6e6a</size>
         <input_file_ref idref="fl-6"/>
      </object_component>
      <object_component id="oc-8f">
         <name>.debug_info</name>
         <load_address>0x124e5</load_address>
         <run_address>0x124e5</run_address>
         <size>0x298c</size>
         <input_file_ref idref="fl-7"/>
      </object_component>
      <object_component id="oc-94">
         <name>.debug_info</name>
         <load_address>0x14e71</load_address>
         <run_address>0x14e71</run_address>
         <size>0x4723</size>
         <input_file_ref idref="fl-8"/>
      </object_component>
      <object_component id="oc-99">
         <name>.debug_info</name>
         <load_address>0x19594</load_address>
         <run_address>0x19594</run_address>
         <size>0x3a7c</size>
         <input_file_ref idref="fl-9"/>
      </object_component>
      <object_component id="oc-9e">
         <name>.debug_info</name>
         <load_address>0x1d010</load_address>
         <run_address>0x1d010</run_address>
         <size>0x6037</size>
         <input_file_ref idref="fl-a"/>
      </object_component>
      <object_component id="oc-a3">
         <name>.debug_info</name>
         <load_address>0x23047</load_address>
         <run_address>0x23047</run_address>
         <size>0xbcf</size>
         <input_file_ref idref="fl-b"/>
      </object_component>
      <object_component id="oc-a8">
         <name>.debug_info</name>
         <load_address>0x23c16</load_address>
         <run_address>0x23c16</run_address>
         <size>0x142d</size>
         <input_file_ref idref="fl-c"/>
      </object_component>
      <object_component id="oc-ad">
         <name>.debug_info</name>
         <load_address>0x25043</load_address>
         <run_address>0x25043</run_address>
         <size>0xa08</size>
         <input_file_ref idref="fl-d"/>
      </object_component>
      <object_component id="oc-b2">
         <name>.debug_info</name>
         <load_address>0x25a4b</load_address>
         <run_address>0x25a4b</run_address>
         <size>0xab3b</size>
         <input_file_ref idref="fl-e"/>
      </object_component>
      <object_component id="oc-ba">
         <name>.debug_info</name>
         <load_address>0x30586</load_address>
         <run_address>0x30586</run_address>
         <size>0x5a8b</size>
         <input_file_ref idref="fl-f"/>
      </object_component>
      <object_component id="oc-bf">
         <name>.debug_info</name>
         <load_address>0x36011</load_address>
         <run_address>0x36011</run_address>
         <size>0xe1f</size>
         <input_file_ref idref="fl-10"/>
      </object_component>
      <object_component id="oc-c4">
         <name>.debug_info</name>
         <load_address>0x36e30</load_address>
         <run_address>0x36e30</run_address>
         <size>0x6ed7</size>
         <input_file_ref idref="fl-11"/>
      </object_component>
      <object_component id="oc-c9">
         <name>.debug_info</name>
         <load_address>0x3dd07</load_address>
         <run_address>0x3dd07</run_address>
         <size>0x17e</size>
         <input_file_ref idref="fl-12"/>
      </object_component>
      <object_component id="oc-cb">
         <name>.debug_info</name>
         <load_address>0x3de85</load_address>
         <run_address>0x3de85</run_address>
         <size>0xc1e</size>
         <input_file_ref idref="fl-13"/>
      </object_component>
      <object_component id="oc-d0">
         <name>.debug_info</name>
         <load_address>0x3eaa3</load_address>
         <run_address>0x3eaa3</run_address>
         <size>0x68f4</size>
         <input_file_ref idref="fl-14"/>
      </object_component>
      <object_component id="oc-d5">
         <name>.debug_info</name>
         <load_address>0x45397</load_address>
         <run_address>0x45397</run_address>
         <size>0x2ee8</size>
         <input_file_ref idref="fl-15"/>
      </object_component>
      <object_component id="oc-da">
         <name>.debug_info</name>
         <load_address>0x4827f</load_address>
         <run_address>0x4827f</run_address>
         <size>0xf0</size>
         <input_file_ref idref="fl-16"/>
      </object_component>
      <object_component id="oc-de">
         <name>.debug_info</name>
         <load_address>0x4836f</load_address>
         <run_address>0x4836f</run_address>
         <size>0x851</size>
         <input_file_ref idref="fl-17"/>
      </object_component>
      <object_component id="oc-e4">
         <name>.debug_info</name>
         <load_address>0x48bc0</load_address>
         <run_address>0x48bc0</run_address>
         <size>0x3ddc</size>
         <input_file_ref idref="fl-18"/>
      </object_component>
      <object_component id="oc-e9">
         <name>.debug_info</name>
         <load_address>0x4c99c</load_address>
         <run_address>0x4c99c</run_address>
         <size>0x24f7</size>
         <input_file_ref idref="fl-19"/>
      </object_component>
      <object_component id="oc-ef">
         <name>.debug_info</name>
         <load_address>0x4ee93</load_address>
         <run_address>0x4ee93</run_address>
         <size>0x19dbf</size>
         <input_file_ref idref="fl-1a"/>
      </object_component>
      <object_component id="oc-132">
         <name>.debug_info</name>
         <load_address>0x68c52</load_address>
         <run_address>0x68c52</run_address>
         <size>0x23e2</size>
         <input_file_ref idref="fl-1b"/>
      </object_component>
      <object_component id="oc-137">
         <name>.debug_info</name>
         <load_address>0x6b034</load_address>
         <run_address>0x6b034</run_address>
         <size>0x32c0</size>
         <input_file_ref idref="fl-1c"/>
      </object_component>
      <object_component id="oc-142">
         <name>.debug_info</name>
         <load_address>0x6e2f4</load_address>
         <run_address>0x6e2f4</run_address>
         <size>0x1724</size>
         <input_file_ref idref="fl-1d"/>
      </object_component>
      <object_component id="oc-147">
         <name>.debug_info</name>
         <load_address>0x6fa18</load_address>
         <run_address>0x6fa18</run_address>
         <size>0x16d4</size>
         <input_file_ref idref="fl-1e"/>
      </object_component>
      <object_component id="oc-14c">
         <name>.debug_info</name>
         <load_address>0x710ec</load_address>
         <run_address>0x710ec</run_address>
         <size>0xb57</size>
         <input_file_ref idref="fl-1f"/>
      </object_component>
      <object_component id="oc-151">
         <name>.debug_info</name>
         <load_address>0x71c43</load_address>
         <run_address>0x71c43</run_address>
         <size>0x2404</size>
         <input_file_ref idref="fl-20"/>
      </object_component>
      <object_component id="oc-156">
         <name>.debug_info</name>
         <load_address>0x74047</load_address>
         <run_address>0x74047</run_address>
         <size>0x731e</size>
         <input_file_ref idref="fl-21"/>
      </object_component>
      <object_component id="oc-15c">
         <name>.debug_info</name>
         <load_address>0x7b365</load_address>
         <run_address>0x7b365</run_address>
         <size>0xeb</size>
         <input_file_ref idref="fl-22"/>
      </object_component>
      <object_component id="oc-163">
         <name>.debug_info</name>
         <load_address>0x7b450</load_address>
         <run_address>0x7b450</run_address>
         <size>0x16c</size>
         <input_file_ref idref="fl-28"/>
      </object_component>
      <object_component id="oc-167">
         <name>.debug_info</name>
         <load_address>0x7b5bc</load_address>
         <run_address>0x7b5bc</run_address>
         <size>0x628</size>
         <input_file_ref idref="fl-29"/>
      </object_component>
      <object_component id="oc-16d">
         <name>.debug_info</name>
         <load_address>0x7bbe4</load_address>
         <run_address>0x7bbe4</run_address>
         <size>0x113</size>
         <input_file_ref idref="fl-2a"/>
      </object_component>
      <object_component id="oc-171">
         <name>.debug_info</name>
         <load_address>0x7bcf7</load_address>
         <run_address>0x7bcf7</run_address>
         <size>0x43b</size>
         <input_file_ref idref="fl-2b"/>
      </object_component>
      <object_component id="oc-176">
         <name>.debug_info</name>
         <load_address>0x7c132</load_address>
         <run_address>0x7c132</run_address>
         <size>0x1bc</size>
         <input_file_ref idref="fl-2c"/>
      </object_component>
      <object_component id="oc-17a">
         <name>.debug_info</name>
         <load_address>0x7c2ee</load_address>
         <run_address>0x7c2ee</run_address>
         <size>0x5ac</size>
         <input_file_ref idref="fl-2d"/>
      </object_component>
      <object_component id="oc-182">
         <name>.debug_info</name>
         <load_address>0x7c89a</load_address>
         <run_address>0x7c89a</run_address>
         <size>0x10d</size>
         <input_file_ref idref="fl-2e"/>
      </object_component>
      <object_component id="oc-187">
         <name>.debug_info</name>
         <load_address>0x7c9a7</load_address>
         <run_address>0x7c9a7</run_address>
         <size>0x19e</size>
         <input_file_ref idref="fl-2f"/>
      </object_component>
      <object_component id="oc-18b">
         <name>.debug_info</name>
         <load_address>0x7cb45</load_address>
         <run_address>0x7cb45</run_address>
         <size>0x470</size>
         <input_file_ref idref="fl-30"/>
      </object_component>
      <object_component id="oc-190">
         <name>.debug_info</name>
         <load_address>0x7cfb5</load_address>
         <run_address>0x7cfb5</run_address>
         <size>0x4de</size>
         <input_file_ref idref="fl-31"/>
      </object_component>
      <object_component id="oc-195">
         <name>.debug_info</name>
         <load_address>0x7d493</load_address>
         <run_address>0x7d493</run_address>
         <size>0x3f9</size>
         <input_file_ref idref="fl-32"/>
      </object_component>
      <object_component id="oc-19a">
         <name>.debug_info</name>
         <load_address>0x7d88c</load_address>
         <run_address>0x7d88c</run_address>
         <size>0x3e3</size>
         <input_file_ref idref="fl-33"/>
      </object_component>
      <object_component id="oc-19f">
         <name>.debug_info</name>
         <load_address>0x7dc6f</load_address>
         <run_address>0x7dc6f</run_address>
         <size>0x3e0</size>
         <input_file_ref idref="fl-34"/>
      </object_component>
      <object_component id="oc-1a4">
         <name>.debug_info</name>
         <load_address>0x7e04f</load_address>
         <run_address>0x7e04f</run_address>
         <size>0x1e6</size>
         <input_file_ref idref="fl-35"/>
      </object_component>
      <object_component id="oc-1a8">
         <name>.debug_info</name>
         <load_address>0x7e235</load_address>
         <run_address>0x7e235</run_address>
         <size>0x502</size>
         <input_file_ref idref="fl-36"/>
      </object_component>
      <object_component id="oc-1ad">
         <name>.debug_info</name>
         <load_address>0x7e737</load_address>
         <run_address>0x7e737</run_address>
         <size>0x4cf</size>
         <input_file_ref idref="fl-37"/>
      </object_component>
      <object_component id="oc-1b2">
         <name>.debug_info</name>
         <load_address>0x7ec06</load_address>
         <run_address>0x7ec06</run_address>
         <size>0xb20</size>
         <input_file_ref idref="fl-38"/>
      </object_component>
      <object_component id="oc-25a">
         <name>.debug_info</name>
         <load_address>0x7f726</load_address>
         <run_address>0x7f726</run_address>
         <size>0x9e</size>
      </object_component>
      <object_component id="oc-77">
         <name>.debug_frame</name>
         <load_address>0x0</load_address>
         <run_address>0x0</run_address>
         <size>0x102</size>
         <input_file_ref idref="fl-2"/>
      </object_component>
      <object_component id="oc-7c">
         <name>.debug_frame</name>
         <load_address>0x102</load_address>
         <run_address>0x102</run_address>
         <size>0x244</size>
         <input_file_ref idref="fl-3"/>
      </object_component>
      <object_component id="oc-81">
         <name>.debug_frame</name>
         <load_address>0x346</load_address>
         <run_address>0x346</run_address>
         <size>0xd1</size>
         <input_file_ref idref="fl-4"/>
      </object_component>
      <object_component id="oc-86">
         <name>.debug_frame</name>
         <load_address>0x417</load_address>
         <run_address>0x417</run_address>
         <size>0xfc</size>
         <input_file_ref idref="fl-5"/>
      </object_component>
      <object_component id="oc-8b">
         <name>.debug_frame</name>
         <load_address>0x513</load_address>
         <run_address>0x513</run_address>
         <size>0x20e</size>
         <input_file_ref idref="fl-6"/>
      </object_component>
      <object_component id="oc-90">
         <name>.debug_frame</name>
         <load_address>0x721</load_address>
         <run_address>0x721</run_address>
         <size>0xfc</size>
         <input_file_ref idref="fl-7"/>
      </object_component>
      <object_component id="oc-95">
         <name>.debug_frame</name>
         <load_address>0x81d</load_address>
         <run_address>0x81d</run_address>
         <size>0x154</size>
         <input_file_ref idref="fl-8"/>
      </object_component>
      <object_component id="oc-9a">
         <name>.debug_frame</name>
         <load_address>0x971</load_address>
         <run_address>0x971</run_address>
         <size>0xb2</size>
         <input_file_ref idref="fl-9"/>
      </object_component>
      <object_component id="oc-9f">
         <name>.debug_frame</name>
         <load_address>0xa23</load_address>
         <run_address>0xa23</run_address>
         <size>0xcf</size>
         <input_file_ref idref="fl-a"/>
      </object_component>
      <object_component id="oc-a4">
         <name>.debug_frame</name>
         <load_address>0xaf2</load_address>
         <run_address>0xaf2</run_address>
         <size>0xd4</size>
         <input_file_ref idref="fl-b"/>
      </object_component>
      <object_component id="oc-a9">
         <name>.debug_frame</name>
         <load_address>0xbc6</load_address>
         <run_address>0xbc6</run_address>
         <size>0x11f</size>
         <input_file_ref idref="fl-c"/>
      </object_component>
      <object_component id="oc-ae">
         <name>.debug_frame</name>
         <load_address>0xce5</load_address>
         <run_address>0xce5</run_address>
         <size>0xfc</size>
         <input_file_ref idref="fl-d"/>
      </object_component>
      <object_component id="oc-b6">
         <name>.debug_frame</name>
         <load_address>0xde1</load_address>
         <run_address>0xde1</run_address>
         <size>0xa1</size>
         <input_file_ref idref="fl-e"/>
      </object_component>
      <object_component id="oc-bb">
         <name>.debug_frame</name>
         <load_address>0xe82</load_address>
         <run_address>0xe82</run_address>
         <size>0x12a</size>
         <input_file_ref idref="fl-f"/>
      </object_component>
      <object_component id="oc-c0">
         <name>.debug_frame</name>
         <load_address>0xfac</load_address>
         <run_address>0xfac</run_address>
         <size>0x1dc</size>
         <input_file_ref idref="fl-10"/>
      </object_component>
      <object_component id="oc-c5">
         <name>.debug_frame</name>
         <load_address>0x1188</load_address>
         <run_address>0x1188</run_address>
         <size>0xb0</size>
         <input_file_ref idref="fl-11"/>
      </object_component>
      <object_component id="oc-cc">
         <name>.debug_frame</name>
         <load_address>0x1238</load_address>
         <run_address>0x1238</run_address>
         <size>0x108</size>
         <input_file_ref idref="fl-13"/>
      </object_component>
      <object_component id="oc-d1">
         <name>.debug_frame</name>
         <load_address>0x1340</load_address>
         <run_address>0x1340</run_address>
         <size>0x7b3</size>
         <input_file_ref idref="fl-14"/>
      </object_component>
      <object_component id="oc-d6">
         <name>.debug_frame</name>
         <load_address>0x1af3</load_address>
         <run_address>0x1af3</run_address>
         <size>0x189</size>
         <input_file_ref idref="fl-15"/>
      </object_component>
      <object_component id="oc-e0">
         <name>.debug_frame</name>
         <load_address>0x1c7c</load_address>
         <run_address>0x1c7c</run_address>
         <size>0x8c</size>
         <input_file_ref idref="fl-17"/>
      </object_component>
      <object_component id="oc-e5">
         <name>.debug_frame</name>
         <load_address>0x1d08</load_address>
         <run_address>0x1d08</run_address>
         <size>0x407</size>
         <input_file_ref idref="fl-18"/>
      </object_component>
      <object_component id="oc-eb">
         <name>.debug_frame</name>
         <load_address>0x210f</load_address>
         <run_address>0x210f</run_address>
         <size>0xd06</size>
         <input_file_ref idref="fl-19"/>
      </object_component>
      <object_component id="oc-133">
         <name>.debug_frame</name>
         <load_address>0x2e15</load_address>
         <run_address>0x2e15</run_address>
         <size>0xa1</size>
         <input_file_ref idref="fl-1b"/>
      </object_component>
      <object_component id="oc-13e">
         <name>.debug_frame</name>
         <load_address>0x2eb6</load_address>
         <run_address>0x2eb6</run_address>
         <size>0x8c</size>
         <input_file_ref idref="fl-1c"/>
      </object_component>
      <object_component id="oc-143">
         <name>.debug_frame</name>
         <load_address>0x2f42</load_address>
         <run_address>0x2f42</run_address>
         <size>0x8c</size>
         <input_file_ref idref="fl-1d"/>
      </object_component>
      <object_component id="oc-148">
         <name>.debug_frame</name>
         <load_address>0x2fce</load_address>
         <run_address>0x2fce</run_address>
         <size>0x8c</size>
         <input_file_ref idref="fl-1e"/>
      </object_component>
      <object_component id="oc-14d">
         <name>.debug_frame</name>
         <load_address>0x305a</load_address>
         <run_address>0x305a</run_address>
         <size>0xb6</size>
         <input_file_ref idref="fl-1f"/>
      </object_component>
      <object_component id="oc-152">
         <name>.debug_frame</name>
         <load_address>0x3110</load_address>
         <run_address>0x3110</run_address>
         <size>0xa1</size>
         <input_file_ref idref="fl-20"/>
      </object_component>
      <object_component id="oc-157">
         <name>.debug_frame</name>
         <load_address>0x31b1</load_address>
         <run_address>0x31b1</run_address>
         <size>0x188</size>
         <input_file_ref idref="fl-21"/>
      </object_component>
      <object_component id="oc-168">
         <name>.debug_frame</name>
         <load_address>0x3339</load_address>
         <run_address>0x3339</run_address>
         <size>0xba</size>
         <input_file_ref idref="fl-29"/>
      </object_component>
      <object_component id="oc-172">
         <name>.debug_frame</name>
         <load_address>0x33f3</load_address>
         <run_address>0x33f3</run_address>
         <size>0xa7</size>
         <input_file_ref idref="fl-2b"/>
      </object_component>
      <object_component id="oc-17d">
         <name>.debug_frame</name>
         <load_address>0x349a</load_address>
         <run_address>0x349a</run_address>
         <size>0xbf</size>
         <input_file_ref idref="fl-2d"/>
      </object_component>
      <object_component id="oc-18c">
         <name>.debug_frame</name>
         <load_address>0x3559</load_address>
         <run_address>0x3559</run_address>
         <size>0xa1</size>
         <input_file_ref idref="fl-30"/>
      </object_component>
      <object_component id="oc-191">
         <name>.debug_frame</name>
         <load_address>0x35fa</load_address>
         <run_address>0x35fa</run_address>
         <size>0xbc</size>
         <input_file_ref idref="fl-31"/>
      </object_component>
      <object_component id="oc-196">
         <name>.debug_frame</name>
         <load_address>0x36b6</load_address>
         <run_address>0x36b6</run_address>
         <size>0xa1</size>
         <input_file_ref idref="fl-32"/>
      </object_component>
      <object_component id="oc-19b">
         <name>.debug_frame</name>
         <load_address>0x3757</load_address>
         <run_address>0x3757</run_address>
         <size>0xa1</size>
         <input_file_ref idref="fl-33"/>
      </object_component>
      <object_component id="oc-1a0">
         <name>.debug_frame</name>
         <load_address>0x37f8</load_address>
         <run_address>0x37f8</run_address>
         <size>0xa1</size>
         <input_file_ref idref="fl-34"/>
      </object_component>
      <object_component id="oc-1a9">
         <name>.debug_frame</name>
         <load_address>0x3899</load_address>
         <run_address>0x3899</run_address>
         <size>0xcb</size>
         <input_file_ref idref="fl-36"/>
      </object_component>
      <object_component id="oc-1ae">
         <name>.debug_frame</name>
         <load_address>0x3964</load_address>
         <run_address>0x3964</run_address>
         <size>0xa1</size>
         <input_file_ref idref="fl-37"/>
      </object_component>
      <object_component id="oc-1b6">
         <name>.debug_frame</name>
         <load_address>0x3a05</load_address>
         <run_address>0x3a05</run_address>
         <size>0x18e</size>
         <input_file_ref idref="fl-38"/>
      </object_component>
      <object_component id="oc-78">
         <name>.debug_line</name>
         <load_address>0x0</load_address>
         <run_address>0x0</run_address>
         <size>0xeb</size>
         <input_file_ref idref="fl-2"/>
      </object_component>
      <object_component id="oc-7d">
         <name>.debug_line</name>
         <load_address>0xeb</load_address>
         <run_address>0xeb</run_address>
         <size>0xc1a</size>
         <input_file_ref idref="fl-3"/>
      </object_component>
      <object_component id="oc-82">
         <name>.debug_line</name>
         <load_address>0xd05</load_address>
         <run_address>0xd05</run_address>
         <size>0x1b6</size>
         <input_file_ref idref="fl-4"/>
      </object_component>
      <object_component id="oc-87">
         <name>.debug_line</name>
         <load_address>0xebb</load_address>
         <run_address>0xebb</run_address>
         <size>0x2b7</size>
         <input_file_ref idref="fl-5"/>
      </object_component>
      <object_component id="oc-8c">
         <name>.debug_line</name>
         <load_address>0x1172</load_address>
         <run_address>0x1172</run_address>
         <size>0x1140</size>
         <input_file_ref idref="fl-6"/>
      </object_component>
      <object_component id="oc-91">
         <name>.debug_line</name>
         <load_address>0x22b2</load_address>
         <run_address>0x22b2</run_address>
         <size>0x1c8</size>
         <input_file_ref idref="fl-7"/>
      </object_component>
      <object_component id="oc-96">
         <name>.debug_line</name>
         <load_address>0x247a</load_address>
         <run_address>0x247a</run_address>
         <size>0x6ae</size>
         <input_file_ref idref="fl-8"/>
      </object_component>
      <object_component id="oc-9b">
         <name>.debug_line</name>
         <load_address>0x2b28</load_address>
         <run_address>0x2b28</run_address>
         <size>0xb12</size>
         <input_file_ref idref="fl-9"/>
      </object_component>
      <object_component id="oc-a0">
         <name>.debug_line</name>
         <load_address>0x363a</load_address>
         <run_address>0x363a</run_address>
         <size>0x1fa</size>
         <input_file_ref idref="fl-a"/>
      </object_component>
      <object_component id="oc-a5">
         <name>.debug_line</name>
         <load_address>0x3834</load_address>
         <run_address>0x3834</run_address>
         <size>0x20b</size>
         <input_file_ref idref="fl-b"/>
      </object_component>
      <object_component id="oc-aa">
         <name>.debug_line</name>
         <load_address>0x3a3f</load_address>
         <run_address>0x3a3f</run_address>
         <size>0xd3</size>
         <input_file_ref idref="fl-c"/>
      </object_component>
      <object_component id="oc-af">
         <name>.debug_line</name>
         <load_address>0x3b12</load_address>
         <run_address>0x3b12</run_address>
         <size>0xd0</size>
         <input_file_ref idref="fl-d"/>
      </object_component>
      <object_component id="oc-b7">
         <name>.debug_line</name>
         <load_address>0x3be2</load_address>
         <run_address>0x3be2</run_address>
         <size>0x56</size>
         <input_file_ref idref="fl-e"/>
      </object_component>
      <object_component id="oc-bc">
         <name>.debug_line</name>
         <load_address>0x3c38</load_address>
         <run_address>0x3c38</run_address>
         <size>0x1e9</size>
         <input_file_ref idref="fl-f"/>
      </object_component>
      <object_component id="oc-c1">
         <name>.debug_line</name>
         <load_address>0x3e21</load_address>
         <run_address>0x3e21</run_address>
         <size>0x1cc</size>
         <input_file_ref idref="fl-10"/>
      </object_component>
      <object_component id="oc-c6">
         <name>.debug_line</name>
         <load_address>0x3fed</load_address>
         <run_address>0x3fed</run_address>
         <size>0x142</size>
         <input_file_ref idref="fl-11"/>
      </object_component>
      <object_component id="oc-cd">
         <name>.debug_line</name>
         <load_address>0x412f</load_address>
         <run_address>0x412f</run_address>
         <size>0x100</size>
         <input_file_ref idref="fl-13"/>
      </object_component>
      <object_component id="oc-d2">
         <name>.debug_line</name>
         <load_address>0x422f</load_address>
         <run_address>0x422f</run_address>
         <size>0x8e2</size>
         <input_file_ref idref="fl-14"/>
      </object_component>
      <object_component id="oc-d7">
         <name>.debug_line</name>
         <load_address>0x4b11</load_address>
         <run_address>0x4b11</run_address>
         <size>0x3a1</size>
         <input_file_ref idref="fl-15"/>
      </object_component>
      <object_component id="oc-db">
         <name>.debug_line</name>
         <load_address>0x4eb2</load_address>
         <run_address>0x4eb2</run_address>
         <size>0x51</size>
         <input_file_ref idref="fl-16"/>
      </object_component>
      <object_component id="oc-e1">
         <name>.debug_line</name>
         <load_address>0x4f03</load_address>
         <run_address>0x4f03</run_address>
         <size>0x3b</size>
         <input_file_ref idref="fl-17"/>
      </object_component>
      <object_component id="oc-e6">
         <name>.debug_line</name>
         <load_address>0x4f3e</load_address>
         <run_address>0x4f3e</run_address>
         <size>0x3f5</size>
         <input_file_ref idref="fl-18"/>
      </object_component>
      <object_component id="oc-ec">
         <name>.debug_line</name>
         <load_address>0x5333</load_address>
         <run_address>0x5333</run_address>
         <size>0x798</size>
         <input_file_ref idref="fl-19"/>
      </object_component>
      <object_component id="oc-134">
         <name>.debug_line</name>
         <load_address>0x5acb</load_address>
         <run_address>0x5acb</run_address>
         <size>0x7e</size>
         <input_file_ref idref="fl-1b"/>
      </object_component>
      <object_component id="oc-13f">
         <name>.debug_line</name>
         <load_address>0x5b49</load_address>
         <run_address>0x5b49</run_address>
         <size>0x35</size>
         <input_file_ref idref="fl-1c"/>
      </object_component>
      <object_component id="oc-144">
         <name>.debug_line</name>
         <load_address>0x5b7e</load_address>
         <run_address>0x5b7e</run_address>
         <size>0x3a</size>
         <input_file_ref idref="fl-1d"/>
      </object_component>
      <object_component id="oc-149">
         <name>.debug_line</name>
         <load_address>0x5bb8</load_address>
         <run_address>0x5bb8</run_address>
         <size>0x3a</size>
         <input_file_ref idref="fl-1e"/>
      </object_component>
      <object_component id="oc-14e">
         <name>.debug_line</name>
         <load_address>0x5bf2</load_address>
         <run_address>0x5bf2</run_address>
         <size>0x7d</size>
         <input_file_ref idref="fl-1f"/>
      </object_component>
      <object_component id="oc-153">
         <name>.debug_line</name>
         <load_address>0x5c6f</load_address>
         <run_address>0x5c6f</run_address>
         <size>0x62</size>
         <input_file_ref idref="fl-20"/>
      </object_component>
      <object_component id="oc-158">
         <name>.debug_line</name>
         <load_address>0x5cd1</load_address>
         <run_address>0x5cd1</run_address>
         <size>0x1b3</size>
         <input_file_ref idref="fl-21"/>
      </object_component>
      <object_component id="oc-15d">
         <name>.debug_line</name>
         <load_address>0x5e84</load_address>
         <run_address>0x5e84</run_address>
         <size>0x4b</size>
         <input_file_ref idref="fl-22"/>
      </object_component>
      <object_component id="oc-164">
         <name>.debug_line</name>
         <load_address>0x5ecf</load_address>
         <run_address>0x5ecf</run_address>
         <size>0x7e</size>
         <input_file_ref idref="fl-28"/>
      </object_component>
      <object_component id="oc-169">
         <name>.debug_line</name>
         <load_address>0x5f4d</load_address>
         <run_address>0x5f4d</run_address>
         <size>0x6a</size>
         <input_file_ref idref="fl-29"/>
      </object_component>
      <object_component id="oc-16e">
         <name>.debug_line</name>
         <load_address>0x5fb7</load_address>
         <run_address>0x5fb7</run_address>
         <size>0x50</size>
         <input_file_ref idref="fl-2a"/>
      </object_component>
      <object_component id="oc-173">
         <name>.debug_line</name>
         <load_address>0x6007</load_address>
         <run_address>0x6007</run_address>
         <size>0x57</size>
         <input_file_ref idref="fl-2b"/>
      </object_component>
      <object_component id="oc-17e">
         <name>.debug_line</name>
         <load_address>0x605e</load_address>
         <run_address>0x605e</run_address>
         <size>0x65</size>
         <input_file_ref idref="fl-2d"/>
      </object_component>
      <object_component id="oc-183">
         <name>.debug_line</name>
         <load_address>0x60c3</load_address>
         <run_address>0x60c3</run_address>
         <size>0xad</size>
         <input_file_ref idref="fl-2e"/>
      </object_component>
      <object_component id="oc-188">
         <name>.debug_line</name>
         <load_address>0x6170</load_address>
         <run_address>0x6170</run_address>
         <size>0x8e</size>
         <input_file_ref idref="fl-2f"/>
      </object_component>
      <object_component id="oc-18d">
         <name>.debug_line</name>
         <load_address>0x61fe</load_address>
         <run_address>0x61fe</run_address>
         <size>0x62</size>
         <input_file_ref idref="fl-30"/>
      </object_component>
      <object_component id="oc-192">
         <name>.debug_line</name>
         <load_address>0x6260</load_address>
         <run_address>0x6260</run_address>
         <size>0x52</size>
         <input_file_ref idref="fl-31"/>
      </object_component>
      <object_component id="oc-197">
         <name>.debug_line</name>
         <load_address>0x62b2</load_address>
         <run_address>0x62b2</run_address>
         <size>0x3f</size>
         <input_file_ref idref="fl-32"/>
      </object_component>
      <object_component id="oc-19c">
         <name>.debug_line</name>
         <load_address>0x62f1</load_address>
         <run_address>0x62f1</run_address>
         <size>0x3e</size>
         <input_file_ref idref="fl-33"/>
      </object_component>
      <object_component id="oc-1a1">
         <name>.debug_line</name>
         <load_address>0x632f</load_address>
         <run_address>0x632f</run_address>
         <size>0x3a</size>
         <input_file_ref idref="fl-34"/>
      </object_component>
      <object_component id="oc-1aa">
         <name>.debug_line</name>
         <load_address>0x6369</load_address>
         <run_address>0x6369</run_address>
         <size>0x5e</size>
         <input_file_ref idref="fl-36"/>
      </object_component>
      <object_component id="oc-1af">
         <name>.debug_line</name>
         <load_address>0x63c7</load_address>
         <run_address>0x63c7</run_address>
         <size>0x55</size>
         <input_file_ref idref="fl-37"/>
      </object_component>
      <object_component id="oc-1b7">
         <name>.debug_line</name>
         <load_address>0x641c</load_address>
         <run_address>0x641c</run_address>
[...]
         <name>_RAMErrRegs</name>
         <value>0x4a00</value>
         <object_component_ref idref="oc-11a"/>
      </symbol>
      <symbol id="sm-8f7">
         <name>_Adc1Result</name>
         <value>0xb00</value>
         <object_component_ref idref="oc-ff"/>
      </symbol>
      <symbol id="sm-8f8">
         <name>_GpioCtrlRegs</name>
         <value>0x5f80</value>
         <object_component_ref idref="oc-11c"/>
      </symbol>
      <symbol id="sm-8f9">
         <name>_PieVectTable</name>
         <value>0xd00</value>
         <object_component_ref idref="oc-12e"/>
      </symbol>
      <symbol id="sm-8fa">
         <name>_Comp6Regs</name>
         <value>0x64a0</value>
         <object_component_ref idref="oc-f8"/>
      </symbol>
      <symbol id="sm-8fb">
         <name>_ECap4Regs</name>
         <value>0x5a60</value>
         <object_component_ref idref="oc-108"/>
      </symbol>
      <symbol id="sm-8fc">
         <name>_GpioG1CtrlRegs</name>
         <value>0x5f80</value>
         <object_component_ref idref="oc-11e"/>
      </symbol>
      <symbol id="sm-8fd">
         <name>_CsmRegs</name>
         <value>0xae0</value>
         <object_component_ref idref="oc-104"/>
      </symbol>
      <symbol id="sm-8fe">
         <name>_AdcResult</name>
         <value>0xb00</value>
         <object_component_ref idref="oc-fe"/>
      </symbol>
      <symbol id="sm-8ff">
         <name>_EPwm4Regs</name>
         <value>0x5280</value>
         <object_component_ref idref="oc-129"/>
      </symbol>
      <symbol id="sm-900">
         <name>_ECap5Regs</name>
         <value>0x5a80</value>
         <object_component_ref idref="oc-107"/>
      </symbol>
      <symbol id="sm-901">
         <name>_CpuTimer1Regs</name>
         <value>0xc08</value>
         <object_component_ref idref="oc-fb"/>
      </symbol>
      <symbol id="sm-902">
         <name>_SysCtrlRegs</name>
         <value>0x7010</value>
         <object_component_ref idref="oc-106"/>
      </symbol>
      <symbol id="sm-903">
         <name>_CtoMIpcRegs</name>
         <value>0x4e00</value>
         <object_component_ref idref="oc-11d"/>
      </symbol>
      <symbol id="sm-904">
         <name>_EPwm5Regs</name>
         <value>0x5300</value>
         <object_component_ref idref="oc-128"/>
      </symbol>
      <symbol id="sm-905">
         <name>_SpiaRegs</name>
         <value>0x7040</value>
         <object_component_ref idref="oc-102"/>
      </symbol>
      <symbol id="sm-906">
         <name>_ECap6Regs</name>
         <value>0x5aa0</value>
         <object_component_ref idref="oc-109"/>
      </symbol>
      <symbol id="sm-907">
         <name>_DmaRegs</name>
         <value>0x1000</value>
         <object_component_ref idref="oc-12d"/>
      </symbol>
      <symbol id="sm-908">
         <name>_CpuTimer0Regs</name>
         <value>0xc00</value>
         <object_component_ref idref="oc-fd"/>
      </symbol>
      <symbol id="sm-909">
         <name>_DevEmuRegs</name>
         <value>0x880</value>
         <object_component_ref idref="oc-11f"/>
      </symbol>
      <symbol id="sm-90a">
         <name>_EPwm6Regs</name>
         <value>0x5380</value>
         <object_component_ref idref="oc-12a"/>
      </symbol>
      <symbol id="sm-90b">
         <name>_Comp1Regs</name>
         <value>0x6400</value>
         <object_component_ref idref="oc-f3"/>
      </symbol>
      <symbol id="sm-90c">
         <name>_SciaRegs</name>
         <value>0x7050</value>
         <object_component_ref idref="oc-103"/>
      </symbol>
      <symbol id="sm-90d">
         <name>_Adc1Regs</name>
         <value>0x7100</value>
         <object_component_ref idref="oc-121"/>
      </symbol>
      <symbol id="sm-90e">
         <name>_FlashEccRegs</name>
         <value>0x4300</value>
         <object_component_ref idref="oc-116"/>
      </symbol>
      <symbol id="sm-90f">
         <name>_GpioTripRegs</name>
         <value>0x5fe0</value>
         <object_component_ref idref="oc-10d"/>
      </symbol>
      <symbol id="sm-910">
         <name>_GpioDataRegs</name>
         <value>0x5fc0</value>
         <object_component_ref idref="oc-10f"/>
      </symbol>
      <symbol id="sm-911">
         <name>_EcslPwl</name>
         <value>0x13fff4</value>
         <object_component_ref idref="oc-f1"/>
      </symbol>
      <symbol id="sm-912">
         <name>_CsmPwl</name>
         <value>0x13fff8</value>
         <object_component_ref idref="oc-f9"/>
      </symbol>
      <symbol id="sm-913">
         <name>_AdcRegs</name>
         <value>0x7100</value>
         <object_component_ref idref="oc-122"/>
      </symbol>
      <symbol id="sm-914">
         <name>_EPwm7Regs</name>
         <value>0x5400</value>
         <object_component_ref idref="oc-125"/>
      </symbol>
      <symbol id="sm-915">
         <name>_Comp2Regs</name>
         <value>0x6420</value>
         <object_component_ref idref="oc-f4"/>
      </symbol>
      <symbol id="sm-916">
         <name>_RAMRegs</name>
         <value>0x4900</value>
         <object_component_ref idref="oc-11b"/>
      </symbol>
      <symbol id="sm-917">
         <name>_XIntruptRegs</name>
         <value>0x7070</value>
         <object_component_ref idref="oc-100"/>
      </symbol>
      <symbol id="sm-918">
         <name>_CpuTimer2Regs</name>
         <value>0xc10</value>
         <object_component_ref idref="oc-fc"/>
      </symbol>
      <symbol id="sm-919">
         <name>_PieCtrlRegs</name>
         <value>0xce0</value>
         <object_component_ref idref="oc-105"/>
      </symbol>
      <symbol id="sm-91a">
         <name>_Comp3Regs</name>
         <value>0x6440</value>
         <object_component_ref idref="oc-f5"/>
      </symbol>
      <symbol id="sm-91b">
         <name>_ECap1Regs</name>
         <value>0x5a00</value>
         <object_component_ref idref="oc-110"/>
      </symbol>
      <symbol id="sm-91c">
         <name>_GpioG1TripRegs</name>
         <value>0x5fe0</value>
         <object_component_ref idref="oc-10b"/>
      </symbol>
      <symbol id="sm-91d">
         <name>_M3PllRegs</name>
         <value>0x4400</value>
         <object_component_ref idref="oc-fa"/>
      </symbol>
      <symbol id="sm-91e">
         <name>_EQep1Regs</name>
         <value>0x5b00</value>
         <object_component_ref idref="oc-115"/>
      </symbol>
      <symbol id="sm-91f">
         <name>_GpioG2DataRegs</name>
         <value>0x6fc0</value>
         <object_component_ref idref="oc-10c"/>
      </symbol>
      <symbol id="sm-920">
         <name>_McbspaRegs</name>
         <value>0x5000</value>
         <object_component_ref idref="oc-117"/>
      </symbol>
      <symbol id="sm-921">
         <name>_EPwm1Regs</name>
         <value>0x5100</value>
         <object_component_ref idref="oc-12c"/>
      </symbol>
      <symbol id="sm-922">
         <name>_Adc2Regs</name>
         <value>0x7180</value>
         <object_component_ref idref="oc-120"/>
      </symbol>
      <symbol id="sm-923">
         <name>_ECap2Regs</name>
         <value>0x5a20</value>
         <object_component_ref idref="oc-111"/>
      </symbol>
      <symbol id="sm-924">
         <name>_FlashExeOnly</name>
         <value>0x13fff2</value>
         <object_component_ref idref="oc-f0"/>
      </symbol>
      <symbol id="sm-925">
         <name>_EQep2Regs</name>
         <value>0x5b40</value>
         <object_component_ref idref="oc-112"/>
      </symbol>
      <symbol id="sm-926">
         <name>_EPwm8Regs</name>
         <value>0x5480</value>
         <object_component_ref idref="oc-12b"/>
      </symbol>
      <symbol id="sm-927">
         <name>_Adc2Result</name>
         <value>0xb40</value>
         <object_component_ref idref="oc-101"/>
      </symbol>
      <symbol id="sm-928">
         <name>_EPwm2Regs</name>
         <value>0x5180</value>
         <object_component_ref idref="oc-126"/>
      </symbol>
      <symbol id="sm-929">
         <name>_GpioG2CtrlRegs</name>
         <value>0x6f80</value>
         <object_component_ref idref="oc-119"/>
      </symbol>
      <symbol id="sm-92a">
         <name>_ECap3Regs</name>
         <value>0x5a40</value>
         <object_component_ref idref="oc-10a"/>
      </symbol>
      <symbol id="sm-92b">
         <name>_AnalogSysctrlRegs</name>
         <value>0x1700</value>
         <object_component_ref idref="oc-123"/>
      </symbol>
      <symbol id="sm-92c">
         <name>_PieVectTableCopy</name>
         <value>0xe00</value>
         <object_component_ref idref="oc-12f"/>
      </symbol>
      <symbol id="sm-92d">
         <name>_EQep3Regs</name>
         <value>0x5b80</value>
         <object_component_ref idref="oc-113"/>
      </symbol>
      <symbol id="sm-92e">
         <name>_EPwm9Regs</name>
         <value>0x5500</value>
         <object_component_ref idref="oc-124"/>
      </symbol>
      <symbol id="sm-92f">
         <name>_NmiIntruptRegs</name>
         <value>0x7060</value>
         <object_component_ref idref="oc-f2"/>
      </symbol>
      <symbol id="sm-930">
         <name>_Comp4Regs</name>
         <value>0x6460</value>
         <object_component_ref idref="oc-f7"/>
      </symbol>
      <symbol id="sm-931">
         <name>_EPwm3Regs</name>
         <value>0x5200</value>
         <object_component_ref idref="oc-127"/>
      </symbol>
      <symbol id="sm-932">
         <name>_I2caRegs</name>
         <value>0x7900</value>
         <object_component_ref idref="oc-114"/>
      </symbol>
      <symbol id="sm-93f">
         <name>_InitGpio</name>
         <value>0x1351fd</value>
         <object_component_ref idref="oc-1c6"/>
      </symbol>
      <symbol id="sm-956">
         <name>_g_usGetReadIndexes</name>
         <value>0x3f884</value>
         <object_component_ref idref="oc-13a"/>
      </symbol>
      <symbol id="sm-957">
         <name>_g_usPutWriteIndexes</name>
         <value>0x3f880</value>
         <object_component_ref idref="oc-139"/>
      </symbol>
      <symbol id="sm-958">
         <name>_g_asIPCCtoMBuffers</name>
         <value>0x3f800</value>
         <object_component_ref idref="oc-13c"/>
      </symbol>
      <symbol id="sm-959">
         <name>_g_usGetWriteIndexes</name>
         <value>0x3fc80</value>
         <object_component_ref idref="oc-13b"/>
      </symbol>
      <symbol id="sm-95a">
         <name>_g_asIPCMtoCBuffers</name>
         <value>0x3fc00</value>
         <object_component_ref idref="oc-13d"/>
      </symbol>
      <symbol id="sm-95b">
         <name>_g_usPutReadIndexes</name>
         <value>0x3fc84</value>
         <object_component_ref idref="oc-138"/>
      </symbol>
      <symbol id="sm-97c">
         <name>_InitPieCtrl</name>
         <value>0x135270</value>
         <object_component_ref idref="oc-1ca"/>
      </symbol>
      <symbol id="sm-97d">
         <name>_EnableInterrupts</name>
         <value>0x135294</value>
         <object_component_ref idref="oc-1ca"/>
      </symbol>
      <symbol id="sm-98d">
         <name>_PieVectTableInit</name>
         <value>0x13e000</value>
         <object_component_ref idref="oc-1db"/>
      </symbol>
      <symbol id="sm-98e">
         <name>_InitPieVectTable</name>
         <value>0x135386</value>
         <object_component_ref idref="oc-1cb"/>
      </symbol>
      <symbol id="sm-9ac">
         <name>_SetupFlash</name>
         <value>0x802c</value>
         <object_component_ref idref="oc-1c9"/>
      </symbol>
      <symbol id="sm-9ad">
         <name>_FlashGainPump</name>
         <value>0x805b</value>
         <object_component_ref idref="oc-1c9"/>
      </symbol>
      <symbol id="sm-9ae">
         <name>_LockDevice</name>
         <value>0x134d96</value>
         <object_component_ref idref="oc-1c5"/>
      </symbol>
      <symbol id="sm-9af">
         <name>_ECSLSecurityStatus</name>
         <value>0x134db4</value>
         <object_component_ref idref="oc-1c5"/>
      </symbol>
      <symbol id="sm-9b0">
         <name>_InitPeripheralClocks</name>
         <value>0x134d19</value>
         <object_component_ref idref="oc-1c5"/>
      </symbol>
      <symbol id="sm-9b1">
         <name>_InitFlash</name>
         <value>0x8000</value>
         <object_component_ref idref="oc-1c9"/>
      </symbol>
      <symbol id="sm-9b2">
         <name>_FlashLeavePump</name>
         <value>0x8068</value>
         <object_component_ref idref="oc-1c9"/>
      </symbol>
      <symbol id="sm-9b3">
         <name>_CsmUnlock</name>
         <value>0x134d5e</value>
         <object_component_ref idref="oc-1c5"/>
      </symbol>
      <symbol id="sm-9b4">
         <name>_EcslUnlock</name>
         <value>0x134d7f</value>
         <object_component_ref idref="oc-1c5"/>
      </symbol>
      <symbol id="sm-9b5">
         <name>_CSMSecurityStatus</name>
         <value>0x134da8</value>
         <object_component_ref idref="oc-1c5"/>
      </symbol>
      <symbol id="sm-9b6">
         <name>_GetEXEstatus</name>
         <value>0x134d9e</value>
         <object_component_ref idref="oc-1c5"/>
      </symbol>
      <symbol id="sm-9b7">
         <name>_InitSysCtrl</name>
         <value>0x134cd6</value>
         <object_component_ref idref="oc-1c5"/>
      </symbol>
      <symbol id="sm-9c3">
         <name>_DSP28x_usDelay</name>
         <value>0x8073</value>
         <object_component_ref idref="oc-15b"/>
      </symbol>
      <symbol id="sm-9e0">
         <name>_c_int00</name>
         <value>0x13511c</value>
         <object_component_ref idref="oc-160"/>
      </symbol>
      <symbol id="sm-9e1">
         <name>__stack</name>
         <value>0x50</value>
         <object_component_ref idref="oc-161"/>
      </symbol>
      <symbol id="sm-9f7">
         <name>_copy_in</name>
         <value>0x135172</value>
         <object_component_ref idref="oc-1bc"/>
      </symbol>
      <symbol id="sm-a06">
         <name>_ppcopy</name>
         <value>0x135353</value>
         <object_component_ref idref="oc-16c"/>
      </symbol>
      <symbol id="sm-a07">
         <name>_dpcopy</name>
         <value>0x135353</value>
         <object_component_ref idref="oc-16c"/>
      </symbol>
      <symbol id="sm-a08">
         <name>_pdcopy</name>
         <value>0x135353</value>
         <object_component_ref idref="oc-16c"/>
      </symbol>
      <symbol id="sm-a09">
         <name>_ddcopy</name>
         <value>0x135353</value>
         <object_component_ref idref="oc-16c"/>
      </symbol>
      <symbol id="sm-a1a">
         <name>_sqrtf</name>
         <value>0x1352f0</value>
         <object_component_ref idref="oc-1de"/>
      </symbol>
      <symbol id="sm-a1b">
         <name>_sqrt</name>
         <value>0x1352f0</value>
         <object_component_ref idref="oc-1de"/>
      </symbol>
      <symbol id="sm-a26">
         <name>_errno</name>
         <value>0xb2fd</value>
         <object_component_ref idref="oc-178"/>
      </symbol>
      <symbol id="sm-a3b">
         <name>C$$EXIT</name>
         <value>0x1352c7</value>
         <object_component_ref idref="oc-1bf"/>
      </symbol>
      <symbol id="sm-a3c">
         <name>_exit</name>
         <value>0x1352c9</value>
         <object_component_ref idref="oc-1bf"/>
      </symbol>
      <symbol id="sm-a3d">
         <name>___TI_cleanup_ptr</name>
         <value>0xb2f6</value>
         <object_component_ref idref="oc-17c"/>
      </symbol>
      <symbol id="sm-a3e">
         <name>___TI_enable_exit_profile_output</name>
         <value>0xb2f4</value>
         <object_component_ref idref="oc-17c"/>
      </symbol>
      <symbol id="sm-a3f">
         <name>_abort</name>
         <value>0x1352c7</value>
         <object_component_ref idref="oc-1bf"/>
      </symbol>
      <symbol id="sm-a40">
         <name>___TI_dtors_ptr</name>
         <value>0xb2f8</value>
         <object_component_ref idref="oc-17c"/>
      </symbol>
      <symbol id="sm-a51">
         <name>FS$$DIV</name>
         <value>0x135094</value>
         <object_component_ref idref="oc-181"/>
      </symbol>
      <symbol id="sm-a5d">
         <name>UL$$MOD</name>
         <value>0x1352c1</value>
         <object_component_ref idref="oc-186"/>
      </symbol>
      <symbol id="sm-a5e">
         <name>L$$MOD</name>
         <value>0x1352ac</value>
         <object_component_ref idref="oc-186"/>
      </symbol>
      <symbol id="sm-a5f">
         <name>L$$DIV</name>
         <value>0x13529d</value>
         <object_component_ref idref="oc-186"/>
      </symbol>
      <symbol id="sm-a60">
         <name>UL$$DIV</name>
         <value>0x1352ba</value>
         <object_component_ref idref="oc-186"/>
      </symbol>
      <symbol id="sm-a72">
         <name>_memcpy</name>
         <value>0x135335</value>
         <object_component_ref idref="oc-1c8"/>
      </symbol>
      <symbol id="sm-a83">
         <name>___nw__FUl</name>
         <value>0x135315</value>
         <object_component_ref idref="oc-1c4"/>
      </symbol>
      <symbol id="sm-a90">
         <name>___default_new_handler__Fv</name>
         <value>0x1353a3</value>
         <object_component_ref idref="oc-1d8"/>
      </symbol>
      <symbol id="sm-a9d">
         <name>__system_pre_init</name>
         <value>0x1353a1</value>
         <object_component_ref idref="oc-1bb"/>
      </symbol>
      <symbol id="sm-aaa">
         <name>__system_post_cinit</name>
         <value>0x1353a4</value>
         <object_component_ref idref="oc-1bd"/>
      </symbol>
      <symbol id="sm-ab5">
         <name>__new_handler</name>
         <value>0xb31a</value>
         <object_component_ref idref="oc-1a6"/>
      </symbol>
      <symbol id="sm-aca">
         <name>__unlock</name>
         <value>0xb318</value>
         <object_component_ref idref="oc-1e2"/>
      </symbol>
      <symbol id="sm-acb">
         <name>__lock</name>
         <value>0xb2fe</value>
         <object_component_ref idref="oc-1c2"/>
      </symbol>
      <symbol id="sm-acc">
         <name>__register_lock</name>
         <value>0x13539c</value>
         <object_component_ref idref="oc-1d6"/>
      </symbol>
      <symbol id="sm-acd">
         <name>__nop</name>
         <value>0x1353a0</value>
         <object_component_ref idref="oc-1d6"/>
      </symbol>
      <symbol id="sm-ace">
         <name>__register_unlock</name>
         <value>0x135398</value>
         <object_component_ref idref="oc-1d6"/>
      </symbol>
      <symbol id="sm-ade">
         <name>__args_main</name>
         <value>0x13536d</value>
         <object_component_ref idref="oc-1be"/>
      </symbol>
      <symbol id="sm-b26">
         <name>__sys_memory</name>
         <value>0xb31c</value>
         <object_component_ref idref="oc-1b4"/>
      </symbol>
      <symbol id="sm-b27">
         <name>_chkheap</name>
         <value>0x134b3a</value>
         <object_component_ref idref="oc-1d9"/>
      </symbol>
      <symbol id="sm-b28">
         <name>_realloc</name>
         <value>0x134a48</value>
         <object_component_ref idref="oc-1d9"/>
      </symbol>
      <symbol id="sm-b29">
         <name>_free_memory</name>
         <value>0x134b1c</value>
         <object_component_ref idref="oc-1d9"/>
      </symbol>
      <symbol id="sm-b2a">
         <name>_max_free</name>
         <value>0x134afa</value>
         <object_component_ref idref="oc-1d9"/>
      </symbol>
      <symbol id="sm-b2b">
         <name>_free</name>
         <value>0x134981</value>
         <object_component_ref idref="oc-1d9"/>
      </symbol>
      <symbol id="sm-b2c">
         <name>_calloc</name>
         <value>0x134b3c</value>
         <object_component_ref idref="oc-1d9"/>
      </symbol>
      <symbol id="sm-b2d">
         <name>_malloc</name>
         <value>0x1349ea</value>
         <object_component_ref idref="oc-1d9"/>
      </symbol>
      <symbol id="sm-b2e">
         <name>_minit</name>
         <value>0x1349c5</value>
         <object_component_ref idref="oc-1d9"/>
      </symbol>
   </symbol_table>
   <title>Link successful</title>
</link_info>
