******************************************************************************
             TMS320C2000 Linker PC v15.12.3                    
******************************************************************************
>> Linked Thu May 14 18:45:12 2026

OUTPUT FILE NAME:   <PCON_C28.out>
ENTRY POINT SYMBOL: "code_start"  address: 0013fff0


MEMORY CONFIGURATION

         name            origin    length      used     unused   attr    fill
----------------------  --------  ---------  --------  --------  ----  --------
PAGE 0:
  RAML0                 00008000   00001000  00000077  00000f89  RWIX
  RAML1                 00009000   00001000  00000000  00001000  RWIX
  FLASHG                00120000   00008000  00000000  00008000  RWIX
  FLASHF                00128000   00008000  00000000  00008000  RWIX
  FLASHE                00130000   00008000  000053a5  00002c5b  RWIX
  FLASHD                00138000   00002000  00000077  00001f89  RWIX
  FLASHC                0013a000   00002000  00000000  00002000  RWIX
  FLASHA                0013e000   00001f80  00000b7c  00001404  RWIX
  CSM_RSVD              0013ff80   00000070  00000000  00000070  RWIX
  BEGIN                 0013fff0   00000002  00000002  00000000  RWIX
  FLASH_EXE_ONLY_P0     0013fff2   00000002  00000000  00000002  RWIX
  ECSL_PWL_P0           0013fff4   00000004  00000000  00000004  RWIX
  CSM_PWL_P0            0013fff8   00000008  00000000  00000008  RWIX
  FPUTABLES             003fd258   000006a0  00000000  000006a0  RWIX
  IQTABLES              003fd8f8   00000b50  00000000  00000b50  RWIX
  IQTABLES2             003fe448   0000008c  00000000  0000008c  RWIX
  IQTABLES3             003fe4d4   000000aa  00000000  000000aa  RWIX
  BOOTROM               003feda8   00001200  00000000  00001200  RWIX
  PIEMISHNDLR           003fffbe   00000002  00000000  00000002  RWIX
  RESET                 003fffc0   00000002  00000000  00000002  RWIX
  VECTORS               003fffc2   0000003e  00000000  0000003e  RWIX

PAGE 1:
  BOOT_RSVD             00000000   00000050  00000000  00000050  RWIX
  RAMM0                 00000050   000003b0  00000300  000000b0  RWIX
  RAMM1                 00000400   00000400  00000000  00000400  RWIX
  DEV_EMU               00000880   00000180  00000042  0000013e  RWIX
  CSM                   00000ae0   00000020  00000016  0000000a  RWIX
  ADC1_RESULT           00000b00   00000020  00000010  00000010  RWIX
  ADC2_RESULT           00000b40   00000020  00000010  00000010  RWIX
  CPU_TIMER0            00000c00   00000008  00000008  00000000  RWIX
  CPU_TIMER1            00000c08   00000008  00000008  00000000  RWIX
  CPU_TIMER2            00000c10   00000008  00000008  00000000  RWIX
  PIE_CTRL              00000ce0   00000020  0000001a  00000006  RWIX
  PIE_VECT              00000d00   00000100  00000100  00000000  RWIX
  PIE_VECT_CP           00000e00   00000100  00000100  00000000  RWIX
  DMA                   00001000   00000200  000000e0  00000120  RWIX
  ASYSCTRLCONFIG        00001700   00000080  00000078  00000008  RWIX
  HWBIST                00001780   00000040  00000030  00000010  RWIX
  FLASH_REGS            00004000   00000300  00000182  0000017e  RWIX
  FLASH_ECC             00004300   00000040  00000024  0000001c  RWIX
  M3PLL                 00004400   00000040  00000008  00000038  RWIX
  RAM_REGS              00004900   00000080  0000003e  00000042  RWIX
  RAM_ERR_REGS          00004a00   00000080  0000003e  00000042  RWIX
  CM_MC_IPC             00004e00   00000040  00000040  00000000  RWIX
  MCBSPA                00005000   00000040  00000024  0000001c  RWIX
  EPWM1                 00005100   00000080  00000080  00000000  RWIX
  EPWM2                 00005180   00000080  00000080  00000000  RWIX
  EPWM3                 00005200   00000080  00000080  00000000  RWIX
  EPWM4                 00005280   00000080  00000080  00000000  RWIX
  EPWM5                 00005300   00000080  00000080  00000000  RWIX
  EPWM6                 00005380   00000080  00000080  00000000  RWIX
  EPWM7                 00005400   00000080  00000080  00000000  RWIX
  EPWM8                 00005480   00000080  00000080  00000000  RWIX
  EPWM9                 00005500   00000080  00000080  00000000  RWIX
  ECAP1                 00005a00   00000020  00000020  00000000  RWIX
  ECAP2                 00005a20   00000020  00000020  00000000  RWIX
  ECAP3                 00005a40   00000020  00000020  00000000  RWIX
  ECAP4                 00005a60   00000020  00000020  00000000  RWIX
  ECAP5                 00005a80   00000020  00000020  00000000  RWIX
  ECAP6                 00005aa0   00000020  00000020  00000000  RWIX
  EQEP1                 00005b00   00000040  00000022  0000001e  RWIX
  EQEP2                 00005b40   00000040  00000022  0000001e  RWIX
  EQEP3                 00005b80   00000040  00000022  0000001e  RWIX
  GPIOG1CTRL            00005f80   00000040  00000040  00000000  RWIX
  GPIOG1DAT             00005fc0   00000020  00000020  00000000  RWIX
  GPIOG1TRIP            00005fe0   00000020  00000020  00000000  RWIX
  COMP1                 00006400   00000020  00000007  00000019  RWIX
  COMP2                 00006420   00000020  00000007  00000019  RWIX
  COMP3                 00006440   00000020  00000007  00000019  RWIX
  COMP4                 00006460   00000020  00000007  00000019  RWIX
  COMP5                 00006480   00000020  00000007  00000019  RWIX
  COMP6                 000064a0   00000020  00000007  00000019  RWIX
  GPIOG2CTRL            00006f80   00000040  0000003c  00000004  RWIX
  GPIOG2DAT             00006fc0   00000020  00000020  00000000  RWIX
  SYSTEM                00007010   00000020  0000001d  00000003  RWIX
  SPIA                  00007040   00000010  00000010  00000000  RWIX
  SCIA                  00007050   00000010  00000010  00000000  RWIX
  NMIINTRUPT            00007060   00000010  00000006  0000000a  RWIX
  XINTRUPT              00007070   00000010  00000010  00000000  RWIX
  ADC1                  00007100   00000080  00000050  00000030  RWIX
  ADC2                  00007180   00000080  00000050  00000030  RWIX
  I2CA                  00007900   00000040  00000022  0000001e  RWIX
  RAML2L3               0000a000   00002000  0000171c  000008e4  RWIX
  RAMS0                 0000c000   00001000  00000000  00001000  RWIX
  RAMS1                 0000d000   00001000  00000000  00001000  RWIX
  RAMS2                 0000e000   00001000  00000000  00001000  RWIX
  RAMS3                 0000f000   00001000  00000000  00001000  RWIX
  RAMS4                 00010000   00001000  00000000  00001000  RWIX
  RAMS5                 00011000   00001000  00000000  00001000  RWIX
  RAMS6                 00012000   00001000  00000000  00001000  RWIX
  RAMS7                 00013000   00001000  00000000  00001000  RWIX
  CTOMRAM               0003f800   00000380  00000088  000002f8  RWIX
  MTOCRAM               0003fc00   00000380  00000000  00000380  RWIX
  FLASHB                0013c000   00002000  00000000  00002000  RWIX
  FLASH_EXE_ONLY        0013fff2   00000002  00000002  00000000  RWIX
  ECSL_PWL              0013fff4   00000004  00000004  00000000  RWIX
  CSM_PWL               0013fff8   00000008  00000008  00000000  RWIX


SECTION ALLOCATION MAP

 output                                  attributes/
section   page    origin      length       input sections
--------  ----  ----------  ----------   ----------------
.text      0    00130000    000053a5     
                  00130000    00000b27     ALG_DataExchange.obj (.text)
                  00130b27    000009df     ALG_StructuresInit.obj (.text)
                  00131506    0000099f     ALG_StateMachine.obj (.text)
                  00131ea5    00000790     ALG_Regulation.obj (.text)
                  00132635    0000075b     ALG_ParamManager.obj (.text)
                  00132d90    00000553     pid.obj (.text)
                  001332e3    000003ba     ALG_MainCycleCalc.obj (.text)
                  0013369d    0000035f     F28M35x_DefaultIsr.obj (.text:retain)
                  001339fc    00000351     F28M35x_Adc.obj (.text)
                  00133d4d    0000030b     F28M35x_DMA.obj (.text)
                  00134058    00000299     ALG_Synchronizer.obj (.text)
                  001342f1    00000266     ALG_Protections.obj (.text)
                  00134557    0000022c     ALG_DataProcessing.obj (.text)
                  00134783    000001fe     InitFunctions.obj (.text)
                  00134981    000001d2     rts2800_fpu32.lib : memory.obj (.text)
                  00134b53    00000183     PCON_C28.obj (.text)
                  00134cd6    000000ea     F28M35x_SysCtrl.obj (.text)
                  00134dc0    000000de     ADC_Interrupt.obj (.text:retain)
                  00134e9e    000000b1     MemFunctions.obj (.text)
                  00134f4f    000000b1     TimedProt.obj (.text)
                  00135000    00000094     Filters.obj (.text)
                  00135094    00000088     rts2800_fpu32.lib : fs_div.obj (.text)
                  0013511c    00000056                       : boot.obj (.text)
                  00135172    00000046                       : cpy_tbl.obj (.text)
                  001351b8    00000045     GlobalDataInit.obj (.text)
                  001351fd    00000044     F28M35x_Gpio.obj (.text)
                  00135241    0000002f     ExternalControls.obj (.text)
                  00135270    0000002d     F28M35x_PieCtrl.obj (.text)
                  0013529d    0000002a     rts2800_fpu32.lib : l_div.obj (.text)
                  001352c7    00000029                       : exit.obj (.text)
                  001352f0    00000025                       : e_sqrtf.obj (.text)
                  00135315    00000020                       : new_.obj (.text)
                  00135335    0000001e                       : memcpy.obj (.text)
                  00135353    0000001a                       : cpy_utils.obj (.text)
                  0013536d    00000019                       : args_main.obj (.text)
                  00135386    00000012     F28M35x_PieVect.obj (.text)
                  00135398    00000009     rts2800_fpu32.lib : _lock.obj (.text)
                  001353a1    00000002                       : pre_init.obj (.text)
                  001353a3    00000001                       : newhandler.obj (.text)
                  001353a4    00000001                       : startup.obj (.text)

ramfuncs   0    00138000    00000077     RUN ADDR = 00008000
                  00138000    00000073     F28M35x_SysCtrl.obj (ramfuncs)
                  00138073    00000004     F28M35x_usDelay.obj (ramfuncs)

.econst    0    0013e000    00000100     
                  0013e000    00000100     F28M35x_PieVect.obj (.econst:_PieVectTableInit)

.switch    0    0013e100    000000ac     
                  0013e100    000000ac     ALG_DataExchange.obj (.switch:_M3_Write_Data__FUl)

.cinit     0    0013e1ac    000009cc     
                  0013e1ac    000009a5     GlobalDataInit.obj (.cinit)
                  0013eb51    0000000e     rts2800_fpu32.lib : exit.obj (.cinit)
                  0013eb5f    00000005                       : _lock.obj (.cinit:__lock)
                  0013eb64    00000005                       : _lock.obj (.cinit:__unlock)
                  0013eb69    00000005                       : vars.obj (.cinit)
                  0013eb6e    00000004                       : errno.obj (.cinit)
                  0013eb72    00000004                       : memory.obj (.cinit)
                  0013eb76    00000002     --HOLE-- [fill = 0]

.pinit     0    0013eb78    00000004     
                  0013eb78    00000002     GlobalDataInit.obj (.pinit)
                  0013eb7a    00000002     --HOLE-- [fill = 0]

codestart 
*          0    0013fff0    00000002     
                  0013fff0    00000002     F28M35x_CodeStartBranch.obj (codestart)

.stack     1    00000050    00000300     UNINITIALIZED
                  00000050    00000300     --HOLE--

DevEmuRegsFile 
*          1    00000880    00000042     UNINITIALIZED
                  00000880    00000042     F28M35x_GlobalVariableDefs.obj (DevEmuRegsFile)

CsmRegsFile 
*          1    00000ae0    00000016     UNINITIALIZED
                  00000ae0    00000016     F28M35x_GlobalVariableDefs.obj (CsmRegsFile)

AdcResultFile 
*          1    00000b00    00000010     UNINITIALIZED
                  00000b00    00000010     F28M35x_GlobalVariableDefs.obj (AdcResultFile)

Adc1ResultFile 
*          1    00000b00    00000010     UNINITIALIZED
                  00000b00    00000010     F28M35x_GlobalVariableDefs.obj (Adc1ResultFile)

Adc2ResultFile 
*          1    00000b40    00000010     UNINITIALIZED
                  00000b40    00000010     F28M35x_GlobalVariableDefs.obj (Adc2ResultFile)

CpuTimer0RegsFile 
*          1    00000c00    00000008     UNINITIALIZED
                  00000c00    00000008     F28M35x_GlobalVariableDefs.obj (CpuTimer0RegsFile)

CpuTimer1RegsFile 
*          1    00000c08    00000008     UNINITIALIZED
                  00000c08    00000008     F28M35x_GlobalVariableDefs.obj (CpuTimer1RegsFile)

CpuTimer2RegsFile 
*          1    00000c10    00000008     UNINITIALIZED
                  00000c10    00000008     F28M35x_GlobalVariableDefs.obj (CpuTimer2RegsFile)

PieCtrlRegsFile 
*          1    00000ce0    0000001a     UNINITIALIZED
                  00000ce0    0000001a     F28M35x_GlobalVariableDefs.obj (PieCtrlRegsFile)

PieVectTableFile 
*          1    00000d00    00000100     UNINITIALIZED
                  00000d00    00000100     F28M35x_GlobalVariableDefs.obj (PieVectTableFile)

EmuKeyVar 
*          1    00000d00    00000000     UNINITIALIZED

EmuBModeVar 
*          1    00000d00    00000000     UNINITIALIZED

FlashCallbackVar 
*          1    00000d00    00000000     UNINITIALIZED

FlashScalingVar 
*          1    00000d00    00000000     UNINITIALIZED

PieVectTableCopyFile 
*          1    00000e00    00000100     UNINITIALIZED
                  00000e00    00000100     F28M35x_GlobalVariableDefs.obj (PieVectTableCopyFile)

DmaRegsFile 
*          1    00001000    000000e0     UNINITIALIZED
                  00001000    000000e0     F28M35x_GlobalVariableDefs.obj (DmaRegsFile)

AnalogSysctrlRegsFile 
*          1    00001700    00000078     UNINITIALIZED
                  00001700    00000078     F28M35x_GlobalVariableDefs.obj (AnalogSysctrlRegsFile)

HWBistRegsFile 
*          1    00001780    00000030     UNINITIALIZED
                  00001780    00000030     F28M35x_GlobalVariableDefs.obj (HWBistRegsFile)

FlashCtrlRegsFile 
*          1    00004000    00000182     UNINITIALIZED
                  00004000    00000182     F28M35x_GlobalVariableDefs.obj (FlashCtrlRegsFile)

FlashEccRegsFile 
*          1    00004300    00000024     UNINITIALIZED
                  00004300    00000024     F28M35x_GlobalVariableDefs.obj (FlashEccRegsFile)

M3PllRegsFile 
*          1    00004400    00000008     UNINITIALIZED
                  00004400    00000008     F28M35x_GlobalVariableDefs.obj (M3PllRegsFile)

RAMRegsFile 
*          1    00004900    0000003e     UNINITIALIZED
                  00004900    0000003e     F28M35x_GlobalVariableDefs.obj (RAMRegsFile)

RAMErrRegsFile 
*          1    00004a00    0000003e     UNINITIALIZED
                  00004a00    0000003e     F28M35x_GlobalVariableDefs.obj (RAMErrRegsFile)

CtoMIpcRegsFile 
*          1    00004e00    00000040     UNINITIALIZED
                  00004e00    00000040     F28M35x_GlobalVariableDefs.obj (CtoMIpcRegsFile)

McbspaRegsFile 
*          1    00005000    00000024     UNINITIALIZED
                  00005000    00000024     F28M35x_GlobalVariableDefs.obj (McbspaRegsFile)

EPwm1RegsFile 
*          1    00005100    00000080     UNINITIALIZED
                  00005100    00000080     F28M35x_GlobalVariableDefs.obj (EPwm1RegsFile)

EPwm2RegsFile 
*          1    00005180    00000080     UNINITIALIZED
                  00005180    00000080     F28M35x_GlobalVariableDefs.obj (EPwm2RegsFile)

EPwm3RegsFile 
*          1    00005200    00000080     UNINITIALIZED
                  00005200    00000080     F28M35x_GlobalVariableDefs.obj (EPwm3RegsFile)

EPwm4RegsFile 
*          1    00005280    00000080     UNINITIALIZED
                  00005280    00000080     F28M35x_GlobalVariableDefs.obj (EPwm4RegsFile)

EPwm5RegsFile 
*          1    00005300    00000080     UNINITIALIZED
                  00005300    00000080     F28M35x_GlobalVariableDefs.obj (EPwm5RegsFile)

EPwm6RegsFile 
*          1    00005380    00000080     UNINITIALIZED
                  00005380    00000080     F28M35x_GlobalVariableDefs.obj (EPwm6RegsFile)

EPwm7RegsFile 
*          1    00005400    00000080     UNINITIALIZED
                  00005400    00000080     F28M35x_GlobalVariableDefs.obj (EPwm7RegsFile)

EPwm8RegsFile 
*          1    00005480    00000080     UNINITIALIZED
                  00005480    00000080     F28M35x_GlobalVariableDefs.obj (EPwm8RegsFile)

EPwm9RegsFile 
*          1    00005500    00000080     UNINITIALIZED
                  00005500    00000080     F28M35x_GlobalVariableDefs.obj (EPwm9RegsFile)

ECap1RegsFile 
*          1    00005a00    00000020     UNINITIALIZED
                  00005a00    00000020     F28M35x_GlobalVariableDefs.obj (ECap1RegsFile)

ECap2RegsFile 
*          1    00005a20    00000020     UNINITIALIZED
                  00005a20    00000020     F28M35x_GlobalVariableDefs.obj (ECap2RegsFile)

ECap3RegsFile 
*          1    00005a40    00000020     UNINITIALIZED
                  00005a40    00000020     F28M35x_GlobalVariableDefs.obj (ECap3RegsFile)

ECap4RegsFile 
*          1    00005a60    00000020     UNINITIALIZED
                  00005a60    00000020     F28M35x_GlobalVariableDefs.obj (ECap4RegsFile)

ECap5RegsFile 
*          1    00005a80    00000020     UNINITIALIZED
                  00005a80    00000020     F28M35x_GlobalVariableDefs.obj (ECap5RegsFile)

ECap6RegsFile 
*          1    00005aa0    00000020     UNINITIALIZED
                  00005aa0    00000020     F28M35x_GlobalVariableDefs.obj (ECap6RegsFile)

EQep1RegsFile 
*          1    00005b00    00000022     UNINITIALIZED
                  00005b00    00000022     F28M35x_GlobalVariableDefs.obj (EQep1RegsFile)

EQep2RegsFile 
*          1    00005b40    00000022     UNINITIALIZED
                  00005b40    00000022     F28M35x_GlobalVariableDefs.obj (EQep2RegsFile)

EQep3RegsFile 
*          1    00005b80    00000022     UNINITIALIZED
                  00005b80    00000022     F28M35x_GlobalVariableDefs.obj (EQep3RegsFile)

GpioCtrlRegsFile 
*          1    00005f80    00000040     UNINITIALIZED
                  00005f80    00000040     F28M35x_GlobalVariableDefs.obj (GpioCtrlRegsFile)

GpioG1CtrlRegsFile 
*          1    00005f80    00000040     UNINITIALIZED
                  00005f80    00000040     F28M35x_GlobalVariableDefs.obj (GpioG1CtrlRegsFile)

GpioDataRegsFile 
*          1    00005fc0    00000020     UNINITIALIZED
                  00005fc0    00000020     F28M35x_GlobalVariableDefs.obj (GpioDataRegsFile)

GpioG1DataRegsFile 
*          1    00005fc0    00000020     UNINITIALIZED
                  00005fc0    00000020     F28M35x_GlobalVariableDefs.obj (GpioG1DataRegsFile)

GpioTripRegsFile 
*          1    00005fe0    00000020     UNINITIALIZED
                  00005fe0    00000020     F28M35x_GlobalVariableDefs.obj (GpioTripRegsFile)

GpioG1TripRegsFile 
*          1    00005fe0    00000020     UNINITIALIZED
                  00005fe0    00000020     F28M35x_GlobalVariableDefs.obj (GpioG1TripRegsFile)

Comp1RegsFile 
*          1    00006400    00000007     UNINITIALIZED
                  00006400    00000007     F28M35x_GlobalVariableDefs.obj (Comp1RegsFile)

Comp2RegsFile 
*          1    00006420    00000007     UNINITIALIZED
                  00006420    00000007     F28M35x_GlobalVariableDefs.obj (Comp2RegsFile)

Comp3RegsFile 
*          1    00006440    00000007     UNINITIALIZED
                  00006440    00000007     F28M35x_GlobalVariableDefs.obj (Comp3RegsFile)

Comp4RegsFile 
*          1    00006460    00000007     UNINITIALIZED
                  00006460    00000007     F28M35x_GlobalVariableDefs.obj (Comp4RegsFile)

Comp5RegsFile 
*          1    00006480    00000007     UNINITIALIZED
                  00006480    00000007     F28M35x_GlobalVariableDefs.obj (Comp5RegsFile)

Comp6RegsFile 
*          1    000064a0    00000007     UNINITIALIZED
                  000064a0    00000007     F28M35x_GlobalVariableDefs.obj (Comp6RegsFile)

GpioG2CtrlRegsFile 
*          1    00006f80    0000003c     UNINITIALIZED
                  00006f80    0000003c     F28M35x_GlobalVariableDefs.obj (GpioG2CtrlRegsFile)

GpioG2DataRegsFile 
*          1    00006fc0    00000020     UNINITIALIZED
                  00006fc0    00000020     F28M35x_GlobalVariableDefs.obj (GpioG2DataRegsFile)

SysCtrlRegsFile 
*          1    00007010    0000001d     UNINITIALIZED
                  00007010    0000001d     F28M35x_GlobalVariableDefs.obj (SysCtrlRegsFile)

SpiaRegsFile 
*          1    00007040    00000010     UNINITIALIZED
                  00007040    00000010     F28M35x_GlobalVariableDefs.obj (SpiaRegsFile)

SciaRegsFile 
*          1    00007050    00000010     UNINITIALIZED
                  00007050    00000010     F28M35x_GlobalVariableDefs.obj (SciaRegsFile)

NmiIntruptRegsFile 
*          1    00007060    00000006     UNINITIALIZED
                  00007060    00000006     F28M35x_GlobalVariableDefs.obj (NmiIntruptRegsFile)

XIntruptRegsFile 
*          1    00007070    00000010     UNINITIALIZED
                  00007070    00000010     F28M35x_GlobalVariableDefs.obj (XIntruptRegsFile)

AdcRegsFile 
*          1    00007100    00000050     UNINITIALIZED
                  00007100    00000050     F28M35x_GlobalVariableDefs.obj (AdcRegsFile)

Adc1RegsFile 
*          1    00007100    00000050     UNINITIALIZED
                  00007100    00000050     F28M35x_GlobalVariableDefs.obj (Adc1RegsFile)

Adc2RegsFile 
*          1    00007180    00000050     UNINITIALIZED
                  00007180    00000050     F28M35x_GlobalVariableDefs.obj (Adc2RegsFile)

I2caRegsFile 
*          1    00007900    00000022     UNINITIALIZED
                  00007900    00000022     F28M35x_GlobalVariableDefs.obj (I2caRegsFile)

FlashExeOnlyFile 
*          1    0013fff2    00000002     UNINITIALIZED
                  0013fff2    00000002     F28M35x_GlobalVariableDefs.obj (FlashExeOnlyFile)

EcslPwlFile 
*          1    0013fff4    00000004     UNINITIALIZED
                  0013fff4    00000004     F28M35x_GlobalVariableDefs.obj (EcslPwlFile)

CsmPwlFile 
*          1    0013fff8    00000008     UNINITIALIZED
                  0013fff8    00000008     F28M35x_GlobalVariableDefs.obj (CsmPwlFile)

PUTBUFFER 
*          1    0003f800    00000080     UNINITIALIZED
                  0003f800    00000080     F28M35x_Ipc.obj (PUTBUFFER)

PUTWRITEIDX 
*          1    0003f880    00000004     UNINITIALIZED
                  0003f880    00000004     F28M35x_Ipc.obj (PUTWRITEIDX)

GETREADIDX 
*          1    0003f884    00000004     UNINITIALIZED
                  0003f884    00000004     F28M35x_Ipc.obj (GETREADIDX)

GETBUFFER 
*          0    0003fc00    00000080     DSECT
                  0003fc00    00000080     F28M35x_Ipc.obj (GETBUFFER)

GETWRITEIDX 
*          0    0003fc80    00000004     DSECT
                  0003fc80    00000004     F28M35x_Ipc.obj (GETWRITEIDX)

PUTREADIDX 
*          0    0003fc84    00000004     DSECT
                  0003fc84    00000004     F28M35x_Ipc.obj (PUTREADIDX)

.ebss      1    0000a000    0000131c     UNINITIALIZED
                  0000a000    000012ec     GlobalDataInit.obj (.ebss)
                  0000b2ec    00000008     rts2800_fpu32.lib : memory.obj (.ebss)
                  0000b2f4    00000006                       : exit.obj (.ebss)
                  0000b2fa    00000003     ADC_Interrupt.obj (.ebss)
                  0000b2fd    00000001     rts2800_fpu32.lib : errno.obj (.ebss)
                  0000b2fe    00000002                       : _lock.obj (.ebss:__lock)
                  0000b300    00000018     F28M35x_CpuTimers.obj (.ebss)
                  0000b318    00000002     rts2800_fpu32.lib : _lock.obj (.ebss:__unlock)
                  0000b31a    00000002                       : vars.obj (.ebss)

.esysmem   1    0000b31c    00000400     UNINITIALIZED
                  0000b31c    00000001     rts2800_fpu32.lib : memory.obj (.esysmem)
                  0000b31d    000003ff     --HOLE--

.reset     0    003fffc0    00000002     DSECT
                  003fffc0    00000002     rts2800_fpu32.lib : boot.obj (.reset)

vectors    0    003fffc2    00000000     DSECT

MODULE SUMMARY

       Module                           code    ro data   rw data
       ------                           ----    -------   -------
    .\
       GlobalDataInit.obj               69      0         7315   
       ALG_DataExchange.obj             2855    0         172    
       ALG_StructuresInit.obj           2527    0         0      
       ALG_StateMachine.obj             2463    0         0      
       ALG_Regulation.obj               1936    0         0      
       ALG_ParamManager.obj             1883    0         0      
       pid.obj                          1363    0         0      
       ALG_MainCycleCalc.obj            954     0         0      
       ALG_Synchronizer.obj             665     0         0      
       ALG_Protections.obj              614     0         0      
       ALG_DataProcessing.obj           556     0         0      
       InitFunctions.obj                510     0         0      
       PCON_C28.obj                     387     0         0      
       ADC_Interrupt.obj                222     0         3      
       MemFunctions.obj                 177     0         0      
       TimedProt.obj                    177     0         0      
       Filters.obj                      148     0         0      
       ExternalControls.obj             47      0         0      
    +--+--------------------------------+-------+---------+---------+
       Total:                           17553   0         7490   
                                                                 
    .\inc\
       F28M35x_GlobalVariableDefs.obj   0       0         3951   
       F28M35x_DefaultIsr.obj           863     0         0      
       F28M35x_Adc.obj                  849     0         0      
       F28M35x_DMA.obj                  779     0         0      
       F28M35x_SysCtrl.obj              464     0         0      
       F28M35x_PieVect.obj              18      0         256    
       F28M35x_Ipc.obj                  0       0         136    
       F28M35x_Gpio.obj                 68      0         0      
       F28M35x_PieCtrl.obj              45      0         0      
       F28M35x_CpuTimers.obj            0       0         24     
       F28M35x_usDelay.obj              8       0         0      
       F28M35x_CodeStartBranch.obj      2       0         0      
    +--+--------------------------------+-------+---------+---------+
       Total:                           3096    0         4367   
                                                                 
    C:/ti/ccsv6/tools/compiler/c2000_15.12.3.LTS/lib/rts2800_fpu32.lib
       memory.obj                       466     0         12     
       fs_div.obj                       136     0         0      
       boot.obj                         86      0         0      
       cpy_tbl.obj                      70      0         0      
       exit.obj                         41      0         20     
       l_div.obj                        42      0         0      
       e_sqrtf.obj                      37      0         0      
       new_.obj                         32      0         0      
       memcpy.obj                       30      0         0      
       cpy_utils.obj                    26      0         0      
       args_main.obj                    25      0         0      
       _lock.obj                        9       0         14     
       vars.obj                         0       0         7      
       errno.obj                        0       0         5      
       pre_init.obj                     2       0         0      
       newhandler.obj                   1       0         0      
       startup.obj                      1       0         0      
    +--+--------------------------------+-------+---------+---------+
       Total:                           1004    0         58     
                                                                 
       Heap:                            0       0         1024   
       Stack:                           0       0         768    
    +--+--------------------------------+-------+---------+---------+
       Grand Total:                     21653   0         13707  


GLOBAL DATA SYMBOLS: SORTED BY DATA PAGE

address     data page           name
--------    ----------------    ----
00000050       1 (00000040)     __stack

00000880      22 (00000880)     _DevEmuRegs

00000ae0      2b (00000ac0)     _CsmRegs

00000b00      2c (00000b00)     _Adc1Result
00000b00      2c (00000b00)     _AdcResult

00000b40      2d (00000b40)     _Adc2Result

00000c00      30 (00000c00)     _CpuTimer0Regs
00000c08      30 (00000c00)     _CpuTimer1Regs
00000c10      30 (00000c00)     _CpuTimer2Regs

00000ce0      33 (00000cc0)     _PieCtrlRegs

00000d00      34 (00000d00)     _PieVectTable

00000e00      38 (00000e00)     _PieVectTableCopy

00001000      40 (00001000)     _DmaRegs

00001700      5c (00001700)     _AnalogSysctrlRegs

00001780      5e (00001780)     _HWBistRegs

00004000     100 (00004000)     _FlashCtrlRegs

00004300     10c (00004300)     _FlashEccRegs

00004400     110 (00004400)     _M3PllRegs

00004900     124 (00004900)     _RAMRegs

00004a00     128 (00004a00)     _RAMErrRegs

00004e00     138 (00004e00)     _CtoMIpcRegs

00005000     140 (00005000)     _McbspaRegs

00005100     144 (00005100)     _EPwm1Regs

00005180     146 (00005180)     _EPwm2Regs

00005200     148 (00005200)     _EPwm3Regs

00005280     14a (00005280)     _EPwm4Regs

00005300     14c (00005300)     _EPwm5Regs

00005380     14e (00005380)     _EPwm6Regs

00005400     150 (00005400)     _EPwm7Regs

00005480     152 (00005480)     _EPwm8Regs

00005500     154 (00005500)     _EPwm9Regs

00005a00     168 (00005a00)     _ECap1Regs
00005a20     168 (00005a00)     _ECap2Regs

00005a40     169 (00005a40)     _ECap3Regs
00005a60     169 (00005a40)     _ECap4Regs

00005a80     16a (00005a80)     _ECap5Regs
00005aa0     16a (00005a80)     _ECap6Regs

00005b00     16c (00005b00)     _EQep1Regs

00005b40     16d (00005b40)     _EQep2Regs

00005b80     16e (00005b80)     _EQep3Regs

00005f80     17e (00005f80)     _GpioCtrlRegs
00005f80     17e (00005f80)     _GpioG1CtrlRegs

00005fc0     17f (00005fc0)     _GpioDataRegs
00005fc0     17f (00005fc0)     _GpioG1DataRegs
00005fe0     17f (00005fc0)     _GpioG1TripRegs
00005fe0     17f (00005fc0)     _GpioTripRegs

00006400     190 (00006400)     _Comp1Regs
00006420     190 (00006400)     _Comp2Regs

00006440     191 (00006440)     _Comp3Regs
00006460     191 (00006440)     _Comp4Regs

00006480     192 (00006480)     _Comp5Regs
000064a0     192 (00006480)     _Comp6Regs

00006f80     1be (00006f80)     _GpioG2CtrlRegs

00006fc0     1bf (00006fc0)     _GpioG2DataRegs

00007010     1c0 (00007000)     _SysCtrlRegs

00007040     1c1 (00007040)     _SpiaRegs
00007050     1c1 (00007040)     _SciaRegs
00007060     1c1 (00007040)     _NmiIntruptRegs
00007070     1c1 (00007040)     _XIntruptRegs

00007100     1c4 (00007100)     _Adc1Regs
00007100     1c4 (00007100)     _AdcRegs

00007180     1c6 (00007180)     _Adc2Regs

00007900     1e4 (00007900)     _I2caRegs

0000a000     280 (0000a000)     _BoosterInput6
0000a001     280 (0000a000)     _BoosterInput7
0000a002     280 (0000a000)     _BoosterInput8
0000a003     280 (0000a000)     _BoosterInput4
0000a004     280 (0000a000)     _BoosterInput5
0000a005     280 (0000a000)     _BoosterInput12
0000a006     280 (0000a000)     _FPGA_ResetValue
0000a007     280 (0000a000)     _BoosterInput11
0000a008     280 (0000a000)     _BoosterInput9
0000a009     280 (0000a000)     _BoosterInput10
0000a00a     280 (0000a000)     _BoosterInput3
0000a00b     280 (0000a000)     _FPGA_EMIF_WD_Value_Prev
0000a00c     280 (0000a000)     _FPGA_Inputs_State_H
0000a00d     280 (0000a000)     _FPGA_EMIF_WD_Value
0000a00e     280 (0000a000)     _FPGA_Error_State_H
0000a00f     280 (0000a000)     _FPGA_Error_State_L
0000a010     280 (0000a000)     _BoosterInput1
0000a011     280 (0000a000)     _BoosterInput2
0000a012     280 (0000a000)     _FPGA_OCP_Counter
0000a013     280 (0000a000)     _FPGA_Inputs_State_L
0000a014     280 (0000a000)     _FPGA_EXT_OUT
0000a015     280 (0000a000)     _AIN14_Values
0000a016     280 (0000a000)     _AIN13_Values
0000a017     280 (0000a000)     _AIN15_Values
0000a018     280 (0000a000)     _MeasurmentsCounter
0000a019     280 (0000a000)     _AIN16_Values
0000a01a     280 (0000a000)     _AIN18_Values
0000a01b     280 (0000a000)     _AIN19_Values
0000a01c     280 (0000a000)     _AIN17_Values
0000a01d     280 (0000a000)     _AIN12_Values
0000a01e     280 (0000a000)     _AIN11_Values
0000a01f     280 (0000a000)     _SaveDataRequestFlag
0000a020     280 (0000a000)     _TurnOnCommand
0000a021     280 (0000a000)     _NewCommand
0000a022     280 (0000a000)     _M3_TransmittCounter
0000a023     280 (0000a000)     _EMIFrcounter
0000a024     280 (0000a000)     _TransmittCounter
0000a025     280 (0000a000)     _CurrentAlg
0000a026     280 (0000a000)     _BrakeLocker
0000a027     280 (0000a000)     _ExecutedCommand
0000a028     280 (0000a000)     _LastCommand
0000a029     280 (0000a000)     _CurrentCommand
0000a02a     280 (0000a000)     _Const_CurrentSetupVersion4
0000a02b     280 (0000a000)     _Uint_DummyVariable
0000a02c     280 (0000a000)     _Const_CurrentSetupVersion3
0000a02d     280 (0000a000)     _Const_CurrentSetupVersion1
0000a02e     280 (0000a000)     _Const_CurrentSetupVersion2
0000a02f     280 (0000a000)     _MainCyclesCounter
0000a030     280 (0000a000)     _CalcCycleCounter
0000a031     280 (0000a000)     _CurveSelect
0000a032     280 (0000a000)     _Const_RecalcOperationValues
0000a033     280 (0000a000)     _CPU_OverloadFlag
0000a034     280 (0000a000)     _Brake_PWM_Width
0000a035     280 (0000a000)     _Const_TopBCurrentLimit
0000a036     280 (0000a000)     _Const_TopCCurrentLimit
0000a037     280 (0000a000)     _Const_TopACurrentLimit
0000a038     280 (0000a000)     _ButtonCounter
0000a039     280 (0000a000)     _ButtonCounter2
0000a03a     280 (0000a000)     _Booster_Voltage_Setpoint
0000a03b     280 (0000a000)     _Booster_Current_Limit
0000a03c     280 (0000a000)     _Const_BotCCurrentLimit
0000a03d     280 (0000a000)     _Const_BotACurrentLimit
0000a03e     280 (0000a000)     _Const_BotBCurrentLimit
0000a03f     280 (0000a000)     _RMS_Count_ValueNum

0000a040     281 (0000a040)     _FPGA_Error_Latch_H
0000a041     281 (0000a040)     _RMSCyclesCount
0000a042     281 (0000a040)     _SetTryToResetError
0000a043     281 (0000a040)     _DCPowerUint16
0000a044     281 (0000a040)     _FPGA_M3_WD_VAL_L
0000a045     281 (0000a040)     _FPGA_M3_WD_VAL_H
0000a046     281 (0000a040)     _FPGA_C28_WD_VAL_H
0000a047     281 (0000a040)     _FPGA_Error_Latch_L
0000a048     281 (0000a040)     _FPGA_C28_WD_VAL_L
0000a049     281 (0000a040)     _FlashStatus
0000a04a     281 (0000a040)     _SyncLaunch
0000a04b     281 (0000a040)     _FreqUpdateCounter
0000a04c     281 (0000a040)     _SynchronizerActive
0000a04d     281 (0000a040)     _PrevMeasurmentCounterValue
0000a04e     281 (0000a040)     _TryToSyncCounter
0000a04f     281 (0000a040)     _Const_DelayedPhaseCounts
0000a050     281 (0000a040)     _Const_ActivateLoadControl
0000a051     281 (0000a040)     _DelayedPhasePointer
0000a052     281 (0000a040)     _Const_FreqUpdateDelay
0000a053     281 (0000a040)     _Const_RMSCalcCount
0000a054     281 (0000a040)     _ExcitationManualControl
0000a055     281 (0000a040)     _ChopperManualControl
0000a056     281 (0000a040)     _SystemManualControl
0000a057     281 (0000a040)     _ShiftedVoltageIndex
0000a058     281 (0000a040)     _MasterCode
0000a059     281 (0000a040)     _Isolated_Grid_ControlMode
0000a05a     281 (0000a040)     _Rotation_Power_ControlMode
0000a05b     281 (0000a040)     _VentilationManualControl
0000a05c     281 (0000a040)     _InverterVoltageManualControl
0000a05d     281 (0000a040)     _InverterFrequencyManualControl
0000a05e     281 (0000a040)     _IndexShiftCount
0000a05f     281 (0000a040)     _Time2
0000a060     281 (0000a040)     _Time3
0000a061     281 (0000a040)     _Time1
0000a062     281 (0000a040)     _CyclesCounter
0000a063     281 (0000a040)     _Time0
0000a064     281 (0000a040)     _OffsetRecalculated
0000a065     281 (0000a040)     _RecalcOffset
0000a066     281 (0000a040)     _MainCycleMeasurmentsCounter
0000a067     281 (0000a040)     _SCADASystemState
0000a068     281 (0000a040)     _SystemState
0000a069     281 (0000a040)     _MeasurmentLengthCounts
0000a06a     281 (0000a040)     _ExcitationActivated
0000a06b     281 (0000a040)     _TransitLengthCounts
0000a06c     281 (0000a040)     _RotSpeedMeasReady
0000a06d     281 (0000a040)     _TotalTransitCount
0000a06e     281 (0000a040)     _BreakerActivated
0000a06f     281 (0000a040)     _CurrentLimitControlActivated
0000a070     281 (0000a040)     _InverterActivated
0000a071     281 (0000a040)     _ChopperActivated
0000a072     281 (0000a040)     _BrakeActivated
0000a073     281 (0000a040)     _RotSpeedMeasReset
0000a074     281 (0000a040)     _Reg_ReactiveDropCounter
0000a075     281 (0000a040)     _GenVoltage_Unscaled
0000a076     281 (0000a040)     _Reg_ReactiveDropCounterValue
0000a077     281 (0000a040)     _Isolated_Voltage_ControlMode
0000a078     281 (0000a040)     _CurrentSysytemState
0000a079     281 (0000a040)     _DetectionLevelHigh
0000a07a     281 (0000a040)     _DetectionLevelLow
0000a07b     281 (0000a040)     _DetectionLevel
0000a07c     281 (0000a040)     _GenVoltageLow
0000a07d     281 (0000a040)     _GenVoltageHigh
0000a07e     281 (0000a040)     _BufferLowerHalfReady
0000a07f     281 (0000a040)     _ADC_Current_Value1

0000a080     282 (0000a080)     _BufferUpperHalfReady
0000a081     282 (0000a080)     _IsBufferUpperHalf
0000a082     282 (0000a080)     _IsBufferLowerHalf
0000a083     282 (0000a080)     _ADC_Current_Value5
0000a084     282 (0000a080)     _ADC_Current_Value6
0000a085     282 (0000a080)     _ADC_Current_Value4
0000a086     282 (0000a080)     _ADC_Current_Value2
0000a087     282 (0000a080)     _ADC_Current_Value3
0000a088     282 (0000a080)     _AIN1_Values
0000a089     282 (0000a080)     _AIN7_Values
0000a08a     282 (0000a080)     _AIN8_Values
0000a08b     282 (0000a080)     _AIN6_Values
0000a08c     282 (0000a080)     _AIN20_Values
0000a08d     282 (0000a080)     _AIN5_Values
0000a08e     282 (0000a080)     _AIN3_Values
0000a08f     282 (0000a080)     _AIN2_Values
0000a090     282 (0000a080)     _AIN4_Values
0000a091     282 (0000a080)     _AIN9_Values
0000a092     282 (0000a080)     _AIN10_Values
0000a093     282 (0000a080)     _LoopCount
0000a094     282 (0000a080)     _ConversionCount
0000a095     282 (0000a080)     _ADC_Current_Value20
0000a096     282 (0000a080)     _ADC_Current_Value18
0000a097     282 (0000a080)     _ADC_Current_Value19
0000a098     282 (0000a080)     _DataPacksSent
0000a099     282 (0000a080)     _DataSentCounter
0000a09a     282 (0000a080)     _TimerTicksDivideCounter
0000a09b     282 (0000a080)     _ChannelsTransferred
0000a09c     282 (0000a080)     _DMADestOffset
0000a09d     282 (0000a080)     _ADC_Current_Value17
0000a09e     282 (0000a080)     _ADC_Current_Value10
0000a09f     282 (0000a080)     _ADC_Current_Value11
0000a0a0     282 (0000a080)     _ADC_Current_Value9
0000a0a1     282 (0000a080)     _ADC_Current_Value7
0000a0a2     282 (0000a080)     _ADC_Current_Value8
0000a0a3     282 (0000a080)     _ADC_Current_Value15
0000a0a4     282 (0000a080)     _ADC_Current_Value16
0000a0a5     282 (0000a080)     _ADC_Current_Value14
0000a0a6     282 (0000a080)     _ADC_Current_Value12
0000a0a7     282 (0000a080)     _ADC_Current_Value13
0000a0a8     282 (0000a080)     _transfer_countFPGA
0000a0a9     282 (0000a080)     _Const_IsConnectedToResistiveLoad
0000a0aa     282 (0000a080)     _Const_IsResistiveLoadConverter
0000a0ab     282 (0000a080)     _Const_SyncLaunchLocked
0000a0ac     282 (0000a080)     _Const_SyncCyclesToRun
0000a0ad     282 (0000a080)     _Const_SyncShortLaunch
0000a0ae     282 (0000a080)     _Const_DCPRMinCycles
0000a0af     282 (0000a080)     _Const_IGBTOCPPRReleaseCycles
0000a0b0     282 (0000a080)     _Const_APHighPRMinCycles
0000a0b1     282 (0000a080)     _Const_IGBTOCPPRMaxCycles
0000a0b2     282 (0000a080)     _Const_BoosterModeDisable
0000a0b3     282 (0000a080)     _Const_IGBTOCPPRMinCycles
0000a0b4     282 (0000a080)     _Const_IGBTUnbPRReleaseCycles
0000a0b5     282 (0000a080)     _Const_VoutPRMinCycles
0000a0b6     282 (0000a080)     _Const_IGBTUnbPRMaxCycles
0000a0b7     282 (0000a080)     _Const_VoutPRReleaseCycles
0000a0b8     282 (0000a080)     _Const_IGBTUnbPRMinCycles
0000a0b9     282 (0000a080)     _Const_VoutPRMaxCycles
0000a0ba     282 (0000a080)     _Const_DCPRMaxCycles
0000a0bb     282 (0000a080)     _Const_BrakeModeDisable
0000a0bc     282 (0000a080)     _Const_DCPRReleaseCycles
0000a0bd     282 (0000a080)     _Const_RectPRMaxCycles
0000a0be     282 (0000a080)     _Const_RectPRMinCycles
0000a0bf     282 (0000a080)     _Const_RectPRReleaseCycles

0000a0c0     283 (0000a0c0)     _Const_RPLowPRMaxCycles
0000a0c1     283 (0000a0c0)     _Const_RPLowPRMinCycles
0000a0c2     283 (0000a0c0)     _Const_FreqPRMinCycles
0000a0c3     283 (0000a0c0)     _Const_RPLowPRReleaseCycles
0000a0c4     283 (0000a0c0)     _Const_RPHighPRMinCycles
0000a0c5     283 (0000a0c0)     _Const_APLowPRMaxCycles
0000a0c6     283 (0000a0c0)     _Const_RPHighPRReleaseCycles
0000a0c7     283 (0000a0c0)     _Const_GFaultPRMinCycles
0000a0c8     283 (0000a0c0)     _Const_GFaultPRMaxCycles
0000a0c9     283 (0000a0c0)     _Const_APOscPRReleaseCycles
0000a0ca     283 (0000a0c0)     _Const_APOscPRMaxCycles
0000a0cb     283 (0000a0c0)     _Const_FreqPRMaxCycles
0000a0cc     283 (0000a0c0)     _Const_RPHighPRMaxCycles
0000a0cd     283 (0000a0c0)     _Const_APOscPRMinCycles
0000a0ce     283 (0000a0c0)     _Const_FreqPRReleaseCycles
0000a0cf     283 (0000a0c0)     _Const_APLowPRMinCycles
0000a0d0     283 (0000a0c0)     _Const_GFaultPRReleaseCycles
0000a0d1     283 (0000a0c0)     _Const_APHighPRMaxCycles
0000a0d2     283 (0000a0c0)     _Const_APHighPRReleaseCycles
0000a0d3     283 (0000a0c0)     _Const_APLowPRReleaseCycles
0000a0d4     283 (0000a0c0)     _Temp3_2
0000a0d6     283 (0000a0c0)     _Temp3_3
0000a0d8     283 (0000a0c0)     _Voltage_3
0000a0da     283 (0000a0c0)     _Temp3_1
0000a0dc     283 (0000a0c0)     _Current_W3
0000a0de     283 (0000a0c0)     _Gen_TempRearBearing
0000a0e0     283 (0000a0c0)     _Gen_TempPh2
0000a0e2     283 (0000a0c0)     _Gen_TempExc1
0000a0e4     283 (0000a0c0)     _Gen_TempPh3
0000a0e6     283 (0000a0c0)     _EXCTemp2
0000a0e8     283 (0000a0c0)     _EXCTemp3
0000a0ea     283 (0000a0c0)     _EXCTemp1
0000a0ec     283 (0000a0c0)     _Gen_TempPh1
0000a0ee     283 (0000a0c0)     _Gen_TempExc2
0000a0f0     283 (0000a0c0)     _UDCMeanVoltage
0000a0f2     283 (0000a0c0)     _IExcMeanCurrent
0000a0f4     283 (0000a0c0)     _Rect3MeanCurrent
0000a0f6     283 (0000a0c0)     _Rect1MeanCurrent
0000a0f8     283 (0000a0c0)     _Rect2MeanCurrent
0000a0fa     283 (0000a0c0)     _SKiiPB_MeanTemp
0000a0fc     283 (0000a0c0)     _SKiiPA_MeanTemp
0000a0fe     283 (0000a0c0)     _SKiiPC_MeanTemp

0000a100     284 (0000a100)     _IExcMeanCurrentPrecise
0000a102     284 (0000a100)     _ExcitationResistance
0000a104     284 (0000a100)     _ExcitationSetpoint
0000a106     284 (0000a100)     _ExcitationPWLimit
0000a108     284 (0000a100)     _ExcitationCurrentFiltered
0000a10a     284 (0000a100)     _ExcitationCurrent
0000a10c     284 (0000a100)     _ExcitationCurrent2
0000a10e     284 (0000a100)     _RotSpeedSetpoint
0000a110     284 (0000a100)     _ReactivePowerSetpoint
0000a112     284 (0000a100)     _ActivePowerSetpointDist
0000a114     284 (0000a100)     _DCoutSetpoint
0000a116     284 (0000a100)     _ActivePowerSetpoint
0000a118     284 (0000a100)     _ChopperCurrent
0000a11a     284 (0000a100)     _PW_MaxLimit
0000a11c     284 (0000a100)     _VRegLimitMax
0000a11e     284 (0000a100)     _PW_MaxRiseLimit
0000a120     284 (0000a100)     _DCVoltage_OUT
0000a122     284 (0000a100)     _PW_ZeroVRise
0000a124     284 (0000a100)     _Alg_DCOutSetpoint
0000a126     284 (0000a100)     _Alg_DCInpSetpoint
0000a128     284 (0000a100)     _DCVoltageError
0000a12a     284 (0000a100)     _DCOutSetpoint
0000a12c     284 (0000a100)     _Reg_DCInpSetpoint
0000a12e     284 (0000a100)     _Booster_BrakeCurrent
0000a130     284 (0000a100)     _Booster_ChopperSKiiPCurrent
0000a132     284 (0000a100)     _Booster_ChopperCurrent
0000a134     284 (0000a100)     _Booster_DCVoltage_OUT
0000a136     284 (0000a100)     _Booster_DCVoltage_IN
0000a138     284 (0000a100)     _Booster_ReGCurrentLimit
0000a13a     284 (0000a100)     _DCVoltage_IN
0000a13c     284 (0000a100)     _Booster_BrakeSKiiPTemperature
0000a13e     284 (0000a100)     _Booster_ChopperSKiiPTemperature

0000a140     285 (0000a140)     _Booster_BrakeSKiiPCurrent
0000a142     285 (0000a140)     _CurrentBufOffset
0000a144     285 (0000a140)     _Current_W2
0000a146     285 (0000a140)     _Voltage_2
0000a148     285 (0000a140)     _Current_V2
0000a14a     285 (0000a140)     _Temp1_3
0000a14c     285 (0000a140)     _Current_U2
0000a14e     285 (0000a140)     _Current_U3
0000a150     285 (0000a140)     _Current_V3
0000a152     285 (0000a140)     _Temp2_3
0000a154     285 (0000a140)     _Temp2_1
0000a156     285 (0000a140)     _Temp2_2
0000a158     285 (0000a140)     _Current_V1
0000a15a     285 (0000a140)     _CurrentBufNum
0000a15c     285 (0000a140)     _Current_U1
0000a15e     285 (0000a140)     _CurrentChoppError
0000a160     285 (0000a140)     _DCVoltageChoppError
0000a162     285 (0000a140)     _Temp1_1
0000a164     285 (0000a140)     _Temp1_2
0000a166     285 (0000a140)     _Voltage_1
0000a168     285 (0000a140)     _CurrentDataOffset
0000a16a     285 (0000a140)     _Current_W1
0000a16c     285 (0000a140)     _OverloadBoost
0000a16e     285 (0000a140)     _UnderloadBoost
0000a170     285 (0000a140)     _Reg_ActivePowerPIDBoost2
0000a172     285 (0000a140)     _Reg_ReactivePowerError
0000a174     285 (0000a140)     _Reg_ReactivePowerBoost
0000a176     285 (0000a140)     _Reg_ActivePowerPIDBoost
0000a178     285 (0000a140)     _Reg_ReActivePowerPIDBoost
0000a17a     285 (0000a140)     _Const_RotFreqMultiplier
0000a17c     285 (0000a140)     _MeasuredRotFreq
0000a17e     285 (0000a140)     _TransitCounts

0000a180     286 (0000a180)     _Reg_ActivePowerError
0000a182     286 (0000a180)     _Reg_TotalActivePowerBoost
0000a184     286 (0000a180)     _TickCounts
0000a186     286 (0000a180)     _Reg_DCVoltageSetpoint
0000a188     286 (0000a180)     _Reg_IDC
0000a18a     286 (0000a180)     _Alg_PowerDamping
0000a18c     286 (0000a180)     _Reg_ExcSetpoint
0000a18e     286 (0000a180)     _RMSVoltageFilter
0000a190     286 (0000a180)     _Alg_MaxGeneratorControlledLoad
0000a192     286 (0000a180)     _Reg_GenSpeeed
0000a194     286 (0000a180)     _Reg_VoltageError
0000a196     286 (0000a180)     _Reg_APowerSetpoint
0000a198     286 (0000a180)     _RotationFrequency
0000a19a     286 (0000a180)     _Alg_BaseFrequency
0000a19c     286 (0000a180)     _Reg_VoltageBoost
0000a19e     286 (0000a180)     _ReactivePowerSetpointReg
0000a1a0     286 (0000a180)     _InverterPhBOCP_Flag
0000a1a2     286 (0000a180)     _ADCPeakProt_InverterPhBOCP
0000a1a4     286 (0000a180)     _InverterPhCOCP_Flag
0000a1a6     286 (0000a180)     _ADCPeakProt_InverterPhAOCP
0000a1a8     286 (0000a180)     _ADCPeakProt_ERR_Mask
0000a1aa     286 (0000a180)     _ADCPeakProt_InverterPhCOCP
0000a1ac     286 (0000a180)     _InverterPhAOCP_Flag
0000a1ae     286 (0000a180)     _ADCPeakProt_Now
0000a1b0     286 (0000a180)     _ADCPeakProt_ERR
0000a1b2     286 (0000a180)     _GlobalError
0000a1b4     286 (0000a180)     _ADCPeakProt_ExcitationOCP
0000a1b6     286 (0000a180)     _ADCPeakProt_ChopperOCP
0000a1b8     286 (0000a180)     _ADCPeakProt_Counter
0000a1ba     286 (0000a180)     _ExcitationCurrentPID
0000a1bc     286 (0000a180)     _DCVoltagePID
0000a1be     286 (0000a180)     _TransitTickCounts

0000a1c0     287 (0000a1c0)     _Alg_Excitation_limit
0000a1c2     287 (0000a1c0)     _ChopperPID
0000a1c4     287 (0000a1c0)     _SignChangeTickCounts
0000a1c6     287 (0000a1c0)     _PhasePID
0000a1c8     287 (0000a1c0)     _FrequencyPID
0000a1ca     287 (0000a1c0)     _ADCPeakProt_Flag
0000a1cc     287 (0000a1c0)     _ReactivePowerPID
0000a1ce     287 (0000a1c0)     _VoltagePID
0000a1d0     287 (0000a1c0)     _RotationSpeedPID
0000a1d2     287 (0000a1c0)     _FreqToPowerPID
0000a1d4     287 (0000a1c0)     _InstActivePower_A
0000a1d6     287 (0000a1c0)     _FrequencyMultiplier
0000a1d8     287 (0000a1c0)     _InstActivePower_C
0000a1da     287 (0000a1c0)     _OutputPhase
0000a1dc     287 (0000a1c0)     _OutputPhaseSet
0000a1de     287 (0000a1c0)     _InstActivePower_B
0000a1e0     287 (0000a1c0)     _MinOutputFrequency
0000a1e2     287 (0000a1c0)     _APLowpassFilter
0000a1e4     287 (0000a1c0)     _Unb_ActivePowerMin
0000a1e6     287 (0000a1c0)     _APBandstopFilter
0000a1e8     287 (0000a1c0)     _ActivePower
0000a1ea     287 (0000a1c0)     _InstActivePower
0000a1ec     287 (0000a1c0)     _APLowpassFilter2
0000a1ee     287 (0000a1c0)     _NeutralIGBTCurrentRMS
0000a1f0     287 (0000a1c0)     _PhCIGBTCurrentRMS
0000a1f2     287 (0000a1c0)     _PhACurrentRMS
0000a1f4     287 (0000a1c0)     _PhAIGBTCurrentRMS
0000a1f6     287 (0000a1c0)     _ChopperCurrentSetpoint
0000a1f8     287 (0000a1c0)     _NeutralCurrentRMS
0000a1fa     287 (0000a1c0)     _PhBIGBTCurrentRMS
0000a1fc     287 (0000a1c0)     _PhCVoltRMS
0000a1fe     287 (0000a1c0)     _PhBVoltRMS

0000a200     288 (0000a200)     _Unb_ActivePowerMax
0000a202     288 (0000a200)     _PhCCurrentRMS
0000a204     288 (0000a200)     _PhBCurrentRMS
0000a206     288 (0000a200)     _OutputFrequency
0000a208     288 (0000a200)     _MomentLimitedPower
0000a20a     288 (0000a200)     _GenSpeedDoubleFiltered
0000a20c     288 (0000a200)     _PowerDampingLimit
0000a20e     288 (0000a200)     _ExcCurrentFilter
0000a210     288 (0000a200)     _GenSpeedLowpassFilter
0000a212     288 (0000a200)     _TurbineLimitedPower
0000a214     288 (0000a200)     _GenSpeedFiltered
0000a216     288 (0000a200)     _IDCLowpassFilter
0000a218     288 (0000a200)     _CurrentBaseSpeed
0000a21a     288 (0000a200)     _RegVoltageErrorFilter
0000a21c     288 (0000a200)     _TurbinePower_K
0000a21e     288 (0000a200)     _ZeroBaseSpeed
0000a220     288 (0000a200)     _IDCFiltered
0000a222     288 (0000a200)     _InstReactivePower_C
0000a224     288 (0000a200)     _InstReactivePower_B
0000a226     288 (0000a200)     _ReactivePower
0000a228     288 (0000a200)     _APBandstopFilter2
0000a22a     288 (0000a200)     _PhAVoltRMS
0000a22c     288 (0000a200)     _InstReactivePower
0000a22e     288 (0000a200)     _InstReactivePower_A
0000a230     288 (0000a200)     _GenPhaseRMSLowpassFilter
0000a232     288 (0000a200)     _RPBandstopFilter2
0000a234     288 (0000a200)     _TurbinePower_B
0000a236     288 (0000a200)     _RPLowpassFilter2
0000a238     288 (0000a200)     _RPLowpassFilter
0000a23a     288 (0000a200)     _GenPhaseRMS
0000a23c     288 (0000a200)     _RPBandstopFilter
0000a23e     288 (0000a200)     _Ptransform_d

0000a240     289 (0000a240)     _ProtRMS_IGBTTemp
0000a242     289 (0000a240)     _dFilter
0000a244     289 (0000a240)     _Const_2pi
0000a246     289 (0000a240)     _Const_pi
0000a248     289 (0000a240)     _Ptransform_q
0000a24a     289 (0000a240)     _ProtRMS_ExcCurrent
0000a24c     289 (0000a240)     _FVAL_VoltagePhase
0000a24e     289 (0000a240)     _FVAL_VoltageDelayedPhase
0000a250     289 (0000a240)     _qFilter
0000a252     289 (0000a240)     _Const_CycleTime
0000a254     289 (0000a240)     _ProtRMS_NeutralIGBCurrent
0000a256     289 (0000a240)     _FVAL_VoltageMagnitude
0000a258     289 (0000a240)     _FVAL_InputSin_p2pidiv3
0000a25a     289 (0000a240)     _FVAL_InputSin
0000a25c     289 (0000a240)     _FVAL_InputCos
0000a25e     289 (0000a240)     _FVAL_InputFreq
0000a260     289 (0000a240)     _FreqChangeAmp
0000a262     289 (0000a240)     _FVAL_InputSin_m2pidiv3
0000a264     289 (0000a240)     _Const_2pi_div3
0000a266     289 (0000a240)     _Const_sqrt3_div2
0000a268     289 (0000a240)     _Const_1_div360
0000a26a     289 (0000a240)     _FVAL_InputCos_p2pidiv3
0000a26c     289 (0000a240)     _FVAL_InputPhase
0000a26e     289 (0000a240)     _Const_2_div3
0000a270     289 (0000a240)     _Prot_OutpFrequencyHigh
0000a272     289 (0000a240)     _Prot_OutpFrequencyLow
0000a274     289 (0000a240)     _MainPWM_AMP_F
0000a276     289 (0000a240)     _ProtRMS_RectCurrent
0000a278     289 (0000a240)     _DCPower
0000a27a     289 (0000a240)     _MainPWM_AMP
0000a27c     289 (0000a240)     _ChopperPWM_Width
0000a27e     289 (0000a240)     _MainPWM_PhaseSet

0000a280     28a (0000a280)     _ExcitationPWM_Width_F
0000a282     28a (0000a280)     _MainPWM_OutputFrequency
0000a284     28a (0000a280)     _OutputRMSVoltage
0000a286     28a (0000a280)     _ExcitationPWM_Width
0000a288     28a (0000a280)     _MainPWM_PhaseShift
0000a28a     28a (0000a280)     _MeasuredOutputFrequency
0000a28c     28a (0000a280)     _Const_DelayedPhaseFrequency
0000a28e     28a (0000a280)     _PIDActivePowerSetpoint
0000a290     28a (0000a280)     _FVAL_VoltagePhaseChange
0000a292     28a (0000a280)     _FVAL_InputCos_m2pidiv3
0000a294     28a (0000a280)     _FreqFilter
0000a296     28a (0000a280)     _ProtRMS_NeutralCurrent
0000a298     28a (0000a280)     _Const_GeneratorMomentLimit
0000a29a     28a (0000a280)     _ProtRMS_OutpVoltage
0000a29c     28a (0000a280)     _PIDOutputVoltageSetpoint
0000a29e     28a (0000a280)     _FVAL_MeasuredOutputFrequency
0000a2a0     28a (0000a280)     _ProtRMS_UDCVoltage
0000a2a2     28a (0000a280)     _UDCErr
0000a2a4     28a (0000a280)     _Const_TPR_IGBTUnbUpper
0000a2a6     28a (0000a280)     _Const_TPR_IGBTOCPLower
0000a2a8     28a (0000a280)     _Float_DummyVariable
0000a2aa     28a (0000a280)     _Const_TPR_APHighLower
0000a2ac     28a (0000a280)     _Const_TPR_APHighUpper
0000a2ae     28a (0000a280)     _Const_TPR_IGBTUnbLower
0000a2b0     28a (0000a280)     _Const_TPR_VoutLower
0000a2b2     28a (0000a280)     _OutputFrequencyFiltered
0000a2b4     28a (0000a280)     _Const_TPR_RectCurrLower
0000a2b6     28a (0000a280)     _Const_TPR_VoutUpper
0000a2b8     28a (0000a280)     _Const_TPR_IGBTOCPUpper
0000a2ba     28a (0000a280)     _Const_TPR_RectCurrUpper
0000a2bc     28a (0000a280)     _OutputFrequencyFilter
0000a2be     28a (0000a280)     _Const_UnderloadBoostPerVolt

0000a2c0     28b (0000a2c0)     _Const_OverloadBoostPerVolt
0000a2c2     28b (0000a2c0)     _Const_TPR_FreqLower
0000a2c4     28b (0000a2c0)     _DMADestFPGA
0000a2c6     28b (0000a2c0)     _ADCOffset
0000a2c8     28b (0000a2c0)     _Const_TPR_FreqUpper
0000a2ca     28b (0000a2c0)     _Const_TPR_RPHighLower
0000a2cc     28b (0000a2c0)     _Const_TPR_RPHighUpper
0000a2ce     28b (0000a2c0)     _Const_TPR_APLowLower
0000a2d0     28b (0000a2c0)     _Const_TPR_RPLowUpper
0000a2d2     28b (0000a2c0)     _DMASourceFPGA
0000a2d4     28b (0000a2c0)     _Const_TPR_APLowUpper
0000a2d6     28b (0000a2c0)     _Const_ExcCurrentBoost
0000a2d8     28b (0000a2c0)     _Const_ExcPIDBoost
0000a2da     28b (0000a2c0)     _ProtRMS_OutpCurrent
0000a2dc     28b (0000a2c0)     _BaseDCVoltage
0000a2de     28b (0000a2c0)     _UDCOUTFilteredSlow
0000a2e0     28b (0000a2c0)     _Const_ExcMaxVoltage
0000a2e2     28b (0000a2c0)     _FreqMinValue
0000a2e4     28b (0000a2c0)     _PhaseMaxValue
0000a2e6     28b (0000a2c0)     _PhaseChangeAmp
0000a2e8     28b (0000a2c0)     _ProtRMS_IGBTCurrent
0000a2ea     28b (0000a2c0)     _StartingPWMAmp
0000a2ec     28b (0000a2c0)     _FreqMaxValue
0000a2ee     28b (0000a2c0)     _PhaseMinValue
0000a2f0     28b (0000a2c0)     _Const_TPR_DCLower
0000a2f2     28b (0000a2c0)     _WaitCyclesCounter
0000a2f4     28b (0000a2c0)     _CalculationsTimerValue
0000a2f6     28b (0000a2c0)     _Const_TPR_DCUpper
0000a2f8     28b (0000a2c0)     _Const_TPR_RPLowLower
0000a2fa     28b (0000a2c0)     _LastMeasuredTimerValue
0000a2fc     28b (0000a2c0)     _UDCFilter
0000a2fe     28b (0000a2c0)     _StartingVoltageMagnitude

0000a300     28c (0000a300)     _UDCOUTFiltered
0000a302     28c (0000a300)     _CalculationsDelay
0000a304     28c (0000a300)     _FreeTimeCounter
0000a306     28c (0000a300)     _UDCFilterSlow
0000a308     28c (0000a300)     _InverterActivatedCounts
0000a30a     28c (0000a300)     _Const_FreqLowerLim
0000a30c     28c (0000a300)     _ErrorFlags4
0000a30e     28c (0000a300)     _FRPID_G
0000a310     28c (0000a300)     _ErrorFlags2
0000a312     28c (0000a300)     _ErrorFlags1
0000a314     28c (0000a300)     _Const_FreqUpperLim
0000a316     28c (0000a300)     _APPID_I
0000a318     28c (0000a300)     _FRPID_P
0000a31a     28c (0000a300)     _Const_ReactivePowerLimiter
0000a31c     28c (0000a300)     _FRPID_D
0000a31e     28c (0000a300)     _ErrorFlags3
0000a320     28c (0000a300)     _APPID_P
0000a322     28c (0000a300)     _FRPID_I
0000a324     28c (0000a300)     _Const_PhaseIntLimit
0000a326     28c (0000a300)     _DCVPID_P
0000a328     28c (0000a300)     _PHPID_G
0000a32a     28c (0000a300)     _DCVPID_POSG
0000a32c     28c (0000a300)     _DCVPID_NEGG
0000a32e     28c (0000a300)     _Const_PhasePropLimit
0000a330     28c (0000a300)     _EmergencyCounter
0000a332     28c (0000a300)     _AlgCounter
0000a334     28c (0000a300)     _Const_FreqPropLimit
0000a336     28c (0000a300)     _PHPID_I
0000a338     28c (0000a300)     _DCVPID_I
0000a33a     28c (0000a300)     _Const_FreqIntLimit
0000a33c     28c (0000a300)     _PHPID_P
0000a33e     28c (0000a300)     _Const_MaxVoltageBoost

0000a340     28d (0000a340)     _Const_SpeedLimitMaxPower
0000a342     28d (0000a340)     _Const_GeneratorToLoadMaxPower
0000a344     28d (0000a340)     _Const_TurbineLimitLine_K
0000a346     28d (0000a340)     _Const_TurbineLimitLine_B
0000a348     28d (0000a340)     _Const_ResitiveLoadMaxPower
0000a34a     28d (0000a340)     _Const_TPR_APOscLower
0000a34c     28d (0000a340)     _Const_TPR_APOscUpper
0000a34e     28d (0000a340)     _DMASource
0000a350     28d (0000a340)     _Const_MinOutputPower
0000a352     28d (0000a340)     _Const_SpeedLimitFreerun
0000a354     28d (0000a340)     _DMADest
0000a356     28d (0000a340)     _Const_MaxOutputPower
0000a358     28d (0000a340)     _RPPID_P
0000a35a     28d (0000a340)     _RPPID_I
0000a35c     28d (0000a340)     _VPID_I
0000a35e     28d (0000a340)     _Const_ReactivePowerMax
0000a360     28d (0000a340)     _Const_ReactivePowerMin
0000a362     28d (0000a340)     _VPID_G
0000a364     28d (0000a340)     _Const_OutputVoltageSetpoint
0000a366     28d (0000a340)     _Const_ReactivePowerBoost
0000a368     28d (0000a340)     _Const_VoltageErrorUpperLimit
0000a36a     28d (0000a340)     _VPID_P
0000a36c     28d (0000a340)     _RPPID_G
0000a36e     28d (0000a340)     _Const_VoltageErrorLowerLimit
0000a370     28d (0000a340)     _Const_GenNumberOfPoles
0000a372     28d (0000a340)     _Prot_RPOverload
0000a374     28d (0000a340)     _Prot_APNegative
0000a376     28d (0000a340)     _Prot_DCVoltageLow
0000a378     28d (0000a340)     _Prot_GenSpeedOPHigh
0000a37a     28d (0000a340)     _Prot_GenSpeedOPLow
0000a37c     28d (0000a340)     _Prot_IGBTCurrentUnbalance
0000a37e     28d (0000a340)     _Prot_OutpCurrentUnbalance

0000a380     28e (0000a380)     _Prot_OutpOverVoltage
0000a382     28e (0000a380)     _Prot_APOverload
0000a384     28e (0000a380)     _Prot_OutpOverCurrent
0000a386     28e (0000a380)     _Peak_WorkingCycleTime_uS
0000a388     28e (0000a380)     _EngineAMPSET
0000a38a     28e (0000a380)     _EnginePHASESET
0000a38c     28e (0000a380)     _CommitCurrentsValue
0000a38e     28e (0000a380)     _MinimumCoolingPWMWidth
0000a390     28e (0000a380)     _CommitDataValue
0000a392     28e (0000a380)     _CTOMtimeoutCounter
0000a394     28e (0000a380)     _WorkingCycleTime_uS
0000a396     28e (0000a380)     _MTOC_cyclesCounter
0000a398     28e (0000a380)     _EngineBuckPWM
0000a39a     28e (0000a380)     _EngineExcPWM
0000a39c     28e (0000a380)     _Const_SyncStarPhaseLead
0000a39e     28e (0000a380)     _EXCPID_I
0000a3a0     28e (0000a380)     _EXCPID_P
0000a3a2     28e (0000a380)     _Prot_ExcCurrentMax
0000a3a4     28e (0000a380)     _Const_ExcitationMax
0000a3a6     28e (0000a380)     _Const_FrequencyWindow
0000a3a8     28e (0000a380)     _Const_SyncMaxPhaseChange
0000a3aa     28e (0000a380)     _Const_SyncMinVoltageMag
0000a3ac     28e (0000a380)     _Const_SyncMaxFreqChange
0000a3ae     28e (0000a380)     _Const_BaseFrequency
0000a3b0     28e (0000a380)     _Prot_GenSpeedMax
0000a3b2     28e (0000a380)     _Prot_IGBTTempMax
0000a3b4     28e (0000a380)     _Prot_GenVoltageMax
0000a3b6     28e (0000a380)     _Prot_IGBTTempUnbalance
0000a3b8     28e (0000a380)     _Prot_OutpVoltageUnbalance
0000a3ba     28e (0000a380)     _CoolerFanPWM_Width
0000a3bc     28e (0000a380)     _Prot_RectCurrUnbalance
0000a3be     28e (0000a380)     _Prot_DCVoltageMax

0000a3c0     28f (0000a3c0)     _MeasurmentsTime
0000a3c4     28f (0000a3c0)     _Time
0000a3c8     28f (0000a3c0)     _TimerTicksCount
0000a3cc     28f (0000a3c0)     _FPGA_EMIF_VALUES
0000a3d6     28f (0000a3c0)     _FPGA_Read_Regs
0000a3e2     28f (0000a3c0)     _NTC_LUT

0000a400     290 (0000a400)     _FPGA_Write_Regs
0000a412     290 (0000a400)     _ADCPeakProt_Values_Min
0000a426     290 (0000a400)     _ChannelOffsets

0000a440     291 (0000a440)     _ADCPeakProt_Values_Max
0000a454     291 (0000a440)     _PR_IGBTAOverCurr
0000a46a     291 (0000a440)     _PR_IGBTBOverCurr

0000a480     292 (0000a480)     _PR_RectUnbalance
0000a496     292 (0000a480)     _PR_IGBTCurrUnbalance

0000a4c0     293 (0000a4c0)     _PR_DCOvervoltage
0000a4d6     293 (0000a4c0)     _PR_OutpPhBOverCurr

0000a500     294 (0000a500)     _PR_OutpPhCOverCurr
0000a516     294 (0000a500)     _PR_OutpPhAOverCurr

0000a540     295 (0000a540)     _PR_OutputFrequency
0000a556     295 (0000a540)     _PR_GroundFault

0000a580     296 (0000a580)     _PR_ActivePowerRegulation
0000a596     296 (0000a580)     _PR_RPOverload

0000a5c0     297 (0000a5c0)     _PR_NegativeAPower
0000a5d6     297 (0000a5c0)     _PR_NegativeRPower

0000a600     298 (0000a600)     _PR_IGBTCOverCurr
0000a616     298 (0000a600)     _PR_OutpVoltageUnbalance

0000a640     299 (0000a640)     _PR_APOverload
0000a656     299 (0000a640)     _MeanValues

0000a680     29a (0000a680)     _ChannelOffsetCalc

0000a6c0     29b (0000a6c0)     _TurbineChar

0000a700     29c (0000a700)     _ChGain

0000a740     29d (0000a740)     _MeanValues_Buffers

0000a780     29e (0000a780)     _MeanValues_SummResults

0000a7c0     29f (0000a7c0)     _SOC

0000a800     2a0 (0000a800)     _DataAddress

0000a840     2a1 (0000a840)     _UpperDataAddress

0000a880     2a2 (0000a880)     _DMABufFPGA1

0000a900     2a4 (0000a900)     _UintSetups

0000a980     2a6 (0000a980)     _Data_FromM3

0000aa00     2a8 (0000aa00)     _PhaseBVoltage_Array

0000ab00     2ac (0000ab00)     _PhaseAVoltage_Array

0000ac00     2b0 (0000ac00)     _PhaseCVoltage_Array

0000ad00     2b4 (0000ad00)     _FVAL_VoltagePhaseArray

0000ae00     2b8 (0000ae00)     _OsciSources

0000af40     2bd (0000af40)     _FloatSetups

0000b080     2c2 (0000b080)     _OsciSourcesOffset

0000b1c0     2c7 (0000b1c0)     _OsciSourcesGain

0000b2f4     2cb (0000b2c0)     ___TI_enable_exit_profile_output
0000b2f6     2cb (0000b2c0)     ___TI_cleanup_ptr
0000b2f8     2cb (0000b2c0)     ___TI_dtors_ptr
0000b2fa     2cb (0000b2c0)     _PHBCurrent
0000b2fb     2cb (0000b2c0)     _PHACurrent
0000b2fc     2cb (0000b2c0)     _PHCCurrent
0000b2fd     2cb (0000b2c0)     _errno
0000b2fe     2cb (0000b2c0)     __lock

0000b300     2cc (0000b300)     _CpuTimer1
0000b308     2cc (0000b300)     _CpuTimer2
0000b310     2cc (0000b300)     _CpuTimer0
0000b318     2cc (0000b300)     __unlock
0000b31a     2cc (0000b300)     __new_handler
0000b31c     2cc (0000b300)     __sys_memory

0003f800     fe0 (0003f800)     _g_asIPCCtoMBuffers

0003f880     fe2 (0003f880)     _g_usPutWriteIndexes
0003f884     fe2 (0003f880)     _g_usGetReadIndexes

0003fc00     ff0 (0003fc00)     _g_asIPCMtoCBuffers

0003fc80     ff2 (0003fc80)     _g_usGetWriteIndexes
0003fc84     ff2 (0003fc80)     _g_usPutReadIndexes

0013e000    4f80 (0013e000)     _PieVectTableInit

0013fff2    4fff (0013ffc0)     _FlashExeOnly
0013fff4    4fff (0013ffc0)     _EcslPwl
0013fff8    4fff (0013ffc0)     _CsmPwl


GLOBAL SYMBOLS: SORTED ALPHABETICALLY BY Name 

page  address   name                                            
----  -------   ----                                            
0     00130000  .text                                           
0     001352c7  C$$EXIT                                         
0     00135094  FS$$DIV                                         
0     0013529d  L$$DIV                                          
0     001352ac  L$$MOD                                          
0     001352ba  UL$$DIV                                         
0     001352c1  UL$$MOD                                         
0     0013375b  _ADCINT1_ISR                                    
0     00133765  _ADCINT2_ISR                                    
0     00133931  _ADCINT3_ISR                                    
0     0013393b  _ADCINT4_ISR                                    
0     00133945  _ADCINT5_ISR                                    
0     0013394f  _ADCINT6_ISR                                    
0     00133959  _ADCINT7_ISR                                    
0     00133963  _ADCINT8_ISR                                    
1     0000a2c6  _ADCOffset                                      
1     0000a1b6  _ADCPeakProt_ChopperOCP                         
1     0000a1b8  _ADCPeakProt_Counter                            
1     0000a1b0  _ADCPeakProt_ERR                                
1     0000a1a8  _ADCPeakProt_ERR_Mask                           
1     0000a1b4  _ADCPeakProt_ExcitationOCP                      
1     0000a1ca  _ADCPeakProt_Flag                               
1     0000a1a6  _ADCPeakProt_InverterPhAOCP                     
1     0000a1a2  _ADCPeakProt_InverterPhBOCP                     
1     0000a1aa  _ADCPeakProt_InverterPhCOCP                     
1     0000a1ae  _ADCPeakProt_Now                                
1     0000a440  _ADCPeakProt_Values_Max                         
1     0000a412  _ADCPeakProt_Values_Min                         
1     0000a07f  _ADC_Current_Value1                             
1     0000a09e  _ADC_Current_Value10                            
1     0000a09f  _ADC_Current_Value11                            
1     0000a0a6  _ADC_Current_Value12                            
1     0000a0a7  _ADC_Current_Value13                            
1     0000a0a5  _ADC_Current_Value14                            
1     0000a0a3  _ADC_Current_Value15                            
1     0000a0a4  _ADC_Current_Value16                            
1     0000a09d  _ADC_Current_Value17                            
1     0000a096  _ADC_Current_Value18                            
1     0000a097  _ADC_Current_Value19                            
1     0000a086  _ADC_Current_Value2                             
1     0000a095  _ADC_Current_Value20                            
1     0000a087  _ADC_Current_Value3                             
1     0000a085  _ADC_Current_Value4                             
1     0000a083  _ADC_Current_Value5                             
1     0000a084  _ADC_Current_Value6                             
1     0000a0a1  _ADC_Current_Value7                             
1     0000a0a2  _ADC_Current_Value8                             
1     0000a0a0  _ADC_Current_Value9                             
1     0000a092  _AIN10_Values                                   
1     0000a01e  _AIN11_Values                                   
1     0000a01d  _AIN12_Values                                   
1     0000a016  _AIN13_Values                                   
1     0000a015  _AIN14_Values                                   
1     0000a017  _AIN15_Values                                   
1     0000a019  _AIN16_Values                                   
1     0000a01c  _AIN17_Values                                   
1     0000a01a  _AIN18_Values                                   
1     0000a01b  _AIN19_Values                                   
1     0000a088  _AIN1_Values                                    
1     0000a08c  _AIN20_Values                                   
1     0000a08f  _AIN2_Values                                    
1     0000a08e  _AIN3_Values                                    
1     0000a090  _AIN4_Values                                    
1     0000a08d  _AIN5_Values                                    
1     0000a08b  _AIN6_Values                                    
1     0000a089  _AIN7_Values                                    
1     0000a08a  _AIN8_Values                                    
1     0000a091  _AIN9_Values                                    
1     0000a1e6  _APBandstopFilter                               
1     0000a228  _APBandstopFilter2                              
1     0000a1e2  _APLowpassFilter                                
1     0000a1ec  _APLowpassFilter2                               
1     0000a316  _APPID_I                                        
1     0000a320  _APPID_P                                        
0     0013525a  _ActivateBrake__FUi                             
0     0013526e  _ActivateBreakerControl__FUi                    
0     00135259  _ActivateChopper__FUi                           
0     0013525b  _ActivateExcitation__FUi                        
0     00135246  _ActivateInverter__FUi                          
0     00134058  _ActivateSynchronizer__FUi                      
0     0013526f  _ActivateSyncout__FUi                           
1     0000a1e8  _ActivePower                                    
0     0013209f  _ActivePowerRegulation__Fv                      
1     0000a116  _ActivePowerSetpoint                            
1     0000a112  _ActivePowerSetpointDist                        
0     00133a60  _Adc1ChanSelect                                 
0     00133ab8  _Adc1Conversion                                 
0     00133a37  _Adc1OffsetSelfCal                              
1     00007100  _Adc1Regs                                       
1     00000b00  _Adc1Result                                     
0     00133c0a  _Adc2ChanSelect                                 
0     00133c62  _Adc2Conversion                                 
0     00133be1  _Adc2OffsetSelfCal                              
1     00007180  _Adc2Regs                                       
1     00000b40  _Adc2Result                                     
0     00133a60  _AdcChanSelect                                  
0     00133ba3  _AdcConversion                                  
0     00133a37  _AdcOffsetSelfCal                               
1     00007100  _AdcRegs                                        
1     00000b00  _AdcResult                                      
1     0000a332  _AlgCounter                                     
1     0000a19a  _Alg_BaseFrequency                              
1     0000a126  _Alg_DCInpSetpoint                              
1     0000a124  _Alg_DCOutSetpoint                              
1     0000a1c0  _Alg_Excitation_limit                           
1     0000a190  _Alg_MaxGeneratorControlledLoad                 
1     0000a18a  _Alg_PowerDamping                               
1     00001700  _AnalogSysctrlRegs                              
1     0000a2dc  _BaseDCVoltage                                  
1     0000a010  _BoosterInput1                                  
1     0000a009  _BoosterInput10                                 
1     0000a007  _BoosterInput11                                 
1     0000a005  _BoosterInput12                                 
1     0000a011  _BoosterInput2                                  
1     0000a00a  _BoosterInput3                                  
1     0000a003  _BoosterInput4                                  
1     0000a004  _BoosterInput5                                  
1     0000a000  _BoosterInput6                                  
1     0000a001  _BoosterInput7                                  
1     0000a002  _BoosterInput8                                  
1     0000a008  _BoosterInput9                                  
1     0000a12e  _Booster_BrakeCurrent                           
1     0000a140  _Booster_BrakeSKiiPCurrent                      
1     0000a13c  _Booster_BrakeSKiiPTemperature                  
1     0000a132  _Booster_ChopperCurrent                         
1     0000a130  _Booster_ChopperSKiiPCurrent                    
1     0000a13e  _Booster_ChopperSKiiPTemperature                
1     0000a03b  _Booster_Current_Limit                          
1     0000a136  _Booster_DCVoltage_IN                           
1     0000a134  _Booster_DCVoltage_OUT                          
1     0000a138  _Booster_ReGCurrentLimit                        
1     0000a03a  _Booster_Voltage_Setpoint                       
1     0000a072  _BrakeActivated                                 
1     0000a026  _BrakeLocker                                    
1     0000a034  _Brake_PWM_Width                                
1     0000a06e  _BreakerActivated                               
1     0000a07e  _BufferLowerHalfReady                           
1     0000a080  _BufferUpperHalfReady                           
1     0000a038  _ButtonCounter                                  
1     0000a039  _ButtonCounter2                                 
0     001339a9  _CFLFSM_ISR                                     
0     0013399f  _CFLSINGERR_ISR                                 
1     0000a033  _CPU_OverloadFlag                               
0     001339bd  _CRAMACCVIOL_ISR                                
0     001339b3  _CRAMSINGERR_ISR                                
0     00134da8  _CSMSecurityStatus                              
1     0000a392  _CTOMtimeoutCounter                             
1     0000a030  _CalcCycleCounter                               
0     001340a4  _CalcFundamentalValues__Fv                      
0     001332e3  _CalculateNTC__FUi                              
0     00133612  _CalculatePower__Fv                             
0     0013333d  _CalculateValues__Fv                            
1     0000a302  _CalculationsDelay                              
1     0000a2f4  _CalculationsTimerValue                         
1     0000a700  _ChGain                                         
1     0000a680  _ChannelOffsetCalc                              
1     0000a426  _ChannelOffsets                                 
1     0000a09b  _ChannelsTransferred                            
1     0000a071  _ChopperActivated                               
1     0000a118  _ChopperCurrent                                 
1     0000a1f6  _ChopperCurrentSetpoint                         
1     0000a055  _ChopperManualControl                           
1     0000a1c2  _ChopperPID                                     
1     0000a27c  _ChopperPWM_Width                               
0     00131506  _CommandsProcess__Fv                            
1     0000a38c  _CommitCurrentsValue                            
1     0000a390  _CommitDataValue                                
1     00006400  _Comp1Regs                                      
1     00006420  _Comp2Regs                                      
1     00006440  _Comp3Regs                                      
1     00006460  _Comp4Regs                                      
1     00006480  _Comp5Regs                                      
1     000064a0  _Comp6Regs                                      
1     0000a268  _Const_1_div360                                 
1     0000a26e  _Const_2_div3                                   
1     0000a244  _Const_2pi                                      
1     0000a264  _Const_2pi_div3                                 
1     0000a0d1  _Const_APHighPRMaxCycles                        
1     0000a0b0  _Const_APHighPRMinCycles                        
1     0000a0d2  _Const_APHighPRReleaseCycles                    
1     0000a0c5  _Const_APLowPRMaxCycles                         
1     0000a0cf  _Const_APLowPRMinCycles                         
1     0000a0d3  _Const_APLowPRReleaseCycles                     
1     0000a0ca  _Const_APOscPRMaxCycles                         
1     0000a0cd  _Const_APOscPRMinCycles                         
1     0000a0c9  _Const_APOscPRReleaseCycles                     
1     0000a050  _Const_ActivateLoadControl                      
1     0000a3ae  _Const_BaseFrequency                            
1     0000a0b2  _Const_BoosterModeDisable                       
1     0000a03d  _Const_BotACurrentLimit                         
1     0000a03e  _Const_BotBCurrentLimit                         
1     0000a03c  _Const_BotCCurrentLimit                         
1     0000a0bb  _Const_BrakeModeDisable                         
1     0000a02d  _Const_CurrentSetupVersion1                     
1     0000a02e  _Const_CurrentSetupVersion2                     
1     0000a02c  _Const_CurrentSetupVersion3                     
1     0000a02a  _Const_CurrentSetupVersion4                     
1     0000a252  _Const_CycleTime                                
1     0000a0ba  _Const_DCPRMaxCycles                            
1     0000a0ae  _Const_DCPRMinCycles                            
1     0000a0bc  _Const_DCPRReleaseCycles                        
1     0000a04f  _Const_DelayedPhaseCounts                       
1     0000a28c  _Const_DelayedPhaseFrequency                    
1     0000a2d6  _Const_ExcCurrentBoost                          
1     0000a2e0  _Const_ExcMaxVoltage                            
1     0000a2d8  _Const_ExcPIDBoost                              
1     0000a3a4  _Const_ExcitationMax                            
1     0000a33a  _Const_FreqIntLimit                             
1     0000a30a  _Const_FreqLowerLim                             
1     0000a0cb  _Const_FreqPRMaxCycles                          
1     0000a0c2  _Const_FreqPRMinCycles                          
1     0000a0ce  _Const_FreqPRReleaseCycles                      
1     0000a334  _Const_FreqPropLimit                            
1     0000a052  _Const_FreqUpdateDelay                          
1     0000a314  _Const_FreqUpperLim                             
1     0000a3a6  _Const_FrequencyWindow                          
1     0000a0c8  _Const_GFaultPRMaxCycles                        
1     0000a0c7  _Const_GFaultPRMinCycles                        
1     0000a0d0  _Const_GFaultPRReleaseCycles                    
[...]
1     0000a1f4  _PhAIGBTCurrentRMS                              
1     0000a1f6  _ChopperCurrentSetpoint                         
1     0000a1f8  _NeutralCurrentRMS                              
1     0000a1fa  _PhBIGBTCurrentRMS                              
1     0000a1fc  _PhCVoltRMS                                     
1     0000a1fe  _PhBVoltRMS                                     
1     0000a200  _Unb_ActivePowerMax                             
1     0000a202  _PhCCurrentRMS                                  
1     0000a204  _PhBCurrentRMS                                  
1     0000a206  _OutputFrequency                                
1     0000a208  _MomentLimitedPower                             
1     0000a20a  _GenSpeedDoubleFiltered                         
1     0000a20c  _PowerDampingLimit                              
1     0000a20e  _ExcCurrentFilter                               
1     0000a210  _GenSpeedLowpassFilter                          
1     0000a212  _TurbineLimitedPower                            
1     0000a214  _GenSpeedFiltered                               
1     0000a216  _IDCLowpassFilter                               
1     0000a218  _CurrentBaseSpeed                               
1     0000a21a  _RegVoltageErrorFilter                          
1     0000a21c  _TurbinePower_K                                 
1     0000a21e  _ZeroBaseSpeed                                  
1     0000a220  _IDCFiltered                                    
1     0000a222  _InstReactivePower_C                            
1     0000a224  _InstReactivePower_B                            
1     0000a226  _ReactivePower                                  
1     0000a228  _APBandstopFilter2                              
1     0000a22a  _PhAVoltRMS                                     
1     0000a22c  _InstReactivePower                              
1     0000a22e  _InstReactivePower_A                            
1     0000a230  _GenPhaseRMSLowpassFilter                       
1     0000a232  _RPBandstopFilter2                              
1     0000a234  _TurbinePower_B                                 
1     0000a236  _RPLowpassFilter2                               
1     0000a238  _RPLowpassFilter                                
1     0000a23a  _GenPhaseRMS                                    
1     0000a23c  _RPBandstopFilter                               
1     0000a23e  _Ptransform_d                                   
1     0000a240  _ProtRMS_IGBTTemp                               
1     0000a242  _dFilter                                        
1     0000a244  _Const_2pi                                      
1     0000a246  _Const_pi                                       
1     0000a248  _Ptransform_q                                   
1     0000a24a  _ProtRMS_ExcCurrent                             
1     0000a24c  _FVAL_VoltagePhase                              
1     0000a24e  _FVAL_VoltageDelayedPhase                       
1     0000a250  _qFilter                                        
1     0000a252  _Const_CycleTime                                
1     0000a254  _ProtRMS_NeutralIGBCurrent                      
1     0000a256  _FVAL_VoltageMagnitude                          
1     0000a258  _FVAL_InputSin_p2pidiv3                         
1     0000a25a  _FVAL_InputSin                                  
1     0000a25c  _FVAL_InputCos                                  
1     0000a25e  _FVAL_InputFreq                                 
1     0000a260  _FreqChangeAmp                                  
1     0000a262  _FVAL_InputSin_m2pidiv3                         
1     0000a264  _Const_2pi_div3                                 
1     0000a266  _Const_sqrt3_div2                               
1     0000a268  _Const_1_div360                                 
1     0000a26a  _FVAL_InputCos_p2pidiv3                         
1     0000a26c  _FVAL_InputPhase                                
1     0000a26e  _Const_2_div3                                   
1     0000a270  _Prot_OutpFrequencyHigh                         
1     0000a272  _Prot_OutpFrequencyLow                          
1     0000a274  _MainPWM_AMP_F                                  
1     0000a276  _ProtRMS_RectCurrent                            
1     0000a278  _DCPower                                        
1     0000a27a  _MainPWM_AMP                                    
1     0000a27c  _ChopperPWM_Width                               
1     0000a27e  _MainPWM_PhaseSet                               
1     0000a280  _ExcitationPWM_Width_F                          
1     0000a282  _MainPWM_OutputFrequency                        
1     0000a284  _OutputRMSVoltage                               
1     0000a286  _ExcitationPWM_Width                            
1     0000a288  _MainPWM_PhaseShift                             
1     0000a28a  _MeasuredOutputFrequency                        
1     0000a28c  _Const_DelayedPhaseFrequency                    
1     0000a28e  _PIDActivePowerSetpoint                         
1     0000a290  _FVAL_VoltagePhaseChange                        
1     0000a292  _FVAL_InputCos_m2pidiv3                         
1     0000a294  _FreqFilter                                     
1     0000a296  _ProtRMS_NeutralCurrent                         
1     0000a298  _Const_GeneratorMomentLimit                     
1     0000a29a  _ProtRMS_OutpVoltage                            
1     0000a29c  _PIDOutputVoltageSetpoint                       
1     0000a29e  _FVAL_MeasuredOutputFrequency                   
1     0000a2a0  _ProtRMS_UDCVoltage                             
1     0000a2a2  _UDCErr                                         
1     0000a2a4  _Const_TPR_IGBTUnbUpper                         
1     0000a2a6  _Const_TPR_IGBTOCPLower                         
1     0000a2a8  _Float_DummyVariable                            
1     0000a2aa  _Const_TPR_APHighLower                          
1     0000a2ac  _Const_TPR_APHighUpper                          
1     0000a2ae  _Const_TPR_IGBTUnbLower                         
1     0000a2b0  _Const_TPR_VoutLower                            
1     0000a2b2  _OutputFrequencyFiltered                        
1     0000a2b4  _Const_TPR_RectCurrLower                        
1     0000a2b6  _Const_TPR_VoutUpper                            
1     0000a2b8  _Const_TPR_IGBTOCPUpper                         
1     0000a2ba  _Const_TPR_RectCurrUpper                        
1     0000a2bc  _OutputFrequencyFilter                          
1     0000a2be  _Const_UnderloadBoostPerVolt                    
1     0000a2c0  _Const_OverloadBoostPerVolt                     
1     0000a2c2  _Const_TPR_FreqLower                            
1     0000a2c4  _DMADestFPGA                                    
1     0000a2c6  _ADCOffset                                      
1     0000a2c8  _Const_TPR_FreqUpper                            
1     0000a2ca  _Const_TPR_RPHighLower                          
1     0000a2cc  _Const_TPR_RPHighUpper                          
1     0000a2ce  _Const_TPR_APLowLower                           
1     0000a2d0  _Const_TPR_RPLowUpper                           
1     0000a2d2  _DMASourceFPGA                                  
1     0000a2d4  _Const_TPR_APLowUpper                           
1     0000a2d6  _Const_ExcCurrentBoost                          
1     0000a2d8  _Const_ExcPIDBoost                              
1     0000a2da  _ProtRMS_OutpCurrent                            
1     0000a2dc  _BaseDCVoltage                                  
1     0000a2de  _UDCOUTFilteredSlow                             
1     0000a2e0  _Const_ExcMaxVoltage                            
1     0000a2e2  _FreqMinValue                                   
1     0000a2e4  _PhaseMaxValue                                  
1     0000a2e6  _PhaseChangeAmp                                 
1     0000a2e8  _ProtRMS_IGBTCurrent                            
1     0000a2ea  _StartingPWMAmp                                 
1     0000a2ec  _FreqMaxValue                                   
1     0000a2ee  _PhaseMinValue                                  
1     0000a2f0  _Const_TPR_DCLower                              
1     0000a2f2  _WaitCyclesCounter                              
1     0000a2f4  _CalculationsTimerValue                         
1     0000a2f6  _Const_TPR_DCUpper                              
1     0000a2f8  _Const_TPR_RPLowLower                           
1     0000a2fa  _LastMeasuredTimerValue                         
1     0000a2fc  _UDCFilter                                      
1     0000a2fe  _StartingVoltageMagnitude                       
1     0000a300  _UDCOUTFiltered                                 
1     0000a302  _CalculationsDelay                              
1     0000a304  _FreeTimeCounter                                
1     0000a306  _UDCFilterSlow                                  
1     0000a308  _InverterActivatedCounts                        
1     0000a30a  _Const_FreqLowerLim                             
1     0000a30c  _ErrorFlags4                                    
1     0000a30e  _FRPID_G                                        
1     0000a310  _ErrorFlags2                                    
1     0000a312  _ErrorFlags1                                    
1     0000a314  _Const_FreqUpperLim                             
1     0000a316  _APPID_I                                        
1     0000a318  _FRPID_P                                        
1     0000a31a  _Const_ReactivePowerLimiter                     
1     0000a31c  _FRPID_D                                        
1     0000a31e  _ErrorFlags3                                    
1     0000a320  _APPID_P                                        
1     0000a322  _FRPID_I                                        
1     0000a324  _Const_PhaseIntLimit                            
1     0000a326  _DCVPID_P                                       
1     0000a328  _PHPID_G                                        
1     0000a32a  _DCVPID_POSG                                    
1     0000a32c  _DCVPID_NEGG                                    
1     0000a32e  _Const_PhasePropLimit                           
1     0000a330  _EmergencyCounter                               
1     0000a332  _AlgCounter                                     
1     0000a334  _Const_FreqPropLimit                            
1     0000a336  _PHPID_I                                        
1     0000a338  _DCVPID_I                                       
1     0000a33a  _Const_FreqIntLimit                             
1     0000a33c  _PHPID_P                                        
1     0000a33e  _Const_MaxVoltageBoost                          
1     0000a340  _Const_SpeedLimitMaxPower                       
1     0000a342  _Const_GeneratorToLoadMaxPower                  
1     0000a344  _Const_TurbineLimitLine_K                       
1     0000a346  _Const_TurbineLimitLine_B                       
1     0000a348  _Const_ResitiveLoadMaxPower                     
1     0000a34a  _Const_TPR_APOscLower                           
1     0000a34c  _Const_TPR_APOscUpper                           
1     0000a34e  _DMASource                                      
1     0000a350  _Const_MinOutputPower                           
1     0000a352  _Const_SpeedLimitFreerun                        
1     0000a354  _DMADest                                        
1     0000a356  _Const_MaxOutputPower                           
1     0000a358  _RPPID_P                                        
1     0000a35a  _RPPID_I                                        
1     0000a35c  _VPID_I                                         
1     0000a35e  _Const_ReactivePowerMax                         
1     0000a360  _Const_ReactivePowerMin                         
1     0000a362  _VPID_G                                         
1     0000a364  _Const_OutputVoltageSetpoint                    
1     0000a366  _Const_ReactivePowerBoost                       
1     0000a368  _Const_VoltageErrorUpperLimit                   
1     0000a36a  _VPID_P                                         
1     0000a36c  _RPPID_G                                        
1     0000a36e  _Const_VoltageErrorLowerLimit                   
1     0000a370  _Const_GenNumberOfPoles                         
1     0000a372  _Prot_RPOverload                                
1     0000a374  _Prot_APNegative                                
1     0000a376  _Prot_DCVoltageLow                              
1     0000a378  _Prot_GenSpeedOPHigh                            
1     0000a37a  _Prot_GenSpeedOPLow                             
1     0000a37c  _Prot_IGBTCurrentUnbalance                      
1     0000a37e  _Prot_OutpCurrentUnbalance                      
1     0000a380  _Prot_OutpOverVoltage                           
1     0000a382  _Prot_APOverload                                
1     0000a384  _Prot_OutpOverCurrent                           
1     0000a386  _Peak_WorkingCycleTime_uS                       
1     0000a388  _EngineAMPSET                                   
1     0000a38a  _EnginePHASESET                                 
1     0000a38c  _CommitCurrentsValue                            
1     0000a38e  _MinimumCoolingPWMWidth                         
1     0000a390  _CommitDataValue                                
1     0000a392  _CTOMtimeoutCounter                             
1     0000a394  _WorkingCycleTime_uS                            
1     0000a396  _MTOC_cyclesCounter                             
1     0000a398  _EngineBuckPWM                                  
1     0000a39a  _EngineExcPWM                                   
1     0000a39c  _Const_SyncStarPhaseLead                        
1     0000a39e  _EXCPID_I                                       
1     0000a3a0  _EXCPID_P                                       
1     0000a3a2  _Prot_ExcCurrentMax                             
1     0000a3a4  _Const_ExcitationMax                            
1     0000a3a6  _Const_FrequencyWindow                          
1     0000a3a8  _Const_SyncMaxPhaseChange                       
1     0000a3aa  _Const_SyncMinVoltageMag                        
1     0000a3ac  _Const_SyncMaxFreqChange                        
1     0000a3ae  _Const_BaseFrequency                            
1     0000a3b0  _Prot_GenSpeedMax                               
1     0000a3b2  _Prot_IGBTTempMax                               
1     0000a3b4  _Prot_GenVoltageMax                             
1     0000a3b6  _Prot_IGBTTempUnbalance                         
1     0000a3b8  _Prot_OutpVoltageUnbalance                      
1     0000a3ba  _CoolerFanPWM_Width                             
1     0000a3bc  _Prot_RectCurrUnbalance                         
1     0000a3be  _Prot_DCVoltageMax                              
1     0000a3c0  _MeasurmentsTime                                
1     0000a3c4  _Time                                           
1     0000a3c8  _TimerTicksCount                                
1     0000a3cc  _FPGA_EMIF_VALUES                               
1     0000a3d6  _FPGA_Read_Regs                                 
1     0000a3e2  _NTC_LUT                                        
1     0000a400  _FPGA_Write_Regs                                
1     0000a412  _ADCPeakProt_Values_Min                         
1     0000a426  _ChannelOffsets                                 
1     0000a440  _ADCPeakProt_Values_Max                         
1     0000a454  _PR_IGBTAOverCurr                               
1     0000a46a  _PR_IGBTBOverCurr                               
1     0000a480  _PR_RectUnbalance                               
1     0000a496  _PR_IGBTCurrUnbalance                           
1     0000a4c0  _PR_DCOvervoltage                               
1     0000a4d6  _PR_OutpPhBOverCurr                             
1     0000a500  _PR_OutpPhCOverCurr                             
1     0000a516  _PR_OutpPhAOverCurr                             
1     0000a540  _PR_OutputFrequency                             
1     0000a556  _PR_GroundFault                                 
1     0000a580  _PR_ActivePowerRegulation                       
1     0000a596  _PR_RPOverload                                  
1     0000a5c0  _PR_NegativeAPower                              
1     0000a5d6  _PR_NegativeRPower                              
1     0000a600  _PR_IGBTCOverCurr                               
1     0000a616  _PR_OutpVoltageUnbalance                        
1     0000a640  _PR_APOverload                                  
1     0000a656  _MeanValues                                     
1     0000a680  _ChannelOffsetCalc                              
1     0000a6c0  _TurbineChar                                    
1     0000a700  _ChGain                                         
1     0000a740  _MeanValues_Buffers                             
1     0000a780  _MeanValues_SummResults                         
1     0000a7c0  _SOC                                            
1     0000a800  _DataAddress                                    
1     0000a840  _UpperDataAddress                               
1     0000a880  _DMABufFPGA1                                    
1     0000a900  _UintSetups                                     
1     0000a980  _Data_FromM3                                    
1     0000aa00  _PhaseBVoltage_Array                            
1     0000ab00  _PhaseAVoltage_Array                            
1     0000ac00  _PhaseCVoltage_Array                            
1     0000ad00  _FVAL_VoltagePhaseArray                         
1     0000ae00  _OsciSources                                    
1     0000af40  _FloatSetups                                    
1     0000b080  _OsciSourcesOffset                              
1     0000b1c0  _OsciSourcesGain                                
1     0000b2f4  ___TI_enable_exit_profile_output                
1     0000b2f6  ___TI_cleanup_ptr                               
1     0000b2f8  ___TI_dtors_ptr                                 
1     0000b2fa  _PHBCurrent                                     
1     0000b2fb  _PHACurrent                                     
1     0000b2fc  _PHCCurrent                                     
1     0000b2fd  _errno                                          
1     0000b2fe  __lock                                          
1     0000b300  _CpuTimer1                                      
1     0000b308  _CpuTimer2                                      
1     0000b310  _CpuTimer0                                      
1     0000b318  __unlock                                        
1     0000b31a  __new_handler                                   
1     0000b31c  __sys_memory                                    
1     0003f800  _g_asIPCCtoMBuffers                             
1     0003f880  _g_usPutWriteIndexes                            
1     0003f884  _g_usGetReadIndexes                             
1     0013fff2  _FlashExeOnly                                   
1     0013fff4  _EcslPwl                                        
1     0013fff8  _CsmPwl                                         
abs   00000077  _RamfuncsLoadSize                               
abs   00000077  _RamfuncsRunSize                                
abs   00000300  __STACK_SIZE                                    
abs   00000400  __SYSMEM_SIZE                                   
abs   ffffffff  ___TI_pprof_out_hndl                            
abs   ffffffff  ___TI_prof_data_size                            
abs   ffffffff  ___TI_prof_data_start                           
abs   ffffffff  ___binit__                                      
abs   ffffffff  ___c_args__                                     
abs   ffffffff  binit                                           

[1102 symbols]
